Microchip MPLAB XC8 Compiler V1.31 ()

Linker command line:

--edf=C:\Program Files\Microchip\xc8\v1.31\dat\en_msgs.txt -cs \
  -h+dist/default/debug\Pic_16f690_Platform_build.X.debug.sym \
  --cmf=dist/default/debug\Pic_16f690_Platform_build.X.debug.cmf -z \
  -Q16F690 -oC:\Users\acer\AppData\Local\Temp\s9d4.6 \
  -Mdist/default/debug/Pic_16f690_Platform_build.X.debug.map -E1 -ver=XC8 \
  -ASTACK=0120h-016fh -pstack=STACK -p_eep7_text=2107h -p_abc12_text=210Bh \
  -p_eep8_text=2108h -p_eep0_text=2100h -p_eep1_text=2101h \
  -p_eep2_text=2102h -p_eep3_text=2103h -p_eep4_text=2104h \
  -p_eep10_text=2109h -p_eep5_text=2105h -p_eep6_text=2106h \
  -p_abc11_text=210Ah -ACONST=00h-0FFhx16 -ACODE=00h-07FFhx2 \
  -ASTRCODE=00h-0FFFh -AENTRY=00h-0FFhx16 -ASTRING=00h-0FFhx16 \
  -ACOMMON=070h-07Fh -ABANK0=020h-06Fh -ABANK1=0A0h-0EFh \
  -ABANK2=0120h-016Fh -ARAM=020h-06Fh,0A0h-0EFh,0120h-016Fh \
  -AABS1=020h-07Fh,0A0h-0EFh,0120h-016Fh -ASFR0=00h-01Fh -ASFR1=080h-09Fh \
  -ASFR2=0100h-011Fh -ASFR3=0180h-01EFh \
  -preset_vec=00h,intentry=04h,init,end_init -ppowerup=CODE -pcinit=CODE \
  -pfunctab=CODE -ACONFIG=02007h-02007h -pconfig=CONFIG -DCONFIG=2 \
  -AIDLOC=02000h-02003h -pidloc=IDLOC -DIDLOC=2 -AEEDATA=00h-0FFh/02100h \
  -peeprom_data=EEDATA -DEEDATA=2 -DCODE=2 -DSTRCODE=2 -DSTRING=2 -DCONST=2 \
  -DENTRY=2 -k C:\Users\acer\AppData\Local\Temp\s9d4.obj \
  dist/default/debug\Pic_16f690_Platform_build.X.debug.obj 

Object code version is 3.11

Machine type is 16F690



                Name                               Link     Load   Length Selector   Space Scale
C:\Users\acer\AppData\Local\Temp\s9d4.obj
                end_init                             11       11        2        8       0
                reset_vec                             0        0        2        0       0
                config                             2007     2007        1     400E       0
dist/default/debug\Pic_16f690_Platform_build.X.debug.obj
                cinit                                13       13       2B        8       0
                functab                             100      100       1C        2       0
                intentry                              4        4        D        8       0
                text30                              316      316       80        2       0
                text29                              585      585       44        2       0
                text28                              5FC      5FC       32        2       0
                text27                              7CC      7CC       1F      E62       0
                text26                              6D1      6D1       15        2       0
                text25                               3E       3E       14        8       0
                text24                              53E      53E       47        2       0
                text23                              4A4      4A4       51        2       0
                text22                               90       90        4        8       0
                text21                              66A      66A       1D        2       0
                text20                               71       71        F        8       0
                text19                              64C      64C       1E        2       0
                text18                              6E6      6E6       14        2       0
                text17                              731      731       2D      E62       0
                text16                              687      687       1C        2       0
                text15                               88       88        8        8       0
                text14                              789      789       24      E62       0
                text13                              7AD      7AD       1F      E62       0
                text12                              3F1      3F1       5A        2       0
                text11                              1DC      1DC       AC        2       0
                text10                              6BA      6BA       17        2       0
                text9                               75E      75E       2B      E62       0
                text8                               5C9      5C9       33        2       0
                text7                               11C      11C       C0        2       0
                text6                               396      396       5B        2       0
                text5                               4F5      4F5       49        2       0
                text4                               7EB      7EB       15      E62       0
                text3                                62       62        F        8       0
                text2                               6A3      6A3       17        2       0
                text1                               44B      44B       59        2       0
                maintext                            288      288       8E        2       0
                cstackBANK0                          52       52       15       20       1
                cstackCOMMON                         70       70        8       70       1
                inittext                             52       52       10        8       0
                clrtext                              80       80        8        8       0
                dataBANK1                            A0       A0       1E       A0       1
                bssBANK1                             BE       BE       17       A0       1
                dataBANK0                            67       67        4       20       1
                bssBANK0                             20       20       32       20       1
                bssCOMMON                            78       78        6       70       1
                _eep8_text                         2108     2108        1     4210       0
                _eep7_text                         2107     2107        1     420E       0
                _eep6_text                         2106     2106        1     420C       0
                _eep5_text                         2105     2105        1     420A       0
                _eep4_text                         2104     2104        1     4208       0
                _eep3_text                         2103     2103        1     4206       0
                _eep2_text                         2102     2102        1     4204       0
                _eep10_text                        2109     2109        1     4212       0
                _eep1_text                         2101     2101        1     4202       0
                _eep0_text                         2100     2100        1     4200       0
                _abc12_text                        210B     210B        1     4216       0
                _abc11_text                        210A     210A        1     4214       0
                stringtext                          700      700       31        E       0
                idataBANK1                          62E      62E       1E        2       0
                idataBANK0                          6FA      6FA        4        2       0

TOTAL           Name                               Link     Load   Length     Space
        CLASS   STACK          

        CLASS   CONST          

        CLASS   CODE           
                end_init                             11       11        2         0
                cinit                                13       13       2B         0
                functab                             100      100       1C         0
                intentry                              4        4        D         0
                reset_vec                             0        0        2         0
                text30                              316      316       80         0
                text29                              585      585       44         0
                text28                              5FC      5FC       32         0
                text27                              7CC      7CC       1F         0
                text26                              6D1      6D1       15         0
                text25                               3E       3E       14         0
                text24                              53E      53E       47         0
                text23                              4A4      4A4       51         0
                text22                               90       90        4         0
                text21                              66A      66A       1D         0
                text20                               71       71        F         0
                text19                              64C      64C       1E         0
                text18                              6E6      6E6       14         0
                text17                              731      731       2D         0
                text16                              687      687       1C         0
                text15                               88       88        8         0
                text14                              789      789       24         0
                text13                              7AD      7AD       1F         0
                text12                              3F1      3F1       5A         0
                text11                              1DC      1DC       AC         0
                text10                              6BA      6BA       17         0
                text9                               75E      75E       2B         0
                text8                               5C9      5C9       33         0
                text7                               11C      11C       C0         0
                text6                               396      396       5B         0
                text5                               4F5      4F5       49         0
                text4                               7EB      7EB       15         0
                text3                                62       62        F         0
                text2                               6A3      6A3       17         0
                text1                               44B      44B       59         0
                maintext                            288      288       8E         0
                inittext                             52       52       10         0
                clrtext                              80       80        8         0
                _eep8_text                         2108     2108        1         0
                _eep7_text                         2107     2107        1         0
                _eep6_text                         2106     2106        1         0
                _eep5_text                         2105     2105        1         0
                _eep4_text                         2104     2104        1         0
                _eep3_text                         2103     2103        1         0
                _eep2_text                         2102     2102        1         0
                _eep10_text                        2109     2109        1         0
                _eep1_text                         2101     2101        1         0
                _eep0_text                         2100     2100        1         0
                _abc12_text                        210B     210B        1         0
                _abc11_text                        210A     210A        1         0
                idataBANK1                          62E      62E       1E         0
                idataBANK0                          6FA      6FA        4         0

        CLASS   STRCODE        
                stringtext                          700      700       31         0

        CLASS   ENTRY          

        CLASS   STRING         

        CLASS   COMMON         
                cstackCOMMON                         70       70        8         1
                bssCOMMON                            78       78        6         1

        CLASS   BANK0          
                cstackBANK0                          52       52       15         1
                dataBANK0                            67       67        4         1
                bssBANK0                             20       20       32         1

        CLASS   BANK1          
                dataBANK1                            A0       A0       1E         1
                bssBANK1                             BE       BE       17         1

        CLASS   BANK2          

        CLASS   RAM            

        CLASS   ABS1           
                abs_s1                               7E       7E        2         1

        CLASS   SFR0           

        CLASS   SFR1           

        CLASS   SFR2           

        CLASS   SFR3           

        CLASS   CONFIG         
                config                             2007     2007        1         0

        CLASS   IDLOC          

        CLASS   EEDATA         

        CLASS   BANK3          



SEGMENTS        Name                           Load    Length   Top    Selector   Space  Class     Delta

                reset_vec                      000000  000002  000002         0       0  CODE        2
                intentry                       000004  000090  000094         8       0  CODE        2
                bssBANK0                       000020  00004B  00006B        20       1  BANK0       1
                cstackCOMMON                   000070  00000E  00007E        70       1  COMMON      1
                dataBANK1                      0000A0  000035  0000D5        A0       1  BANK1       1
                functab                        000100  0005FE  0006FE         2       0  CODE        2
                stringtext                     000700  000031  000731         E       0  STRCODE     2
                text17                         000731  0000CF  000800       E62       0  CODE        2
                config                         002007  000001  002008      400E       0  CONFIG      2
                _eep0_text                     002100  000001  002101      4200       0  CODE        2
                _eep1_text                     002101  000001  002102      4202       0  CODE        2
                _eep2_text                     002102  000001  002103      4204       0  CODE        2
                _eep3_text                     002103  000001  002104      4206       0  CODE        2
                _eep4_text                     002104  000001  002105      4208       0  CODE        2
                _eep5_text                     002105  000001  002106      420A       0  CODE        2
                _eep6_text                     002106  000001  002107      420C       0  CODE        2
                _eep7_text                     002107  000001  002108      420E       0  CODE        2
                _eep8_text                     002108  000001  002109      4210       0  CODE        2
                _eep10_text                    002109  000001  00210A      4212       0  CODE        2
                _abc11_text                    00210A  000001  00210B      4214       0  CODE        2
                _abc12_text                    00210B  000001  00210C      4216       0  CODE        2


UNUSED ADDRESS RANGES

        Name                Unused          Largest block    Delta
        BANK0            006B-006F              5           1
        BANK1            00D5-00EF             1B           1
        BANK2            0120-016F             50           1
        CODE             0002-0003              2           2
                         0094-00FF             6C
                         06FE-06FF              2
                         0800-0FFF            800
        CONST            0002-0003              2           2
                         0094-00FF             6C
                         06FE-06FF              2
                         0800-0FFF            100
        EEDATA           2100-21FF            100           2
        ENTRY            0002-0003              2           2
                         0094-00FF             6C
                         06FE-06FF              2
                         0800-0FFF            100
        IDLOC            2000-2003              4           2
        RAM              006B-006F              5           1
                         00D5-00EF             1B
                         0120-016F             50
        SFR0             0000-001F             20           1
        SFR1             0080-009F             20           1
        SFR2             0100-011F             20           1
        SFR3             0180-01EF             70           1
        STACK            0120-016F             50           1
        STRCODE          0002-0003              2           2
                         0094-00FF             6C
                         06FE-06FF              2
                         0800-0FFF            800
        STRING           0002-0003              2           2
                         0094-00FF             6C
                         06FE-06FF              2
                         0800-0FFF            100

                                  Symbol Table

Api_Get_Pwm@dutycycle_old               bssBANK0     003C
Api_Led_Control@led_no                  cstackBANK0  0052
Api_Led_Control@led_status              cstackCOMMON 0076
Dio_Read@pin_no                         cstackCOMMON 0076
Dio_Read@port_no                        cstackBANK0  0054
Dio_Read@temp_port_data                 cstackBANK0  0055
Dio_Write@bit_value                     cstackCOMMON 0077
Dio_Write@pin_no                        cstackCOMMON 0076
Dio_Write@port_no                       cstackBANK0  0057
EEP_READ@Index                          cstackBANK0  0052
EEP_READ@temp_data                      cstackBANK0  0053
EEP_to_RAM@eep_error_stetegy            cstackBANK0  0057
EEP_to_RAM@i                            cstackBANK0  005B
EEP_to_RAM@i_191                        cstackBANK0  005C
EEP_to_RAM@j                            cstackBANK0  0059
EEP_to_RAM@j_192                        cstackBANK0  005A
EEP_to_RAM@temp_data                    cstackBANK0  0058
Eep_Manager@temp_data                   cstackCOMMON 0077
Kernel_Co_Op_Timer_ISR@i                cstackCOMMON 0071
Kernel_Co_Op_Timer_ISR@ms10_ctr         bssCOMMON    007A
Kernel_Co_Op_Timer_ISR@ms200_ctr        bssBANK0     003D
Kernel_Co_Op_Timer_ISR@ms50_ctr         bssBANK0     003E
Kernel_vRunContainer@afpContainerArray  cstackBANK0  005E
Led_Manager@i                           cstackBANK0  0062
Led_Manager@u8_temp_led                 cstackBANK0  0061
Sw_Timer_Updator@i                      cstackCOMMON 0076
Switch_Manager@i                        cstackBANK0  005A
Switch_Manager@u8_st_temp_switch_ststus cstackBANK0  0059
_ADCON0                                 (abs)        001F
_ADCON1                                 (abs)        009F
_ADFM                                   (abs)        00FF
_ADIE                                   (abs)        0466
_ADIF                                   (abs)        0066
_ADON                                   (abs)        00F8
_ADRESH                                 (abs)        001E
_ADRESL                                 (abs)        009E
_ANS0                                   (abs)        08F0
_ANS1                                   (abs)        08F1
_ANS3                                   (abs)        08F3
_ANS4                                   (abs)        08F4
_ANS5                                   (abs)        08F5
_ANSEL                                  (abs)        011E
_ANSELH                                 (abs)        011F
_Adc_Ini                                text27       07CC
_Api_Led_Control                        text10       06BA
_Api_Uart_Read_Rx                       text3        0062
_BACKGROUND_TASK                        stringtext   071E
_BRG16                                  (abs)        04DB
_BRGH                                   (abs)        04C2
_CCP1CON                                (abs)        0017
_CCPR1L                                 (abs)        0015
_CHS0                                   (abs)        00FA
_CHS1                                   (abs)        00FB
_CREN                                   (abs)        00C4
_Dio                                    bssBANK0     0043
_Dio_Ini                                text26       06D1
_Dio_Read                               text12       03F1
_Dio_Write                              text11       01DC
_Dio_Write$120                          cstackBANK0  0058
_Dio_Write$121                          cstackBANK0  005A
_Dio_Write$122                          cstackBANK0  005C
_EEADR                                  (abs)        010D
_EECON2                                 (abs)        018D
_EEDAT                                  (abs)        010C
_EEIE                                   (abs)        046C
_EEIF                                   (abs)        006C
_EEPRAM_APP_DATA                        bssBANK0     0032
_EEPRAM_SYSTEM_DATA                     bssBANK0     0028
_EEP_READ                               text25       003E
_EEP_to_RAM                             text23       04A4
_Eep_Ini                                text22       0090
_Eep_Manager                            text5        04F5
_Eep_Mgr                                bssBANK0     002E
_GIE                                    (abs)        005F
_GO                                     (abs)        00F9
_HTS                                    (abs)        047A
_INTF                                   (abs)        0059
_Kernel_Co_Op_Timer_ISR                 text30       0316
_Kernel_stTimer                         bssBANK0     0020
_Kernel_vHWReset                        stringtext   071F
_Kernel_vRunContainer                   text13       07AD
_Led_Manager                            text7        011C
_Led_Matrix                             stringtext   0712
_Nano_Os                                dataBANK1    00A0
_OERR                                   (abs)        00C1
_OPTION_REGbits                         (abs)        0081
_OSCCON                                 (abs)        008F
_Os_1000ms_Task                         stringtext   072B
_Os_100ms_Task                          stringtext   072D
_Os_10ms_Task                           stringtext   0722
_Os_200ms_Task                          stringtext   0725
_Os_50ms_Task                           stringtext   072F
_Os_Back_Ground_Task                    stringtext   0728
_Os_Ini                                 text21       066A
_Os_Task_Ptr_Temp                       bssBANK0     003F
_PEIE                                   (abs)        005E
_PORTA                                  (abs)        0005
_PORTB                                  (abs)        0006
_PORTC                                  (abs)        0007
_PR2                                    (abs)        0092
_PSTRCON                                (abs)        019D
_Pwm_Ini                                text19       064C
_RABIF                                  (abs)        0058
_RCIE                                   (abs)        0465
_RCIF                                   (abs)        0065
_RCREG                                  (abs)        001A
_RD                                     (abs)        0C60
_SPBRG                                  (abs)        0099
_SPEN                                   (abs)        00C7
_SYNC                                   (abs)        04C4
_Sw_Timer_Updator                       text1        044B
_Switch_Manager                         text6        0396
_Switch_Matrix                          stringtext   0718
_Sys_u8_st_Globle_System_Status         bssBANK0     0040
_System_Status_Indicator                text2        06A3
_Systm_Ini_Proc_1                       text14       0789
_Systm_Ini_Proc_2                       text15       0088
_T0IE                                   (abs)        005D
_T0IF                                   (abs)        005A
_T1OSCEN                                (abs)        0083
_T2CON                                  (abs)        0012
_TMR0                                   (abs)        0001
_TMR1                                   (abs)        000E
_TMR1CS                                 (abs)        0081
_TMR1IE                                 (abs)        0460
_TMR1IF                                 (abs)        0060
_TMR1ON                                 (abs)        0080
_TMR2                                   (abs)        0011
_TMR2IF                                 (abs)        0061
_TMR2ON                                 (abs)        0092
_TRISA0                                 (abs)        0428
_TRISA1                                 (abs)        0429
_TRISA2                                 (abs)        042A
_TRISA3                                 (abs)        042B
_TRISA4                                 (abs)        042C
_TRISA5                                 (abs)        042D
_TRISB4                                 (abs)        0434
_TRISB5                                 (abs)        0435
_TRISB6                                 (abs)        0436
_TRISB7                                 (abs)        0437
_TRISC0                                 (abs)        0438
_TRISC1                                 (abs)        0439
_TRISC2                                 (abs)        043A
_TRISC3                                 (abs)        043B
_TRISC4                                 (abs)        043C
_TRISC5                                 (abs)        043D
_TRISC6                                 (abs)        043E
_TRISC7                                 (abs)        043F
_TXEN                                   (abs)        04C5
_TXIF                                   (abs)        0064
_TXREG                                  (abs)        0019
_Uart_Ini                               text18       06E6
_Uart_Isr                               text29       0585
_Uart_Manager                           text4        07EB
_Uart_Net_Mgr                           bssBANK1     00BE
_VCFG                                   (abs)        00FE
_WR                                     (abs)        0C61
_WREN                                   (abs)        0C62
__CFG_BOREN$OFF                         (abs)        0000
__CFG_CP$ON                             (abs)        0000
__CFG_CPD$ON                            (abs)        0000
__CFG_FCMEN$OFF                         (abs)        0000
__CFG_FOSC$INTRCIO                      (abs)        0000
__CFG_IESO$OFF                          (abs)        0000
__CFG_MCLRE$OFF                         (abs)        0000
__CFG_PWRTE$ON                          (abs)        0000
__CFG_WDTE$OFF                          (abs)        0000
__H_abc11_text                          _abc11_text  210B
__H_abc12_text                          _abc12_text  210C
__H_eep0_text                           _eep0_text   2101
__H_eep10_text                          _eep10_text  210A
__H_eep1_text                           _eep1_text   2102
__H_eep2_text                           _eep2_text   2103
__H_eep3_text                           _eep3_text   2104
__H_eep4_text                           _eep4_text   2105
__H_eep5_text                           _eep5_text   2106
__H_eep6_text                           _eep6_text   2107
__H_eep7_text                           _eep7_text   2108
__H_eep8_text                           _eep8_text   2109
__Habs1                                 abs1         0000
__Hbank0                                bank0        0000
__Hbank1                                bank1        0000
__Hbank2                                bank2        0000
__Hbank3                                bank3        0000
__HbssBANK0                             bssBANK0     0000
__HbssBANK1                             bssBANK1     0000
__HbssCOMMON                            bssCOMMON    0000
__Hcinit                                cinit        003E
__Hclrtext                              clrtext      0000
__Hcode                                 code         0000
__Hcommon                               common       0000
__Hconfig                               config       2008
__HcstackBANK0                          cstackBANK0  0000
__HcstackCOMMON                         cstackCOMMON 0000
__HdataBANK0                            dataBANK0    0000
__HdataBANK1                            dataBANK1    0000
__Heeprom_data                          eeprom_data  0000
__Hend_init                             end_init     0013
__Hfunctab                              functab      011C
__HidataBANK0                           idataBANK0   0000
__HidataBANK1                           idataBANK1   0000
__Hidloc                                idloc        0000
__Hinit                                 init         0011
__Hinittext                             inittext     0000
__Hintentry                             intentry     0011
__Hmaintext                             maintext     0000
__Hpowerup                              powerup      0000
__Hram                                  ram          0000
__Hreset_vec                            reset_vec    0002
__Hsfr0                                 sfr0         0000
__Hsfr1                                 sfr1         0000
__Hsfr2                                 sfr2         0000
__Hsfr3                                 sfr3         0000
__Hstack                                stack        0000
__Hstrings                              strings      0000
__Hstringtext                           stringtext   0000
__Htext                                 text         0000
__L_abc11_text                          _abc11_text  210A
__L_abc12_text                          _abc12_text  210B
__L_eep0_text                           _eep0_text   2100
__L_eep10_text                          _eep10_text  2109
__L_eep1_text                           _eep1_text   2101
__L_eep2_text                           _eep2_text   2102
__L_eep3_text                           _eep3_text   2103
__L_eep4_text                           _eep4_text   2104
__L_eep5_text                           _eep5_text   2105
__L_eep6_text                           _eep6_text   2106
__L_eep7_text                           _eep7_text   2107
__L_eep8_text                           _eep8_text   2108
__Labs1                                 abs1         0000
__Lbank0                                bank0        0000
__Lbank1                                bank1        0000
__Lbank2                                bank2        0000
__Lbank3                                bank3        0000
__LbssBANK0                             bssBANK0     0000
__LbssBANK1                             bssBANK1     0000
__LbssCOMMON                            bssCOMMON    0000
__Lcinit                                cinit        0013
__Lclrtext                              clrtext      0000
__Lcode                                 code         0000
__Lcommon                               common       0000
__Lconfig                               config       2007
__LcstackBANK0                          cstackBANK0  0000
__LcstackCOMMON                         cstackCOMMON 0000
__LdataBANK0                            dataBANK0    0000
__LdataBANK1                            dataBANK1    0000
__Leeprom_data                          eeprom_data  0000
__Lend_init                             end_init     0011
__Lfunctab                              functab      0100
__LidataBANK0                           idataBANK0   0000
__LidataBANK1                           idataBANK1   0000
__Lidloc                                idloc        0000
__Linit                                 init         0011
__Linittext                             inittext     0000
__Lintentry                             intentry     0004
__Lmaintext                             maintext     0000
__Lpowerup                              powerup      0000
__Lram                                  ram          0000
__Lreset_vec                            reset_vec    0000
__Lsfr0                                 sfr0         0000
__Lsfr1                                 sfr1         0000
__Lsfr2                                 sfr2         0000
__Lsfr3                                 sfr3         0000
__Lstack                                stack        0000
__Lstrings                              strings      0000
__Lstringtext                           stringtext   0000
__Ltext                                 text         0000
__S0                                    (abs)        2008
__S1                                    (abs)        00D5
__S2                                    (abs)        0000
__S3                                    (abs)        0000
___int_sp                               stack        0000
___latbits                              (abs)        0001
___sp                                   stack        0000
__end_of_Adc_Ini                        text27       07EB
__end_of_Api_Led_Control                text10       06D1
__end_of_Api_Uart_Read_Rx               text3        0071
__end_of_BACKGROUND_TASK                stringtext   071F
__end_of_Dio_Ini                        text26       06E6
__end_of_Dio_Read                       text12       044B
__end_of_Dio_Write                      text11       0288
__end_of_EEP_READ                       text25       0052
__end_of_EEP_to_RAM                     text23       04F5
__end_of_Eep_Ini                        text22       0094
__end_of_Eep_Manager                    text5        053E
__end_of_Kernel_Co_Op_Timer_ISR         text30       0396
__end_of_Kernel_vHWReset                stringtext   0722
__end_of_Kernel_vRunContainer           text13       07CC
__end_of_Led_Manager                    text7        01DC
__end_of_Led_Matrix                     stringtext   0718
__end_of_Os_1000ms_Task                 stringtext   072D
__end_of_Os_100ms_Task                  stringtext   072F
__end_of_Os_10ms_Task                   stringtext   0725
__end_of_Os_200ms_Task                  stringtext   0728
__end_of_Os_50ms_Task                   stringtext   0731
__end_of_Os_Back_Ground_Task            stringtext   072B
__end_of_Os_Ini                         text21       0687
__end_of_Pwm_Ini                        text19       066A
__end_of_Sw_Timer_Updator               text1        04A4
__end_of_Switch_Manager                 text6        03F1
__end_of_Switch_Matrix                  stringtext   071E
__end_of_System_Status_Indicator        text2        06BA
__end_of_Systm_Ini_Proc_1               text14       07AD
__end_of_Systm_Ini_Proc_2               text15       0090
__end_of_Uart_Ini                       text18       06FA
__end_of_Uart_Isr                       text29       05C9
__end_of_Uart_Manager                   text4        0800
__end_of__fptable                       functab      011C
__end_of__initialization                cinit        003B
__end_of__stringtab                     stringtext   0712
__end_of_abc11                          _abc11_text  210B
__end_of_abc12                          _abc12_text  210C
__end_of_adc_updator                    text8        05FC
__end_of_check_eep_checksum             text24       0585
__end_of_delay_ms                       text16       06A3
__end_of_eep0                           _eep0_text   2101
__end_of_eep1                           _eep1_text   2102
__end_of_eep10                          _eep10_text  210A
__end_of_eep2                           _eep2_text   2103
__end_of_eep3                           _eep3_text   2104
__end_of_eep4                           _eep4_text   2105
__end_of_eep5                           _eep5_text   2106
__end_of_eep6                           _eep6_text   2107
__end_of_eep7                           _eep7_text   2108
__end_of_eep8                           _eep8_text   2109
__end_of_isr                            text28       062E
__end_of_main                           maintext     0316
__end_of_set_bit_position               text20       0080
__end_of_usage_time_ini                 text17       075E
__end_of_usege_timer                    text9        0789
__fptable                               functab      0100
__initialization                        cinit        0013
__p_abc11_text                          _abc11_text  210A
__p_abc12_text                          _abc12_text  210B
__p_eep0_text                           _eep0_text   2100
__p_eep10_text                          _eep10_text  2109
__p_eep1_text                           _eep1_text   2101
__p_eep2_text                           _eep2_text   2102
__p_eep3_text                           _eep3_text   2103
__p_eep4_text                           _eep4_text   2104
__p_eep5_text                           _eep5_text   2105
__p_eep6_text                           _eep6_text   2106
__p_eep7_text                           _eep7_text   2107
__p_eep8_text                           _eep8_text   2108
__pbssBANK0                             bssBANK0     0020
__pbssBANK1                             bssBANK1     00BE
__pbssCOMMON                            bssCOMMON    0078
__pcstackBANK0                          cstackBANK0  0052
__pcstackCOMMON                         cstackCOMMON 0070
__pdataBANK0                            dataBANK0    0067
__pdataBANK1                            dataBANK1    00A0
__pfunctab                              functab      0100
__pidataBANK0                           idataBANK0   06FA
__pidataBANK1                           idataBANK1   062E
__pintentry                             intentry     0004
__pmaintext                             maintext     0288
__pstringtext                           stringtext   0700
__ptext1                                text1        044B
__ptext10                               text10       06BA
__ptext11                               text11       01DC
__ptext12                               text12       03F1
__ptext13                               text13       07AD
__ptext14                               text14       0789
__ptext15                               text15       0088
__ptext16                               text16       0687
__ptext17                               text17       0731
__ptext18                               text18       06E6
__ptext19                               text19       064C
__ptext2                                text2        06A3
__ptext20                               text20       0071
__ptext21                               text21       066A
__ptext22                               text22       0090
__ptext23                               text23       04A4
__ptext24                               text24       053E
__ptext25                               text25       003E
__ptext26                               text26       06D1
__ptext27                               text27       07CC
__ptext28                               text28       05FC
__ptext29                               text29       0585
__ptext3                                text3        0062
__ptext30                               text30       0316
__ptext4                                text4        07EB
__ptext5                                text5        04F5
__ptext6                                text6        0396
__ptext7                                text7        011C
__ptext8                                text8        05C9
__ptext9                                text9        075E
__size_of_Adc_Ini                       (abs)        0000
__size_of_Api_Led_Control               (abs)        0000
__size_of_Api_Uart_Read_Rx              (abs)        0000
__size_of_Dio_Ini                       (abs)        0000
__size_of_Dio_Read                      (abs)        0000
__size_of_Dio_Write                     (abs)        0000
__size_of_EEP_READ                      (abs)        0000
__size_of_EEP_to_RAM                    (abs)        0000
__size_of_Eep_Ini                       (abs)        0000
__size_of_Eep_Manager                   (abs)        0000
__size_of_Kernel_Co_Op_Timer_ISR        (abs)        0000
__size_of_Kernel_vRunContainer          (abs)        0000
__size_of_Led_Manager                   (abs)        0000
__size_of_Os_Ini                        (abs)        0000
__size_of_Pwm_Ini                       (abs)        0000
__size_of_Sw_Timer_Updator              (abs)        0000
__size_of_Switch_Manager                (abs)        0000
__size_of_System_Status_Indicator       (abs)        0000
__size_of_Systm_Ini_Proc_1              (abs)        0000
__size_of_Systm_Ini_Proc_2              (abs)        0000
__size_of_Uart_Ini                      (abs)        0000
__size_of_Uart_Isr                      (abs)        0000
__size_of_Uart_Manager                  (abs)        0000
__size_of__fptable                      (abs)        0000
__size_of_adc_updator                   (abs)        0000
__size_of_check_eep_checksum            (abs)        0000
__size_of_delay_ms                      (abs)        0000
__size_of_isr                           (abs)        0000
__size_of_main                          (abs)        0000
__size_of_set_bit_position              (abs)        0000
__size_of_usage_time_ini                (abs)        0000
__size_of_usege_timer                   (abs)        0000
__stringbase                            stringtext   0712
__stringtab                             stringtext   0700
_abc11                                  _abc11_text  210A
_abc11_absaddr                          (abs)        210A
_abc12                                  _abc12_text  210B
_abc12_absaddr                          (abs)        210B
_adc_chn0_data                          bssBANK0     0034
_adc_chn1_data                          bssBANK0     0036
_adc_chn2_data                          bssBANK0     0038
_adc_chn3_data                          bssBANK0     003A
_adc_updator                            text8        05C9
_check_eep_checksum                     text24       053E
_delay_ms                               text16       0687
_eep0                                   _eep0_text   2100
_eep0_absaddr                           (abs)        2100
_eep1                                   _eep1_text   2101
_eep10                                  _eep10_text  2109
_eep10_absaddr                          (abs)        2109
_eep1_absaddr                           (abs)        2101
_eep2                                   _eep2_text   2102
_eep2_absaddr                           (abs)        2102
_eep3                                   _eep3_text   2103
_eep3_absaddr                           (abs)        2103
_eep4                                   _eep4_text   2104
_eep4_absaddr                           (abs)        2104
_eep5                                   _eep5_text   2105
_eep5_absaddr                           (abs)        2105
_eep6                                   _eep6_text   2106
_eep6_absaddr                           (abs)        2106
_eep7                                   _eep7_text   2107
_eep7_absaddr                           (abs)        2107
_eep8                                   _eep8_text   2108
_eep8_absaddr                           (abs)        2108
_i                                      bssBANK0     0041
_isr                                    text28       05FC
_main                                   maintext     0288
_maintainace_status                     bssCOMMON    007B
_set_bit_position                       text20       0071
_start_stop_tmr_val                     bssCOMMON    007C
_usage_time                             bssCOMMON    0078
_usage_time_ini                         text17       0731
_usege_timer                            text9        075E
adc_updator@adc_no                      bssBANK0     0042
adc_updator@temp_data                   cstackBANK0  0052
btemp                                   (abs)        007E
check_eep_checksum@checksum_data        cstackBANK0  0054
check_eep_checksum@i                    cstackBANK0  0055
clear_ram0                              clrtext      0080
delay_ms@delay_count                    cstackCOMMON 0076
delay_ms@i                              cstackBANK0  0053
end_of_initialization                   cinit        003B
fpbase                                  functab      0105
fptable                                 functab      0100
fptotal                                 (abs)        0016
init_fetch0                             inittext     0052
init_ram0                               inittext     0056
interrupt_function                      intentry     0004
intlevel0                               functab      0100
intlevel1                               functab      0100
intlevel2                               functab      0100
intlevel3                               functab      0100
intlevel4                               functab      0100
intlevel5                               functab      0100
ltemp                                   (abs)        007E
ltemp0                                  (abs)        007E
ltemp1                                  (abs)        0082
ltemp2                                  (abs)        0086
ltemp3                                  (abs)        0080
num_to_string@num_string                dataBANK0    0067
reset_vec                               reset_vec    0000
saved_w                                 (abs)        007E
set_bit_position@bit_position           cstackCOMMON 0076
set_bit_position@number1                cstackBANK0  0052
stackhi                                 (abs)        0000
stacklo                                 (abs)        0000
start                                   init         0011
start_initialization                    cinit        0013
ttemp                                   (abs)        007E
ttemp0                                  (abs)        007E
ttemp1                                  (abs)        0081
ttemp2                                  (abs)        0084
ttemp3                                  (abs)        0087
ttemp4                                  (abs)        007F
usage_time_ini@maint_time               cstackCOMMON 0076
usege_timer@usage_time_res_count        bssCOMMON    007D
wtemp                                   (abs)        007E
wtemp0                                  (abs)        007E
wtemp1                                  (abs)        0080
wtemp2                                  (abs)        0082
wtemp3                                  (abs)        0084
wtemp4                                  (abs)        0086
wtemp5                                  (abs)        0088
wtemp6                                  (abs)        007F


FUNCTION INFORMATION:

 *************** function _main *****************
 Defined at:
		line 36 in file "D:/START_UP/COMPANY_STARTUP/3_platform_based_developments/pic16f690_projects/platform_pic16f690/platform/Pic_16f690_Platform_build.X/files/os/os.c"
 Parameters:    Size  Location     Type
		None
 Auto vars:     Size  Location     Type
		None
 Return value:  Size  Location     Type
		None               void
 Registers used:
		wreg, fsr0l, fsr0h, status,2, status,0, btemp+1, pclath, cstack
 Tracked objects:
		On entry : 
		On exit  : 
		Unchanged: 
 Data sizes:     COMMON   BANK0   BANK1   BANK2
      Params:         0       0       0       0
      Locals:         0       0       0       0
      Temps:          0       4       0       0
      Totals:         0       4       0       0
Total ram usage:        4 bytes
 Hardware stack levels required when called:    7
 This function calls:
		Absolute function
		_Api_Uart_Read_Rx
		_Eep_Manager
		_Kernel_vRunContainer
		_Led_Manager
		_Sw_Timer_Updator
		_Switch_Manager
		_System_Status_Indicator
		_Uart_Manager
		_adc_updator
		_usege_timer
 This function is called by:
		Startup code after reset
 This function uses a non-reentrant model


 *************** function _Sw_Timer_Updator *****************
 Defined at:
		line 271 in file "D:/START_UP/COMPANY_STARTUP/3_platform_based_developments/pic16f690_projects/platform_pic16f690/platform/Pic_16f690_Platform_build.X/files/os/os.c"
 Parameters:    Size  Location     Type
		None
 Auto vars:     Size  Location     Type
  i               1    6[COMMON] unsigned char 
 Return value:  Size  Location     Type
		None               void
 Registers used:
		wreg, fsr0l, fsr0h, status,2, status,0
 Tracked objects:
		On entry : 
		On exit  : 
		Unchanged: 
 Data sizes:     COMMON   BANK0   BANK1   BANK2
      Params:         0       0       0       0
      Locals:         1       0       0       0
      Temps:          0       3       0       0
      Totals:         1       3       0       0
Total ram usage:        4 bytes
 Hardware stack levels used:    1
 Hardware stack levels required when called:    2
 This function calls:
		Nothing
 This function is called by:
		_main
 This function uses a non-reentrant model


 *************** function _System_Status_Indicator *****************
 Defined at:
		line 118 in file "D:/START_UP/COMPANY_STARTUP/3_platform_based_developments/pic16f690_projects/platform_pic16f690/platform/Pic_16f690_Platform_build.X/files/os/system.c"
 Parameters:    Size  Location     Type
		None
 Auto vars:     Size  Location     Type
		None
 Return value:  Size  Location     Type
		None               void
 Registers used:
		wreg, fsr0l, fsr0h, status,2, status,0, pclath, cstack
 Tracked objects:
		On entry : 
		On exit  : 
		Unchanged: 
 Data sizes:     COMMON   BANK0   BANK1   BANK2
      Params:         0       0       0       0
      Locals:         0       0       0       0
      Temps:          0       1       0       0
      Totals:         0       1       0       0
Total ram usage:        1 bytes
 Hardware stack levels used:    1
 Hardware stack levels required when called:    3
 This function calls:
		_Api_Led_Control
 This function is called by:
		_main
 This function uses a non-reentrant model


 *************** function _Api_Uart_Read_Rx *****************
 Defined at:
		line 94 in file "D:/START_UP/COMPANY_STARTUP/3_platform_based_developments/pic16f690_projects/platform_pic16f690/platform/Pic_16f690_Platform_build.X/files/os/uart.c"
 Parameters:    Size  Location     Type
		None
 Auto vars:     Size  Location     Type
		None
 Return value:  Size  Location     Type
		None               void
 Registers used:
		wreg
 Tracked objects:
		On entry : 
		On exit  : 
		Unchanged: 
 Data sizes:     COMMON   BANK0   BANK1   BANK2
      Params:         0       0       0       0
      Locals:         0       0       0       0
      Temps:          1       0       0       0
      Totals:         1       0       0       0
Total ram usage:        1 bytes
 Hardware stack levels used:    1
 Hardware stack levels required when called:    2
 This function calls:
		Nothing
 This function is called by:
		_main
 This function uses a non-reentrant model


 *************** function _Uart_Manager *****************
 Defined at:
		line 78 in file "D:/START_UP/COMPANY_STARTUP/3_platform_based_developments/pic16f690_projects/platform_pic16f690/platform/Pic_16f690_Platform_build.X/files/os/uart.c"
 Parameters:    Size  Location     Type
		None
 Auto vars:     Size  Location     Type
		None
 Return value:  Size  Location     Type
		None               void
 Registers used:
		wreg, status,2, status,0
 Tracked objects:
		On entry : 
		On exit  : 
		Unchanged: 
 Data sizes:     COMMON   BANK0   BANK1   BANK2
      Params:         0       0       0       0
      Locals:         0       0       0       0
      Temps:          1       0       0       0
      Totals:         1       0       0       0
Total ram usage:        1 bytes
 Hardware stack levels used:    1
 Hardware stack levels required when called:    2
 This function calls:
		Nothing
 This function is called by:
		_main
 This function uses a non-reentrant model


 *************** function _Eep_Manager *****************
 Defined at:
		line 48 in file "D:/START_UP/COMPANY_STARTUP/3_platform_based_developments/pic16f690_projects/platform_pic16f690/platform/Pic_16f690_Platform_build.X/files/os/eep.c"
 Parameters:    Size  Location     Type
		None
 Auto vars:     Size  Location     Type
  temp_data       1    7[COMMON] unsigned char 
 Return value:  Size  Location     Type
		None               void
 Registers used:
		wreg, fsr0l, fsr0h, status,2, status,0
 Tracked objects:
		On entry : 
		On exit  : 
		Unchanged: 
 Data sizes:     COMMON   BANK0   BANK1   BANK2
      Params:         0       0       0       0
      Locals:         1       0       0       0
      Temps:          1       0       0       0
      Totals:         2       0       0       0
Total ram usage:        2 bytes
 Hardware stack levels used:    1
 Hardware stack levels required when called:    2
 This function calls:
		Nothing
 This function is called by:
		_main
 This function uses a non-reentrant model


 *************** function _Switch_Manager *****************
 Defined at:
		line 160 in file "D:/START_UP/COMPANY_STARTUP/3_platform_based_developments/pic16f690_projects/platform_pic16f690/platform/Pic_16f690_Platform_build.X/files/os/dio.c"
 Parameters:    Size  Location     Type
		None
 Auto vars:     Size  Location     Type
  i               1    8[BANK0 ] unsigned char 
  u8_st_temp_s    1    7[BANK0 ] unsigned char 
 Return value:  Size  Location     Type
		None               void
 Registers used:
		wreg, fsr0l, fsr0h, status,2, status,0, btemp+1, pclath, cstack
 Tracked objects:
		On entry : 
		On exit  : 
		Unchanged: 
 Data sizes:     COMMON   BANK0   BANK1   BANK2
      Params:         0       0       0       0
      Locals:         0       2       0       0
      Temps:          0       3       0       0
      Totals:         0       5       0       0
Total ram usage:        5 bytes
 Hardware stack levels used:    1
 Hardware stack levels required when called:    3
 This function calls:
		_Dio_Read
 This function is called by:
		_main
 This function uses a non-reentrant model


 *************** function _Led_Manager *****************
 Defined at:
		line 125 in file "D:/START_UP/COMPANY_STARTUP/3_platform_based_developments/pic16f690_projects/platform_pic16f690/platform/Pic_16f690_Platform_build.X/files/os/dio.c"
 Parameters:    Size  Location     Type
		None
 Auto vars:     Size  Location     Type
  i               1   16[BANK0 ] unsigned char 
  u8_temp_led     1   15[BANK0 ] unsigned char 
 Return value:  Size  Location     Type
		None               void
 Registers used:
		wreg, fsr0l, fsr0h, status,2, status,0, btemp+1, pclath, cstack
 Tracked objects:
		On entry : 
		On exit  : 
		Unchanged: 
 Data sizes:     COMMON   BANK0   BANK1   BANK2
      Params:         0       0       0       0
      Locals:         0       2       0       0
      Temps:          0       3       0       0
      Totals:         0       5       0       0
Total ram usage:        5 bytes
 Hardware stack levels used:    1
 Hardware stack levels required when called:    3
 This function calls:
		_Dio_Read
		_Dio_Write
 This function is called by:
		_main
 This function uses a non-reentrant model


 *************** function _adc_updator *****************
 Defined at:
		line 76 in file "D:/START_UP/COMPANY_STARTUP/3_platform_based_developments/pic16f690_projects/platform_pic16f690/platform/Pic_16f690_Platform_build.X/files/os/adc.c"
 Parameters:    Size  Location     Type
		None
 Auto vars:     Size  Location     Type
  temp_data       2    0[BANK0 ] unsigned int 
 Return value:  Size  Location     Type
		None               void
 Registers used:
		wreg, fsr0l, fsr0h, status,2, status,0
 Tracked objects:
		On entry : 
		On exit  : 
		Unchanged: 
 Data sizes:     COMMON   BANK0   BANK1   BANK2
      Params:         0       0       0       0
      Locals:         0       2       0       0
      Temps:          1       0       0       0
      Totals:         1       2       0       0
Total ram usage:        3 bytes
 Hardware stack levels used:    1
 Hardware stack levels required when called:    2
 This function calls:
		Nothing
 This function is called by:
		_main
 This function uses a non-reentrant model


 *************** function _usege_timer *****************
 Defined at:
		line 289 in file "D:/START_UP/COMPANY_STARTUP/3_platform_based_developments/pic16f690_projects/platform_pic16f690/platform/Pic_16f690_Platform_build.X/files/os/eep.c"
 Parameters:    Size  Location     Type
		None
 Auto vars:     Size  Location     Type
		None
 Return value:  Size  Location     Type
		None               void
 Registers used:
		wreg, status,2, status,0
 Tracked objects:
		On entry : 
		On exit  : 
		Unchanged: 
 Data sizes:     COMMON   BANK0   BANK1   BANK2
      Params:         0       0       0       0
      Locals:         0       0       0       0
      Temps:          1       0       0       0
      Totals:         1       0       0       0
Total ram usage:        1 bytes
 Hardware stack levels used:    1
 Hardware stack levels required when called:    2
 This function calls:
		Nothing
 This function is called by:
		_main
 This function uses a non-reentrant model


 *************** function _Api_Led_Control *****************
 Defined at:
		line 115 in file "D:/START_UP/COMPANY_STARTUP/3_platform_based_developments/pic16f690_projects/platform_pic16f690/platform/Pic_16f690_Platform_build.X/files/os/dio.c"
 Parameters:    Size  Location     Type
  led_no          1    wreg     unsigned char 
  led_status      1    6[COMMON] unsigned char 
 Auto vars:     Size  Location     Type
  led_no          1    0[BANK0 ] unsigned char 
 Return value:  Size  Location     Type
		None               void
 Registers used:
		wreg, fsr0l, fsr0h, status,2, status,0
 Tracked objects:
		On entry : 
		On exit  : 
		Unchanged: 
 Data sizes:     COMMON   BANK0   BANK1   BANK2
      Params:         1       0       0       0
      Locals:         0       1       0       0
      Temps:          1       0       0       0
      Totals:         2       1       0       0
Total ram usage:        3 bytes
 Hardware stack levels used:    1
 Hardware stack levels required when called:    2
 This function calls:
		Nothing
 This function is called by:
		_System_Status_Indicator
 This function uses a non-reentrant model


 *************** function _Dio_Write *****************
 Defined at:
		line 238 in file "D:/START_UP/COMPANY_STARTUP/3_platform_based_developments/pic16f690_projects/platform_pic16f690/platform/Pic_16f690_Platform_build.X/files/os/dio.c"
 Parameters:    Size  Location     Type
  port_no         1    wreg     unsigned char 
  pin_no          1    6[COMMON] unsigned char 
  bit_value       1    7[COMMON] unsigned char 
 Auto vars:     Size  Location     Type
  port_no         1    5[BANK0 ] unsigned char 
 Return value:  Size  Location     Type
		None               void
 Registers used:
		wreg, fsr0l, fsr0h, status,2, status,0
 Tracked objects:
		On entry : 
		On exit  : 
		Unchanged: 
 Data sizes:     COMMON   BANK0   BANK1   BANK2
      Params:         2       0       0       0
      Locals:         0       7       0       0
      Temps:          0       5       0       0
      Totals:         2      12       0       0
Total ram usage:       14 bytes
 Hardware stack levels used:    1
 Hardware stack levels required when called:    2
 This function calls:
		Nothing
 This function is called by:
		_Led_Manager
 This function uses a non-reentrant model


 *************** function _Dio_Read *****************
 Defined at:
		line 203 in file "D:/START_UP/COMPANY_STARTUP/3_platform_based_developments/pic16f690_projects/platform_pic16f690/platform/Pic_16f690_Platform_build.X/files/os/dio.c"
 Parameters:    Size  Location     Type
  port_no         1    wreg     unsigned char 
  pin_no          1    6[COMMON] unsigned char 
 Auto vars:     Size  Location     Type
  port_no         1    2[BANK0 ] unsigned char 
  temp_port_da    1    3[BANK0 ] unsigned char 
 Return value:  Size  Location     Type
                  1    wreg      unsigned char 
 Registers used:
		wreg, fsr0l, fsr0h, status,2, status,0
 Tracked objects:
		On entry : 
		On exit  : 
		Unchanged: 
 Data sizes:     COMMON   BANK0   BANK1   BANK2
      Params:         1       0       0       0
      Locals:         0       2       0       0
      Temps:          0       2       0       0
      Totals:         1       4       0       0
Total ram usage:        5 bytes
 Hardware stack levels used:    1
 Hardware stack levels required when called:    2
 This function calls:
		Nothing
 This function is called by:
		_Led_Manager
		_Switch_Manager
 This function uses a non-reentrant model


 *************** function _Kernel_vRunContainer *****************
 Defined at:
		line 146 in file "D:/START_UP/COMPANY_STARTUP/3_platform_based_developments/pic16f690_projects/platform_pic16f690/platform/Pic_16f690_Platform_build.X/files/os/os.c"
 Parameters:    Size  Location     Type
  afpContainer    2   12[BANK0 ] PTR const PTR FTN()void 
		 -> Kernel_vHWReset(3), 
 Auto vars:     Size  Location     Type
		None
 Return value:  Size  Location     Type
		None               void
 Registers used:
		wreg, fsr0l, fsr0h, status,2, status,0, btemp+1, pclath, cstack
 Tracked objects:
		On entry : 
		On exit  : 
		Unchanged: 
 Data sizes:     COMMON   BANK0   BANK1   BANK2
      Params:         0       2       0       0
      Locals:         0       0       0       0
      Temps:          0       0       0       0
      Totals:         0       2       0       0
Total ram usage:        2 bytes
 Hardware stack levels used:    1
 Hardware stack levels required when called:    6
 This function calls:
		Absolute function
		_Systm_Ini_Proc_1
		_Systm_Ini_Proc_2
 This function is called by:
		_main
 This function uses a non-reentrant model


 *************** function _Systm_Ini_Proc_1 *****************
 Defined at:
		line 72 in file "D:/START_UP/COMPANY_STARTUP/3_platform_based_developments/pic16f690_projects/platform_pic16f690/platform/Pic_16f690_Platform_build.X/files/os/system.c"
 Parameters:    Size  Location     Type
		None
 Auto vars:     Size  Location     Type
		None
 Return value:  Size  Location     Type
		None               void
 Registers used:
		wreg, fsr0l, fsr0h, status,2, status,0, btemp+1, pclath, cstack
 Tracked objects:
		On entry : 
		On exit  : 
		Unchanged: 
 Data sizes:     COMMON   BANK0   BANK1   BANK2
      Params:         0       0       0       0
      Locals:         0       0       0       0
      Temps:          0       1       0       0
      Totals:         0       1       0       0
Total ram usage:        1 bytes
 Hardware stack levels used:    1
 Hardware stack levels required when called:    5
 This function calls:
		_Adc_Ini
		_Dio_Ini
		_EEP_to_RAM
		_Eep_Ini
		_Os_Ini
		_Pwm_Ini
		_Uart_Ini
		_usage_time_ini
 This function is called by:
		_Kernel_vRunContainer
 This function uses a non-reentrant model


 *************** function _Systm_Ini_Proc_2 *****************
 Defined at:
		line 113 in file "D:/START_UP/COMPANY_STARTUP/3_platform_based_developments/pic16f690_projects/platform_pic16f690/platform/Pic_16f690_Platform_build.X/files/os/system.c"
 Parameters:    Size  Location     Type
		None
 Auto vars:     Size  Location     Type
		None
 Return value:  Size  Location     Type
		None               void
 Registers used:
		wreg, status,2, status,0, pclath, cstack
 Tracked objects:
		On entry : 
		On exit  : 
		Unchanged: 
 Data sizes:     COMMON   BANK0   BANK1   BANK2
      Params:         0       0       0       0
      Locals:         0       0       0       0
      Temps:          0       0       0       0
      Totals:         0       0       0       0
Total ram usage:        0 bytes
 Hardware stack levels used:    1
 Hardware stack levels required when called:    3
 This function calls:
		_delay_ms
 This function is called by:
		_Kernel_vRunContainer
 This function uses a non-reentrant model


 *************** function _delay_ms *****************
 Defined at:
		line 220 in file "D:/START_UP/COMPANY_STARTUP/3_platform_based_developments/pic16f690_projects/platform_pic16f690/platform/Pic_16f690_Platform_build.X/files/os/sevlb.c"
 Parameters:    Size  Location     Type
  delay_count     2    6[COMMON] unsigned int 
 Auto vars:     Size  Location     Type
  i               1    1[BANK0 ] unsigned char 
 Return value:  Size  Location     Type
		None               void
 Registers used:
		wreg, status,2, status,0
 Tracked objects:
		On entry : 
		On exit  : 
		Unchanged: 
 Data sizes:     COMMON   BANK0   BANK1   BANK2
      Params:         2       0       0       0
      Locals:         0       1       0       0
      Temps:          0       1       0       0
      Totals:         2       2       0       0
Total ram usage:        4 bytes
 Hardware stack levels used:    1
 Hardware stack levels required when called:    2
 This function calls:
		Nothing
 This function is called by:
		_Systm_Ini_Proc_2
 This function uses a non-reentrant model


 *************** function _usage_time_ini *****************
 Defined at:
		line 256 in file "D:/START_UP/COMPANY_STARTUP/3_platform_based_developments/pic16f690_projects/platform_pic16f690/platform/Pic_16f690_Platform_build.X/files/os/eep.c"
 Parameters:    Size  Location     Type
		None
 Auto vars:     Size  Location     Type
  maint_time      2    6[COMMON] unsigned int 
 Return value:  Size  Location     Type
		None               void
 Registers used:
		wreg, status,2, btemp+1
 Tracked objects:
		On entry : 
		On exit  : 
		Unchanged: 
 Data sizes:     COMMON   BANK0   BANK1   BANK2
      Params:         0       0       0       0
      Locals:         2       0       0       0
      Temps:          0       4       0       0
      Totals:         2       4       0       0
Total ram usage:        6 bytes
 Hardware stack levels used:    1
 Hardware stack levels required when called:    2
 This function calls:
		Nothing
 This function is called by:
		_Systm_Ini_Proc_1
 This function uses a non-reentrant model


 *************** function _Uart_Ini *****************
 Defined at:
		line 12 in file "D:/START_UP/COMPANY_STARTUP/3_platform_based_developments/pic16f690_projects/platform_pic16f690/platform/Pic_16f690_Platform_build.X/files/os/uart.c"
 Parameters:    Size  Location     Type
		None
 Auto vars:     Size  Location     Type
		None
 Return value:  Size  Location     Type
		None               void
 Registers used:
		wreg
 Tracked objects:
		On entry : 
		On exit  : 
		Unchanged: 
 Data sizes:     COMMON   BANK0   BANK1   BANK2
      Params:         0       0       0       0
      Locals:         0       0       0       0
      Temps:          0       0       0       0
      Totals:         0       0       0       0
Total ram usage:        0 bytes
 Hardware stack levels used:    1
 Hardware stack levels required when called:    2
 This function calls:
		Nothing
 This function is called by:
		_Systm_Ini_Proc_1
 This function uses a non-reentrant model


 *************** function _Pwm_Ini *****************
 Defined at:
		line 4 in file "D:/START_UP/COMPANY_STARTUP/3_platform_based_developments/pic16f690_projects/platform_pic16f690/platform/Pic_16f690_Platform_build.X/files/os/pwm.c"
 Parameters:    Size  Location     Type
		None
 Auto vars:     Size  Location     Type
		None
 Return value:  Size  Location     Type
		None               void
 Registers used:
		wreg, status,2, status,0, pclath, cstack
 Tracked objects:
		On entry : 
		On exit  : 
		Unchanged: 
 Data sizes:     COMMON   BANK0   BANK1   BANK2
      Params:         0       0       0       0
      Locals:         0       0       0       0
      Temps:          0       0       0       0
      Totals:         0       0       0       0
Total ram usage:        0 bytes
 Hardware stack levels used:    1
 Hardware stack levels required when called:    3
 This function calls:
		_set_bit_position
 This function is called by:
		_Systm_Ini_Proc_1
 This function uses a non-reentrant model


 *************** function _set_bit_position *****************
 Defined at:
		line 13 in file "D:/START_UP/COMPANY_STARTUP/3_platform_based_developments/pic16f690_projects/platform_pic16f690/platform/Pic_16f690_Platform_build.X/files/os/sevlb.c"
 Parameters:    Size  Location     Type
  number1         1    wreg     unsigned char 
  bit_position    1    6[COMMON] unsigned char 
 Auto vars:     Size  Location     Type
  number1         1    0[BANK0 ] unsigned char 
 Return value:  Size  Location     Type
                  1    wreg      unsigned char 
 Registers used:
		wreg, status,2, status,0
 Tracked objects:
		On entry : 
		On exit  : 
		Unchanged: 
 Data sizes:     COMMON   BANK0   BANK1   BANK2
      Params:         1       0       0       0
      Locals:         0       1       0       0
      Temps:          1       0       0       0
      Totals:         2       1       0       0
Total ram usage:        3 bytes
 Hardware stack levels used:    1
 Hardware stack levels required when called:    2
 This function calls:
		Nothing
 This function is called by:
		_Pwm_Ini
 This function uses a non-reentrant model


 *************** function _Os_Ini *****************
 Defined at:
		line 311 in file "D:/START_UP/COMPANY_STARTUP/3_platform_based_developments/pic16f690_projects/platform_pic16f690/platform/Pic_16f690_Platform_build.X/files/os/os.c"
 Parameters:    Size  Location     Type
		None
 Auto vars:     Size  Location     Type
		None
 Return value:  Size  Location     Type
		None               void
 Registers used:
		wreg
 Tracked objects:
		On entry : 
		On exit  : 
		Unchanged: 
 Data sizes:     COMMON   BANK0   BANK1   BANK2
      Params:         0       0       0       0
      Locals:         0       0       0       0
      Temps:          0       0       0       0
      Totals:         0       0       0       0
Total ram usage:        0 bytes
 Hardware stack levels used:    1
 Hardware stack levels required when called:    2
 This function calls:
		Nothing
 This function is called by:
		_Systm_Ini_Proc_1
 This function uses a non-reentrant model


 *************** function _Eep_Ini *****************
 Defined at:
		line 32 in file "D:/START_UP/COMPANY_STARTUP/3_platform_based_developments/pic16f690_projects/platform_pic16f690/platform/Pic_16f690_Platform_build.X/files/os/eep.c"
 Parameters:    Size  Location     Type
		None
 Auto vars:     Size  Location     Type
		None
 Return value:  Size  Location     Type
		None               void
 Registers used:
		None
 Tracked objects:
		On entry : 
		On exit  : 
		Unchanged: 
 Data sizes:     COMMON   BANK0   BANK1   BANK2
      Params:         0       0       0       0
      Locals:         0       0       0       0
      Temps:          0       0       0       0
      Totals:         0       0       0       0
Total ram usage:        0 bytes
 Hardware stack levels used:    1
 Hardware stack levels required when called:    2
 This function calls:
		Nothing
 This function is called by:
		_Systm_Ini_Proc_1
 This function uses a non-reentrant model


 *************** function _EEP_to_RAM *****************
 Defined at:
		line 185 in file "D:/START_UP/COMPANY_STARTUP/3_platform_based_developments/pic16f690_projects/platform_pic16f690/platform/Pic_16f690_Platform_build.X/files/os/eep.c"
 Parameters:    Size  Location     Type
  eep_error_st    1    wreg     unsigned char 
 Auto vars:     Size  Location     Type
  eep_error_st    1    5[BANK0 ] unsigned char 
  i               1   10[BANK0 ] unsigned char 
  j               1    8[BANK0 ] unsigned char 
  i               1    9[BANK0 ] unsigned char 
  j               1    7[BANK0 ] unsigned char 
  temp_data       1    6[BANK0 ] unsigned char 
 Return value:  Size  Location     Type
		None               void
 Registers used:
		wreg, fsr0l, fsr0h, status,2, status,0, pclath, cstack
 Tracked objects:
		On entry : 
		On exit  : 
		Unchanged: 
 Data sizes:     COMMON   BANK0   BANK1   BANK2
      Params:         0       0       0       0
      Locals:         0       6       0       0
      Temps:          0       1       0       0
      Totals:         0       7       0       0
Total ram usage:        7 bytes
 Hardware stack levels used:    1
 Hardware stack levels required when called:    4
 This function calls:
		_EEP_READ
		_check_eep_checksum
 This function is called by:
		_Systm_Ini_Proc_1
 This function uses a non-reentrant model


 *************** function _check_eep_checksum *****************
 Defined at:
		line 208 in file "D:/START_UP/COMPANY_STARTUP/3_platform_based_developments/pic16f690_projects/platform_pic16f690/platform/Pic_16f690_Platform_build.X/files/os/eep.c"
 Parameters:    Size  Location     Type
		None
 Auto vars:     Size  Location     Type
  i               1    3[BANK0 ] unsigned char 
  checksum_dat    1    2[BANK0 ] unsigned char 
 Return value:  Size  Location     Type
                  1    wreg      unsigned char 
 Registers used:
		wreg, status,2, status,0, pclath, cstack
 Tracked objects:
		On entry : 
		On exit  : 
		Unchanged: 
 Data sizes:     COMMON   BANK0   BANK1   BANK2
      Params:         0       0       0       0
      Locals:         0       2       0       0
      Temps:          1       0       0       0
      Totals:         1       2       0       0
Total ram usage:        3 bytes
 Hardware stack levels used:    1
 Hardware stack levels required when called:    3
 This function calls:
		_EEP_READ
 This function is called by:
		_EEP_to_RAM
 This function uses a non-reentrant model


 *************** function _EEP_READ *****************
 Defined at:
		line 176 in file "D:/START_UP/COMPANY_STARTUP/3_platform_based_developments/pic16f690_projects/platform_pic16f690/platform/Pic_16f690_Platform_build.X/files/os/eep.c"
 Parameters:    Size  Location     Type
  Index           1    wreg     unsigned char 
 Auto vars:     Size  Location     Type
  Index           1    0[BANK0 ] unsigned char 
  temp_data       1    1[BANK0 ] unsigned char 
 Return value:  Size  Location     Type
                  1    wreg      unsigned char 
 Registers used:
		wreg
 Tracked objects:
		On entry : 
		On exit  : 
		Unchanged: 
 Data sizes:     COMMON   BANK0   BANK1   BANK2
      Params:         0       0       0       0
      Locals:         0       2       0       0
      Temps:          1       0       0       0
      Totals:         1       2       0       0
Total ram usage:        3 bytes
 Hardware stack levels used:    1
 Hardware stack levels required when called:    2
 This function calls:
		Nothing
 This function is called by:
		_EEP_to_RAM
		_check_eep_checksum
 This function uses a non-reentrant model


 *************** function _Dio_Ini *****************
 Defined at:
		line 4 in file "D:/START_UP/COMPANY_STARTUP/3_platform_based_developments/pic16f690_projects/platform_pic16f690/platform/Pic_16f690_Platform_build.X/files/os/dio.c"
 Parameters:    Size  Location     Type
		None
 Auto vars:     Size  Location     Type
		None
 Return value:  Size  Location     Type
		None               void
 Registers used:
		None
 Tracked objects:
		On entry : 
		On exit  : 
		Unchanged: 
 Data sizes:     COMMON   BANK0   BANK1   BANK2
      Params:         0       0       0       0
      Locals:         0       0       0       0
      Temps:          0       0       0       0
      Totals:         0       0       0       0
Total ram usage:        0 bytes
 Hardware stack levels used:    1
 Hardware stack levels required when called:    2
 This function calls:
		Nothing
 This function is called by:
		_Systm_Ini_Proc_1
 This function uses a non-reentrant model


 *************** function _Adc_Ini *****************
 Defined at:
		line 19 in file "D:/START_UP/COMPANY_STARTUP/3_platform_based_developments/pic16f690_projects/platform_pic16f690/platform/Pic_16f690_Platform_build.X/files/os/adc.c"
 Parameters:    Size  Location     Type
		None
 Auto vars:     Size  Location     Type
		None
 Return value:  Size  Location     Type
		None               void
 Registers used:
		wreg, status,2
 Tracked objects:
		On entry : 
		On exit  : 
		Unchanged: 
 Data sizes:     COMMON   BANK0   BANK1   BANK2
      Params:         0       0       0       0
      Locals:         0       0       0       0
      Temps:          0       0       0       0
      Totals:         0       0       0       0
Total ram usage:        0 bytes
 Hardware stack levels used:    1
 Hardware stack levels required when called:    2
 This function calls:
		Nothing
 This function is called by:
		_Systm_Ini_Proc_1
 This function uses a non-reentrant model


 *************** function _isr *****************
 Defined at:
		line 5 in file "D:/START_UP/COMPANY_STARTUP/3_platform_based_developments/pic16f690_projects/platform_pic16f690/platform/Pic_16f690_Platform_build.X/files/os/system.c"
 Parameters:    Size  Location     Type
		None
 Auto vars:     Size  Location     Type
		None
 Return value:  Size  Location     Type
		None               void
 Registers used:
		wreg, fsr0l, fsr0h, status,2, status,0, pclath, cstack
 Tracked objects:
		On entry : 
		On exit  : 
		Unchanged: 
 Data sizes:     COMMON   BANK0   BANK1   BANK2
      Params:         0       0       0       0
      Locals:         0       0       0       0
      Temps:          4       0       0       0
      Totals:         4       0       0       0
Total ram usage:        4 bytes
 Hardware stack levels used:    1
 Hardware stack levels required when called:    1
 This function calls:
		_Kernel_Co_Op_Timer_ISR
		_Uart_Isr
 This function is called by:
		Interrupt level 1
 This function uses a non-reentrant model


 *************** function _Uart_Isr *****************
 Defined at:
		line 44 in file "D:/START_UP/COMPANY_STARTUP/3_platform_based_developments/pic16f690_projects/platform_pic16f690/platform/Pic_16f690_Platform_build.X/files/os/uart.c"
 Parameters:    Size  Location     Type
		None
 Auto vars:     Size  Location     Type
		None
 Return value:  Size  Location     Type
		None               void
 Registers used:
		wreg, fsr0l, fsr0h, status,2, status,0
 Tracked objects:
		On entry : 
		On exit  : 
		Unchanged: 
 Data sizes:     COMMON   BANK0   BANK1   BANK2
      Params:         0       0       0       0
      Locals:         0       0       0       0
      Temps:          1       0       0       0
      Totals:         1       0       0       0
Total ram usage:        1 bytes
 Hardware stack levels used:    1
 This function calls:
		Nothing
 This function is called by:
		_isr
 This function uses a non-reentrant model


 *************** function _Kernel_Co_Op_Timer_ISR *****************
 Defined at:
		line 92 in file "D:/START_UP/COMPANY_STARTUP/3_platform_based_developments/pic16f690_projects/platform_pic16f690/platform/Pic_16f690_Platform_build.X/files/os/os.c"
 Parameters:    Size  Location     Type
		None
 Auto vars:     Size  Location     Type
  i               1    1[COMMON] unsigned char 
 Return value:  Size  Location     Type
		None               void
 Registers used:
		wreg, fsr0l, fsr0h, status,2, status,0
 Tracked objects:
		On entry : 
		On exit  : 
		Unchanged: 
 Data sizes:     COMMON   BANK0   BANK1   BANK2
      Params:         0       0       0       0
      Locals:         1       0       0       0
      Temps:          1       0       0       0
      Totals:         2       0       0       0
Total ram usage:        2 bytes
 Hardware stack levels used:    1
 This function calls:
		Nothing
 This function is called by:
		_isr
 This function uses a non-reentrant model



MODULE INFORMATION

Module		Function		Class		Link	Load	Size
D:/START_UP/COMPANY_STARTUP/3_platform_based_developments/pic16f690_projects/platform_pic16f690/platform/Pic_16f690_Platform_build.X/files/os/system.c
		_System_Status_		CODE           	06A3	0000	23
		_isr           		CODE           	05FC	0000	50
		_Systm_Ini_Proc		CODE           	0789	0000	36
		_Systm_Ini_Proc		CODE           	0088	0000	8

D:/START_UP/COMPANY_STARTUP/3_platform_based_developments/pic16f690_projects/platform_pic16f690/platform/Pic_16f690_Platform_build.X/files/os/system.c estimated size: 117

D:/START_UP/COMPANY_STARTUP/3_platform_based_developments/pic16f690_projects/platform_pic16f690/platform/Pic_16f690_Platform_build.X/files/os/pwm.c
		_Pwm_Ini       		CODE           	064C	0000	30

D:/START_UP/COMPANY_STARTUP/3_platform_based_developments/pic16f690_projects/platform_pic16f690/platform/Pic_16f690_Platform_build.X/files/os/pwm.c estimated size: 30

D:/START_UP/COMPANY_STARTUP/3_platform_based_developments/pic16f690_projects/platform_pic16f690/platform/Pic_16f690_Platform_build.X/files/os/uart.c
		_Uart_Ini      		CODE           	06E6	0000	20
		_Api_Uart_Read_		CODE           	0062	0000	15
		_Uart_Isr      		CODE           	0585	0000	68
		_Uart_Manager  		CODE           	07EB	0000	21

D:/START_UP/COMPANY_STARTUP/3_platform_based_developments/pic16f690_projects/platform_pic16f690/platform/Pic_16f690_Platform_build.X/files/os/uart.c estimated size: 124

D:/START_UP/COMPANY_STARTUP/3_platform_based_developments/pic16f690_projects/platform_pic16f690/platform/Pic_16f690_Platform_build.X/files/os/eep.c
		_Eep_Manager   		CODE           	04F5	0000	73
		_EEP_to_RAM    		CODE           	04A4	0000	81
		_EEP_READ      		CODE           	003E	0000	20
		_check_eep_chec		CODE           	053E	0000	71
		_Eep_Ini       		CODE           	0090	0000	4
		_usege_timer   		CODE           	075E	0000	43
		_usage_time_ini		CODE           	0731	0000	45

D:/START_UP/COMPANY_STARTUP/3_platform_based_developments/pic16f690_projects/platform_pic16f690/platform/Pic_16f690_Platform_build.X/files/os/eep.c estimated size: 337

shared
		_abc11         		CODE           	210A	0000	1
		__stringtab    		STRCODE        	0700	0000	18
		_eep0          		CODE           	2100	0000	1
		_abc12         		CODE           	210B	0000	1
		_Switch_Matrix 		STRCODE        	0718	0000	6
		_eep1          		CODE           	2101	0000	1
		_eep2          		CODE           	2102	0000	1
		__initializatio		CODE           	0013	0000	40
		_eep3          		CODE           	2103	0000	1
		_Os_100ms_Task 		STRCODE        	072D	0000	2
		_Os_Back_Ground		STRCODE        	0728	0000	3
		_eep10         		CODE           	2109	0000	1
		_eep4          		CODE           	2104	0000	1
		_Os_10ms_Task  		STRCODE        	0722	0000	3
		_Os_200ms_Task 		STRCODE        	0725	0000	3
		_BACKGROUND_TAS		STRCODE        	071E	0000	1
		_eep5          		CODE           	2105	0000	1
		_Os_1000ms_Task		STRCODE        	072B	0000	2
		__fptable      		CODE           	0100	0000	28
		_eep6          		CODE           	2106	0000	1
		_eep7          		CODE           	2107	0000	1
		_Kernel_vHWRese		STRCODE        	071F	0000	3
		_eep8          		CODE           	2108	0000	1
		_Led_Matrix    		STRCODE        	0712	0000	6
		_Os_50ms_Task  		STRCODE        	072F	0000	2

shared estimated size: 129

D:/START_UP/COMPANY_STARTUP/3_platform_based_developments/pic16f690_projects/platform_pic16f690/platform/Pic_16f690_Platform_build.X/files/os/adc.c
		_adc_updator   		CODE           	05C9	0000	51
		_Adc_Ini       		CODE           	07CC	0000	31

D:/START_UP/COMPANY_STARTUP/3_platform_based_developments/pic16f690_projects/platform_pic16f690/platform/Pic_16f690_Platform_build.X/files/os/adc.c estimated size: 82

D:/START_UP/COMPANY_STARTUP/3_platform_based_developments/pic16f690_projects/platform_pic16f690/platform/Pic_16f690_Platform_build.X/files/os/dio.c
		_Api_Led_Contro		CODE           	06BA	0000	23
		_Dio_Write     		CODE           	01DC	0000	172
		_Switch_Manager		CODE           	0396	0000	91
		_Dio_Read      		CODE           	03F1	0000	90
		_Dio_Ini       		CODE           	06D1	0000	21
		_Led_Manager   		CODE           	011C	0000	192

D:/START_UP/COMPANY_STARTUP/3_platform_based_developments/pic16f690_projects/platform_pic16f690/platform/Pic_16f690_Platform_build.X/files/os/dio.c estimated size: 589

D:/START_UP/COMPANY_STARTUP/3_platform_based_developments/pic16f690_projects/platform_pic16f690/platform/Pic_16f690_Platform_build.X/files/os/sevlb.c
		_set_bit_positi		CODE           	0071	0000	15
		_delay_ms      		CODE           	0687	0000	28

D:/START_UP/COMPANY_STARTUP/3_platform_based_developments/pic16f690_projects/platform_pic16f690/platform/Pic_16f690_Platform_build.X/files/os/sevlb.c estimated size: 43

D:/START_UP/COMPANY_STARTUP/3_platform_based_developments/pic16f690_projects/platform_pic16f690/platform/Pic_16f690_Platform_build.X/files/os/os.c
		_Kernel_vRunCon		CODE           	07AD	0000	31
		_Sw_Timer_Updat		CODE           	044B	0000	89
		_main          		CODE           	0288	0000	142
		_Kernel_Co_Op_T		CODE           	0316	0000	128
		_Os_Ini        		CODE           	066A	0000	29

D:/START_UP/COMPANY_STARTUP/3_platform_based_developments/pic16f690_projects/platform_pic16f690/platform/Pic_16f690_Platform_build.X/files/os/os.c estimated size: 419

