Archive member included because of file (symbol)

.\CortexM3\ARM_GCC_493\Release\Design02.a(cyfitter_cfg.o)
                              .\CortexM3\ARM_GCC_493\Release\Cm3Start.o (cyfitter_cfg)
.\CortexM3\ARM_GCC_493\Release\Design02.a(TMR_Os_Tmr_Co_Op.o)
                              .\CortexM3\ARM_GCC_493\Release\os_kernel.o (TMR_Os_Tmr_Co_Op_Enable)
.\CortexM3\ARM_GCC_493\Release\Design02.a(TMR_Os_Tmr_Pre_Emp.o)
                              .\CortexM3\ARM_GCC_493\Release\os_kernel.o (TMR_Os_Tmr_Pre_Emp_Start)
.\CortexM3\ARM_GCC_493\Release\Design02.a(ISR_Pre_Emp_1ms.o)
                              .\CortexM3\ARM_GCC_493\Release\os_kernel.o (ISR_Pre_Emp_1ms_StartEx)
.\CortexM3\ARM_GCC_493\Release\Design02.a(CyBootAsmGnu.o)
                              .\CortexM3\ARM_GCC_493\Release\Design02.a(cyfitter_cfg.o) (CyDelayCycles)
.\CortexM3\ARM_GCC_493\Release\Design02.a(CyLib.o)
                              .\CortexM3\ARM_GCC_493\Release\Cm3Start.o (CyResetStatus)
.\CortexM3\ARM_GCC_493\Release\Design02.a(cyPm.o)
                              .\CortexM3\ARM_GCC_493\Release\Design02.a(CyLib.o) (CyPmReadStatus)
.\CortexM3\ARM_GCC_493\Release\Design02.a(UART_1.o)
                              .\CortexM3\ARM_GCC_493\Release\uart.o (UART_1_Start)
.\CortexM3\ARM_GCC_493\Release\Design02.a(UART_1_INT.o)
                              .\CortexM3\ARM_GCC_493\Release\Design02.a(UART_1.o) (UART_1_RXISR)
.\CortexM3\ARM_GCC_493\Release\Design02.a(UART_1_IntClock.o)
                              .\CortexM3\ARM_GCC_493\Release\Design02.a(UART_1.o) (UART_1_IntClock_Start)
.\CortexM3\ARM_GCC_493\Release\Design02.a(System_Switch.o)
                              .\CortexM3\ARM_GCC_493\Release\dio.o (System_Switch_Read)
.\CortexM3\ARM_GCC_493\Release\Design02.a(System_LED.o)
                              .\CortexM3\ARM_GCC_493\Release\dio.o (System_LED_Write)
.\CortexM3\ARM_GCC_493\Release\Design02.a(I2C_1.o)
                              .\CortexM3\ARM_GCC_493\Release\os_kernel.o (I2C_1_Start)
.\CortexM3\ARM_GCC_493\Release\Design02.a(I2C_1_INT.o)
                              .\CortexM3\ARM_GCC_493\Release\Design02.a(I2C_1.o) (I2C_1_ISR)
.\CortexM3\ARM_GCC_493\Release\Design02.a(I2C_1_PM.o)
                              .\CortexM3\ARM_GCC_493\Release\Design02.a(I2C_1.o) (I2C_1_backup)
.\CortexM3\ARM_GCC_493\Release\Design02.a(I2C_1_MASTER.o)
                              .\CortexM3\ARM_GCC_493\Release\imu_i2c.o (I2C_1_MasterWriteBuf)
.\CortexM3\ARM_GCC_493\Release\Design02.a(ISR_Co_Op_10ms.o)
                              .\CortexM3\ARM_GCC_493\Release\os_kernel.o (ISR_Co_Op_10ms_StartEx)
.\CortexM3\ARM_GCC_493\Release\Design02.a(Pin_SD_Detect.o)
                              .\CortexM3\ARM_GCC_493\Release\sd_card.o (Pin_SD_Detect_Read)
.\CortexM3\ARM_GCC_493\Release\Design02.a(LCD1.o)
                              .\CortexM3\ARM_GCC_493\Release\lcd.o (LCD1_Start)
.\CortexM3\ARM_GCC_493\Release\Design02.a(CyFlash.o)
                              .\CortexM3\ARM_GCC_493\Release\Design02.a(cyPm.o) (CyFlash_SetWaitCycles)
.\CortexM3\ARM_GCC_493\Release\Design02.a(CySpc.o)
                              .\CortexM3\ARM_GCC_493\Release\Design02.a(CyFlash.o) (CySpcStart)
c:/program files/cypress/psoc creator/3.3/psoc creator/import/gnu/arm/4.9.3/bin/../lib/gcc/arm-none-eabi/4.9.3/../../../../arm-none-eabi/lib/armv7-m\libm.a(lib_a-w_asin.o)
                              .\CortexM3\ARM_GCC_493\Release\imu_i2c.o (asin)
c:/program files/cypress/psoc creator/3.3/psoc creator/import/gnu/arm/4.9.3/bin/../lib/gcc/arm-none-eabi/4.9.3/../../../../arm-none-eabi/lib/armv7-m\libm.a(lib_a-w_atan2.o)
                              .\CortexM3\ARM_GCC_493\Release\imu_i2c.o (atan2)
c:/program files/cypress/psoc creator/3.3/psoc creator/import/gnu/arm/4.9.3/bin/../lib/gcc/arm-none-eabi/4.9.3/../../../../arm-none-eabi/lib/armv7-m\libm.a(lib_a-w_pow.o)
                              .\CortexM3\ARM_GCC_493\Release\imu_i2c.o (pow)
c:/program files/cypress/psoc creator/3.3/psoc creator/import/gnu/arm/4.9.3/bin/../lib/gcc/arm-none-eabi/4.9.3/../../../../arm-none-eabi/lib/armv7-m\libm.a(lib_a-w_sqrt.o)
                              .\CortexM3\ARM_GCC_493\Release\imu_i2c.o (sqrt)
c:/program files/cypress/psoc creator/3.3/psoc creator/import/gnu/arm/4.9.3/bin/../lib/gcc/arm-none-eabi/4.9.3/../../../../arm-none-eabi/lib/armv7-m\libm.a(lib_a-e_asin.o)
                              c:/program files/cypress/psoc creator/3.3/psoc creator/import/gnu/arm/4.9.3/bin/../lib/gcc/arm-none-eabi/4.9.3/../../../../arm-none-eabi/lib/armv7-m\libm.a(lib_a-w_asin.o) (__ieee754_asin)
c:/program files/cypress/psoc creator/3.3/psoc creator/import/gnu/arm/4.9.3/bin/../lib/gcc/arm-none-eabi/4.9.3/../../../../arm-none-eabi/lib/armv7-m\libm.a(lib_a-e_atan2.o)
                              c:/program files/cypress/psoc creator/3.3/psoc creator/import/gnu/arm/4.9.3/bin/../lib/gcc/arm-none-eabi/4.9.3/../../../../arm-none-eabi/lib/armv7-m\libm.a(lib_a-w_atan2.o) (__ieee754_atan2)
[...]
Memory Configuration

Name             Origin             Length             Attributes
rom              0x00000000         0x00040000         xr
ram              0x1fff8000         0x00010000         xrw
*default*        0x00000000         0xffffffff

Linker script and memory map

LOAD c:/program files/cypress/psoc creator/3.3/psoc creator/import/gnu/arm/4.9.3/bin/../lib/gcc/arm-none-eabi/4.9.3/armv7-m/crti.o
LOAD c:/program files/cypress/psoc creator/3.3/psoc creator/import/gnu/arm/4.9.3/bin/../lib/gcc/arm-none-eabi/4.9.3/armv7-m/crtbegin.o
LOAD c:/program files/cypress/psoc creator/3.3/psoc creator/import/gnu/arm/4.9.3/bin/../lib/gcc/arm-none-eabi/4.9.3/../../../../arm-none-eabi/lib/armv7-m/crt0.o
START GROUP
LOAD .\CortexM3\ARM_GCC_493\Release\os_kernel.o
LOAD .\CortexM3\ARM_GCC_493\Release\uart.o
LOAD .\CortexM3\ARM_GCC_493\Release\dio.o
LOAD .\CortexM3\ARM_GCC_493\Release\wifi.o
LOAD .\CortexM3\ARM_GCC_493\Release\imu_i2c.o
LOAD .\CortexM3\ARM_GCC_493\Release\bt_module.o
LOAD .\CortexM3\ARM_GCC_493\Release\sd_card.o
LOAD .\CortexM3\ARM_GCC_493\Release\lcd.o
LOAD .\CortexM3\ARM_GCC_493\Release\main.o
LOAD .\CortexM3\ARM_GCC_493\Release\app_1.o
LOAD .\CortexM3\ARM_GCC_493\Release\cymetadata.o
LOAD .\CortexM3\ARM_GCC_493\Release\Cm3Start.o
LOAD .\CortexM3\ARM_GCC_493\Release\Design02.a
LOAD C:\Program Files\Cypress\PSoC Creator\3.3\PSoC Creator\psoc\content\cycomponentlibrary\CyComponentLibrary.cylib\CortexM3\ARM_GCC_493\Release\CyComponentLibrary.a
LOAD c:/program files/cypress/psoc creator/3.3/psoc creator/import/gnu/arm/4.9.3/bin/../lib/gcc/arm-none-eabi/4.9.3/../../../../arm-none-eabi/lib/armv7-m\libm.a
LOAD .\Inc\sd\GCC\libemf32nosnlfn.a
END GROUP
START GROUP
LOAD c:/program files/cypress/psoc creator/3.3/psoc creator/import/gnu/arm/4.9.3/bin/../lib/gcc/arm-none-eabi/4.9.3/armv7-m\libgcc.a
LOAD c:/program files/cypress/psoc creator/3.3/psoc creator/import/gnu/arm/4.9.3/bin/../lib/gcc/arm-none-eabi/4.9.3/../../../../arm-none-eabi/lib/armv7-m\libg_nano.a
LOAD c:/program files/cypress/psoc creator/3.3/psoc creator/import/gnu/arm/4.9.3/bin/../lib/gcc/arm-none-eabi/4.9.3/../../../../arm-none-eabi/lib/armv7-m\libc_nano.a
END GROUP
START GROUP
LOAD c:/program files/cypress/psoc creator/3.3/psoc creator/import/gnu/arm/4.9.3/bin/../lib/gcc/arm-none-eabi/4.9.3/armv7-m\libgcc.a
LOAD c:/program files/cypress/psoc creator/3.3/psoc creator/import/gnu/arm/4.9.3/bin/../lib/gcc/arm-none-eabi/4.9.3/../../../../arm-none-eabi/lib/armv7-m\libc_nano.a
END GROUP
LOAD c:/program files/cypress/psoc creator/3.3/psoc creator/import/gnu/arm/4.9.3/bin/../lib/gcc/arm-none-eabi/4.9.3/armv7-m/crtend.o
LOAD c:/program files/cypress/psoc creator/3.3/psoc creator/import/gnu/arm/4.9.3/bin/../lib/gcc/arm-none-eabi/4.9.3/armv7-m/crtn.o
START GROUP
LOAD c:/program files/cypress/psoc creator/3.3/psoc creator/import/gnu/arm/4.9.3/bin/../lib/gcc/arm-none-eabi/4.9.3/armv7-m\libgcc.a
LOAD c:/program files/cypress/psoc creator/3.3/psoc creator/import/gnu/arm/4.9.3/bin/../lib/gcc/arm-none-eabi/4.9.3/../../../../arm-none-eabi/lib/armv7-m\libc.a
LOAD c:/program files/cypress/psoc creator/3.3/psoc creator/import/gnu/arm/4.9.3/bin/../lib/gcc/arm-none-eabi/4.9.3/../../../../arm-none-eabi/lib/armv7-m\libnosys.a
END GROUP
                0x00000000                CY_APPL_ORIGIN = 0x0
                0x00000100                CY_FLASH_ROW_SIZE = 0x100
                0x00000020                CY_ECC_ROW_SIZE = 0x20
                0x00000000                CY_EE_IN_BTLDR = 0x0
                0x00000000                CY_APPL_LOADABLE = 0x0
                0x00000800                CY_EE_SIZE = 0x800
                0x00000001                CY_APPL_NUM = 0x1
                0x00000001                CY_APPL_MAX = 0x1
                0x00000040                CY_METADATA_SIZE = 0x40
                0x1fff9550                PROVIDE (__cy_heap_start, _end)
                0x00000001                PROVIDE (__cy_region_num, ((__cy_regions_end - __cy_regions) / 0x10))
                0x20008000                PROVIDE (__cy_stack, (ORIGIN (ram) + 0x10000))
                0x20007800                PROVIDE (__cy_heap_end, (__cy_stack - 0x800))

.cybootloader   0x00000000        0x0
 *(.cybootloader)
                0x00000000                appl1_start = CY_APPL_ORIGIN?CY_APPL_ORIGIN:ALIGN (CY_FLASH_ROW_SIZE)
                0x0001ff00                appl2_start = (appl1_start + ALIGN ((((0x40000 - appl1_start) - (0x2 * CY_FLASH_ROW_SIZE)) / 0x2), CY_FLASH_ROW_SIZE))
                0x00000000                appl_start = (CY_APPL_NUM == 0x1)?appl1_start:appl2_start
                0x00000000                ecc_offset = ((appl_start / CY_FLASH_ROW_SIZE) * CY_ECC_ROW_SIZE)
                0x00000000                ee_offset = (CY_APPL_LOADABLE && ! (CY_EE_IN_BTLDR))?((CY_EE_SIZE / CY_APPL_MAX) * (CY_APPL_NUM - 0x1)):0x0
                0x00000800                ee_size = (CY_APPL_LOADABLE && ! (CY_EE_IN_BTLDR))?(CY_EE_SIZE / CY_APPL_MAX):CY_EE_SIZE
                0x00000000                PROVIDE (CY_ECC_OFFSET, ecc_offset)

.text           0x00000000     0x64e6
 CREATE_OBJECT_SYMBOLS
                0x00000000                PROVIDE (__cy_interrupt_vector, RomVectors)
 *(.romvectors)
 .romvectors    0x00000000       0x10 .\CortexM3\ARM_GCC_493\Release\Cm3Start.o
                0x00000000                RomVectors
                0x00000001                ASSERT ((. != __cy_interrupt_vector), No interrupt vector)
                0x00000001                ASSERT (CY_APPL_ORIGIN?(SIZEOF (.cybootloader) <= CY_APPL_ORIGIN):0x1, Wrong image location)
                0x00000010                PROVIDE (__cy_reset, Reset)
 *(.text.Reset)
 .text.Reset    0x00000010       0x18 .\CortexM3\ARM_GCC_493\Release\Cm3Start.o
                0x00000010                Reset
                0x00000001                ASSERT ((. != __cy_reset), No reset code)
 *(.dma_init)
                0x00000001                ASSERT ((((appl_start + .) <= 0x10000) || 0x1), DMA Init must be within the first 64k of flash)
 *(.text .text.* .gnu.linkonce.t.*)
 .text          0x00000028       0x5c c:/program files/cypress/psoc creator/3.3/psoc creator/import/gnu/arm/4.9.3/bin/../lib/gcc/arm-none-eabi/4.9.3/armv7-m/crtbegin.o
 .text.Sw_Timer_Updator
                0x00000084       0x34 .\CortexM3\ARM_GCC_493\Release\os_kernel.o
                0x00000084                Sw_Timer_Updator
 .text.Kernel_Pre_Emptiv_Timer_ISR
                0x000000b8        0xe .\CortexM3\ARM_GCC_493\Release\os_kernel.o
                0x000000b8                Kernel_Pre_Emptiv_Timer_ISR
 *fill*         0x000000c6        0x2 
 .text.Co_Op_10ms_Interrupt
                0x000000c8       0x90 .\CortexM3\ARM_GCC_493\Release\os_kernel.o
                0x000000c8                Co_Op_10ms_Interrupt
 .text.Os_Ini   0x00000158       0x30 .\CortexM3\ARM_GCC_493\Release\os_kernel.o
                0x00000158                Os_Ini
 .text.kernel   0x00000188       0x6c .\CortexM3\ARM_GCC_493\Release\os_kernel.o
                0x00000188                kernel
 .text.Kernel_vRunContainer
                0x000001f4       0x10 .\CortexM3\ARM_GCC_493\Release\os_kernel.o
                0x000001f4                Kernel_vRunContainer
 .text.Uart_Ini
                0x00000204        0x4 .\CortexM3\ARM_GCC_493\Release\uart.o
                0x00000204                Uart_Ini
 .text.Api_Led_Control
                0x00000208        0xc .\CortexM3\ARM_GCC_493\Release\dio.o
                0x00000208                Api_Led_Control
 .text.Led_Manager
                0x00000214       0x3c .\CortexM3\ARM_GCC_493\Release\dio.o
                0x00000214                Led_Manager
 .text.Switch_Manager
                0x00000250       0x2c .\CortexM3\ARM_GCC_493\Release\dio.o
                0x00000250                Switch_Manager
 .text.I2C_Mgr  0x0000027c       0x98 .\CortexM3\ARM_GCC_493\Release\imu_i2c.o
                0x0000027c                I2C_Mgr
 .text.I2C_WRITE
                0x00000314       0x38 .\CortexM3\ARM_GCC_493\Release\imu_i2c.o
                0x00000314                I2C_WRITE
 .text.I2C_READ
                0x0000034c       0x4c .\CortexM3\ARM_GCC_493\Release\imu_i2c.o
                0x0000034c                I2C_READ
 .text.MPU9250_CalAvgValue
                0x00000398       0x2a .\CortexM3\ARM_GCC_493\Release\imu_i2c.o
                0x00000398                MPU9250_CalAvgValue
 *fill*         0x000003c2        0x2 
 .text.invSqrt  0x000003c4       0x34 .\CortexM3\ARM_GCC_493\Release\imu_i2c.o
                0x000003c4                invSqrt
 .text.IMU_AHRSupdate
                0x000003f8      0x6e0 .\CortexM3\ARM_GCC_493\Release\imu_i2c.o
                0x000003f8                IMU_AHRSupdate
 .text.BMP180_CalculateTrueTemperature
                0x00000ad8       0x4c .\CortexM3\ARM_GCC_493\Release\imu_i2c.o
                0x00000ad8                BMP180_CalculateTrueTemperature
 .text.BMP180_CalculateTruePressure
                0x00000b24       0xcc .\CortexM3\ARM_GCC_493\Release\imu_i2c.o
                0x00000b24                BMP180_CalculateTruePressure
 .text.MPU9250_Init
                0x00000bf0      0x46c .\CortexM3\ARM_GCC_493\Release\imu_i2c.o
                0x00000bf0                MPU9250_Init
 *fill*         0x0000105c        0x4 
 .text.BMP180_CalculateAbsoluteAltitude
                0x00001060       0x60 .\CortexM3\ARM_GCC_493\Release\imu_i2c.o
                0x00001060                BMP180_CalculateAbsoluteAltitude
 .text.BMP180_CalAvgValue
                0x000010c0       0x30 .\CortexM3\ARM_GCC_493\Release\imu_i2c.o
                0x000010c0                BMP180_CalAvgValue
 .text.Read_From_ALL
                0x000010f0      0x608 .\CortexM3\ARM_GCC_493\Release\imu_i2c.o
                0x000010f0                Read_From_ALL
 .text.IMU_Command
                0x000016f8       0x38 .\CortexM3\ARM_GCC_493\Release\imu_i2c.o
                0x000016f8                IMU_Command
 .text.IMU_Read_St
                0x00001730        0xc .\CortexM3\ARM_GCC_493\Release\imu_i2c.o
                0x00001730                IMU_Read_St
 .text.SDC_InitializeCard
                0x0000173c       0x14 .\CortexM3\ARM_GCC_493\Release\sd_card.o
                0x0000173c                SDC_InitializeCard
 .text.SDC_CardDetection
                0x00001750       0x48 .\CortexM3\ARM_GCC_493\Release\sd_card.o
                0x00001750                SDC_CardDetection
 .text.startup.main
                0x00001798       0x18 .\CortexM3\ARM_GCC_493\Release\main.o
                0x00001798                main
 .text.app_test_led_uart_switch
                0x000017b0       0x26 .\CortexM3\ARM_GCC_493\Release\app_1.o
                0x000017b0                app_test_led_uart_switch
 .text.IntDefaultHandler
                0x000017d6        0x2 .\CortexM3\ARM_GCC_493\Release\Cm3Start.o
                0x000017d6                IntDefaultHandler
 .text.Start_c  0x000017d8       0x50 .\CortexM3\ARM_GCC_493\Release\Cm3Start.o
                0x000017d8                Start_c
 .text.startup.initialize_psoc
                0x00001828       0x70 .\CortexM3\ARM_GCC_493\Release\Cm3Start.o
                0x00001828                initialize_psoc
 .text.cyfitter_cfg
                0x00001898      0x280 .\CortexM3\ARM_GCC_493\Release\Design02.a(cyfitter_cfg.o)
                0x00001898                cyfitter_cfg
 .text.TMR_Os_Tmr_Co_Op_Init
                0x00001b18       0x64 .\CortexM3\ARM_GCC_493\Release\Design02.a(TMR_Os_Tmr_Co_Op.o)
                0x00001b18                TMR_Os_Tmr_Co_Op_Init
 .text.TMR_Os_Tmr_Co_Op_Enable
                0x00001b7c       0x24 .\CortexM3\ARM_GCC_493\Release\Design02.a(TMR_Os_Tmr_Co_Op.o)
                0x00001b7c                TMR_Os_Tmr_Co_Op_Enable
 .text.TMR_Os_Tmr_Co_Op_Start
                0x00001ba0       0x1c .\CortexM3\ARM_GCC_493\Release\Design02.a(TMR_Os_Tmr_Co_Op.o)
                0x00001ba0                TMR_Os_Tmr_Co_Op_Start
 .text.TMR_Os_Tmr_Co_Op_Stop
                0x00001bbc       0x28 .\CortexM3\ARM_GCC_493\Release\Design02.a(TMR_Os_Tmr_Co_Op.o)
                0x00001bbc                TMR_Os_Tmr_Co_Op_Stop
 .text.TMR_Os_Tmr_Co_Op_ReadStatusRegister
                0x00001be4        0xc .\CortexM3\ARM_GCC_493\Release\Design02.a(TMR_Os_Tmr_Co_Op.o)
                0x00001be4                TMR_Os_Tmr_Co_Op_ReadStatusRegister
 .text.TMR_Os_Tmr_Pre_Emp_Init
                0x00001bf0       0x60 .\CortexM3\ARM_GCC_493\Release\Design02.a(TMR_Os_Tmr_Pre_Emp.o)
                0x00001bf0                TMR_Os_Tmr_Pre_Emp_Init
 .text.TMR_Os_Tmr_Pre_Emp_Enable
                0x00001c50       0x24 .\CortexM3\ARM_GCC_493\Release\Design02.a(TMR_Os_Tmr_Pre_Emp.o)
                0x00001c50                TMR_Os_Tmr_Pre_Emp_Enable
 .text.TMR_Os_Tmr_Pre_Emp_Start
                0x00001c74       0x1c .\CortexM3\ARM_GCC_493\Release\Design02.a(TMR_Os_Tmr_Pre_Emp.o)
                0x00001c74                TMR_Os_Tmr_Pre_Emp_Start
 .text.TMR_Os_Tmr_Pre_Emp_ReadStatusRegister
                0x00001c90        0xc .\CortexM3\ARM_GCC_493\Release\Design02.a(TMR_Os_Tmr_Pre_Emp.o)
                0x00001c90                TMR_Os_Tmr_Pre_Emp_ReadStatusRegister
 .text.ISR_Pre_Emp_1ms_StartEx
                0x00001c9c       0x28 .\CortexM3\ARM_GCC_493\Release\Design02.a(ISR_Pre_Emp_1ms.o)
                0x00001c9c                ISR_Pre_Emp_1ms_StartEx
 *fill*         0x00001cc4        0x4 
 .text          0x00001cc8       0x20 .\CortexM3\ARM_GCC_493\Release\Design02.a(CyBootAsmGnu.o)
                0x00001cc8                CyDelayCycles
                0x00001cd8                CyEnterCriticalSection
                0x00001ce0                CyExitCriticalSection
 .text.CyIntSetVector
                0x00001ce8       0x1c .\CortexM3\ARM_GCC_493\Release\Design02.a(CyLib.o)
                0x00001ce8                CyIntSetVector
 .text.CyIntSetPriority
                0x00001d04       0x14 .\CortexM3\ARM_GCC_493\Release\Design02.a(CyLib.o)
                0x00001d04                CyIntSetPriority
 .text.UART_1_Init
                0x00001d18       0x54 .\CortexM3\ARM_GCC_493\Release\Design02.a(UART_1.o)
                0x00001d18                UART_1_Init
 .text.UART_1_Enable
                0x00001d6c       0x50 .\CortexM3\ARM_GCC_493\Release\Design02.a(UART_1.o)
                0x00001d6c                UART_1_Enable
 .text.UART_1_Start
                0x00001dbc       0x1c .\CortexM3\ARM_GCC_493\Release\Design02.a(UART_1.o)
                0x00001dbc                UART_1_Start
 .text.UART_1_RXISR
                0x00001dd8       0x70 .\CortexM3\ARM_GCC_493\Release\Design02.a(UART_1_INT.o)
                0x00001dd8                UART_1_RXISR
 .text.UART_1_TXISR
                0x00001e48       0x4c .\CortexM3\ARM_GCC_493\Release\Design02.a(UART_1_INT.o)
                0x00001e48                UART_1_TXISR
 .text.UART_1_IntClock_Start
                0x00001e94       0x18 .\CortexM3\ARM_GCC_493\Release\Design02.a(UART_1_IntClock.o)
                0x00001e94                UART_1_IntClock_Start
 .text.System_Switch_Read
                0x00001eac       0x10 .\CortexM3\ARM_GCC_493\Release\Design02.a(System_Switch.o)
                0x00001eac                System_Switch_Read
 .text.System_LED_Write
                0x00001ebc       0x18 .\CortexM3\ARM_GCC_493\Release\Design02.a(System_LED.o)
                0x00001ebc                System_LED_Write
 .text.System_LED_Read
                0x00001ed4       0x10 .\CortexM3\ARM_GCC_493\Release\Design02.a(System_LED.o)
                0x00001ed4                System_LED_Read
 .text.I2C_1_Init
                0x00001ee4       0x64 .\CortexM3\ARM_GCC_493\Release\Design02.a(I2C_1.o)
                0x00001ee4                I2C_1_Init
 .text.I2C_1_Enable
                0x00001f48       0x24 .\CortexM3\ARM_GCC_493\Release\Design02.a(I2C_1.o)
                0x00001f48                I2C_1_Enable
 .text.I2C_1_Start
                0x00001f6c       0x28 .\CortexM3\ARM_GCC_493\Release\Design02.a(I2C_1.o)
                0x00001f6c                I2C_1_Start
 .text.I2C_1_ISR
                0x00001f94      0x22c .\CortexM3\ARM_GCC_493\Release\Design02.a(I2C_1_INT.o)
                0x00001f94                I2C_1_ISR
 .text.I2C_1_MasterWriteBuf
                0x000021c0       0xac .\CortexM3\ARM_GCC_493\Release\Design02.a(I2C_1_MASTER.o)
                0x000021c0                I2C_1_MasterWriteBuf
 .text.I2C_1_MasterReadBuf
                0x0000226c       0xb0 .\CortexM3\ARM_GCC_493\Release\Design02.a(I2C_1_MASTER.o)
                0x0000226c                I2C_1_MasterReadBuf
 .text.I2C_1_MasterStatus
                0x0000231c       0x30 .\CortexM3\ARM_GCC_493\Release\Design02.a(I2C_1_MASTER.o)
                0x0000231c                I2C_1_MasterStatus
 .text.I2C_1_MasterClearStatus
                0x0000234c       0x24 .\CortexM3\ARM_GCC_493\Release\Design02.a(I2C_1_MASTER.o)
                0x0000234c                I2C_1_MasterClearStatus
 .text.ISR_Co_Op_10ms_StartEx
                0x00002370       0x2c .\CortexM3\ARM_GCC_493\Release\Design02.a(ISR_Co_Op_10ms.o)
                0x00002370                ISR_Co_Op_10ms_StartEx
 .text.Pin_SD_Detect_Read
                0x0000239c       0x10 .\CortexM3\ARM_GCC_493\Release\Design02.a(Pin_SD_Detect.o)
                0x0000239c                Pin_SD_Detect_Read
 .text.asin     0x000023ac       0xa8 c:/program files/cypress/psoc creator/3.3/psoc creator/import/gnu/arm/4.9.3/bin/../lib/gcc/arm-none-eabi/4.9.3/../../../../arm-none-eabi/lib/armv7-m\libm.a(lib_a-w_asin.o)
                0x000023ac                asin
 .text.atan2    0x00002454        0x4 c:/program files/cypress/psoc creator/3.3/psoc creator/import/gnu/arm/4.9.3/bin/../lib/gcc/arm-none-eabi/4.9.3/../../../../arm-none-eabi/lib/armv7-m\libm.a(lib_a-w_atan2.o)
                0x00002454                atan2
 .text.pow      0x00002458      0x2f0 c:/program files/cypress/psoc creator/3.3/psoc creator/import/gnu/arm/4.9.3/bin/../lib/gcc/arm-none-eabi/4.9.3/../../../../arm-none-eabi/lib/armv7-m\libm.a(lib_a-w_pow.o)
                0x00002458                pow
 .text.sqrt     0x00002748       0xac c:/program files/cypress/psoc creator/3.3/psoc creator/import/gnu/arm/4.9.3/bin/../lib/gcc/arm-none-eabi/4.9.3/../../../../arm-none-eabi/lib/armv7-m\libm.a(lib_a-w_sqrt.o)
                0x00002748                sqrt
 *fill*         0x000027f4        0x4 
 .text.__ieee754_asin
                0x000027f8      0x460 c:/program files/cypress/psoc creator/3.3/psoc creator/import/gnu/arm/4.9.3/bin/../lib/gcc/arm-none-eabi/4.9.3/../../../../arm-none-eabi/lib/armv7-m\libm.a(lib_a-e_asin.o)
                0x000027f8                __ieee754_asin
 .text.__ieee754_atan2
                0x00002c58      0x1b8 c:/program files/cypress/psoc creator/3.3/psoc creator/import/gnu/arm/4.9.3/bin/../lib/gcc/arm-none-eabi/4.9.3/../../../../arm-none-eabi/lib/armv7-m\libm.a(lib_a-e_atan2.o)
                0x00002c58                __ieee754_atan2
 .text.__ieee754_pow
                0x00002e10      0xaa0 c:/program files/cypress/psoc creator/3.3/psoc creator/import/gnu/arm/4.9.3/bin/../lib/gcc/arm-none-eabi/4.9.3/../../../../arm-none-eabi/lib/armv7-m\libm.a(lib_a-e_pow.o)
                0x00002e10                __ieee754_pow
 .text.__ieee754_sqrt
                0x000038b0      0x18c c:/program files/cypress/psoc creator/3.3/psoc creator/import/gnu/arm/4.9.3/bin/../lib/gcc/arm-none-eabi/4.9.3/../../../../arm-none-eabi/lib/armv7-m\libm.a(lib_a-e_sqrt.o)
                0x000038b0                __ieee754_sqrt
 *fill*         0x00003a3c        0x4 
 .text.atan     0x00003a40      0x338 c:/program files/cypress/psoc creator/3.3/psoc creator/import/gnu/arm/4.9.3/bin/../lib/gcc/arm-none-eabi/4.9.3/../../../../arm-none-eabi/lib/armv7-m\libm.a(lib_a-s_atan.o)
                0x00003a40                atan
 .text.fabs     0x00003d78        0x8 c:/program files/cypress/psoc creator/3.3/psoc creator/import/gnu/arm/4.9.3/bin/../lib/gcc/arm-none-eabi/4.9.3/../../../../arm-none-eabi/lib/armv7-m\libm.a(lib_a-s_fabs.o)
                0x00003d78                fabs
 .text.finite   0x00003d80        0xc c:/program files/cypress/psoc creator/3.3/psoc creator/import/gnu/arm/4.9.3/bin/../lib/gcc/arm-none-eabi/4.9.3/../../../../arm-none-eabi/lib/armv7-m\libm.a(lib_a-s_finite.o)
                0x00003d80                finite
 .text.__fpclassifyd
                0x00003d8c       0x58 c:/program files/cypress/psoc creator/3.3/psoc creator/import/gnu/arm/4.9.3/bin/../lib/gcc/arm-none-eabi/4.9.3/../../../../arm-none-eabi/lib/armv7-m\libm.a(lib_a-s_fpclassify.o)
                0x00003d8c                __fpclassifyd
 .text.matherr  0x00003de4        0x4 c:/program files/cypress/psoc creator/3.3/psoc creator/import/gnu/arm/4.9.3/bin/../lib/gcc/arm-none-eabi/4.9.3/../../../../arm-none-eabi/lib/armv7-m\libm.a(lib_a-s_matherr.o)
                0x00003de4                matherr
 .text.nan      0x00003de8        0xc c:/program files/cypress/psoc creator/3.3/psoc creator/import/gnu/arm/4.9.3/bin/../lib/gcc/arm-none-eabi/4.9.3/../../../../arm-none-eabi/lib/armv7-m\libm.a(lib_a-s_nan.o)
                0x00003de8                nan
 .text.rint     0x00003df4      0x11c c:/program files/cypress/psoc creator/3.3/psoc creator/import/gnu/arm/4.9.3/bin/../lib/gcc/arm-none-eabi/4.9.3/../../../../arm-none-eabi/lib/armv7-m\libm.a(lib_a-s_rint.o)
                0x00003df4                rint
 .text.scalbn   0x00003f10       0xf0 c:/program files/cypress/psoc creator/3.3/psoc creator/import/gnu/arm/4.9.3/bin/../lib/gcc/arm-none-eabi/4.9.3/../../../../arm-none-eabi/lib/armv7-m\libm.a(lib_a-s_scalbn.o)
                0x00003f10                scalbn
 .text.copysign
                0x00004000       0x10 c:/program files/cypress/psoc creator/3.3/psoc creator/import/gnu/arm/4.9.3/bin/../lib/gcc/arm-none-eabi/4.9.3/../../../../arm-none-eabi/lib/armv7-m\libm.a(lib_a-s_copysign.o)
                0x00004000                copysign
 .text._ClusterId2FATOff
                0x00004010       0x18 .\Inc\sd\GCC\libemf32nosnlfn.a(FAT_Misc.o)
 .text._SetFATSector
                0x00004028        0x6 .\Inc\sd\GCC\libemf32nosnlfn.a(FAT_Misc.o)
 .text._WriteFATEntry
                0x0000402e      0x18e .\Inc\sd\GCC\libemf32nosnlfn.a(FAT_Misc.o)
 .text.FS_FAT_MarkClusterEOC
                0x000041bc        0x8 .\Inc\sd\GCC\libemf32nosnlfn.a(FAT_Misc.o)
                0x000041bc                FS_FAT_MarkClusterEOC
 .text.FS_FAT_SyncFAT
                0x000041c4       0x3c .\Inc\sd\GCC\libemf32nosnlfn.a(FAT_Misc.o)
                0x000041c4                FS_FAT_SyncFAT
 .text.FS_FAT_WriteDirEntryCluster
                0x00004200       0x1c .\Inc\sd\GCC\libemf32nosnlfn.a(FAT_Open.o)
                0x00004200                FS_FAT_WriteDirEntryCluster
 .text.FS_FAT_UpdateDirEntry
                0x0000421c       0x68 .\Inc\sd\GCC\libemf32nosnlfn.a(FAT_Write.o)
                0x0000421c                FS_FAT_UpdateDirEntry
 .text.FS_FAT_Close
                0x00004284       0x44 .\Inc\sd\GCC\libemf32nosnlfn.a(FAT_Write.o)
                0x00004284                FS_FAT_Close
 .text.FS__CLIB_memset
                0x000042c8       0x6c .\Inc\sd\GCC\libemf32nosnlfn.a(FS_CLib.o)
                0x000042c8                FS__CLIB_memset
 .text.FS_LoadU32BE
                0x00004334       0x18 .\Inc\sd\GCC\libemf32nosnlfn.a(FS_Core.o)
                0x00004334                FS_LoadU32BE
 .text.FS_LoadU32LE
                0x0000434c       0x16 .\Inc\sd\GCC\libemf32nosnlfn.a(FS_Core.o)
                0x0000434c                FS_LoadU32LE
 .text.FS_StoreU32LE
                0x00004362       0x14 .\Inc\sd\GCC\libemf32nosnlfn.a(FS_Core.o)
                0x00004362                FS_StoreU32LE
 .text.FS_StoreU16LE
                0x00004376        0x8 .\Inc\sd\GCC\libemf32nosnlfn.a(FS_Core.o)
                0x00004376                FS_StoreU16LE
 .text.FS_LoadU16LE
                0x0000437e        0xa .\Inc\sd\GCC\libemf32nosnlfn.a(FS_Core.o)
                0x0000437e                FS_LoadU16LE
 .text._Alloc   0x00004388       0x30 .\Inc\sd\GCC\libemf32nosnlfn.a(FS_Core.o)
 .text.FS_Alloc
                0x000043b8        0xc .\Inc\sd\GCC\libemf32nosnlfn.a(FS_Core.o)
                0x000043b8                FS_Alloc
 .text.FS_TryAlloc
                0x000043c4        0x4 .\Inc\sd\GCC\libemf32nosnlfn.a(FS_Core.o)
                0x000043c4                FS_TryAlloc
 .text.FS_Free  0x000043c8       0x1c .\Inc\sd\GCC\libemf32nosnlfn.a(FS_Core.o)
                0x000043c8                FS_Free
 .text.FS_AssignMemory
                0x000043e4        0xc .\Inc\sd\GCC\libemf32nosnlfn.a(FS_Core.o)
                0x000043e4                FS_AssignMemory
 .text.FS_AllocZeroed
                0x000043f0       0x16 .\Inc\sd\GCC\libemf32nosnlfn.a(FS_Core.o)
                0x000043f0                FS_AllocZeroed
 *fill*         0x00004406        0x2 
 .text.FS_STORAGE_DeInit
                0x00004408       0x20 .\Inc\sd\GCC\libemf32nosnlfn.a(FS_Core.o)
                0x00004408                FS_STORAGE_DeInit
 .text.FS_DeInit
                0x00004428       0x54 .\Inc\sd\GCC\libemf32nosnlfn.a(FS_Core.o)
                0x00004428                FS_DeInit
 .text.FS_STORAGE_Init
                0x0000447c       0x28 .\Inc\sd\GCC\libemf32nosnlfn.a(FS_Core.o)
                0x0000447c                FS_STORAGE_Init
 .text._ClrBusyLED
                0x000044a4        0xc .\Inc\sd\GCC\libemf32nosnlfn.a(FS_LogBlock.o)
 .text._SetBusyLED
                0x000044b0        0xc .\Inc\sd\GCC\libemf32nosnlfn.a(FS_LogBlock.o)
 .text._Read    0x000044bc        0xc .\Inc\sd\GCC\libemf32nosnlfn.a(FS_LogBlock.o)
 .text._Write   0x000044c8       0x12 .\Inc\sd\GCC\libemf32nosnlfn.a(FS_LogBlock.o)
 .text.FS_LB_GetStatus
                0x000044da        0xc .\Inc\sd\GCC\libemf32nosnlfn.a(FS_LogBlock.o)
                0x000044da                FS_LB_GetStatus
 .text.FS_LB_InitMedium
                0x000044e6       0x1a .\Inc\sd\GCC\libemf32nosnlfn.a(FS_LogBlock.o)
                0x000044e6                FS_LB_InitMedium
 .text.FS_LB_InitMediumIfRequired
                0x00004500       0x10 .\Inc\sd\GCC\libemf32nosnlfn.a(FS_LogBlock.o)
                0x00004500                FS_LB_InitMediumIfRequired
 .text.FS_LB_ReadDevice
                0x00004510       0x2e .\Inc\sd\GCC\libemf32nosnlfn.a(FS_LogBlock.o)
                0x00004510                FS_LB_ReadDevice
 .text.FS_LB_ReadPart
                0x0000453e        0xe .\Inc\sd\GCC\libemf32nosnlfn.a(FS_LogBlock.o)
                0x0000453e                FS_LB_ReadPart
 .text.FS_LB_WriteDevice
                0x0000454c       0x36 .\Inc\sd\GCC\libemf32nosnlfn.a(FS_LogBlock.o)
                0x0000454c                FS_LB_WriteDevice
 .text.FS_LB_WritePart
                0x00004582        0xe .\Inc\sd\GCC\libemf32nosnlfn.a(FS_LogBlock.o)
                0x00004582                FS_LB_WritePart
 .text.FS_LB_Ioctl
                0x00004590       0x2a .\Inc\sd\GCC\libemf32nosnlfn.a(FS_LogBlock.o)
                0x00004590                FS_LB_Ioctl
 *fill*         0x000045ba        0x2 
 .text.FS__AllocSectorBuffer
                0x000045bc       0x2c .\Inc\sd\GCC\libemf32nosnlfn.a(FS_Misc.o)
                0x000045bc                FS__AllocSectorBuffer
 .text.FS__FreeSectorBuffer
                0x000045e8       0x28 .\Inc\sd\GCC\libemf32nosnlfn.a(FS_Misc.o)
                0x000045e8                FS__FreeSectorBuffer
 .text.FS__SB_MarkDirty
                0x00004610        0x6 .\Inc\sd\GCC\libemf32nosnlfn.a(FS_Misc.o)
                0x00004610                FS__SB_MarkDirty
 .text.FS__FreeFileHandle
                0x00004616        0xa .\Inc\sd\GCC\libemf32nosnlfn.a(FS_Misc.o)
                0x00004616                FS__FreeFileHandle
 .text.FS__FreeFileObj
                0x00004620        0xc .\Inc\sd\GCC\libemf32nosnlfn.a(FS_Misc.o)
                0x00004620                FS__FreeFileObj
 .text.FS_Init  0x0000462c       0x58 .\Inc\sd\GCC\libemf32nosnlfn.a(FS_Misc.o)
                0x0000462c                FS_Init
 .text.FS__SB_Create
                0x00004684       0x28 .\Inc\sd\GCC\libemf32nosnlfn.a(FS_Misc.o)
                0x00004684                FS__SB_Create
 .text.FS__RemoveDevices
                0x000046ac       0x60 .\Inc\sd\GCC\libemf32nosnlfn.a(FS_Misc.o)
                0x000046ac                FS__RemoveDevices
 .text.FS__FCloseNL
                0x0000470c       0x1e .\Inc\sd\GCC\libemf32nosnlfn.a(FS_Misc.o)
                0x0000470c                FS__FCloseNL
 .text._SB_Clean
                0x0000472a       0x24 .\Inc\sd\GCC\libemf32nosnlfn.a(FS_Misc.o)
 .text.FS__SB_SetSector
                0x0000474e       0x20 .\Inc\sd\GCC\libemf32nosnlfn.a(FS_Misc.o)
                0x0000474e                FS__SB_SetSector
 .text.FS__SB_Delete
                0x0000476e       0x12 .\Inc\sd\GCC\libemf32nosnlfn.a(FS_Misc.o)
                0x0000476e                FS__SB_Delete
 .text.FS__SB_Flush
                0x00004780        0x8 .\Inc\sd\GCC\libemf32nosnlfn.a(FS_Misc.o)
                0x00004780                FS__SB_Flush
 .text.FS__SB_Read
                0x00004788       0x2a .\Inc\sd\GCC\libemf32nosnlfn.a(FS_Misc.o)
                0x00004788                FS__SB_Read
 .text.FS__AddPhysDevice
                0x000047b2       0x10 .\Inc\sd\GCC\libemf32nosnlfn.a(FS_Storage.o)
                0x000047b2                FS__AddPhysDevice
 *fill*         0x000047c2        0x2 
 .text.FS__AddDevice
                0x000047c4       0x68 .\Inc\sd\GCC\libemf32nosnlfn.a(FS_Storage.o)
                0x000047c4                FS__AddDevice
 .text.FS_AddDevice
                0x0000482c        0x4 .\Inc\sd\GCC\libemf32nosnlfn.a(FS_Storage.o)
                0x0000482c                FS_AddDevice
 .text.FS__IoCtlNL
                0x00004830       0x36 .\Inc\sd\GCC\libemf32nosnlfn.a(FS_Storage.o)
                0x00004830                FS__IoCtlNL
 *fill*         0x00004866        0x2 
 .text.FS__UnmountForcedNL
                0x00004868       0x54 .\Inc\sd\GCC\libemf32nosnlfn.a(FS_Unmount.o)
                0x00004868                FS__UnmountForcedNL
 .text.FS__UnmountNL
                0x000048bc       0x4c .\Inc\sd\GCC\libemf32nosnlfn.a(FS_Unmount.o)
                0x000048bc                FS__UnmountNL
 .text.FS_X_AddDevices
                0x00004908       0x20 .\CortexM3\ARM_GCC_493\Release\Design02.a(emFile_1_ConfigMMC_SPI.o)
                0x00004908                FS_X_AddDevices
 .text.FS_X_GetTimeDate
                0x00004928        0x6 .\CortexM3\ARM_GCC_493\Release\Design02.a(emFile_1_ConfigMMC_SPI.o)
                0x00004928                FS_X_GetTimeDate
 .text._CalcDataCRC16Dummy
                0x0000492e        0x6 .\Inc\sd\GCC\libemf32nosnlfn.a(MMC_Drv.o)
 .text._MMC_GetNumUnits
                0x00004934        0xc .\Inc\sd\GCC\libemf32nosnlfn.a(MMC_Drv.o)
 .text._MMC_GetDriverName
                0x00004940        0x8 .\Inc\sd\GCC\libemf32nosnlfn.a(MMC_Drv.o)
 .text._MMC_GetStatus
                0x00004948        0x4 .\Inc\sd\GCC\libemf32nosnlfn.a(MMC_Drv.o)
 .text._CheckR1
                0x0000494c       0x38 .\Inc\sd\GCC\libemf32nosnlfn.a(MMC_Drv.o)
 .text._WaitToGetReady
                0x00004984       0x26 .\Inc\sd\GCC\libemf32nosnlfn.a(MMC_Drv.o)
 .text._SendEmptyCycles
                0x000049aa       0x24 .\Inc\sd\GCC\libemf32nosnlfn.a(MMC_Drv.o)
 *fill*         0x000049ce        0x2 
 .text._MMC_AddDevice
                0x000049d0       0x2c .\Inc\sd\GCC\libemf32nosnlfn.a(MMC_Drv.o)
 .text.T.53     0x000049fc       0x14 .\Inc\sd\GCC\libemf32nosnlfn.a(MMC_Drv.o)
 .text._GetFromCSD
                0x00004a10       0x34 .\Inc\sd\GCC\libemf32nosnlfn.a(MMC_Drv.o)
 .text._ExecCmdR1
                0x00004a44       0x98 .\Inc\sd\GCC\libemf32nosnlfn.a(MMC_Drv.o)
 .text._ReadCSD
                0x00004adc       0x86 .\Inc\sd\GCC\libemf32nosnlfn.a(MMC_Drv.o)
 *fill*         0x00004b62        0x2 
 .text._MMC_Read
                0x00004b64      0x130 .\Inc\sd\GCC\libemf32nosnlfn.a(MMC_Drv.o)
 .text._MMC_Write
                0x00004c94      0x13c .\Inc\sd\GCC\libemf32nosnlfn.a(MMC_Drv.o)
 .text._ApplyCSD
                0x00004dd0      0x228 .\Inc\sd\GCC\libemf32nosnlfn.a(MMC_Drv.o)
 .text._MMC_Init
                0x00004ff8      0x1c0 .\Inc\sd\GCC\libemf32nosnlfn.a(MMC_Drv.o)
 .text._MMC_InitMedium
                0x000051b8       0x28 .\Inc\sd\GCC\libemf32nosnlfn.a(MMC_Drv.o)
 .text._MMC_IoCtl
                0x000051e0       0x60 .\Inc\sd\GCC\libemf32nosnlfn.a(MMC_Drv.o)
 .text.emFile_1_ReadWriteSPI
                0x00005240       0x2a .\CortexM3\ARM_GCC_493\Release\Design02.a(emFile_1_MMC_HW_SPI.o)
 .text.FS_MMC_HW_X_EnableCS
                0x0000526a        0x8 .\CortexM3\ARM_GCC_493\Release\Design02.a(emFile_1_MMC_HW_SPI.o)
                0x0000526a                FS_MMC_HW_X_EnableCS
 .text.FS_MMC_HW_X_DisableCS
                0x00005272        0x6 .\CortexM3\ARM_GCC_493\Release\Design02.a(emFile_1_MMC_HW_SPI.o)
                0x00005272                FS_MMC_HW_X_DisableCS
 .text.FS_MMC_HW_X_IsWriteProtected
                0x00005278        0x4 .\CortexM3\ARM_GCC_493\Release\Design02.a(emFile_1_MMC_HW_SPI.o)
                0x00005278                FS_MMC_HW_X_IsWriteProtected
 .text.FS_MMC_HW_X_SetMaxSpeed
                0x0000527c       0x3c .\CortexM3\ARM_GCC_493\Release\Design02.a(emFile_1_MMC_HW_SPI.o)
                0x0000527c                FS_MMC_HW_X_SetMaxSpeed
 .text.FS_MMC_HW_X_SetVoltage
                0x000052b8       0x1a .\CortexM3\ARM_GCC_493\Release\Design02.a(emFile_1_MMC_HW_SPI.o)
                0x000052b8                FS_MMC_HW_X_SetVoltage
 *fill*         0x000052d2        0x2 
 .text.FS_MMC_HW_X_IsPresent
                0x000052d4       0x28 .\CortexM3\ARM_GCC_493\Release\Design02.a(emFile_1_MMC_HW_SPI.o)
                0x000052d4                FS_MMC_HW_X_IsPresent
 .text.FS_MMC_HW_X_Read
                0x000052fc       0x1e .\CortexM3\ARM_GCC_493\Release\Design02.a(emFile_1_MMC_HW_SPI.o)
                0x000052fc                FS_MMC_HW_X_Read
 .text.FS_MMC_HW_X_Write
                0x0000531a       0x1c .\CortexM3\ARM_GCC_493\Release\Design02.a(emFile_1_MMC_HW_SPI.o)
                0x0000531a                FS_MMC_HW_X_Write
 *fill*         0x00005336        0x2 
 .text.emFile_1_SPI0_Enable
                0x00005338       0x2c .\CortexM3\ARM_GCC_493\Release\Design02.a(emFile_1_SPI0.o)
                0x00005338                emFile_1_SPI0_Enable
 .text.emFile_1_SPI0_ReadTxStatus
                0x00005364        0xc .\CortexM3\ARM_GCC_493\Release\Design02.a(emFile_1_SPI0.o)
                0x00005364                emFile_1_SPI0_ReadTxStatus
 .text.emFile_1_SPI0_WriteTxData
                0x00005370       0x18 .\CortexM3\ARM_GCC_493\Release\Design02.a(emFile_1_SPI0.o)
                0x00005370                emFile_1_SPI0_WriteTxData
 .text.emFile_1_SPI0_ReadRxData
                0x00005388        0xc .\CortexM3\ARM_GCC_493\Release\Design02.a(emFile_1_SPI0.o)
                0x00005388                emFile_1_SPI0_ReadRxData
 .text.emFile_1_SPI0_ClearFIFO
                0x00005394       0x3c .\CortexM3\ARM_GCC_493\Release\Design02.a(emFile_1_SPI0.o)
                0x00005394                emFile_1_SPI0_ClearFIFO
 .text.emFile_1_SPI0_Init
                0x000053d0       0x30 .\CortexM3\ARM_GCC_493\Release\Design02.a(emFile_1_SPI0.o)
                0x000053d0                emFile_1_SPI0_Init
 .text.emFile_1_SPI0_Start
                0x00005400       0x1c .\CortexM3\ARM_GCC_493\Release\Design02.a(emFile_1_SPI0.o)
                0x00005400                emFile_1_SPI0_Start
 .text.emFile_1_Clock_1_Start
                0x0000541c       0x18 .\CortexM3\ARM_GCC_493\Release\Design02.a(emFile_1_Clock_1.o)
                0x0000541c                emFile_1_Clock_1_Start
 .text.emFile_1_Clock_1_Stop
                0x00005434       0x18 .\CortexM3\ARM_GCC_493\Release\Design02.a(emFile_1_Clock_1.o)
                0x00005434                emFile_1_Clock_1_Stop
 .text.emFile_1_Clock_1_SetDividerRegister
                0x0000544c       0xc8 .\CortexM3\ARM_GCC_493\Release\Design02.a(emFile_1_Clock_1.o)
                0x0000544c                emFile_1_Clock_1_SetDividerRegister
 .text.emFile_1_SPI0_CS_Write
                0x00005514       0x18 .\CortexM3\ARM_GCC_493\Release\Design02.a(emFile_1_SPI0_CS.o)
                0x00005514                emFile_1_SPI0_CS_Write
 .text          0x0000552c      0x370 c:/program files/cypress/psoc creator/3.3/psoc creator/import/gnu/arm/4.9.3/bin/../lib/gcc/arm-none-eabi/4.9.3/armv7-m\libgcc.a(_arm_addsubdf3.o)
                0x0000552c                __aeabi_drsub
                0x00005534                __aeabi_dsub
                0x00005534                __subdf3
                0x00005538                __aeabi_dadd
                0x00005538                __adddf3
                0x000057b0                __floatunsidf
                0x000057b0                __aeabi_ui2d
                0x000057d0                __floatsidf
                0x000057d0                __aeabi_i2d
                0x000057f4                __aeabi_f2d
                0x000057f4                __extendsfdf2
                0x00005830                __floatundidf
                0x00005830                __aeabi_ul2d
                0x00005840                __floatdidf
                0x00005840                __aeabi_l2d
 .text          0x0000589c      0x424 c:/program files/cypress/psoc creator/3.3/psoc creator/import/gnu/arm/4.9.3/bin/../lib/gcc/arm-none-eabi/4.9.3/armv7-m\libgcc.a(_arm_muldivdf3.o)
                0x0000589c                __aeabi_dmul
                0x0000589c                __muldf3
                0x00005af0                __divdf3
                0x00005af0                __aeabi_ddiv
 .text          0x00005cc0      0x110 c:/program files/cypress/psoc creator/3.3/psoc creator/import/gnu/arm/4.9.3/bin/../lib/gcc/arm-none-eabi/4.9.3/armv7-m\libgcc.a(_arm_cmpdf2.o)
                0x00005cc0                __gtdf2
                0x00005cc0                __gedf2
                0x00005cc8                __ltdf2
                0x00005cc8                __ledf2
                0x00005cd0                __nedf2
                0x00005cd0                __eqdf2
                0x00005cd0                __cmpdf2
                0x00005d4c                __aeabi_cdrcmple
                0x00005d5c                __aeabi_cdcmpeq
                0x00005d5c                __aeabi_cdcmple
                0x00005d6c                __aeabi_dcmpeq
                0x00005d80                __aeabi_dcmplt
                0x00005d94                __aeabi_dcmple
                0x00005da8                __aeabi_dcmpge
                0x00005dbc                __aeabi_dcmpgt
 .text          0x00005dd0       0x50 c:/program files/cypress/psoc creator/3.3/psoc creator/import/gnu/arm/4.9.3/bin/../lib/gcc/arm-none-eabi/4.9.3/armv7-m\libgcc.a(_arm_fixdfsi.o)
                0x00005dd0                __aeabi_d2iz
                0x00005dd0                __fixdfsi
 .text          0x00005e20       0xa0 c:/program files/cypress/psoc creator/3.3/psoc creator/import/gnu/arm/4.9.3/bin/../lib/gcc/arm-none-eabi/4.9.3/armv7-m\libgcc.a(_arm_truncdfsf2.o)
                0x00005e20                __truncdfsf2
                0x00005e20                __aeabi_d2f
 .text          0x00005ec0      0x21c c:/program files/cypress/psoc creator/3.3/psoc creator/import/gnu/arm/4.9.3/bin/../lib/gcc/arm-none-eabi/4.9.3/armv7-m\libgcc.a(_arm_addsubsf3.o)
                0x00005ec0                __aeabi_frsub
                0x00005ec8                __subsf3
                0x00005ec8                __aeabi_fsub
                0x00005ecc                __aeabi_fadd
                0x00005ecc                __addsf3
                0x0000602c                __aeabi_ui2f
                0x0000602c                __floatunsisf
                0x00006034                __aeabi_i2f
                0x00006034                __floatsisf
                0x00006050                __aeabi_ul2f
                0x00006050                __floatundisf
                0x00006060                __aeabi_l2f
                0x00006060                __floatdisf
 .text          0x000060dc      0x2a0 c:/program files/cypress/psoc creator/3.3/psoc creator/import/gnu/arm/4.9.3/bin/../lib/gcc/arm-none-eabi/4.9.3/armv7-m\libgcc.a(_arm_muldivsf3.o)
                0x000060dc                __mulsf3
                0x000060dc                __aeabi_fmul
                0x00006244                __aeabi_fdiv
                0x00006244                __divsf3
 .text          0x0000637c       0xec c:/program files/cypress/psoc creator/3.3/psoc creator/import/gnu/arm/4.9.3/bin/../lib/gcc/arm-none-eabi/4.9.3/armv7-m\libgcc.a(_arm_cmpsf2.o)
                0x0000637c                __gesf2
                0x0000637c                __gtsf2
                0x00006384                __lesf2
                0x00006384                __ltsf2
                0x0000638c                __nesf2
                0x0000638c                __eqsf2
                0x0000638c                __cmpsf2
                0x000063ec                __aeabi_cfrcmple
                0x000063f4                __aeabi_cfcmpeq
                0x000063f4                __aeabi_cfcmple
                0x00006404                __aeabi_fcmpeq
                0x00006418                __aeabi_fcmplt
                0x0000642c                __aeabi_fcmple
                0x00006440                __aeabi_fcmpge
                0x00006454                __aeabi_fcmpgt
 .text.__errno  0x00006468        0xc c:/program files/cypress/psoc creator/3.3/psoc creator/import/gnu/arm/4.9.3/bin/../lib/gcc/arm-none-eabi/4.9.3/../../../../arm-none-eabi/lib/armv7-m\libg_nano.a(lib_a-errno.o)
                0x00006468                __errno
 .text.__libc_init_array
                0x00006474       0x4c c:/program files/cypress/psoc creator/3.3/psoc creator/import/gnu/arm/4.9.3/bin/../lib/gcc/arm-none-eabi/4.9.3/../../../../arm-none-eabi/lib/armv7-m\libg_nano.a(lib_a-init.o)
                0x00006474                __libc_init_array
 .text.memcpy   0x000064c0       0x16 c:/program files/cypress/psoc creator/3.3/psoc creator/import/gnu/arm/4.9.3/bin/../lib/gcc/arm-none-eabi/4.9.3/../../../../arm-none-eabi/lib/armv7-m\libg_nano.a(lib_a-memcpy.o)
                0x000064c0                memcpy
 .text.memset   0x000064d6       0x10 c:/program files/cypress/psoc creator/3.3/psoc creator/import/gnu/arm/4.9.3/bin/../lib/gcc/arm-none-eabi/4.9.3/../../../../arm-none-eabi/lib/armv7-m\libg_nano.a(lib_a-memset.o)
                0x000064d6                memset
 *(.plt)
 *(.gnu.warning)
 *(.glue_7t)
 .glue_7t       0x00000000        0x0 linker stubs
 *(.glue_7)
 .glue_7        0x00000000        0x0 linker stubs
 *(.vfp11_veneer)
 .vfp11_veneer  0x00000000        0x0 linker stubs
 *(.bootloader)
 *(.ARM.extab* .gnu.linkonce.armextab.*)
 *(.gcc_except_table)

.v4_bx          0x000064e8        0x0
 .v4_bx         0x00000000        0x0 linker stubs

.iplt           0x000064e8        0x0
 .iplt          0x00000000        0x0 c:/program files/cypress/psoc creator/3.3/psoc creator/import/gnu/arm/4.9.3/bin/../lib/gcc/arm-none-eabi/4.9.3/armv7-m/crtbegin.o

.eh_frame_hdr
 *(.eh_frame_hdr)

.eh_frame       0x000064e8        0x4
 *(.eh_frame)
 .eh_frame      0x000064e8        0x0 c:/program files/cypress/psoc creator/3.3/psoc creator/import/gnu/arm/4.9.3/bin/../lib/gcc/arm-none-eabi/4.9.3/armv7-m/crtbegin.o
 .eh_frame      0x000064e8        0x4 c:/program files/cypress/psoc creator/3.3/psoc creator/import/gnu/arm/4.9.3/bin/../lib/gcc/arm-none-eabi/4.9.3/armv7-m/crtend.o
                0x000064ec                PROVIDE (__exidx_start, .)

.ARM.exidx
 *(.ARM.exidx* .gnu.linkonce.armexidx.*)
                0x000064ec                __exidx_end = .

.rodata         0x000064f0      0x1c0
 *(.rodata .rodata.* .gnu.linkonce.r.*)
 .rodata        0x000064f0       0x40 .\CortexM3\ARM_GCC_493\Release\os_kernel.o
                0x000064f0                Os_Back_Ground_Task
                0x000064f8                Os_1000ms_Task
                0x000064fc                Os_200ms_Task
                0x00006508                Os_100ms_Task
                0x00006514                Os_50ms_Task
                0x00006518                Os_10ms_Task
                0x00006524                Kernel_vHWIni
 .rodata        0x00006530       0x42 .\CortexM3\ARM_GCC_493\Release\Design02.a(cyfitter_cfg.o)
 *fill*         0x00006572        0x2 
 .rodata.str1.4
                0x00006574        0x5 c:/program files/cypress/psoc creator/3.3/psoc creator/import/gnu/arm/4.9.3/bin/../lib/gcc/arm-none-eabi/4.9.3/../../../../arm-none-eabi/lib/armv7-m\libm.a(lib_a-w_asin.o)
                                  0xc (size before relaxing)
 *fill*         0x00006579        0x3 
 .rodata.str1.4
                0x0000657c        0x4 c:/program files/cypress/psoc creator/3.3/psoc creator/import/gnu/arm/4.9.3/bin/../lib/gcc/arm-none-eabi/4.9.3/../../../../arm-none-eabi/lib/armv7-m\libm.a(lib_a-w_pow.o)
 .rodata.str1.4
                0x00006580        0x8 c:/program files/cypress/psoc creator/3.3/psoc creator/import/gnu/arm/4.9.3/bin/../lib/gcc/arm-none-eabi/4.9.3/../../../../arm-none-eabi/lib/armv7-m\libm.a(lib_a-w_sqrt.o)
 .rodata.dp_h   0x00006588       0x10 c:/program files/cypress/psoc creator/3.3/psoc creator/import/gnu/arm/4.9.3/bin/../lib/gcc/arm-none-eabi/4.9.3/../../../../arm-none-eabi/lib/armv7-m\libm.a(lib_a-e_pow.o)
 .rodata.dp_l   0x00006598       0x10 c:/program files/cypress/psoc creator/3.3/psoc creator/import/gnu/arm/4.9.3/bin/../lib/gcc/arm-none-eabi/4.9.3/../../../../arm-none-eabi/lib/armv7-m\libm.a(lib_a-e_pow.o)
 .rodata.bp     0x000065a8       0x10 c:/program files/cypress/psoc creator/3.3/psoc creator/import/gnu/arm/4.9.3/bin/../lib/gcc/arm-none-eabi/4.9.3/../../../../arm-none-eabi/lib/armv7-m\libm.a(lib_a-e_pow.o)
 .rodata.str1.4
                0x00000000        0x4 c:/program files/cypress/psoc creator/3.3/psoc creator/import/gnu/arm/4.9.3/bin/../lib/gcc/arm-none-eabi/4.9.3/../../../../arm-none-eabi/lib/armv7-m\libm.a(lib_a-e_pow.o)
 .rodata.atanlo
                0x000065b8       0x20 c:/program files/cypress/psoc creator/3.3/psoc creator/import/gnu/arm/4.9.3/bin/../lib/gcc/arm-none-eabi/4.9.3/../../../../arm-none-eabi/lib/armv7-m\libm.a(lib_a-s_atan.o)
 .rodata.atanhi
                0x000065d8       0x20 c:/program files/cypress/psoc creator/3.3/psoc creator/import/gnu/arm/4.9.3/bin/../lib/gcc/arm-none-eabi/4.9.3/../../../../arm-none-eabi/lib/armv7-m\libm.a(lib_a-s_atan.o)
 .rodata.TWO52  0x000065f8       0x10 c:/program files/cypress/psoc creator/3.3/psoc creator/import/gnu/arm/4.9.3/bin/../lib/gcc/arm-none-eabi/4.9.3/../../../../arm-none-eabi/lib/armv7-m\libm.a(lib_a-s_rint.o)
 .rodata        0x00006608       0x68 .\Inc\sd\GCC\libemf32nosnlfn.a(MMC_Drv.o)
                0x00006650                FS_MMC_SPI_Driver
 .rodata.str1.1
                0x00006670        0x4 .\Inc\sd\GCC\libemf32nosnlfn.a(MMC_Drv.o)
 .rodata.str1.1
                0x00006674        0x2 c:/program files/cypress/psoc creator/3.3/psoc creator/import/gnu/arm/4.9.3/bin/../lib/gcc/arm-none-eabi/4.9.3/../../../../arm-none-eabi/lib/armv7-m\libg_nano.a(lib_a-impure.o)
                0x00006678                . = ALIGN (0x4)
 *fill*         0x00006676        0x2 
 *(.init)
 .init          0x00006678        0x4 c:/program files/cypress/psoc creator/3.3/psoc creator/import/gnu/arm/4.9.3/bin/../lib/gcc/arm-none-eabi/4.9.3/armv7-m/crti.o
                0x00006678                _init
 .init          0x0000667c        0x8 c:/program files/cypress/psoc creator/3.3/psoc creator/import/gnu/arm/4.9.3/bin/../lib/gcc/arm-none-eabi/4.9.3/armv7-m/crtn.o
                0x00006684                . = ALIGN (0x4)
                0x00006684                __preinit_array_start = .
 *(.preinit_array)
                0x00006684                __preinit_array_end = .
                0x00006684                . = ALIGN (0x4)
                0x00006684                __init_array_start = .
 *(SORT(.init_array.*))
 *(.init_array)
 .init_array    0x00006684        0x4 c:/program files/cypress/psoc creator/3.3/psoc creator/import/gnu/arm/4.9.3/bin/../lib/gcc/arm-none-eabi/4.9.3/armv7-m/crtbegin.o
 .init_array    0x00006688        0x4 .\CortexM3\ARM_GCC_493\Release\Cm3Start.o
                0x0000668c                __init_array_end = .
                0x0000668c                . = ALIGN (0x4)
 *(.fini)
 .fini          0x0000668c        0x4 c:/program files/cypress/psoc creator/3.3/psoc creator/import/gnu/arm/4.9.3/bin/../lib/gcc/arm-none-eabi/4.9.3/armv7-m/crti.o
                0x0000668c                _fini
 .fini          0x00006690        0x8 c:/program files/cypress/psoc creator/3.3/psoc creator/import/gnu/arm/4.9.3/bin/../lib/gcc/arm-none-eabi/4.9.3/armv7-m/crtn.o
                0x00006698                . = ALIGN (0x4)
                0x00006698                __fini_array_start = .
 *(.fini_array)
 .fini_array    0x00006698        0x4 c:/program files/cypress/psoc creator/3.3/psoc creator/import/gnu/arm/4.9.3/bin/../lib/gcc/arm-none-eabi/4.9.3/armv7-m/crtbegin.o
 *(SORT(.fini_array.*))
                0x0000669c                __fini_array_end = .
                0x0000669c                . = ALIGN (0x4)
 *crtbegin.o(.ctors)
 *(EXCLUDE_FILE(*crtend.o) .ctors)
 *(SORT(.ctors.*))
 *crtend.o(.ctors)
                0x0000669c                . = ALIGN (0x4)
 *crtbegin.o(.dtors)
 *(EXCLUDE_FILE(*crtend.o) .dtors)
 *(SORT(.dtors.*))
 *crtend.o(.dtors)
                0x0000669c                . = ALIGN (0x4)
                0x0000669c                __cy_regions = .
                0x0000669c        0x4 LONG 0x66b0 __cy_region_init_ram
                0x000066a0        0x4 LONG 0x1fff8108 __cy_region_start_data
                0x000066a4        0x4 LONG 0xe0 __cy_region_init_size_ram
                0x000066a8        0x4 LONG 0x1368 __cy_region_zero_size_ram
                0x000066ac                __cy_regions_end = .
                0x000066b0                . = ALIGN (0x8)
 *fill*         0x000066ac        0x4 
                0x000066b0                _etext = .

.ramvectors     0x1fff8000      0x100
                0x1fff8000                __cy_region_start_ram = .
 *(.ramvectors)
 .ramvectors    0x1fff8000      0x100 .\CortexM3\ARM_GCC_493\Release\Cm3Start.o
                0x1fff8000                CyRamVectors

.noinit         0x1fff8100        0x5
 *(.noinit)
 .noinit        0x1fff8100        0x4 .\CortexM3\ARM_GCC_493\Release\Cm3Start.o
 .noinit        0x1fff8104        0x1 .\CortexM3\ARM_GCC_493\Release\Design02.a(CyLib.o)
                0x1fff8104                CyResetStatus

.data           0x1fff8108       0xe0 load address 0x000066b0
                0x1fff8108                __cy_region_start_data = .
 *(.jcr)
 .jcr           0x1fff8108        0x0 c:/program files/cypress/psoc creator/3.3/psoc creator/import/gnu/arm/4.9.3/bin/../lib/gcc/arm-none-eabi/4.9.3/armv7-m/crtbegin.o
 .jcr           0x1fff8108        0x4 c:/program files/cypress/psoc creator/3.3/psoc creator/import/gnu/arm/4.9.3/bin/../lib/gcc/arm-none-eabi/4.9.3/armv7-m/crtend.o
 *(.got.plt)
 *(.got)
 *(.shdata)
 *(.data .data.* .gnu.linkonce.d.*)
 .data          0x1fff810c       0x2c .\CortexM3\ARM_GCC_493\Release\os_kernel.o
                0x1fff810c                Nano_Os
 .data          0x1fff8138       0x14 .\CortexM3\ARM_GCC_493\Release\dio.o
                0x1fff8138                DioCon
 .data          0x1fff814c       0x2c .\CortexM3\ARM_GCC_493\Release\imu_i2c.o
                0x1fff814c                Gyro_Calib_Data
                0x1fff815a                Gyro_Temp_Acc_Reg
                0x1fff8168                Mag_Calib_Data
                0x1fff8170                Alt_Calib_Data
                0x1fff8174                Pressure0
 .data.__fdlib_version
                0x1fff8178        0x1 c:/program files/cypress/psoc creator/3.3/psoc creator/import/gnu/arm/4.9.3/bin/../lib/gcc/arm-none-eabi/4.9.3/../../../../arm-none-eabi/lib/armv7-m\libm.a(lib_a-s_lib_ver.o)
                0x1fff8178                __fdlib_version
 *fill*         0x1fff8179        0x3 
 .data          0x1fff817c        0x4 .\Inc\sd\GCC\libemf32nosnlfn.a(MMC_Drv.o)
 .data.impure_data
                0x1fff8180       0x60 c:/program files/cypress/psoc creator/3.3/psoc creator/import/gnu/arm/4.9.3/bin/../lib/gcc/arm-none-eabi/4.9.3/../../../../arm-none-eabi/lib/armv7-m\libg_nano.a(lib_a-impure.o)
 .data._impure_ptr
                0x1fff81e0        0x4 c:/program files/cypress/psoc creator/3.3/psoc creator/import/gnu/arm/4.9.3/bin/../lib/gcc/arm-none-eabi/4.9.3/../../../../arm-none-eabi/lib/armv7-m\libg_nano.a(lib_a-impure.o)
                0x1fff81e0                _impure_ptr
                0x1fff81e8                . = ALIGN (0x8)
 *fill*         0x1fff81e4        0x4 
 *(.ram)
                0x1fff81e8                _edata = .

.igot.plt       0x1fff81e8        0x0 load address 0x00006790
 .igot.plt      0x00000000        0x0 c:/program files/cypress/psoc creator/3.3/psoc creator/import/gnu/arm/4.9.3/bin/../lib/gcc/arm-none-eabi/4.9.3/armv7-m/crtbegin.o

.bss            0x1fff81e8     0x1368 load address 0x00006790
                0x1fff81e8                PROVIDE (__bss_start__, .)
 *(.shbss)
 *(.bss .bss.* .gnu.linkonce.b.*)
 .bss           0x1fff81e8       0x1c c:/program files/cypress/psoc creator/3.3/psoc creator/import/gnu/arm/4.9.3/bin/../lib/gcc/arm-none-eabi/4.9.3/armv7-m/crtbegin.o
 .bss           0x1fff8204        0x3 .\CortexM3\ARM_GCC_493\Release\os_kernel.o
 *fill*         0x1fff8207        0x1 
 .bss           0x1fff8208       0xc4 .\CortexM3\ARM_GCC_493\Release\imu_i2c.o
                0x1fff820e                InBuffer
                0x1fff8214                OutBuffer
                0x1fff8220                MPU9250_Offset
                0x1fff8234                MPU9250_Magn_Offset
 .bss           0x1fff82cc        0x1 .\CortexM3\ARM_GCC_493\Release\sd_card.o
 .bss           0x1fff82cd        0x1 .\CortexM3\ARM_GCC_493\Release\Design02.a(TMR_Os_Tmr_Co_Op.o)
                0x1fff82cd                TMR_Os_Tmr_Co_Op_initVar
 .bss           0x1fff82ce        0x1 .\CortexM3\ARM_GCC_493\Release\Design02.a(TMR_Os_Tmr_Pre_Emp.o)
                0x1fff82ce                TMR_Os_Tmr_Pre_Emp_initVar
 .bss           0x1fff82cf        0x8 .\CortexM3\ARM_GCC_493\Release\Design02.a(UART_1.o)
                0x1fff82cf                UART_1_initVar
                0x1fff82d0                UART_1_rxBufferRead
                0x1fff82d1                UART_1_rxBufferWrite
                0x1fff82d2                UART_1_rxBufferLoopDetect
                0x1fff82d3                UART_1_rxBufferOverflow
                0x1fff82d4                UART_1_txBufferRead
                0x1fff82d5                UART_1_txBufferWrite
 .bss           0x1fff82d7        0x1 .\CortexM3\ARM_GCC_493\Release\Design02.a(I2C_1.o)
                0x1fff82d7                I2C_1_initVar
 .bss           0x1fff82d8        0xc .\Inc\sd\GCC\libemf32nosnlfn.a(FS_Core.o)
 .bss           0x1fff82e4     0x1000 .\CortexM3\ARM_GCC_493\Release\Design02.a(emFile_1_ConfigMMC_SPI.o)
 .bss           0x1fff92e4       0x14 .\Inc\sd\GCC\libemf32nosnlfn.a(MMC_Drv.o)
 .bss           0x1fff92f8        0x1 .\CortexM3\ARM_GCC_493\Release\Design02.a(emFile_1_MMC_HW_SPI.o)
 .bss           0x1fff92f9        0x1 .\CortexM3\ARM_GCC_493\Release\Design02.a(emFile_1_SPI0.o)
                0x1fff92f9                emFile_1_SPI0_initVar
 *(COMMON)
 *fill*         0x1fff92fa        0x2 
 COMMON         0x1fff92fc       0x15 .\CortexM3\ARM_GCC_493\Release\os_kernel.o
                0x1fff92fc                Kernel_stTimer
                0x1fff930c                Os_Task_Ptr_Temp
                0x1fff9310                i
 *fill*         0x1fff9311        0x3 
 COMMON         0x1fff9314      0x148 .\CortexM3\ARM_GCC_493\Release\imu_i2c.o
                0x1fff9314                st_Read
                0x1fff9315                Alt_Read_Data
                0x1fff931c                MD
                0x1fff931e                AC1
                0x1fff9320                AC6
                0x1fff9324                AltitudeVal
                0x1fff9328                q2
                0x1fff932c                angles
                0x1fff9338                UT
                0x1fff933c                _oss
                0x1fff933e                AC5
                0x1fff9340                MPU9250_Filter_Acc
                0x1fff9378                B5
                0x1fff937c                PressureVal
                0x1fff9380                AC4
                0x1fff9382                Gyro_Temp_Acc_Read_Data
                0x1fff9390                gyro
                0x1fff9396                MB
                0x1fff9398                q3
                0x1fff939c                stI2CMgr
                0x1fff939e                MPU9250_Filter_Gyro
                0x1fff93d4                q1
                0x1fff93d8                AC2
                0x1fff93da                AC3
                0x1fff93dc                B2
                0x1fff93e0                TemperatureVal
                0x1fff93e4                calc_count
                0x1fff93e5                st_IMU
                0x1fff93e6                calc_count2
                0x1fff93e7                Mag_Read_Data
                0x1fff93ee                MPU9250_Filter_Mag
                0x1fff9424                q0
                0x1fff9428                B1
                0x1fff942c                UP
                0x1fff9430                MC
                0x1fff9434                MotionVal
                0x1fff9458                rx_rd_data_ptr
 COMMON         0x1fff945c       0x14 .\CortexM3\ARM_GCC_493\Release\sd_card.o
                0x1fff945c                SdInf
 COMMON         0x1fff9470       0x40 .\CortexM3\ARM_GCC_493\Release\Design02.a(UART_1.o)
                0x1fff9470                UART_1_txBuffer
                0x1fff9490                UART_1_rxBuffer
 COMMON         0x1fff94b0        0x1 .\CortexM3\ARM_GCC_493\Release\Design02.a(I2C_1.o)
                0x1fff94b0                I2C_1_state
 *fill*         0x1fff94b1        0x3 
 COMMON         0x1fff94b4       0x11 .\CortexM3\ARM_GCC_493\Release\Design02.a(I2C_1_MASTER.o)
                0x1fff94b4                I2C_1_mstrWrBufIndex
                0x1fff94b5                I2C_1_mstrControl
                0x1fff94b6                I2C_1_mstrStatus
                0x1fff94b7                I2C_1_mstrWrBufSize
                0x1fff94b8                I2C_1_mstrRdBufIndex
                0x1fff94bc                I2C_1_mstrWrBufPtr
                0x1fff94c0                I2C_1_mstrRdBufPtr
                0x1fff94c4                I2C_1_mstrRdBufSize
 *fill*         0x1fff94c5        0x3 
 COMMON         0x1fff94c8       0x88 .\Inc\sd\GCC\libemf32nosnlfn.a(FS_Core.o)
                0x1fff94c8                FS_Global
                0x1fff954c                FS_NumBytesAllocated
                0x1fff9550                . = ALIGN (0x8)
 *(.ram.b)
                0x1fff9550                _end = .
                0x1fff9550                __end = .
                0x1fff9550                PROVIDE (end, .)
                0x1fff9550                PROVIDE (__bss_end__, .)
                0x000066b0                __cy_region_init_ram = LOADADDR (.data)
                0x000000e0                __cy_region_init_size_ram = (_edata - ADDR (.data))
                0x00001368                __cy_region_zero_size_ram = (_end - _edata)

.heap           0x1fff9550       0x80 load address 0x00006790
                0x1fff9550                . = _end
                0x1fff95d0                . = (. + 0x80)
 *fill*         0x1fff9550       0x80 
                0x1fff95d0                __cy_heap_limit = .

.stack          0x20007800      0x800
                0x20007800                __cy_stack_limit = .
                0x20008000                . = (. + 0x800)
 *fill*         0x20007800      0x800 
                0x00000001                ASSERT ((__cy_stack_limit >= __cy_heap_limit), region RAM overflowed with stack)

.cyloadermeta
 *(.cyloadermeta)

.cyloadablemeta
 *(.cyloadablemeta)

.cyconfigecc    0x80000000      0x814
 *(.cyconfigecc)
 .cyconfigecc   0x80000000      0x814 .\CortexM3\ARM_GCC_493\Release\cymetadata.o
                0x80000000                cy_meta_configecc

.cycustnvl      0x90000000        0x4
 *(.cycustnvl)
 .cycustnvl     0x90000000        0x4 .\CortexM3\ARM_GCC_493\Release\cymetadata.o
                0x90000000                cy_meta_custnvl

.cywolatch      0x90100000        0x4
 *(.cywolatch)
 .cywolatch     0x90100000        0x4 .\CortexM3\ARM_GCC_493\Release\cymetadata.o
                0x90100000                cy_meta_wonvl

.cyeeprom       0x90200000        0x0
 *(.cyeeprom)
                0x00000001                ASSERT ((. <= ((0x90200000 + ee_offset) + ee_size)), .cyeeprom data will not fit in EEPROM)

.cyflashprotect
                0x90400000      0x100
 *(.cyflashprotect)
 .cyflashprotect
                0x90400000      0x100 .\CortexM3\ARM_GCC_493\Release\cymetadata.o
                0x90400000                cy_meta_flashprotect

.cymeta         0x90500000        0xc
 *(.cymeta)
 .cymeta        0x90500000        0xc .\CortexM3\ARM_GCC_493\Release\cymetadata.o
                0x90500000                cy_metadata

.rel.dyn        0x00006790        0x0 load address 0x9050000c
 .rel.iplt      0x00000000        0x0 c:/program files/cypress/psoc creator/3.3/psoc creator/import/gnu/arm/4.9.3/bin/../lib/gcc/arm-none-eabi/4.9.3/armv7-m/crtbegin.o

.stab
 *(.stab)

.stabstr
 *(.stabstr)

.debug
 *(.debug)

.line
 *(.line)

.debug_srcinfo
 *(.debug_srcinfo)

.debug_sfnames
 *(.debug_sfnames)

.debug_aranges  0x00000000      0xec8
 *(.debug_aranges)
 .debug_aranges
                0x00000000       0x68 .\CortexM3\ARM_GCC_493\Release\os_kernel.o
 .debug_aranges
                0x00000068       0x28 .\CortexM3\ARM_GCC_493\Release\uart.o
 .debug_aranges
                0x00000090       0x38 .\CortexM3\ARM_GCC_493\Release\dio.o
 .debug_aranges
                0x000000c8       0x18 .\CortexM3\ARM_GCC_493\Release\wifi.o
 .debug_aranges
                0x000000e0       0x88 .\CortexM3\ARM_GCC_493\Release\imu_i2c.o
 .debug_aranges
                0x00000168       0x18 .\CortexM3\ARM_GCC_493\Release\bt_module.o
 .debug_aranges
                0x00000180       0x58 .\CortexM3\ARM_GCC_493\Release\sd_card.o
 .debug_aranges
                0x000001d8       0x20 .\CortexM3\ARM_GCC_493\Release\lcd.o
 .debug_aranges
                0x000001f8       0x20 .\CortexM3\ARM_GCC_493\Release\main.o
 .debug_aranges
                0x00000218       0x20 .\CortexM3\ARM_GCC_493\Release\app_1.o
 .debug_aranges
                0x00000238       0x18 .\CortexM3\ARM_GCC_493\Release\cymetadata.o
 .debug_aranges
                0x00000250       0x48 .\CortexM3\ARM_GCC_493\Release\Cm3Start.o
 .debug_aranges
                0x00000298       0x28 .\CortexM3\ARM_GCC_493\Release\Design02.a(cyfitter_cfg.o)
 .debug_aranges
                0x000002c0       0x88 .\CortexM3\ARM_GCC_493\Release\Design02.a(TMR_Os_Tmr_Co_Op.o)
 .debug_aranges
                0x00000348       0x88 .\CortexM3\ARM_GCC_493\Release\Design02.a(TMR_Os_Tmr_Pre_Emp.o)
 .debug_aranges
                0x000003d0       0x80 .\CortexM3\ARM_GCC_493\Release\Design02.a(ISR_Pre_Emp_1ms.o)
 .debug_aranges
                0x00000450       0x20 .\CortexM3\ARM_GCC_493\Release\Design02.a(CyBootAsmGnu.o)
 .debug_aranges
                0x00000470      0x288 .\CortexM3\ARM_GCC_493\Release\Design02.a(CyLib.o)
 .debug_aranges
                0x000006f8       0x70 .\CortexM3\ARM_GCC_493\Release\Design02.a(cyPm.o)
 .debug_aranges
                0x00000768      0x110 .\CortexM3\ARM_GCC_493\Release\Design02.a(UART_1.o)
 .debug_aranges
                0x00000878       0x28 .\CortexM3\ARM_GCC_493\Release\Design02.a(UART_1_INT.o)
 .debug_aranges
                0x000008a0       0x70 .\CortexM3\ARM_GCC_493\Release\Design02.a(UART_1_IntClock.o)
 .debug_aranges
                0x00000910       0x38 .\CortexM3\ARM_GCC_493\Release\Design02.a(System_Switch.o)
 .debug_aranges
                0x00000948       0x38 .\CortexM3\ARM_GCC_493\Release\Design02.a(System_LED.o)
 .debug_aranges
                0x00000980       0x38 .\CortexM3\ARM_GCC_493\Release\Design02.a(I2C_1.o)
 .debug_aranges
                0x000009b8       0x20 .\CortexM3\ARM_GCC_493\Release\Design02.a(I2C_1_INT.o)
 .debug_aranges
                0x000009d8       0x38 .\CortexM3\ARM_GCC_493\Release\Design02.a(I2C_1_PM.o)
 .debug_aranges
                0x00000a10       0x80 .\CortexM3\ARM_GCC_493\Release\Design02.a(I2C_1_MASTER.o)
 .debug_aranges
                0x00000a90       0x80 .\CortexM3\ARM_GCC_493\Release\Design02.a(ISR_Co_Op_10ms.o)
 .debug_aranges
                0x00000b10       0x38 .\CortexM3\ARM_GCC_493\Release\Design02.a(Pin_SD_Detect.o)
 .debug_aranges
                0x00000b48       0x90 .\CortexM3\ARM_GCC_493\Release\Design02.a(LCD1.o)
 .debug_aranges
                0x00000bd8       0x70 .\CortexM3\ARM_GCC_493\Release\Design02.a(CyFlash.o)
 .debug_aranges
                0x00000c48       0x78 .\CortexM3\ARM_GCC_493\Release\Design02.a(CySpc.o)
 .debug_aranges
                0x00000cc0       0x28 .\CortexM3\ARM_GCC_493\Release\Design02.a(emFile_1_ConfigMMC_SPI.o)
 .debug_aranges
                0x00000ce8       0x60 .\CortexM3\ARM_GCC_493\Release\Design02.a(emFile_1_MMC_HW_SPI.o)
 .debug_aranges
                0x00000d48       0xd8 .\CortexM3\ARM_GCC_493\Release\Design02.a(emFile_1_SPI0.o)
 .debug_aranges
                0x00000e20       0x70 .\CortexM3\ARM_GCC_493\Release\Design02.a(emFile_1_Clock_1.o)
 .debug_aranges
                0x00000e90       0x38 .\CortexM3\ARM_GCC_493\Release\Design02.a(emFile_1_SPI0_CS.o)

.debug_pubnames
 *(.debug_pubnames)

.debug_info     0x00000000     0x9703
 *(.debug_info .gnu.linkonce.wi.*)
 .debug_info    0x00000000      0x523 .\CortexM3\ARM_GCC_493\Release\os_kernel.o
 .debug_info    0x00000523      0x11b .\CortexM3\ARM_GCC_493\Release\uart.o
 .debug_info    0x0000063e      0x26f .\CortexM3\ARM_GCC_493\Release\dio.o
 .debug_info    0x000008ad       0xa7 .\CortexM3\ARM_GCC_493\Release\wifi.o
 .debug_info    0x00000954     0x14de .\CortexM3\ARM_GCC_493\Release\imu_i2c.o
 .debug_info    0x00001e32       0xa7 .\CortexM3\ARM_GCC_493\Release\bt_module.o
 .debug_info    0x00001ed9      0x459 .\CortexM3\ARM_GCC_493\Release\sd_card.o
 .debug_info    0x00002332      0x106 .\CortexM3\ARM_GCC_493\Release\lcd.o
 .debug_info    0x00002438      0x12b .\CortexM3\ARM_GCC_493\Release\main.o
 .debug_info    0x00002563      0x140 .\CortexM3\ARM_GCC_493\Release\app_1.o
 .debug_info    0x000026a3      0x13e .\CortexM3\ARM_GCC_493\Release\cymetadata.o
 .debug_info    0x000027e1      0x388 .\CortexM3\ARM_GCC_493\Release\Cm3Start.o
 .debug_info    0x00002b69      0x64f .\CortexM3\ARM_GCC_493\Release\Design02.a(cyfitter_cfg.o)
 .debug_info    0x000031b8      0x2e5 .\CortexM3\ARM_GCC_493\Release\Design02.a(TMR_Os_Tmr_Co_Op.o)
 .debug_info    0x0000349d      0x2e2 .\CortexM3\ARM_GCC_493\Release\Design02.a(TMR_Os_Tmr_Pre_Emp.o)
 .debug_info    0x0000377f      0x375 .\CortexM3\ARM_GCC_493\Release\Design02.a(ISR_Pre_Emp_1ms.o)
 .debug_info    0x00003af4       0x92 .\CortexM3\ARM_GCC_493\Release\Design02.a(CyBootAsmGnu.o)
 .debug_info    0x00003b86     0x11ac .\CortexM3\ARM_GCC_493\Release\Design02.a(CyLib.o)
 .debug_info    0x00004d32      0x964 .\CortexM3\ARM_GCC_493\Release\Design02.a(cyPm.o)
 .debug_info    0x00005696      0x90b .\CortexM3\ARM_GCC_493\Release\Design02.a(UART_1.o)
 .debug_info    0x00005fa1      0x163 .\CortexM3\ARM_GCC_493\Release\Design02.a(UART_1_INT.o)
 .debug_info    0x00006104      0x29b .\CortexM3\ARM_GCC_493\Release\Design02.a(UART_1_IntClock.o)
 .debug_info    0x0000639f      0x120 .\CortexM3\ARM_GCC_493\Release\Design02.a(System_Switch.o)
 .debug_info    0x000064bf      0x120 .\CortexM3\ARM_GCC_493\Release\Design02.a(System_LED.o)
 .debug_info    0x000065df      0x2d2 .\CortexM3\ARM_GCC_493\Release\Design02.a(I2C_1.o)
 .debug_info    0x000068b1      0x14e .\CortexM3\ARM_GCC_493\Release\Design02.a(I2C_1_INT.o)
 .debug_info    0x000069ff      0x21a .\CortexM3\ARM_GCC_493\Release\Design02.a(I2C_1_PM.o)
 .debug_info    0x00006c19      0x402 .\CortexM3\ARM_GCC_493\Release\Design02.a(I2C_1_MASTER.o)
 .debug_info    0x0000701b      0x375 .\CortexM3\ARM_GCC_493\Release\Design02.a(ISR_Co_Op_10ms.o)
 .debug_info    0x00007390      0x120 .\CortexM3\ARM_GCC_493\Release\Design02.a(Pin_SD_Detect.o)
 .debug_info    0x000074b0      0x6a2 .\CortexM3\ARM_GCC_493\Release\Design02.a(LCD1.o)
 .debug_info    0x00007b52      0x65c .\CortexM3\ARM_GCC_493\Release\Design02.a(CyFlash.o)
 .debug_info    0x000081ae      0x4ed .\CortexM3\ARM_GCC_493\Release\Design02.a(CySpc.o)
 .debug_info    0x0000869b      0x2f1 .\CortexM3\ARM_GCC_493\Release\Design02.a(emFile_1_ConfigMMC_SPI.o)
 .debug_info    0x0000898c      0x4c5 .\CortexM3\ARM_GCC_493\Release\Design02.a(emFile_1_MMC_HW_SPI.o)
 .debug_info    0x00008e51      0x4f7 .\CortexM3\ARM_GCC_493\Release\Design02.a(emFile_1_SPI0.o)
 .debug_info    0x00009348      0x29b .\CortexM3\ARM_GCC_493\Release\Design02.a(emFile_1_Clock_1.o)
 .debug_info    0x000095e3      0x120 .\CortexM3\ARM_GCC_493\Release\Design02.a(emFile_1_SPI0_CS.o)

.debug_abbrev   0x00000000     0x35d5
 *(.debug_abbrev)
 .debug_abbrev  0x00000000      0x200 .\CortexM3\ARM_GCC_493\Release\os_kernel.o
 .debug_abbrev  0x00000200       0x93 .\CortexM3\ARM_GCC_493\Release\uart.o
 .debug_abbrev  0x00000293      0x15a .\CortexM3\ARM_GCC_493\Release\dio.o
 .debug_abbrev  0x000003ed       0x4b .\CortexM3\ARM_GCC_493\Release\wifi.o
 .debug_abbrev  0x00000438      0x2af .\CortexM3\ARM_GCC_493\Release\imu_i2c.o
 .debug_abbrev  0x000006e7       0x4b .\CortexM3\ARM_GCC_493\Release\bt_module.o
 .debug_abbrev  0x00000732      0x1a4 .\CortexM3\ARM_GCC_493\Release\sd_card.o
 .debug_abbrev  0x000008d6       0xb7 .\CortexM3\ARM_GCC_493\Release\lcd.o
 .debug_abbrev  0x0000098d       0xd7 .\CortexM3\ARM_GCC_493\Release\main.o
 .debug_abbrev  0x00000a64       0xd9 .\CortexM3\ARM_GCC_493\Release\app_1.o
 .debug_abbrev  0x00000b3d       0x77 .\CortexM3\ARM_GCC_493\Release\cymetadata.o
 .debug_abbrev  0x00000bb4      0x1eb .\CortexM3\ARM_GCC_493\Release\Cm3Start.o
 .debug_abbrev  0x00000d9f      0x26b .\CortexM3\ARM_GCC_493\Release\Design02.a(cyfitter_cfg.o)
 .debug_abbrev  0x0000100a      0x197 .\CortexM3\ARM_GCC_493\Release\Design02.a(TMR_Os_Tmr_Co_Op.o)
 .debug_abbrev  0x000011a1      0x18e .\CortexM3\ARM_GCC_493\Release\Design02.a(TMR_Os_Tmr_Pre_Emp.o)
 .debug_abbrev  0x0000132f      0x228 .\CortexM3\ARM_GCC_493\Release\Design02.a(ISR_Pre_Emp_1ms.o)
 .debug_abbrev  0x00001557       0x14 .\CortexM3\ARM_GCC_493\Release\Design02.a(CyBootAsmGnu.o)
 .debug_abbrev  0x0000156b      0x3c9 .\CortexM3\ARM_GCC_493\Release\Design02.a(CyLib.o)
 .debug_abbrev  0x00001934      0x216 .\CortexM3\ARM_GCC_493\Release\Design02.a(cyPm.o)
 .debug_abbrev  0x00001b4a      0x220 .\CortexM3\ARM_GCC_493\Release\Design02.a(UART_1.o)
 .debug_abbrev  0x00001d6a       0xaf .\CortexM3\ARM_GCC_493\Release\Design02.a(UART_1_INT.o)
 .debug_abbrev  0x00001e19      0x151 .\CortexM3\ARM_GCC_493\Release\Design02.a(UART_1_IntClock.o)
 .debug_abbrev  0x00001f6a       0x9d .\CortexM3\ARM_GCC_493\Release\Design02.a(System_Switch.o)
 .debug_abbrev  0x00002007       0x9d .\CortexM3\ARM_GCC_493\Release\Design02.a(System_LED.o)
 .debug_abbrev  0x000020a4      0x168 .\CortexM3\ARM_GCC_493\Release\Design02.a(I2C_1.o)
 .debug_abbrev  0x0000220c       0x8e .\CortexM3\ARM_GCC_493\Release\Design02.a(I2C_1_INT.o)
 .debug_abbrev  0x0000229a      0x175 .\CortexM3\ARM_GCC_493\Release\Design02.a(I2C_1_PM.o)
 .debug_abbrev  0x0000240f      0x13a .\CortexM3\ARM_GCC_493\Release\Design02.a(I2C_1_MASTER.o)
 .debug_abbrev  0x00002549      0x228 .\CortexM3\ARM_GCC_493\Release\Design02.a(ISR_Co_Op_10ms.o)
 .debug_abbrev  0x00002771       0x9d .\CortexM3\ARM_GCC_493\Release\Design02.a(Pin_SD_Detect.o)
 .debug_abbrev  0x0000280e      0x1fc .\CortexM3\ARM_GCC_493\Release\Design02.a(LCD1.o)
 .debug_abbrev  0x00002a0a      0x27f .\CortexM3\ARM_GCC_493\Release\Design02.a(CyFlash.o)
 .debug_abbrev  0x00002c89      0x1dc .\CortexM3\ARM_GCC_493\Release\Design02.a(CySpc.o)
 .debug_abbrev  0x00002e65      0x179 .\CortexM3\ARM_GCC_493\Release\Design02.a(emFile_1_ConfigMMC_SPI.o)
 .debug_abbrev  0x00002fde      0x1fe .\CortexM3\ARM_GCC_493\Release\Design02.a(emFile_1_MMC_HW_SPI.o)
 .debug_abbrev  0x000031dc      0x20b .\CortexM3\ARM_GCC_493\Release\Design02.a(emFile_1_SPI0.o)
 .debug_abbrev  0x000033e7      0x151 .\CortexM3\ARM_GCC_493\Release\Design02.a(emFile_1_Clock_1.o)
 .debug_abbrev  0x00003538       0x9d .\CortexM3\ARM_GCC_493\Release\Design02.a(emFile_1_SPI0_CS.o)

.debug_line     0x00000000     0x43e0
 *(.debug_line)
 .debug_line    0x00000000      0x2f6 .\CortexM3\ARM_GCC_493\Release\os_kernel.o
 .debug_line    0x000002f6      0x169 .\CortexM3\ARM_GCC_493\Release\uart.o
 .debug_line    0x0000045f      0x1ae .\CortexM3\ARM_GCC_493\Release\dio.o
 .debug_line    0x0000060d      0x12e .\CortexM3\ARM_GCC_493\Release\wifi.o
 .debug_line    0x0000073b      0x4eb .\CortexM3\ARM_GCC_493\Release\imu_i2c.o
 .debug_line    0x00000c26      0x12e .\CortexM3\ARM_GCC_493\Release\bt_module.o
 .debug_line    0x00000d54      0x23f .\CortexM3\ARM_GCC_493\Release\sd_card.o
 .debug_line    0x00000f93      0x166 .\CortexM3\ARM_GCC_493\Release\lcd.o
 .debug_line    0x000010f9      0x162 .\CortexM3\ARM_GCC_493\Release\main.o
 .debug_line    0x0000125b      0x188 .\CortexM3\ARM_GCC_493\Release\app_1.o
 .debug_line    0x000013e3       0x53 .\CortexM3\ARM_GCC_493\Release\cymetadata.o
 .debug_line    0x00001436      0x20f .\CortexM3\ARM_GCC_493\Release\Cm3Start.o
 .debug_line    0x00001645      0x1b6 .\CortexM3\ARM_GCC_493\Release\Design02.a(cyfitter_cfg.o)
 .debug_line    0x000017fb      0x169 .\CortexM3\ARM_GCC_493\Release\Design02.a(TMR_Os_Tmr_Co_Op.o)
 .debug_line    0x00001964      0x16b .\CortexM3\ARM_GCC_493\Release\Design02.a(TMR_Os_Tmr_Pre_Emp.o)
 .debug_line    0x00001acf      0x178 .\CortexM3\ARM_GCC_493\Release\Design02.a(ISR_Pre_Emp_1ms.o)
 .debug_line    0x00001c47       0x68 .\CortexM3\ARM_GCC_493\Release\Design02.a(CyBootAsmGnu.o)
 .debug_line    0x00001caf      0x791 .\CortexM3\ARM_GCC_493\Release\Design02.a(CyLib.o)
 .debug_line    0x00002440      0x3a0 .\CortexM3\ARM_GCC_493\Release\Design02.a(cyPm.o)
 .debug_line    0x000027e0      0x3f7 .\CortexM3\ARM_GCC_493\Release\Design02.a(UART_1.o)
 .debug_line    0x00002bd7       0xac .\CortexM3\ARM_GCC_493\Release\Design02.a(UART_1_INT.o)
 .debug_line    0x00002c83      0x1cf .\CortexM3\ARM_GCC_493\Release\Design02.a(UART_1_IntClock.o)
 .debug_line    0x00002e52       0xa0 .\CortexM3\ARM_GCC_493\Release\Design02.a(System_Switch.o)
 .debug_line    0x00002ef2       0x9d .\CortexM3\ARM_GCC_493\Release\Design02.a(System_LED.o)
 .debug_line    0x00002f8f      0x101 .\CortexM3\ARM_GCC_493\Release\Design02.a(I2C_1.o)
 .debug_line    0x00003090       0xc9 .\CortexM3\ARM_GCC_493\Release\Design02.a(I2C_1_INT.o)
 .debug_line    0x00003159       0xc2 .\CortexM3\ARM_GCC_493\Release\Design02.a(I2C_1_PM.o)
 .debug_line    0x0000321b      0x217 .\CortexM3\ARM_GCC_493\Release\Design02.a(I2C_1_MASTER.o)
 .debug_line    0x00003432      0x177 .\CortexM3\ARM_GCC_493\Release\Design02.a(ISR_Co_Op_10ms.o)
 .debug_line    0x000035a9       0xa0 .\CortexM3\ARM_GCC_493\Release\Design02.a(Pin_SD_Detect.o)
 .debug_line    0x00003649      0x1b6 .\CortexM3\ARM_GCC_493\Release\Design02.a(LCD1.o)
 .debug_line    0x000037ff      0x1c2 .\CortexM3\ARM_GCC_493\Release\Design02.a(CyFlash.o)
 .debug_line    0x000039c1      0x224 .\CortexM3\ARM_GCC_493\Release\Design02.a(CySpc.o)
 .debug_line    0x00003be5       0x99 .\CortexM3\ARM_GCC_493\Release\Design02.a(emFile_1_ConfigMMC_SPI.o)
 .debug_line    0x00003c7e      0x29c .\CortexM3\ARM_GCC_493\Release\Design02.a(emFile_1_MMC_HW_SPI.o)
 .debug_line    0x00003f1a      0x25a .\CortexM3\ARM_GCC_493\Release\Design02.a(emFile_1_SPI0.o)
 .debug_line    0x00004174      0x1cd .\CortexM3\ARM_GCC_493\Release\Design02.a(emFile_1_Clock_1.o)
 .debug_line    0x00004341       0x9f .\CortexM3\ARM_GCC_493\Release\Design02.a(emFile_1_SPI0_CS.o)

.debug_frame    0x00000000     0x263c
 *(.debug_frame)
 .debug_frame   0x00000000      0x120 .\CortexM3\ARM_GCC_493\Release\os_kernel.o
 .debug_frame   0x00000120       0x40 .\CortexM3\ARM_GCC_493\Release\uart.o
 .debug_frame   0x00000160       0x70 .\CortexM3\ARM_GCC_493\Release\dio.o
 .debug_frame   0x000001d0      0x1e0 .\CortexM3\ARM_GCC_493\Release\imu_i2c.o
 .debug_frame   0x000003b0       0xe8 .\CortexM3\ARM_GCC_493\Release\sd_card.o
 .debug_frame   0x00000498       0x30 .\CortexM3\ARM_GCC_493\Release\lcd.o
 .debug_frame   0x000004c8       0x2c .\CortexM3\ARM_GCC_493\Release\main.o
 .debug_frame   0x000004f4       0x30 .\CortexM3\ARM_GCC_493\Release\app_1.o
 .debug_frame   0x00000524       0xa0 .\CortexM3\ARM_GCC_493\Release\Cm3Start.o
 .debug_frame   0x000005c4       0x48 .\CortexM3\ARM_GCC_493\Release\Design02.a(cyfitter_cfg.o)
 .debug_frame   0x0000060c      0x100 .\CortexM3\ARM_GCC_493\Release\Design02.a(TMR_Os_Tmr_Co_Op.o)
 .debug_frame   0x0000070c      0x100 .\CortexM3\ARM_GCC_493\Release\Design02.a(TMR_Os_Tmr_Pre_Emp.o)
 .debug_frame   0x0000080c       0xe0 .\CortexM3\ARM_GCC_493\Release\Design02.a(ISR_Pre_Emp_1ms.o)
 .debug_frame   0x000008ec      0x650 .\CortexM3\ARM_GCC_493\Release\Design02.a(CyLib.o)
 .debug_frame   0x00000f3c      0x1b4 .\CortexM3\ARM_GCC_493\Release\Design02.a(cyPm.o)
 .debug_frame   0x000010f0      0x2ac .\CortexM3\ARM_GCC_493\Release\Design02.a(UART_1.o)
 .debug_frame   0x0000139c       0x3c .\CortexM3\ARM_GCC_493\Release\Design02.a(UART_1_INT.o)
 .debug_frame   0x000013d8       0xe0 .\CortexM3\ARM_GCC_493\Release\Design02.a(UART_1_IntClock.o)
 .debug_frame   0x000014b8       0x50 .\CortexM3\ARM_GCC_493\Release\Design02.a(System_Switch.o)
 .debug_frame   0x00001508       0x50 .\CortexM3\ARM_GCC_493\Release\Design02.a(System_LED.o)
 .debug_frame   0x00001558       0x94 .\CortexM3\ARM_GCC_493\Release\Design02.a(I2C_1.o)
 .debug_frame   0x000015ec       0x30 .\CortexM3\ARM_GCC_493\Release\Design02.a(I2C_1_INT.o)
 .debug_frame   0x0000161c       0x7c .\CortexM3\ARM_GCC_493\Release\Design02.a(I2C_1_PM.o)
 .debug_frame   0x00001698      0x10c .\CortexM3\ARM_GCC_493\Release\Design02.a(I2C_1_MASTER.o)
 .debug_frame   0x000017a4       0xe0 .\CortexM3\ARM_GCC_493\Release\Design02.a(ISR_Co_Op_10ms.o)
 .debug_frame   0x00001884       0x50 .\CortexM3\ARM_GCC_493\Release\Design02.a(Pin_SD_Detect.o)
 .debug_frame   0x000018d4      0x1c0 .\CortexM3\ARM_GCC_493\Release\Design02.a(LCD1.o)
 .debug_frame   0x00001a94      0x148 .\CortexM3\ARM_GCC_493\Release\Design02.a(CyFlash.o)
 .debug_frame   0x00001bdc      0x168 .\CortexM3\ARM_GCC_493\Release\Design02.a(CySpc.o)
 .debug_frame   0x00001d44       0x40 c:/program files/cypress/psoc creator/3.3/psoc creator/import/gnu/arm/4.9.3/bin/../lib/gcc/arm-none-eabi/4.9.3/../../../../arm-none-eabi/lib/armv7-m\libm.a(lib_a-w_asin.o)
 .debug_frame   0x00001d84       0x20 c:/program files/cypress/psoc creator/3.3/psoc creator/import/gnu/arm/4.9.3/bin/../lib/gcc/arm-none-eabi/4.9.3/../../../../arm-none-eabi/lib/armv7-m\libm.a(lib_a-w_atan2.o)
 .debug_frame   0x00001da4       0x44 c:/program files/cypress/psoc creator/3.3/psoc creator/import/gnu/arm/4.9.3/bin/../lib/gcc/arm-none-eabi/4.9.3/../../../../arm-none-eabi/lib/armv7-m\libm.a(lib_a-w_pow.o)
 .debug_frame   0x00001de8       0x44 c:/program files/cypress/psoc creator/3.3/psoc creator/import/gnu/arm/4.9.3/bin/../lib/gcc/arm-none-eabi/4.9.3/../../../../arm-none-eabi/lib/armv7-m\libm.a(lib_a-w_sqrt.o)
 .debug_frame   0x00001e2c       0x50 c:/program files/cypress/psoc creator/3.3/psoc creator/import/gnu/arm/4.9.3/bin/../lib/gcc/arm-none-eabi/4.9.3/../../../../arm-none-eabi/lib/armv7-m\libm.a(lib_a-e_asin.o)
 .debug_frame   0x00001e7c       0x48 c:/program files/cypress/psoc creator/3.3/psoc creator/import/gnu/arm/4.9.3/bin/../lib/gcc/arm-none-eabi/4.9.3/../../../../arm-none-eabi/lib/armv7-m\libm.a(lib_a-e_atan2.o)
 .debug_frame   0x00001ec4       0x64 c:/program files/cypress/psoc creator/3.3/psoc creator/import/gnu/arm/4.9.3/bin/../lib/gcc/arm-none-eabi/4.9.3/../../../../arm-none-eabi/lib/armv7-m\libm.a(lib_a-e_pow.o)
 .debug_frame   0x00001f28       0x30 c:/program files/cypress/psoc creator/3.3/psoc creator/import/gnu/arm/4.9.3/bin/../lib/gcc/arm-none-eabi/4.9.3/../../../../arm-none-eabi/lib/armv7-m\libm.a(lib_a-e_sqrt.o)
 .debug_frame   0x00001f58       0x38 c:/program files/cypress/psoc creator/3.3/psoc creator/import/gnu/arm/4.9.3/bin/../lib/gcc/arm-none-eabi/4.9.3/../../../../arm-none-eabi/lib/armv7-m\libm.a(lib_a-s_atan.o)
 .debug_frame   0x00001f90       0x20 c:/program files/cypress/psoc creator/3.3/psoc creator/import/gnu/arm/4.9.3/bin/../lib/gcc/arm-none-eabi/4.9.3/../../../../arm-none-eabi/lib/armv7-m\libm.a(lib_a-s_fabs.o)
 .debug_frame   0x00001fb0       0x20 c:/program files/cypress/psoc creator/3.3/psoc creator/import/gnu/arm/4.9.3/bin/../lib/gcc/arm-none-eabi/4.9.3/../../../../arm-none-eabi/lib/armv7-m\libm.a(lib_a-s_finite.o)
 .debug_frame   0x00001fd0       0x34 c:/program files/cypress/psoc creator/3.3/psoc creator/import/gnu/arm/4.9.3/bin/../lib/gcc/arm-none-eabi/4.9.3/../../../../arm-none-eabi/lib/armv7-m\libm.a(lib_a-s_fpclassify.o)
 .debug_frame   0x00002004       0x20 c:/program files/cypress/psoc creator/3.3/psoc creator/import/gnu/arm/4.9.3/bin/../lib/gcc/arm-none-eabi/4.9.3/../../../../arm-none-eabi/lib/armv7-m\libm.a(lib_a-s_matherr.o)
 .debug_frame   0x00002024       0x20 c:/program files/cypress/psoc creator/3.3/psoc creator/import/gnu/arm/4.9.3/bin/../lib/gcc/arm-none-eabi/4.9.3/../../../../arm-none-eabi/lib/armv7-m\libm.a(lib_a-s_nan.o)
 .debug_frame   0x00002044       0x3c c:/program files/cypress/psoc creator/3.3/psoc creator/import/gnu/arm/4.9.3/bin/../lib/gcc/arm-none-eabi/4.9.3/../../../../arm-none-eabi/lib/armv7-m\libm.a(lib_a-s_rint.o)
 .debug_frame   0x00002080       0x30 c:/program files/cypress/psoc creator/3.3/psoc creator/import/gnu/arm/4.9.3/bin/../lib/gcc/arm-none-eabi/4.9.3/../../../../arm-none-eabi/lib/armv7-m\libm.a(lib_a-s_scalbn.o)
 .debug_frame   0x000020b0       0x20 c:/program files/cypress/psoc creator/3.3/psoc creator/import/gnu/arm/4.9.3/bin/../lib/gcc/arm-none-eabi/4.9.3/../../../../arm-none-eabi/lib/armv7-m\libm.a(lib_a-s_copysign.o)
 .debug_frame   0x000020d0       0x40 .\CortexM3\ARM_GCC_493\Release\Design02.a(emFile_1_ConfigMMC_SPI.o)
 .debug_frame   0x00002110       0xfc .\CortexM3\ARM_GCC_493\Release\Design02.a(emFile_1_MMC_HW_SPI.o)
 .debug_frame   0x0000220c      0x1fc .\CortexM3\ARM_GCC_493\Release\Design02.a(emFile_1_SPI0.o)
 .debug_frame   0x00002408       0xe0 .\CortexM3\ARM_GCC_493\Release\Design02.a(emFile_1_Clock_1.o)
 .debug_frame   0x000024e8       0x50 .\CortexM3\ARM_GCC_493\Release\Design02.a(emFile_1_SPI0_CS.o)
 .debug_frame   0x00002538       0x20 c:/program files/cypress/psoc creator/3.3/psoc creator/import/gnu/arm/4.9.3/bin/../lib/gcc/arm-none-eabi/4.9.3/../../../../arm-none-eabi/lib/armv7-m\libg_nano.a(lib_a-errno.o)
 .debug_frame   0x00002558       0x28 c:/program files/cypress/psoc creator/3.3/psoc creator/import/gnu/arm/4.9.3/bin/../lib/gcc/arm-none-eabi/4.9.3/../../../../arm-none-eabi/lib/armv7-m\libg_nano.a(lib_a-exit.o)
 .debug_frame   0x00002580       0x2c c:/program files/cypress/psoc creator/3.3/psoc creator/import/gnu/arm/4.9.3/bin/../lib/gcc/arm-none-eabi/4.9.3/../../../../arm-none-eabi/lib/armv7-m\libg_nano.a(lib_a-init.o)
 .debug_frame   0x000025ac       0x28 c:/program files/cypress/psoc creator/3.3/psoc creator/import/gnu/arm/4.9.3/bin/../lib/gcc/arm-none-eabi/4.9.3/../../../../arm-none-eabi/lib/armv7-m\libg_nano.a(lib_a-memcmp.o)
 .debug_frame   0x000025d4       0x28 c:/program files/cypress/psoc creator/3.3/psoc creator/import/gnu/arm/4.9.3/bin/../lib/gcc/arm-none-eabi/4.9.3/../../../../arm-none-eabi/lib/armv7-m\libg_nano.a(lib_a-memcpy.o)
 .debug_frame   0x000025fc       0x20 c:/program files/cypress/psoc creator/3.3/psoc creator/import/gnu/arm/4.9.3/bin/../lib/gcc/arm-none-eabi/4.9.3/../../../../arm-none-eabi/lib/armv7-m\libg_nano.a(lib_a-memset.o)
 .debug_frame   0x0000261c       0x20 c:/program files/cypress/psoc creator/3.3/psoc creator/import/gnu/arm/4.9.3/bin/../lib/gcc/arm-none-eabi/4.9.3/../../../../arm-none-eabi/lib/armv7-m\libg_nano.a(lib_a-strlen.o)

.debug_str      0x00000000     0x36d6
 *(.debug_str)
 .debug_str     0x00000000      0x446 .\CortexM3\ARM_GCC_493\Release\os_kernel.o
                                0x4a8 (size before relaxing)
 .debug_str     0x00000446       0x5e .\CortexM3\ARM_GCC_493\Release\uart.o
                                0x1ec (size before relaxing)
 .debug_str     0x000004a4      0x148 .\CortexM3\ARM_GCC_493\Release\dio.o
                                0x2dd (size before relaxing)
 .debug_str     0x000005ec        0x9 .\CortexM3\ARM_GCC_493\Release\wifi.o
                                0x197 (size before relaxing)
 .debug_str     0x000005f5      0x4de .\CortexM3\ARM_GCC_493\Release\imu_i2c.o
                                0x687 (size before relaxing)
 .debug_str     0x00000ad3        0xe .\CortexM3\ARM_GCC_493\Release\bt_module.o
                                0x19c (size before relaxing)
 .debug_str     0x00000ae1      0x190 .\CortexM3\ARM_GCC_493\Release\sd_card.o
                                0x331 (size before relaxing)
 .debug_str     0x00000c71       0x29 .\CortexM3\ARM_GCC_493\Release\lcd.o
                                0x1bd (size before relaxing)
 .debug_str     0x00000c9a       0x17 .\CortexM3\ARM_GCC_493\Release\main.o
                                0x1cf (size before relaxing)
 .debug_str     0x00000cb1       0x23 .\CortexM3\ARM_GCC_493\Release\app_1.o
                                0x1e0 (size before relaxing)
 .debug_str     0x00000cd4       0x77 .\CortexM3\ARM_GCC_493\Release\cymetadata.o
                                0x1ec (size before relaxing)
 .debug_str     0x00000d4b      0x14b .\CortexM3\ARM_GCC_493\Release\Cm3Start.o
                                0x2f9 (size before relaxing)
 .debug_str     0x00000e96      0x18a .\CortexM3\ARM_GCC_493\Release\Design02.a(cyfitter_cfg.o)
                                0x33a (size before relaxing)
 .debug_str     0x00001020      0x1a4 .\CortexM3\ARM_GCC_493\Release\Design02.a(TMR_Os_Tmr_Co_Op.o)
                                0x39b (size before relaxing)
 .debug_str     0x000011c4      0x1c4 .\CortexM3\ARM_GCC_493\Release\Design02.a(TMR_Os_Tmr_Pre_Emp.o)
                                0x3bb (size before relaxing)
 .debug_str     0x00001388      0x174 .\CortexM3\ARM_GCC_493\Release\Design02.a(ISR_Pre_Emp_1ms.o)
                                0x328 (size before relaxing)
 .debug_str     0x000014fc      0x7e2 .\CortexM3\ARM_GCC_493\Release\Design02.a(CyLib.o)
                                0x9ea (size before relaxing)
 .debug_str     0x00001cde      0x365 .\CortexM3\ARM_GCC_493\Release\Design02.a(cyPm.o)
                                0x706 (size before relaxing)
 .debug_str     0x00002043      0x3d8 .\CortexM3\ARM_GCC_493\Release\Design02.a(UART_1.o)
                                0x61d (size before relaxing)
 .debug_str     0x0000241b       0x5b .\CortexM3\ARM_GCC_493\Release\Design02.a(UART_1_INT.o)
                                0x279 (size before relaxing)
 .debug_str     0x00002476      0x199 .\CortexM3\ARM_GCC_493\Release\Design02.a(UART_1_IntClock.o)
                                0x350 (size before relaxing)
 .debug_str     0x0000260f       0x90 .\CortexM3\ARM_GCC_493\Release\Design02.a(System_Switch.o)
                                0x20c (size before relaxing)
 .debug_str     0x0000269f       0x76 .\CortexM3\ARM_GCC_493\Release\Design02.a(System_LED.o)
                                0x1fd (size before relaxing)
 .debug_str     0x00002715       0xe5 .\CortexM3\ARM_GCC_493\Release\Design02.a(I2C_1.o)
                                0x2fc (size before relaxing)
 .debug_str     0x000027fa       0x96 .\CortexM3\ARM_GCC_493\Release\Design02.a(I2C_1_INT.o)
                                0x264 (size before relaxing)
 .debug_str     0x00002890       0x62 .\CortexM3\ARM_GCC_493\Release\Design02.a(I2C_1_PM.o)
                                0x285 (size before relaxing)
 .debug_str     0x000028f2      0x12c .\CortexM3\ARM_GCC_493\Release\Design02.a(I2C_1_MASTER.o)
                                0x3c8 (size before relaxing)
 .debug_str     0x00002a1e      0x14f .\CortexM3\ARM_GCC_493\Release\Design02.a(ISR_Co_Op_10ms.o)
                                0x31a (size before relaxing)
 .debug_str     0x00002b6d       0x72 .\CortexM3\ARM_GCC_493\Release\Design02.a(Pin_SD_Detect.o)
                                0x20c (size before relaxing)
 .debug_str     0x00002bdf      0x13a .\CortexM3\ARM_GCC_493\Release\Design02.a(LCD1.o)
                                0x31a (size before relaxing)
 .debug_str     0x00002d19      0x19e .\CortexM3\ARM_GCC_493\Release\Design02.a(CyFlash.o)
                                0x390 (size before relaxing)
 .debug_str     0x00002eb7       0xae .\CortexM3\ARM_GCC_493\Release\Design02.a(CySpc.o)
                                0x320 (size before relaxing)
 .debug_str     0x00002f65      0x10a .\CortexM3\ARM_GCC_493\Release\Design02.a(emFile_1_ConfigMMC_SPI.o)
                                0x279 (size before relaxing)
 .debug_str     0x0000306f      0x227 .\CortexM3\ARM_GCC_493\Release\Design02.a(emFile_1_MMC_HW_SPI.o)
                                0x3cc (size before relaxing)
 .debug_str     0x00003296      0x28f .\CortexM3\ARM_GCC_493\Release\Design02.a(emFile_1_SPI0.o)
                                0x4d7 (size before relaxing)
 .debug_str     0x00003525      0x134 .\CortexM3\ARM_GCC_493\Release\Design02.a(emFile_1_Clock_1.o)
                                0x35c (size before relaxing)
 .debug_str     0x00003659       0x7d .\CortexM3\ARM_GCC_493\Release\Design02.a(emFile_1_SPI0_CS.o)
                                0x21b (size before relaxing)

.debug_loc      0x00000000     0x44c6
 *(.debug_loc)
 .debug_loc     0x00000000       0xde .\CortexM3\ARM_GCC_493\Release\os_kernel.o
 .debug_loc     0x000000de       0x8d .\CortexM3\ARM_GCC_493\Release\dio.o
 .debug_loc     0x0000016b     0x144d .\CortexM3\ARM_GCC_493\Release\imu_i2c.o
 .debug_loc     0x000015b8      0x1d2 .\CortexM3\ARM_GCC_493\Release\sd_card.o
 .debug_loc     0x0000178a      0x193 .\CortexM3\ARM_GCC_493\Release\Cm3Start.o
 .debug_loc     0x0000191d      0x29c .\CortexM3\ARM_GCC_493\Release\Design02.a(cyfitter_cfg.o)
 .debug_loc     0x00001bb9       0x8d .\CortexM3\ARM_GCC_493\Release\Design02.a(ISR_Pre_Emp_1ms.o)
 .debug_loc     0x00001c46      0x9c5 .\CortexM3\ARM_GCC_493\Release\Design02.a(CyLib.o)
 .debug_loc     0x0000260b      0x1a3 .\CortexM3\ARM_GCC_493\Release\Design02.a(cyPm.o)
 .debug_loc     0x000027ae      0x33d .\CortexM3\ARM_GCC_493\Release\Design02.a(UART_1.o)
 .debug_loc     0x00002aeb       0x3e .\CortexM3\ARM_GCC_493\Release\Design02.a(UART_1_INT.o)
 .debug_loc     0x00002b29       0xa6 .\CortexM3\ARM_GCC_493\Release\Design02.a(UART_1_IntClock.o)
 .debug_loc     0x00002bcf       0x5a .\CortexM3\ARM_GCC_493\Release\Design02.a(System_Switch.o)
 .debug_loc     0x00002c29       0x5a .\CortexM3\ARM_GCC_493\Release\Design02.a(System_LED.o)
 .debug_loc     0x00002c83       0x48 .\CortexM3\ARM_GCC_493\Release\Design02.a(I2C_1.o)
 .debug_loc     0x00002ccb       0x4a .\CortexM3\ARM_GCC_493\Release\Design02.a(I2C_1_INT.o)
 .debug_loc     0x00002d15       0x13 .\CortexM3\ARM_GCC_493\Release\Design02.a(I2C_1_PM.o)
 .debug_loc     0x00002d28      0x507 .\CortexM3\ARM_GCC_493\Release\Design02.a(I2C_1_MASTER.o)
 .debug_loc     0x0000322f       0x8d .\CortexM3\ARM_GCC_493\Release\Design02.a(ISR_Co_Op_10ms.o)
 .debug_loc     0x000032bc       0x5a .\CortexM3\ARM_GCC_493\Release\Design02.a(Pin_SD_Detect.o)
 .debug_loc     0x00003316      0x30f .\CortexM3\ARM_GCC_493\Release\Design02.a(LCD1.o)
 .debug_loc     0x00003625      0x391 .\CortexM3\ARM_GCC_493\Release\Design02.a(CyFlash.o)
 .debug_loc     0x000039b6      0x5ef .\CortexM3\ARM_GCC_493\Release\Design02.a(CySpc.o)
 .debug_loc     0x00003fa5      0x2f4 .\CortexM3\ARM_GCC_493\Release\Design02.a(emFile_1_MMC_HW_SPI.o)
 .debug_loc     0x00004299      0x12d .\CortexM3\ARM_GCC_493\Release\Design02.a(emFile_1_SPI0.o)
 .debug_loc     0x000043c6       0xa6 .\CortexM3\ARM_GCC_493\Release\Design02.a(emFile_1_Clock_1.o)
 .debug_loc     0x0000446c       0x5a .\CortexM3\ARM_GCC_493\Release\Design02.a(emFile_1_SPI0_CS.o)

.debug_macinfo
 *(.debug_macinfo)

.debug_ranges   0x00000000      0xee8
 *(.debug_ranges)
 .debug_ranges  0x00000000       0x58 .\CortexM3\ARM_GCC_493\Release\os_kernel.o
 .debug_ranges  0x00000058       0x18 .\CortexM3\ARM_GCC_493\Release\uart.o
 .debug_ranges  0x00000070       0x28 .\CortexM3\ARM_GCC_493\Release\dio.o
 .debug_ranges  0x00000098       0x78 .\CortexM3\ARM_GCC_493\Release\imu_i2c.o
 .debug_ranges  0x00000110       0x48 .\CortexM3\ARM_GCC_493\Release\sd_card.o
 .debug_ranges  0x00000158       0x10 .\CortexM3\ARM_GCC_493\Release\lcd.o
 .debug_ranges  0x00000168       0x10 .\CortexM3\ARM_GCC_493\Release\main.o
 .debug_ranges  0x00000178       0x10 .\CortexM3\ARM_GCC_493\Release\app_1.o
 .debug_ranges  0x00000188       0x38 .\CortexM3\ARM_GCC_493\Release\Cm3Start.o
 .debug_ranges  0x000001c0       0xd8 .\CortexM3\ARM_GCC_493\Release\Design02.a(cyfitter_cfg.o)
 .debug_ranges  0x00000298       0x78 .\CortexM3\ARM_GCC_493\Release\Design02.a(TMR_Os_Tmr_Co_Op.o)
 .debug_ranges  0x00000310       0x78 .\CortexM3\ARM_GCC_493\Release\Design02.a(TMR_Os_Tmr_Pre_Emp.o)
 .debug_ranges  0x00000388       0xa0 .\CortexM3\ARM_GCC_493\Release\Design02.a(ISR_Pre_Emp_1ms.o)
 .debug_ranges  0x00000428      0x290 .\CortexM3\ARM_GCC_493\Release\Design02.a(CyLib.o)
 .debug_ranges  0x000006b8       0x88 .\CortexM3\ARM_GCC_493\Release\Design02.a(cyPm.o)
 .debug_ranges  0x00000740      0x100 .\CortexM3\ARM_GCC_493\Release\Design02.a(UART_1.o)
 .debug_ranges  0x00000840       0x18 .\CortexM3\ARM_GCC_493\Release\Design02.a(UART_1_INT.o)