Archive member included because of file (symbol)

.\CortexM3\ARM_GCC_493\Release\Design02.a(cyfitter_cfg.o)
                              .\CortexM3\ARM_GCC_493\Release\Cm3Start.o (cyfitter_cfg)
.\CortexM3\ARM_GCC_493\Release\Design02.a(TMR_Os_Tmr_Co_Op.o)
                              .\CortexM3\ARM_GCC_493\Release\os_kernel.o (TMR_Os_Tmr_Co_Op_Enable)
.\CortexM3\ARM_GCC_493\Release\Design02.a(TMR_Os_Tmr_Pre_Emp.o)
                              .\CortexM3\ARM_GCC_493\Release\os_kernel.o (TMR_Os_Tmr_Pre_Emp_ReadStatusRegister)
.\CortexM3\ARM_GCC_493\Release\Design02.a(ISR_Co_Op_1ms.o)
                              .\CortexM3\ARM_GCC_493\Release\os_kernel.o (ISR_Co_Op_1ms_StartEx)
.\CortexM3\ARM_GCC_493\Release\Design02.a(CyBootAsmGnu.o)
                              .\CortexM3\ARM_GCC_493\Release\Design02.a(cyfitter_cfg.o) (CyDelayCycles)
.\CortexM3\ARM_GCC_493\Release\Design02.a(CyLib.o)
                              .\CortexM3\ARM_GCC_493\Release\Cm3Start.o (CyResetStatus)
.\CortexM3\ARM_GCC_493\Release\Design02.a(cyPm.o)
                              .\CortexM3\ARM_GCC_493\Release\Design02.a(CyLib.o) (CyPmReadStatus)
.\CortexM3\ARM_GCC_493\Release\Design02.a(UART_1.o)
                              .\CortexM3\ARM_GCC_493\Release\uart.o (UART_1_Start)
.\CortexM3\ARM_GCC_493\Release\Design02.a(UART_1_INT.o)
                              .\CortexM3\ARM_GCC_493\Release\Design02.a(UART_1.o) (UART_1_RXISR)
.\CortexM3\ARM_GCC_493\Release\Design02.a(UART_1_IntClock.o)
                              .\CortexM3\ARM_GCC_493\Release\Design02.a(UART_1.o) (UART_1_IntClock_Start)
.\CortexM3\ARM_GCC_493\Release\Design02.a(System_Switch.o)
                              .\CortexM3\ARM_GCC_493\Release\dio.o (System_Switch_Read)
.\CortexM3\ARM_GCC_493\Release\Design02.a(System_LED.o)
                              .\CortexM3\ARM_GCC_493\Release\dio.o (System_LED_Write)
.\CortexM3\ARM_GCC_493\Release\Design02.a(CyFlash.o)
                              .\CortexM3\ARM_GCC_493\Release\Design02.a(cyPm.o) (CyFlash_SetWaitCycles)
.\CortexM3\ARM_GCC_493\Release\Design02.a(CySpc.o)
                              .\CortexM3\ARM_GCC_493\Release\Design02.a(CyFlash.o) (CySpcStart)
c:/program files/cypress/psoc creator/3.3/psoc creator/import/gnu/arm/4.9.3/bin/../lib/gcc/arm-none-eabi/4.9.3/../../../../arm-none-eabi/lib/armv7-m\libg_nano.a(lib_a-errno.o)
                              .\CortexM3\ARM_GCC_493\Release\Cm3Start.o (__errno)
c:/program files/cypress/psoc creator/3.3/psoc creator/import/gnu/arm/4.9.3/bin/../lib/gcc/arm-none-eabi/4.9.3/../../../../arm-none-eabi/lib/armv7-m\libg_nano.a(lib_a-exit.o)
                              c:/program files/cypress/psoc creator/3.3/psoc creator/import/gnu/arm/4.9.3/bin/../lib/gcc/arm-none-eabi/4.9.3/../../../../arm-none-eabi/lib/armv7-m/crt0.o (exit)
c:/program files/cypress/psoc creator/3.3/psoc creator/import/gnu/arm/4.9.3/bin/../lib/gcc/arm-none-eabi/4.9.3/../../../../arm-none-eabi/lib/armv7-m\libg_nano.a(lib_a-impure.o)
                              c:/program files/cypress/psoc creator/3.3/psoc creator/import/gnu/arm/4.9.3/bin/../lib/gcc/arm-none-eabi/4.9.3/../../../../arm-none-eabi/lib/armv7-m\libg_nano.a(lib_a-exit.o) (_global_impure_ptr)
c:/program files/cypress/psoc creator/3.3/psoc creator/import/gnu/arm/4.9.3/bin/../lib/gcc/arm-none-eabi/4.9.3/../../../../arm-none-eabi/lib/armv7-m\libg_nano.a(lib_a-init.o)
                              c:/program files/cypress/psoc creator/3.3/psoc creator/import/gnu/arm/4.9.3/bin/../lib/gcc/arm-none-eabi/4.9.3/../../../../arm-none-eabi/lib/armv7-m/crt0.o (__libc_init_array)
c:/program files/cypress/psoc creator/3.3/psoc creator/import/gnu/arm/4.9.3/bin/../lib/gcc/arm-none-eabi/4.9.3/../../../../arm-none-eabi/lib/armv7-m\libg_nano.a(lib_a-memset.o)
                              c:/program files/cypress/psoc creator/3.3/psoc creator/import/gnu/arm/4.9.3/bin/../lib/gcc/arm-none-eabi/4.9.3/../../../../arm-none-eabi/lib/armv7-m/crt0.o (memset)

Allocating common symbols
Common symbol       size              file

Kernel_stTimer      0x10              .\CortexM3\ARM_GCC_493\Release\os_kernel.o
Os_Task_Ptr_Temp    0x4               .\CortexM3\ARM_GCC_493\Release\os_kernel.o
UART_1_txBuffer     0x10              .\CortexM3\ARM_GCC_493\Release\Design02.a(UART_1.o)
i                   0x1               .\CortexM3\ARM_GCC_493\Release\os_kernel.o
UART_1_rxBuffer     0x10              .\CortexM3\ARM_GCC_493\Release\Design02.a(UART_1.o)
dieTemperature      0x2               .\CortexM3\ARM_GCC_493\Release\Design02.a(CyFlash.o)

Discarded input sections

 .text          0x00000000        0x0 c:/program files/cypress/psoc creator/3.3/psoc creator/import/gnu/arm/4.9.3/bin/../lib/gcc/arm-none-eabi/4.9.3/armv7-m/crti.o
 .data          0x00000000        0x0 c:/program files/cypress/psoc creator/3.3/psoc creator/import/gnu/arm/4.9.3/bin/../lib/gcc/arm-none-eabi/4.9.3/armv7-m/crti.o
 .bss           0x00000000        0x0 c:/program files/cypress/psoc creator/3.3/psoc creator/import/gnu/arm/4.9.3/bin/../lib/gcc/arm-none-eabi/4.9.3/armv7-m/crti.o
 .data          0x00000000        0x4 c:/program files/cypress/psoc creator/3.3/psoc creator/import/gnu/arm/4.9.3/bin/../lib/gcc/arm-none-eabi/4.9.3/armv7-m/crtbegin.o
 .text          0x00000000       0x74 c:/program files/cypress/psoc creator/3.3/psoc creator/import/gnu/arm/4.9.3/bin/../lib/gcc/arm-none-eabi/4.9.3/../../../../arm-none-eabi/lib/armv7-m/crt0.o
 .data          0x00000000        0x0 c:/program files/cypress/psoc creator/3.3/psoc creator/import/gnu/arm/4.9.3/bin/../lib/gcc/arm-none-eabi/4.9.3/../../../../arm-none-eabi/lib/armv7-m/crt0.o
 .bss           0x00000000        0x0 c:/program files/cypress/psoc creator/3.3/psoc creator/import/gnu/arm/4.9.3/bin/../lib/gcc/arm-none-eabi/4.9.3/../../../../arm-none-eabi/lib/armv7-m/crt0.o
 .ARM.extab     0x00000000        0x0 c:/program files/cypress/psoc creator/3.3/psoc creator/import/gnu/arm/4.9.3/bin/../lib/gcc/arm-none-eabi/4.9.3/../../../../arm-none-eabi/lib/armv7-m/crt0.o
 .ARM.exidx     0x00000000        0x8 c:/program files/cypress/psoc creator/3.3/psoc creator/import/gnu/arm/4.9.3/bin/../lib/gcc/arm-none-eabi/4.9.3/../../../../arm-none-eabi/lib/armv7-m/crt0.o
 .text          0x00000000        0x0 .\CortexM3\ARM_GCC_493\Release\os_kernel.o
 .text.Kernel_Pre_Emptiv_Timer_ISR
                0x00000000        0x4 .\CortexM3\ARM_GCC_493\Release\os_kernel.o
 .text.Kernel_StartStop_Task_Func
                0x00000000       0x14 .\CortexM3\ARM_GCC_493\Release\os_kernel.o
 .text.Kernel_bSetTimer
                0x00000000       0x30 .\CortexM3\ARM_GCC_493\Release\os_kernel.o
 .text.Kernel_boStopTimer
                0x00000000       0x20 .\CortexM3\ARM_GCC_493\Release\os_kernel.o
 .text.Kernel_boResetTimer
                0x00000000       0x1c .\CortexM3\ARM_GCC_493\Release\os_kernel.o
 .text          0x00000000        0x0 .\CortexM3\ARM_GCC_493\Release\uart.o
 .data          0x00000000        0x0 .\CortexM3\ARM_GCC_493\Release\uart.o
 .bss           0x00000000        0x0 .\CortexM3\ARM_GCC_493\Release\uart.o
 .text.Uart_DeIni
                0x00000000       0x12 .\CortexM3\ARM_GCC_493\Release\uart.o
 .text          0x00000000        0x0 .\CortexM3\ARM_GCC_493\Release\dio.o
 .bss           0x00000000        0x0 .\CortexM3\ARM_GCC_493\Release\dio.o
 .text          0x00000000        0x0 .\CortexM3\ARM_GCC_493\Release\wifi.o
 .data          0x00000000       0x1c .\CortexM3\ARM_GCC_493\Release\wifi.o
 .bss           0x00000000        0x2 .\CortexM3\ARM_GCC_493\Release\wifi.o
 .text.wifi_module_manager
                0x00000000       0x34 .\CortexM3\ARM_GCC_493\Release\wifi.o
 .text.wifi_module_config
                0x00000000       0x10 .\CortexM3\ARM_GCC_493\Release\wifi.o
 .rodata.str1.1
                0x00000000       0x70 .\CortexM3\ARM_GCC_493\Release\wifi.o
 .text          0x00000000        0x0 .\CortexM3\ARM_GCC_493\Release\imu_i2c.o
 .data          0x00000000        0x0 .\CortexM3\ARM_GCC_493\Release\imu_i2c.o
 .bss           0x00000000        0x0 .\CortexM3\ARM_GCC_493\Release\imu_i2c.o
 .text          0x00000000        0x0 .\CortexM3\ARM_GCC_493\Release\bt_module.o
 .data          0x00000000       0x10 .\CortexM3\ARM_GCC_493\Release\bt_module.o
 .bss           0x00000000        0x2 .\CortexM3\ARM_GCC_493\Release\bt_module.o
 .text.bt_module_manager
                0x00000000       0x34 .\CortexM3\ARM_GCC_493\Release\bt_module.o
 .text.bt_module_config
                0x00000000       0x10 .\CortexM3\ARM_GCC_493\Release\bt_module.o
 .rodata.str1.1
                0x00000000       0x1c .\CortexM3\ARM_GCC_493\Release\bt_module.o
 .text          0x00000000        0x0 .\CortexM3\ARM_GCC_493\Release\main.o
 .data          0x00000000        0x0 .\CortexM3\ARM_GCC_493\Release\main.o
 .bss           0x00000000        0x0 .\CortexM3\ARM_GCC_493\Release\main.o
 .text          0x00000000        0x0 .\CortexM3\ARM_GCC_493\Release\app_1.o
 .data          0x00000000        0x0 .\CortexM3\ARM_GCC_493\Release\app_1.o
 .bss           0x00000000        0x0 .\CortexM3\ARM_GCC_493\Release\app_1.o
 .text          0x00000000        0x0 .\CortexM3\ARM_GCC_493\Release\cymetadata.o
 .data          0x00000000        0x0 .\CortexM3\ARM_GCC_493\Release\cymetadata.o
 .bss           0x00000000        0x0 .\CortexM3\ARM_GCC_493\Release\cymetadata.o
 .text          0x00000000        0x0 .\CortexM3\ARM_GCC_493\Release\Cm3Start.o
 .data          0x00000000        0x4 .\CortexM3\ARM_GCC_493\Release\Cm3Start.o
 .bss           0x00000000        0x0 .\CortexM3\ARM_GCC_493\Release\Cm3Start.o
 .text._exit    0x00000000        0x2 .\CortexM3\ARM_GCC_493\Release\Cm3Start.o
 .text._sbrk    0x00000000       0x2c .\CortexM3\ARM_GCC_493\Release\Cm3Start.o
 .text          0x00000000        0x0 .\CortexM3\ARM_GCC_493\Release\Design02.a(cyfitter_cfg.o)
 .data          0x00000000        0x0 .\CortexM3\ARM_GCC_493\Release\Design02.a(cyfitter_cfg.o)
 .bss           0x00000000        0x0 .\CortexM3\ARM_GCC_493\Release\Design02.a(cyfitter_cfg.o)
 .text.SetAnalogRoutingPumps
                0x00000000       0x10 .\CortexM3\ARM_GCC_493\Release\Design02.a(cyfitter_cfg.o)
 .text          0x00000000        0x0 .\CortexM3\ARM_GCC_493\Release\Design02.a(TMR_Os_Tmr_Co_Op.o)
 .data          0x00000000        0x0 .\CortexM3\ARM_GCC_493\Release\Design02.a(TMR_Os_Tmr_Co_Op.o)
 .text.TMR_Os_Tmr_Co_Op_Stop
                0x00000000       0x28 .\CortexM3\ARM_GCC_493\Release\Design02.a(TMR_Os_Tmr_Co_Op.o)
 .text.TMR_Os_Tmr_Co_Op_SetInterruptMode
                0x00000000        0xc .\CortexM3\ARM_GCC_493\Release\Design02.a(TMR_Os_Tmr_Co_Op.o)
 .text.TMR_Os_Tmr_Co_Op_SoftwareCapture
                0x00000000        0xc .\CortexM3\ARM_GCC_493\Release\Design02.a(TMR_Os_Tmr_Co_Op.o)
 .text.TMR_Os_Tmr_Co_Op_ReadControlRegister
                0x00000000        0xc .\CortexM3\ARM_GCC_493\Release\Design02.a(TMR_Os_Tmr_Co_Op.o)
 .text.TMR_Os_Tmr_Co_Op_WriteControlRegister
                0x00000000        0xc .\CortexM3\ARM_GCC_493\Release\Design02.a(TMR_Os_Tmr_Co_Op.o)
 .text.TMR_Os_Tmr_Co_Op_ReadPeriod
                0x00000000        0xc .\CortexM3\ARM_GCC_493\Release\Design02.a(TMR_Os_Tmr_Co_Op.o)
 .text.TMR_Os_Tmr_Co_Op_WritePeriod
                0x00000000        0xc .\CortexM3\ARM_GCC_493\Release\Design02.a(TMR_Os_Tmr_Co_Op.o)
 .text.TMR_Os_Tmr_Co_Op_ReadCapture
                0x00000000        0xc .\CortexM3\ARM_GCC_493\Release\Design02.a(TMR_Os_Tmr_Co_Op.o)
 .text.TMR_Os_Tmr_Co_Op_WriteCounter
                0x00000000        0xc .\CortexM3\ARM_GCC_493\Release\Design02.a(TMR_Os_Tmr_Co_Op.o)
 .text.TMR_Os_Tmr_Co_Op_ReadCounter
                0x00000000       0x14 .\CortexM3\ARM_GCC_493\Release\Design02.a(TMR_Os_Tmr_Co_Op.o)
 .text          0x00000000        0x0 .\CortexM3\ARM_GCC_493\Release\Design02.a(TMR_Os_Tmr_Pre_Emp.o)
 .data          0x00000000        0x0 .\CortexM3\ARM_GCC_493\Release\Design02.a(TMR_Os_Tmr_Pre_Emp.o)
 .bss           0x00000000        0x1 .\CortexM3\ARM_GCC_493\Release\Design02.a(TMR_Os_Tmr_Pre_Emp.o)
 .text.TMR_Os_Tmr_Pre_Emp_Init
                0x00000000       0x60 .\CortexM3\ARM_GCC_493\Release\Design02.a(TMR_Os_Tmr_Pre_Emp.o)
 .text.TMR_Os_Tmr_Pre_Emp_Enable
                0x00000000       0x24 .\CortexM3\ARM_GCC_493\Release\Design02.a(TMR_Os_Tmr_Pre_Emp.o)
 .text.TMR_Os_Tmr_Pre_Emp_Start
                0x00000000       0x1c .\CortexM3\ARM_GCC_493\Release\Design02.a(TMR_Os_Tmr_Pre_Emp.o)
 .text.TMR_Os_Tmr_Pre_Emp_Stop
                0x00000000       0x28 .\CortexM3\ARM_GCC_493\Release\Design02.a(TMR_Os_Tmr_Pre_Emp.o)
 .text.TMR_Os_Tmr_Pre_Emp_SetInterruptMode
                0x00000000        0xc .\CortexM3\ARM_GCC_493\Release\Design02.a(TMR_Os_Tmr_Pre_Emp.o)
 .text.TMR_Os_Tmr_Pre_Emp_SoftwareCapture
                0x00000000        0xc .\CortexM3\ARM_GCC_493\Release\Design02.a(TMR_Os_Tmr_Pre_Emp.o)
 .text.TMR_Os_Tmr_Pre_Emp_ReadStatusRegister
                0x00000000        0xc .\CortexM3\ARM_GCC_493\Release\Design02.a(TMR_Os_Tmr_Pre_Emp.o)
 .text.TMR_Os_Tmr_Pre_Emp_ReadControlRegister
                0x00000000        0xc .\CortexM3\ARM_GCC_493\Release\Design02.a(TMR_Os_Tmr_Pre_Emp.o)
 .text.TMR_Os_Tmr_Pre_Emp_WriteControlRegister
                0x00000000        0xc .\CortexM3\ARM_GCC_493\Release\Design02.a(TMR_Os_Tmr_Pre_Emp.o)
 .text.TMR_Os_Tmr_Pre_Emp_ReadPeriod
                0x00000000        0xc .\CortexM3\ARM_GCC_493\Release\Design02.a(TMR_Os_Tmr_Pre_Emp.o)
 .text.TMR_Os_Tmr_Pre_Emp_WritePeriod
                0x00000000        0xc .\CortexM3\ARM_GCC_493\Release\Design02.a(TMR_Os_Tmr_Pre_Emp.o)
 .text.TMR_Os_Tmr_Pre_Emp_ReadCapture
                0x00000000        0xc .\CortexM3\ARM_GCC_493\Release\Design02.a(TMR_Os_Tmr_Pre_Emp.o)
 .text.TMR_Os_Tmr_Pre_Emp_WriteCounter
                0x00000000        0xc .\CortexM3\ARM_GCC_493\Release\Design02.a(TMR_Os_Tmr_Pre_Emp.o)
 .text.TMR_Os_Tmr_Pre_Emp_ReadCounter
                0x00000000       0x14 .\CortexM3\ARM_GCC_493\Release\Design02.a(TMR_Os_Tmr_Pre_Emp.o)
 .text          0x00000000        0x0 .\CortexM3\ARM_GCC_493\Release\Design02.a(ISR_Co_Op_1ms.o)
 .data          0x00000000        0x0 .\CortexM3\ARM_GCC_493\Release\Design02.a(ISR_Co_Op_1ms.o)
 .bss           0x00000000        0x0 .\CortexM3\ARM_GCC_493\Release\Design02.a(ISR_Co_Op_1ms.o)
 .text.ISR_Co_Op_1ms_Interrupt
                0x00000000        0x2 .\CortexM3\ARM_GCC_493\Release\Design02.a(ISR_Co_Op_1ms.o)
 .text.ISR_Co_Op_1ms_Start
                0x00000000       0x30 .\CortexM3\ARM_GCC_493\Release\Design02.a(ISR_Co_Op_1ms.o)
 .text.ISR_Co_Op_1ms_Stop
                0x00000000       0x20 .\CortexM3\ARM_GCC_493\Release\Design02.a(ISR_Co_Op_1ms.o)
 .text.ISR_Co_Op_1ms_SetVector
                0x00000000       0x10 .\CortexM3\ARM_GCC_493\Release\Design02.a(ISR_Co_Op_1ms.o)
 .text.ISR_Co_Op_1ms_GetVector
                0x00000000       0x10 .\CortexM3\ARM_GCC_493\Release\Design02.a(ISR_Co_Op_1ms.o)
 .text.ISR_Co_Op_1ms_SetPriority
                0x00000000       0x10 .\CortexM3\ARM_GCC_493\Release\Design02.a(ISR_Co_Op_1ms.o)
 .text.ISR_Co_Op_1ms_GetPriority
                0x00000000        0xc .\CortexM3\ARM_GCC_493\Release\Design02.a(ISR_Co_Op_1ms.o)
 .text.ISR_Co_Op_1ms_Enable
                0x00000000       0x10 .\CortexM3\ARM_GCC_493\Release\Design02.a(ISR_Co_Op_1ms.o)
 .text.ISR_Co_Op_1ms_GetState
                0x00000000       0x10 .\CortexM3\ARM_GCC_493\Release\Design02.a(ISR_Co_Op_1ms.o)
 .text.ISR_Co_Op_1ms_Disable
                0x00000000       0x10 .\CortexM3\ARM_GCC_493\Release\Design02.a(ISR_Co_Op_1ms.o)
 .text.ISR_Co_Op_1ms_SetPending
                0x00000000       0x10 .\CortexM3\ARM_GCC_493\Release\Design02.a(ISR_Co_Op_1ms.o)
 .text.ISR_Co_Op_1ms_ClearPending
                0x00000000       0x10 .\CortexM3\ARM_GCC_493\Release\Design02.a(ISR_Co_Op_1ms.o)
 .data          0x00000000        0x0 .\CortexM3\ARM_GCC_493\Release\Design02.a(CyBootAsmGnu.o)
 .bss           0x00000000        0x0 .\CortexM3\ARM_GCC_493\Release\Design02.a(CyBootAsmGnu.o)
 .text          0x00000000        0x0 .\CortexM3\ARM_GCC_493\Release\Design02.a(CyLib.o)
 .data          0x00000000       0x10 .\CortexM3\ARM_GCC_493\Release\Design02.a(CyLib.o)
 .bss           0x00000000       0x18 .\CortexM3\ARM_GCC_493\Release\Design02.a(CyLib.o)
 .text.CyIMO_SetTrimValue
                0x00000000       0xb8 .\CortexM3\ARM_GCC_493\Release\Design02.a(CyLib.o)
 .text.CyBusClk_Internal_SetDivider
                0x00000000       0x44 .\CortexM3\ARM_GCC_493\Release\Design02.a(CyLib.o)
 .text.CyPLL_OUT_Stop
                0x00000000       0x10 .\CortexM3\ARM_GCC_493\Release\Design02.a(CyLib.o)
 .text.CyPLL_OUT_SetPQ
                0x00000000       0x34 .\CortexM3\ARM_GCC_493\Release\Design02.a(CyLib.o)
 .text.CyPLL_OUT_SetSource
                0x00000000       0x16 .\CortexM3\ARM_GCC_493\Release\Design02.a(CyLib.o)
 .text.CyIMO_Stop
                0x00000000       0x18 .\CortexM3\ARM_GCC_493\Release\Design02.a(CyLib.o)
 .text.CyIMO_SetSource
                0x00000000       0x40 .\CortexM3\ARM_GCC_493\Release\Design02.a(CyLib.o)
 .text.CyIMO_EnableDoubler
                0x00000000       0x10 .\CortexM3\ARM_GCC_493\Release\Design02.a(CyLib.o)
 .text.CyIMO_DisableDoubler
                0x00000000       0x10 .\CortexM3\ARM_GCC_493\Release\Design02.a(CyLib.o)
 .text.CyIMO_SetFreq
                0x00000000       0xcc .\CortexM3\ARM_GCC_493\Release\Design02.a(CyLib.o)
 .text.CyMasterClk_SetSource
                0x00000000       0x18 .\CortexM3\ARM_GCC_493\Release\Design02.a(CyLib.o)
 .text.CyMasterClk_SetDivider
                0x00000000        0xc .\CortexM3\ARM_GCC_493\Release\Design02.a(CyLib.o)
 .text.CyBusClk_SetDivider
                0x00000000       0x70 .\CortexM3\ARM_GCC_493\Release\Design02.a(CyLib.o)
 .text.CyUsbClk_SetSource
                0x00000000       0x18 .\CortexM3\ARM_GCC_493\Release\Design02.a(CyLib.o)
 .text.CyILO_Start1K
                0x00000000       0x10 .\CortexM3\ARM_GCC_493\Release\Design02.a(CyLib.o)
 .text.CyILO_Stop1K
                0x00000000       0x10 .\CortexM3\ARM_GCC_493\Release\Design02.a(CyLib.o)
 .text.CyILO_Start100K
                0x00000000       0x10 .\CortexM3\ARM_GCC_493\Release\Design02.a(CyLib.o)
 .text.CyILO_Stop100K
                0x00000000       0x10 .\CortexM3\ARM_GCC_493\Release\Design02.a(CyLib.o)
 .text.CyPLL_OUT_Start
                0x00000000       0x7c .\CortexM3\ARM_GCC_493\Release\Design02.a(CyLib.o)
 .text.CyIMO_Start
                0x00000000       0x5c .\CortexM3\ARM_GCC_493\Release\Design02.a(CyLib.o)
 .text.CyILO_Enable33K
                0x00000000       0x10 .\CortexM3\ARM_GCC_493\Release\Design02.a(CyLib.o)
 .text.CyILO_Disable33K
                0x00000000       0x10 .\CortexM3\ARM_GCC_493\Release\Design02.a(CyLib.o)
 .text.CyILO_SetSource
                0x00000000       0x16 .\CortexM3\ARM_GCC_493\Release\Design02.a(CyLib.o)
 .text.CyILO_SetPowerMode
                0x00000000       0x20 .\CortexM3\ARM_GCC_493\Release\Design02.a(CyLib.o)
 .text.CyXTAL_32KHZ_Stop
                0x00000000       0x30 .\CortexM3\ARM_GCC_493\Release\Design02.a(CyLib.o)
 .text.CyXTAL_32KHZ_ReadStatus
                0x00000000       0x10 .\CortexM3\ARM_GCC_493\Release\Design02.a(CyLib.o)
 .text.CyXTAL_Start
                0x00000000       0xa4 .\CortexM3\ARM_GCC_493\Release\Design02.a(CyLib.o)
 .text.CyXTAL_Stop
                0x00000000       0x10 .\CortexM3\ARM_GCC_493\Release\Design02.a(CyLib.o)
 .text.CyXTAL_EnableErrStatus
                0x00000000       0x10 .\CortexM3\ARM_GCC_493\Release\Design02.a(CyLib.o)
 .text.CyXTAL_DisableErrStatus
                0x00000000       0x10 .\CortexM3\ARM_GCC_493\Release\Design02.a(CyLib.o)
 .text.CyXTAL_ReadStatus
                0x00000000        0xc .\CortexM3\ARM_GCC_493\Release\Design02.a(CyLib.o)
 .text.CyXTAL_EnableFaultRecovery
                0x00000000       0x10 .\CortexM3\ARM_GCC_493\Release\Design02.a(CyLib.o)
 .text.CyXTAL_DisableFaultRecovery
                0x00000000       0x10 .\CortexM3\ARM_GCC_493\Release\Design02.a(CyLib.o)
 .text.CyXTAL_SetStartup
                0x00000000       0x18 .\CortexM3\ARM_GCC_493\Release\Design02.a(CyLib.o)
 .text.CyXTAL_SetFbVoltage
                0x00000000       0x18 .\CortexM3\ARM_GCC_493\Release\Design02.a(CyLib.o)
 .text.CyXTAL_SetWdVoltage
                0x00000000       0x18 .\CortexM3\ARM_GCC_493\Release\Design02.a(CyLib.o)
 .text.CyHalt   0x00000000        0x4 .\CortexM3\ARM_GCC_493\Release\Design02.a(CyLib.o)
 .text.CySoftwareReset
                0x00000000       0x10 .\CortexM3\ARM_GCC_493\Release\Design02.a(CyLib.o)
 .text.CyDelay  0x00000000       0x28 .\CortexM3\ARM_GCC_493\Release\Design02.a(CyLib.o)
 .text.CyDelayUs
                0x00000000       0x10 .\CortexM3\ARM_GCC_493\Release\Design02.a(CyLib.o)
 .text.CyXTAL_32KHZ_SetPowerMode
                0x00000000       0x6c .\CortexM3\ARM_GCC_493\Release\Design02.a(CyLib.o)
 .text.CyXTAL_32KHZ_Start
                0x00000000       0x6c .\CortexM3\ARM_GCC_493\Release\Design02.a(CyLib.o)
 .text.CyDelayFreq
                0x00000000       0x40 .\CortexM3\ARM_GCC_493\Release\Design02.a(CyLib.o)
 .text.CyWdtStart
                0x00000000       0x40 .\CortexM3\ARM_GCC_493\Release\Design02.a(CyLib.o)
 .text.CyWdtClear
                0x00000000        0xc .\CortexM3\ARM_GCC_493\Release\Design02.a(CyLib.o)
 .text.CyVdLvDigitEnable
                0x00000000       0x64 .\CortexM3\ARM_GCC_493\Release\Design02.a(CyLib.o)
 .text.CyVdLvAnalogEnable
                0x00000000       0x68 .\CortexM3\ARM_GCC_493\Release\Design02.a(CyLib.o)
 .text.CyVdLvDigitDisable
                0x00000000       0x24 .\CortexM3\ARM_GCC_493\Release\Design02.a(CyLib.o)
 .text.CyVdLvAnalogDisable
                0x00000000       0x24 .\CortexM3\ARM_GCC_493\Release\Design02.a(CyLib.o)
 .text.CyVdHvAnalogEnable
                0x00000000       0x44 .\CortexM3\ARM_GCC_493\Release\Design02.a(CyLib.o)
 .text.CyVdHvAnalogDisable
                0x00000000       0x10 .\CortexM3\ARM_GCC_493\Release\Design02.a(CyLib.o)
 .text.CyVdStickyStatus
                0x00000000       0x14 .\CortexM3\ARM_GCC_493\Release\Design02.a(CyLib.o)
 .text.CyVdRealTimeStatus
                0x00000000       0x18 .\CortexM3\ARM_GCC_493\Release\Design02.a(CyLib.o)
 .text.CyDisableInts
                0x00000000       0x1c .\CortexM3\ARM_GCC_493\Release\Design02.a(CyLib.o)
 .text.CyEnableInts
                0x00000000       0x18 .\CortexM3\ARM_GCC_493\Release\Design02.a(CyLib.o)
 .text.CyFlushCache
                0x00000000       0x44 .\CortexM3\ARM_GCC_493\Release\Design02.a(CyLib.o)
 .text.CyIntSetSysVector
                0x00000000       0x18 .\CortexM3\ARM_GCC_493\Release\Design02.a(CyLib.o)
 .text.CyIntGetSysVector
                0x00000000       0x14 .\CortexM3\ARM_GCC_493\Release\Design02.a(CyLib.o)
 .text.CyIntGetVector
                0x00000000       0x14 .\CortexM3\ARM_GCC_493\Release\Design02.a(CyLib.o)
 .text.CyIntGetPriority
                0x00000000       0x12 .\CortexM3\ARM_GCC_493\Release\Design02.a(CyLib.o)
 .text.CyIntGetState
                0x00000000       0x18 .\CortexM3\ARM_GCC_493\Release\Design02.a(CyLib.o)
 .text.CySysTickInit
                0x00000000       0x58 .\CortexM3\ARM_GCC_493\Release\Design02.a(CyLib.o)
 .text.CySysTickStop
                0x00000000       0x10 .\CortexM3\ARM_GCC_493\Release\Design02.a(CyLib.o)
 .text.CySysTickEnableInterrupt
                0x00000000       0x10 .\CortexM3\ARM_GCC_493\Release\Design02.a(CyLib.o)
 .text.CySysTickEnable
                0x00000000       0x18 .\CortexM3\ARM_GCC_493\Release\Design02.a(CyLib.o)
 .text.CySysTickStart
                0x00000000       0x1c .\CortexM3\ARM_GCC_493\Release\Design02.a(CyLib.o)
 .text.CySysTickDisableInterrupt
                0x00000000       0x10 .\CortexM3\ARM_GCC_493\Release\Design02.a(CyLib.o)
 .text.CySysTickSetReload
                0x00000000       0x10 .\CortexM3\ARM_GCC_493\Release\Design02.a(CyLib.o)
 .text.CySysTickGetReload
                0x00000000       0x10 .\CortexM3\ARM_GCC_493\Release\Design02.a(CyLib.o)
 .text.CySysTickGetValue
                0x00000000       0x14 .\CortexM3\ARM_GCC_493\Release\Design02.a(CyLib.o)
 .text.CySysTickSetClockSource
                0x00000000       0x18 .\CortexM3\ARM_GCC_493\Release\Design02.a(CyLib.o)
 .text.CySysTickGetCountFlag
                0x00000000       0x10 .\CortexM3\ARM_GCC_493\Release\Design02.a(CyLib.o)
 .text.CySysTickServiceCallbacks
                0x00000000       0x24 .\CortexM3\ARM_GCC_493\Release\Design02.a(CyLib.o)
 .text.CySysTickClear
                0x00000000        0xc .\CortexM3\ARM_GCC_493\Release\Design02.a(CyLib.o)
 .text.CySysTickSetCallback
                0x00000000       0x14 .\CortexM3\ARM_GCC_493\Release\Design02.a(CyLib.o)
 .text.CySysTickGetCallback
                0x00000000        0xc .\CortexM3\ARM_GCC_493\Release\Design02.a(CyLib.o)
 .text          0x00000000        0x0 .\CortexM3\ARM_GCC_493\Release\Design02.a(cyPm.o)
 .data          0x00000000        0x0 .\CortexM3\ARM_GCC_493\Release\Design02.a(cyPm.o)
 .bss           0x00000000       0x44 .\CortexM3\ARM_GCC_493\Release\Design02.a(cyPm.o)
 .text.CyPmHibSlpSaveSet
                0x00000000      0x1c0 .\CortexM3\ARM_GCC_493\Release\Design02.a(cyPm.o)
 .text.CyPmHibSlpRestore
                0x00000000       0xc0 .\CortexM3\ARM_GCC_493\Release\Design02.a(cyPm.o)
 .text.CyPmSaveClocks
                0x00000000      0x1e0 .\CortexM3\ARM_GCC_493\Release\Design02.a(cyPm.o)
 .text.CyPmRestoreClocks
                0x00000000      0x20c .\CortexM3\ARM_GCC_493\Release\Design02.a(cyPm.o)
 .text.CyPmAltAct
                0x00000000       0x60 .\CortexM3\ARM_GCC_493\Release\Design02.a(cyPm.o)
 .text.CyPmSleep
                0x00000000       0xe4 .\CortexM3\ARM_GCC_493\Release\Design02.a(cyPm.o)
 .text.CyPmHibernate
                0x00000000      0x264 .\CortexM3\ARM_GCC_493\Release\Design02.a(cyPm.o)
 .text.CyPmReadStatus
                0x00000000       0x2c .\CortexM3\ARM_GCC_493\Release\Design02.a(cyPm.o)
 .text.CyPmCtwSetInterval
                0x00000000       0x50 .\CortexM3\ARM_GCC_493\Release\Design02.a(cyPm.o)
 .text.CyPmOppsSet
                0x00000000       0x2c .\CortexM3\ARM_GCC_493\Release\Design02.a(cyPm.o)
 .text.CyPmFtwSetInterval
                0x00000000       0x50 .\CortexM3\ARM_GCC_493\Release\Design02.a(cyPm.o)
 .rodata        0x00000000        0xe .\CortexM3\ARM_GCC_493\Release\Design02.a(cyPm.o)
 .text          0x00000000        0x0 .\CortexM3\ARM_GCC_493\Release\Design02.a(UART_1.o)
 .data          0x00000000        0x0 .\CortexM3\ARM_GCC_493\Release\Design02.a(UART_1.o)
 .text.UART_1_Stop
                0x00000000       0x50 .\CortexM3\ARM_GCC_493\Release\Design02.a(UART_1.o)
 .text.UART_1_ReadControlRegister
                0x00000000        0x4 .\CortexM3\ARM_GCC_493\Release\Design02.a(UART_1.o)
 .text.UART_1_WriteControlRegister
                0x00000000        0x2 .\CortexM3\ARM_GCC_493\Release\Design02.a(UART_1.o)
 .text.UART_1_DisableRxInt
                0x00000000        0xc .\CortexM3\ARM_GCC_493\Release\Design02.a(UART_1.o)
 .text.UART_1_SetRxInterruptMode
                0x00000000        0xc .\CortexM3\ARM_GCC_493\Release\Design02.a(UART_1.o)
 .text.UART_1_ReadRxData
                0x00000000       0x58 .\CortexM3\ARM_GCC_493\Release\Design02.a(UART_1.o)
 .text.UART_1_ReadRxStatus
                0x00000000       0x20 .\CortexM3\ARM_GCC_493\Release\Design02.a(UART_1.o)
 .text.UART_1_GetChar
                0x00000000       0x74 .\CortexM3\ARM_GCC_493\Release\Design02.a(UART_1.o)
 .text.UART_1_GetByte
                0x00000000       0x14 .\CortexM3\ARM_GCC_493\Release\Design02.a(UART_1.o)
 .text.UART_1_GetRxBufferSize
                0x00000000       0x4c .\CortexM3\ARM_GCC_493\Release\Design02.a(UART_1.o)
 .text.UART_1_ClearRxBuffer
                0x00000000       0x44 .\CortexM3\ARM_GCC_493\Release\Design02.a(UART_1.o)
 .text.UART_1_SetRxAddressMode
                0x00000000        0x2 .\CortexM3\ARM_GCC_493\Release\Design02.a(UART_1.o)
 .text.UART_1_SetRxAddress1
                0x00000000        0xc .\CortexM3\ARM_GCC_493\Release\Design02.a(UART_1.o)
 .text.UART_1_SetRxAddress2
                0x00000000        0xc .\CortexM3\ARM_GCC_493\Release\Design02.a(UART_1.o)
 .text.UART_1_DisableTxInt
                0x00000000        0xc .\CortexM3\ARM_GCC_493\Release\Design02.a(UART_1.o)
 .text.UART_1_SetTxInterruptMode
                0x00000000        0xc .\CortexM3\ARM_GCC_493\Release\Design02.a(UART_1.o)
 .text.UART_1_ReadTxStatus
                0x00000000        0xc .\CortexM3\ARM_GCC_493\Release\Design02.a(UART_1.o)
 .text.UART_1_PutChar
                0x00000000       0x54 .\CortexM3\ARM_GCC_493\Release\Design02.a(UART_1.o)
 .text.UART_1_PutString
                0x00000000       0x24 .\CortexM3\ARM_GCC_493\Release\Design02.a(UART_1.o)
 .text.UART_1_PutArray
                0x00000000       0x24 .\CortexM3\ARM_GCC_493\Release\Design02.a(UART_1.o)
 .text.UART_1_PutCRLF
                0x00000000       0x24 .\CortexM3\ARM_GCC_493\Release\Design02.a(UART_1.o)
 .text.UART_1_GetTxBufferSize
                0x00000000       0x38 .\CortexM3\ARM_GCC_493\Release\Design02.a(UART_1.o)
 .text.UART_1_ClearTxBuffer
                0x00000000       0x40 .\CortexM3\ARM_GCC_493\Release\Design02.a(UART_1.o)
 .text.UART_1_SendBreak
                0x00000000       0x58 .\CortexM3\ARM_GCC_493\Release\Design02.a(UART_1.o)
 .text.UART_1_SetTxAddressMode
                0x00000000        0x2 .\CortexM3\ARM_GCC_493\Release\Design02.a(UART_1.o)
 .text          0x00000000        0x0 .\CortexM3\ARM_GCC_493\Release\Design02.a(UART_1_INT.o)
 .data          0x00000000        0x0 .\CortexM3\ARM_GCC_493\Release\Design02.a(UART_1_INT.o)
 .bss           0x00000000        0x0 .\CortexM3\ARM_GCC_493\Release\Design02.a(UART_1_INT.o)
 .text          0x00000000        0x0 .\CortexM3\ARM_GCC_493\Release\Design02.a(UART_1_IntClock.o)
 .data          0x00000000        0x0 .\CortexM3\ARM_GCC_493\Release\Design02.a(UART_1_IntClock.o)
 .bss           0x00000000        0x0 .\CortexM3\ARM_GCC_493\Release\Design02.a(UART_1_IntClock.o)
 .text.UART_1_IntClock_Stop
                0x00000000       0x18 .\CortexM3\ARM_GCC_493\Release\Design02.a(UART_1_IntClock.o)
 .text.UART_1_IntClock_StopBlock
                0x00000000       0x6c .\CortexM3\ARM_GCC_493\Release\Design02.a(UART_1_IntClock.o)
 .text.UART_1_IntClock_StandbyPower
                0x00000000       0x18 .\CortexM3\ARM_GCC_493\Release\Design02.a(UART_1_IntClock.o)
 .text.UART_1_IntClock_SetDividerRegister
                0x00000000       0xc8 .\CortexM3\ARM_GCC_493\Release\Design02.a(UART_1_IntClock.o)
 .text.UART_1_IntClock_GetDividerRegister
                0x00000000        0xc .\CortexM3\ARM_GCC_493\Release\Design02.a(UART_1_IntClock.o)
 .text.UART_1_IntClock_SetModeRegister
                0x00000000       0x14 .\CortexM3\ARM_GCC_493\Release\Design02.a(UART_1_IntClock.o)
 .text.UART_1_IntClock_ClearModeRegister
                0x00000000       0x14 .\CortexM3\ARM_GCC_493\Release\Design02.a(UART_1_IntClock.o)
 .text.UART_1_IntClock_GetModeRegister
                0x00000000       0x10 .\CortexM3\ARM_GCC_493\Release\Design02.a(UART_1_IntClock.o)
 .text.UART_1_IntClock_SetSourceRegister
                0x00000000       0x50 .\CortexM3\ARM_GCC_493\Release\Design02.a(UART_1_IntClock.o)
 .text.UART_1_IntClock_GetSourceRegister
                0x00000000       0x10 .\CortexM3\ARM_GCC_493\Release\Design02.a(UART_1_IntClock.o)
 .text          0x00000000        0x0 .\CortexM3\ARM_GCC_493\Release\Design02.a(System_Switch.o)
 .data          0x00000000        0x0 .\CortexM3\ARM_GCC_493\Release\Design02.a(System_Switch.o)
 .bss           0x00000000        0x0 .\CortexM3\ARM_GCC_493\Release\Design02.a(System_Switch.o)
 .text.System_Switch_Write
                0x00000000       0x18 .\CortexM3\ARM_GCC_493\Release\Design02.a(System_Switch.o)
 .text.System_Switch_SetDriveMode
                0x00000000       0x18 .\CortexM3\ARM_GCC_493\Release\Design02.a(System_Switch.o)
 .text.System_Switch_ReadDataReg
                0x00000000       0x10 .\CortexM3\ARM_GCC_493\Release\Design02.a(System_Switch.o)
 .text          0x00000000        0x0 .\CortexM3\ARM_GCC_493\Release\Design02.a(System_LED.o)
 .data          0x00000000        0x0 .\CortexM3\ARM_GCC_493\Release\Design02.a(System_LED.o)
 .bss           0x00000000        0x0 .\CortexM3\ARM_GCC_493\Release\Design02.a(System_LED.o)
 .text.System_LED_SetDriveMode
                0x00000000       0x18 .\CortexM3\ARM_GCC_493\Release\Design02.a(System_LED.o)
 .text.System_LED_ReadDataReg
                0x00000000       0x10 .\CortexM3\ARM_GCC_493\Release\Design02.a(System_LED.o)
 .text          0x00000000        0x0 .\CortexM3\ARM_GCC_493\Release\Design02.a(CyFlash.o)
 .data          0x00000000        0x0 .\CortexM3\ARM_GCC_493\Release\Design02.a(CyFlash.o)
 .bss           0x00000000        0x4 .\CortexM3\ARM_GCC_493\Release\Design02.a(CyFlash.o)
 .text.CyFlash_Start
                0x00000000       0x50 .\CortexM3\ARM_GCC_493\Release\Design02.a(CyFlash.o)
 .text.CyFlash_Stop
                0x00000000       0x24 .\CortexM3\ARM_GCC_493\Release\Design02.a(CyFlash.o)
 .text.CySetTemp
                0x00000000       0x90 .\CortexM3\ARM_GCC_493\Release\Design02.a(CyFlash.o)
 .text.CySetFlashEEBuffer
                0x00000000       0x2c .\CortexM3\ARM_GCC_493\Release\Design02.a(CyFlash.o)
 .text.CyWriteRowFull
                0x00000000       0xc4 .\CortexM3\ARM_GCC_493\Release\Design02.a(CyFlash.o)
 .text.CyWriteRowData
                0x00000000        0xe .\CortexM3\ARM_GCC_493\Release\Design02.a(CyFlash.o)
 .text.CyFlash_SetWaitCycles
                0x00000000       0x6c .\CortexM3\ARM_GCC_493\Release\Design02.a(CyFlash.o)
 .text.CyEEPROM_Start
                0x00000000       0x50 .\CortexM3\ARM_GCC_493\Release\Design02.a(CyFlash.o)
 .text.CyEEPROM_Stop
                0x00000000       0x24 .\CortexM3\ARM_GCC_493\Release\Design02.a(CyFlash.o)
 .text.CyEEPROM_ReadReserve
                0x00000000       0x18 .\CortexM3\ARM_GCC_493\Release\Design02.a(CyFlash.o)
 .text.CyEEPROM_ReadRelease
                0x00000000       0x10 .\CortexM3\ARM_GCC_493\Release\Design02.a(CyFlash.o)
 COMMON         0x00000000        0x2 .\CortexM3\ARM_GCC_493\Release\Design02.a(CyFlash.o)
 .text          0x00000000        0x0 .\CortexM3\ARM_GCC_493\Release\Design02.a(CySpc.o)
 .data          0x00000000        0x0 .\CortexM3\ARM_GCC_493\Release\Design02.a(CySpc.o)
 .bss           0x00000000        0x8 .\CortexM3\ARM_GCC_493\Release\Design02.a(CySpc.o)
 .text.CySpcStart
                0x00000000       0x24 .\CortexM3\ARM_GCC_493\Release\Design02.a(CySpc.o)
 .text.CySpcStop
                0x00000000       0x24 .\CortexM3\ARM_GCC_493\Release\Design02.a(CySpc.o)
 .text.CySpcReadData
                0x00000000       0x34 .\CortexM3\ARM_GCC_493\Release\Design02.a(CySpc.o)
 .text.CySpcLoadMultiByte
                0x00000000       0x6c .\CortexM3\ARM_GCC_493\Release\Design02.a(CySpc.o)
 .text.CySpcLoadRow
                0x00000000       0x48 .\CortexM3\ARM_GCC_493\Release\Design02.a(CySpc.o)
 .text.CySpcLoadRowFull
                0x00000000       0x6c .\CortexM3\ARM_GCC_493\Release\Design02.a(CySpc.o)
 .text.CySpcWriteRow
                0x00000000       0x40 .\CortexM3\ARM_GCC_493\Release\Design02.a(CySpc.o)
 .text.CySpcEraseSector
                0x00000000       0x38 .\CortexM3\ARM_GCC_493\Release\Design02.a(CySpc.o)
 .text.CySpcGetTemp
                0x00000000       0x34 .\CortexM3\ARM_GCC_493\Release\Design02.a(CySpc.o)
 .text.CySpcLock
                0x00000000       0x40 .\CortexM3\ARM_GCC_493\Release\Design02.a(CySpc.o)
 .text.CySpcUnlock
                0x00000000       0x34 .\CortexM3\ARM_GCC_493\Release\Design02.a(CySpc.o)
 .text.CySpcGetAlgorithm
                0x00000000       0x28 .\CortexM3\ARM_GCC_493\Release\Design02.a(CySpc.o)
 .text          0x00000000        0x0 c:/program files/cypress/psoc creator/3.3/psoc creator/import/gnu/arm/4.9.3/bin/../lib/gcc/arm-none-eabi/4.9.3/../../../../arm-none-eabi/lib/armv7-m\libg_nano.a(lib_a-errno.o)
 .data          0x00000000        0x0 c:/program files/cypress/psoc creator/3.3/psoc creator/import/gnu/arm/4.9.3/bin/../lib/gcc/arm-none-eabi/4.9.3/../../../../arm-none-eabi/lib/armv7-m\libg_nano.a(lib_a-errno.o)
 .bss           0x00000000        0x0 c:/program files/cypress/psoc creator/3.3/psoc creator/import/gnu/arm/4.9.3/bin/../lib/gcc/arm-none-eabi/4.9.3/../../../../arm-none-eabi/lib/armv7-m\libg_nano.a(lib_a-errno.o)
 .text.__errno  0x00000000        0xc c:/program files/cypress/psoc creator/3.3/psoc creator/import/gnu/arm/4.9.3/bin/../lib/gcc/arm-none-eabi/4.9.3/../../../../arm-none-eabi/lib/armv7-m\libg_nano.a(lib_a-errno.o)
 .text          0x00000000        0x0 c:/program files/cypress/psoc creator/3.3/psoc creator/import/gnu/arm/4.9.3/bin/../lib/gcc/arm-none-eabi/4.9.3/../../../../arm-none-eabi/lib/armv7-m\libg_nano.a(lib_a-exit.o)
 .data          0x00000000        0x0 c:/program files/cypress/psoc creator/3.3/psoc creator/import/gnu/arm/4.9.3/bin/../lib/gcc/arm-none-eabi/4.9.3/../../../../arm-none-eabi/lib/armv7-m\libg_nano.a(lib_a-exit.o)
 .bss           0x00000000        0x0 c:/program files/cypress/psoc creator/3.3/psoc creator/import/gnu/arm/4.9.3/bin/../lib/gcc/arm-none-eabi/4.9.3/../../../../arm-none-eabi/lib/armv7-m\libg_nano.a(lib_a-exit.o)
 .text.exit     0x00000000       0x28 c:/program files/cypress/psoc creator/3.3/psoc creator/import/gnu/arm/4.9.3/bin/../lib/gcc/arm-none-eabi/4.9.3/../../../../arm-none-eabi/lib/armv7-m\libg_nano.a(lib_a-exit.o)
 .text          0x00000000        0x0 c:/program files/cypress/psoc creator/3.3/psoc creator/import/gnu/arm/4.9.3/bin/../lib/gcc/arm-none-eabi/4.9.3/../../../../arm-none-eabi/lib/armv7-m\libg_nano.a(lib_a-impure.o)
 .data          0x00000000        0x0 c:/program files/cypress/psoc creator/3.3/psoc creator/import/gnu/arm/4.9.3/bin/../lib/gcc/arm-none-eabi/4.9.3/../../../../arm-none-eabi/lib/armv7-m\libg_nano.a(lib_a-impure.o)
 .bss           0x00000000        0x0 c:/program files/cypress/psoc creator/3.3/psoc creator/import/gnu/arm/4.9.3/bin/../lib/gcc/arm-none-eabi/4.9.3/../../../../arm-none-eabi/lib/armv7-m\libg_nano.a(lib_a-impure.o)
 .data.impure_data
                0x00000000       0x60 c:/program files/cypress/psoc creator/3.3/psoc creator/import/gnu/arm/4.9.3/bin/../lib/gcc/arm-none-eabi/4.9.3/../../../../arm-none-eabi/lib/armv7-m\libg_nano.a(lib_a-impure.o)
 .data._impure_ptr
                0x00000000        0x4 c:/program files/cypress/psoc creator/3.3/psoc creator/import/gnu/arm/4.9.3/bin/../lib/gcc/arm-none-eabi/4.9.3/../../../../arm-none-eabi/lib/armv7-m\libg_nano.a(lib_a-impure.o)
 .rodata.str1.1
                0x00000000        0x2 c:/program files/cypress/psoc creator/3.3/psoc creator/import/gnu/arm/4.9.3/bin/../lib/gcc/arm-none-eabi/4.9.3/../../../../arm-none-eabi/lib/armv7-m\libg_nano.a(lib_a-impure.o)
 .rodata._global_impure_ptr
                0x00000000        0x4 c:/program files/cypress/psoc creator/3.3/psoc creator/import/gnu/arm/4.9.3/bin/../lib/gcc/arm-none-eabi/4.9.3/../../../../arm-none-eabi/lib/armv7-m\libg_nano.a(lib_a-impure.o)
 .text          0x00000000        0x0 c:/program files/cypress/psoc creator/3.3/psoc creator/import/gnu/arm/4.9.3/bin/../lib/gcc/arm-none-eabi/4.9.3/../../../../arm-none-eabi/lib/armv7-m\libg_nano.a(lib_a-init.o)
 .data          0x00000000        0x0 c:/program files/cypress/psoc creator/3.3/psoc creator/import/gnu/arm/4.9.3/bin/../lib/gcc/arm-none-eabi/4.9.3/../../../../arm-none-eabi/lib/armv7-m\libg_nano.a(lib_a-init.o)
 .bss           0x00000000        0x0 c:/program files/cypress/psoc creator/3.3/psoc creator/import/gnu/arm/4.9.3/bin/../lib/gcc/arm-none-eabi/4.9.3/../../../../arm-none-eabi/lib/armv7-m\libg_nano.a(lib_a-init.o)
 .text          0x00000000        0x0 c:/program files/cypress/psoc creator/3.3/psoc creator/import/gnu/arm/4.9.3/bin/../lib/gcc/arm-none-eabi/4.9.3/../../../../arm-none-eabi/lib/armv7-m\libg_nano.a(lib_a-memset.o)
 .data          0x00000000        0x0 c:/program files/cypress/psoc creator/3.3/psoc creator/import/gnu/arm/4.9.3/bin/../lib/gcc/arm-none-eabi/4.9.3/../../../../arm-none-eabi/lib/armv7-m\libg_nano.a(lib_a-memset.o)
 .bss           0x00000000        0x0 c:/program files/cypress/psoc creator/3.3/psoc creator/import/gnu/arm/4.9.3/bin/../lib/gcc/arm-none-eabi/4.9.3/../../../../arm-none-eabi/lib/armv7-m\libg_nano.a(lib_a-memset.o)
 .text          0x00000000        0x0 c:/program files/cypress/psoc creator/3.3/psoc creator/import/gnu/arm/4.9.3/bin/../lib/gcc/arm-none-eabi/4.9.3/armv7-m/crtend.o
 .data          0x00000000        0x0 c:/program files/cypress/psoc creator/3.3/psoc creator/import/gnu/arm/4.9.3/bin/../lib/gcc/arm-none-eabi/4.9.3/armv7-m/crtend.o
 .bss           0x00000000        0x0 c:/program files/cypress/psoc creator/3.3/psoc creator/import/gnu/arm/4.9.3/bin/../lib/gcc/arm-none-eabi/4.9.3/armv7-m/crtend.o
 .text          0x00000000        0x0 c:/program files/cypress/psoc creator/3.3/psoc creator/import/gnu/arm/4.9.3/bin/../lib/gcc/arm-none-eabi/4.9.3/armv7-m/crtn.o
 .data          0x00000000        0x0 c:/program files/cypress/psoc creator/3.3/psoc creator/import/gnu/arm/4.9.3/bin/../lib/gcc/arm-none-eabi/4.9.3/armv7-m/crtn.o
 .bss           0x00000000        0x0 c:/program files/cypress/psoc creator/3.3/psoc creator/import/gnu/arm/4.9.3/bin/../lib/gcc/arm-none-eabi/4.9.3/armv7-m/crtn.o

Memory Configuration

Name             Origin             Length             Attributes
rom              0x00000000         0x00040000         xr
ram              0x1fff8000         0x00010000         xrw
*default*        0x00000000         0xffffffff

Linker script and memory map

LOAD c:/program files/cypress/psoc creator/3.3/psoc creator/import/gnu/arm/4.9.3/bin/../lib/gcc/arm-none-eabi/4.9.3/armv7-m/crti.o
LOAD c:/program files/cypress/psoc creator/3.3/psoc creator/import/gnu/arm/4.9.3/bin/../lib/gcc/arm-none-eabi/4.9.3/armv7-m/crtbegin.o
LOAD c:/program files/cypress/psoc creator/3.3/psoc creator/import/gnu/arm/4.9.3/bin/../lib/gcc/arm-none-eabi/4.9.3/../../../../arm-none-eabi/lib/armv7-m/crt0.o
START GROUP
LOAD .\CortexM3\ARM_GCC_493\Release\os_kernel.o
LOAD .\CortexM3\ARM_GCC_493\Release\uart.o
LOAD .\CortexM3\ARM_GCC_493\Release\dio.o
LOAD .\CortexM3\ARM_GCC_493\Release\wifi.o
LOAD .\CortexM3\ARM_GCC_493\Release\imu_i2c.o
LOAD .\CortexM3\ARM_GCC_493\Release\bt_module.o
LOAD .\CortexM3\ARM_GCC_493\Release\main.o
LOAD .\CortexM3\ARM_GCC_493\Release\app_1.o
LOAD .\CortexM3\ARM_GCC_493\Release\cymetadata.o
LOAD .\CortexM3\ARM_GCC_493\Release\Cm3Start.o
LOAD .\CortexM3\ARM_GCC_493\Release\Design02.a
LOAD C:\Program Files\Cypress\PSoC Creator\3.3\PSoC Creator\psoc\content\cycomponentlibrary\CyComponentLibrary.cylib\CortexM3\ARM_GCC_493\Release\CyComponentLibrary.a
END GROUP
START GROUP
LOAD c:/program files/cypress/psoc creator/3.3/psoc creator/import/gnu/arm/4.9.3/bin/../lib/gcc/arm-none-eabi/4.9.3/armv7-m\libgcc.a
LOAD c:/program files/cypress/psoc creator/3.3/psoc creator/import/gnu/arm/4.9.3/bin/../lib/gcc/arm-none-eabi/4.9.3/../../../../arm-none-eabi/lib/armv7-m\libg_nano.a
LOAD c:/program files/cypress/psoc creator/3.3/psoc creator/import/gnu/arm/4.9.3/bin/../lib/gcc/arm-none-eabi/4.9.3/../../../../arm-none-eabi/lib/armv7-m\libc_nano.a
END GROUP
START GROUP
LOAD c:/program files/cypress/psoc creator/3.3/psoc creator/import/gnu/arm/4.9.3/bin/../lib/gcc/arm-none-eabi/4.9.3/armv7-m\libgcc.a
LOAD c:/program files/cypress/psoc creator/3.3/psoc creator/import/gnu/arm/4.9.3/bin/../lib/gcc/arm-none-eabi/4.9.3/../../../../arm-none-eabi/lib/armv7-m\libc_nano.a
END GROUP
LOAD c:/program files/cypress/psoc creator/3.3/psoc creator/import/gnu/arm/4.9.3/bin/../lib/gcc/arm-none-eabi/4.9.3/armv7-m/crtend.o
LOAD c:/program files/cypress/psoc creator/3.3/psoc creator/import/gnu/arm/4.9.3/bin/../lib/gcc/arm-none-eabi/4.9.3/armv7-m/crtn.o
START GROUP
LOAD c:/program files/cypress/psoc creator/3.3/psoc creator/import/gnu/arm/4.9.3/bin/../lib/gcc/arm-none-eabi/4.9.3/armv7-m\libgcc.a
LOAD c:/program files/cypress/psoc creator/3.3/psoc creator/import/gnu/arm/4.9.3/bin/../lib/gcc/arm-none-eabi/4.9.3/../../../../arm-none-eabi/lib/armv7-m\libc.a
LOAD c:/program files/cypress/psoc creator/3.3/psoc creator/import/gnu/arm/4.9.3/bin/../lib/gcc/arm-none-eabi/4.9.3/../../../../arm-none-eabi/lib/armv7-m\libnosys.a
END GROUP
                0x00000000                CY_APPL_ORIGIN = 0x0
                0x00000100                CY_FLASH_ROW_SIZE = 0x100
                0x00000020                CY_ECC_ROW_SIZE = 0x20
                0x00000000                CY_EE_IN_BTLDR = 0x0
                0x00000000                CY_APPL_LOADABLE = 0x0
                0x00000800                CY_EE_SIZE = 0x800
                0x00000001                CY_APPL_NUM = 0x1
                0x00000001                CY_APPL_MAX = 0x1
                0x00000040                CY_METADATA_SIZE = 0x40
                0x1fff81b0                PROVIDE (__cy_heap_start, _end)
                0x00000001                PROVIDE (__cy_region_num, ((__cy_regions_end - __cy_regions) / 0x10))
                0x20008000                PROVIDE (__cy_stack, (ORIGIN (ram) + 0x10000))
                0x20007800                PROVIDE (__cy_heap_end, (__cy_stack - 0x800))

.cybootloader   0x00000000        0x0
 *(.cybootloader)
                0x00000000                appl1_start = CY_APPL_ORIGIN?CY_APPL_ORIGIN:ALIGN (CY_FLASH_ROW_SIZE)
                0x0001ff00                appl2_start = (appl1_start + ALIGN ((((0x40000 - appl1_start) - (0x2 * CY_FLASH_ROW_SIZE)) / 0x2), CY_FLASH_ROW_SIZE))
                0x00000000                appl_start = (CY_APPL_NUM == 0x1)?appl1_start:appl2_start
                0x00000000                ecc_offset = ((appl_start / CY_FLASH_ROW_SIZE) * CY_ECC_ROW_SIZE)
                0x00000000                ee_offset = (CY_APPL_LOADABLE && ! (CY_EE_IN_BTLDR))?((CY_EE_SIZE / CY_APPL_MAX) * (CY_APPL_NUM - 0x1)):0x0
                0x00000800                ee_size = (CY_APPL_LOADABLE && ! (CY_EE_IN_BTLDR))?(CY_EE_SIZE / CY_APPL_MAX):CY_EE_SIZE
                0x00000000                PROVIDE (CY_ECC_OFFSET, ecc_offset)

.text           0x00000000      0x95c
 CREATE_OBJECT_SYMBOLS
                0x00000000                PROVIDE (__cy_interrupt_vector, RomVectors)
 *(.romvectors)
 .romvectors    0x00000000       0x10 .\CortexM3\ARM_GCC_493\Release\Cm3Start.o
                0x00000000                RomVectors
                0x00000001                ASSERT ((. != __cy_interrupt_vector), No interrupt vector)
                0x00000001                ASSERT (CY_APPL_ORIGIN?(SIZEOF (.cybootloader) <= CY_APPL_ORIGIN):0x1, Wrong image location)
                0x00000010                PROVIDE (__cy_reset, Reset)
 *(.text.Reset)
 .text.Reset    0x00000010       0x18 .\CortexM3\ARM_GCC_493\Release\Cm3Start.o
                0x00000010                Reset
                0x00000001                ASSERT ((. != __cy_reset), No reset code)
 *(.dma_init)
                0x00000001                ASSERT ((((appl_start + .) <= 0x10000) || 0x1), DMA Init must be within the first 64k of flash)
 *(.text .text.* .gnu.linkonce.t.*)
 .text          0x00000028       0x5c c:/program files/cypress/psoc creator/3.3/psoc creator/import/gnu/arm/4.9.3/bin/../lib/gcc/arm-none-eabi/4.9.3/armv7-m/crtbegin.o
 .text.Sw_Timer_Updator
                0x00000084       0x34 .\CortexM3\ARM_GCC_493\Release\os_kernel.o
                0x00000084                Sw_Timer_Updator
 .text.Co_Op_1ms_Interrupt
                0x000000b8       0x90 .\CortexM3\ARM_GCC_493\Release\os_kernel.o
                0x000000b8                Co_Op_1ms_Interrupt
 .text.Os_Ini   0x00000148       0x18 .\CortexM3\ARM_GCC_493\Release\os_kernel.o
                0x00000148                Os_Ini
 .text.kernel   0x00000160       0x6c .\CortexM3\ARM_GCC_493\Release\os_kernel.o
                0x00000160                kernel
 .text.Kernel_vRunContainer
                0x000001cc       0x10 .\CortexM3\ARM_GCC_493\Release\os_kernel.o
                0x000001cc                Kernel_vRunContainer
 .text.Uart_Ini
                0x000001dc       0x12 .\CortexM3\ARM_GCC_493\Release\uart.o
                0x000001dc                Uart_Ini
 *fill*         0x000001ee        0x2 
 .text.Api_Led_Control
                0x000001f0        0xc .\CortexM3\ARM_GCC_493\Release\dio.o
                0x000001f0                Api_Led_Control
 .text.Led_Manager
                0x000001fc       0x3c .\CortexM3\ARM_GCC_493\Release\dio.o
                0x000001fc                Led_Manager
 .text.Switch_Manager
                0x00000238       0x2c .\CortexM3\ARM_GCC_493\Release\dio.o
                0x00000238                Switch_Manager
 .text.Api_Get_Switch_Status
                0x00000264       0x10 .\CortexM3\ARM_GCC_493\Release\dio.o
                0x00000264                Api_Get_Switch_Status
 .text.startup.main
                0x00000274       0x18 .\CortexM3\ARM_GCC_493\Release\main.o
                0x00000274                main
 .text.app_test_led_uart_switch
                0x0000028c       0x2a .\CortexM3\ARM_GCC_493\Release\app_1.o
                0x0000028c                app_test_led_uart_switch
 .text.IntDefaultHandler
                0x000002b6        0x2 .\CortexM3\ARM_GCC_493\Release\Cm3Start.o
                0x000002b6                IntDefaultHandler
 .text.Start_c  0x000002b8       0x50 .\CortexM3\ARM_GCC_493\Release\Cm3Start.o
                0x000002b8                Start_c
 .text.startup.initialize_psoc
                0x00000308       0x70 .\CortexM3\ARM_GCC_493\Release\Cm3Start.o
                0x00000308                initialize_psoc
 .text.cyfitter_cfg
                0x00000378      0x230 .\CortexM3\ARM_GCC_493\Release\Design02.a(cyfitter_cfg.o)
                0x00000378                cyfitter_cfg
 .text.TMR_Os_Tmr_Co_Op_Init
                0x000005a8       0x60 .\CortexM3\ARM_GCC_493\Release\Design02.a(TMR_Os_Tmr_Co_Op.o)
                0x000005a8                TMR_Os_Tmr_Co_Op_Init
 .text.TMR_Os_Tmr_Co_Op_Enable
                0x00000608       0x24 .\CortexM3\ARM_GCC_493\Release\Design02.a(TMR_Os_Tmr_Co_Op.o)
                0x00000608                TMR_Os_Tmr_Co_Op_Enable
 .text.TMR_Os_Tmr_Co_Op_Start
                0x0000062c       0x1c .\CortexM3\ARM_GCC_493\Release\Design02.a(TMR_Os_Tmr_Co_Op.o)
                0x0000062c                TMR_Os_Tmr_Co_Op_Start
 .text.TMR_Os_Tmr_Co_Op_ReadStatusRegister
                0x00000648        0xc .\CortexM3\ARM_GCC_493\Release\Design02.a(TMR_Os_Tmr_Co_Op.o)
                0x00000648                TMR_Os_Tmr_Co_Op_ReadStatusRegister
 .text.ISR_Co_Op_1ms_StartEx
                0x00000654       0x2c .\CortexM3\ARM_GCC_493\Release\Design02.a(ISR_Co_Op_1ms.o)
                0x00000654                ISR_Co_Op_1ms_StartEx
 .text          0x00000680       0x20 .\CortexM3\ARM_GCC_493\Release\Design02.a(CyBootAsmGnu.o)
                0x00000680                CyDelayCycles
                0x00000690                CyEnterCriticalSection
                0x00000698                CyExitCriticalSection
 .text.CyIntSetVector
                0x000006a0       0x1c .\CortexM3\ARM_GCC_493\Release\Design02.a(CyLib.o)
                0x000006a0                CyIntSetVector
 .text.CyIntSetPriority
                0x000006bc       0x14 .\CortexM3\ARM_GCC_493\Release\Design02.a(CyLib.o)
                0x000006bc                CyIntSetPriority
 .text.UART_1_Init
                0x000006d0       0x50 .\CortexM3\ARM_GCC_493\Release\Design02.a(UART_1.o)
                0x000006d0                UART_1_Init
 .text.UART_1_Enable
                0x00000720       0x48 .\CortexM3\ARM_GCC_493\Release\Design02.a(UART_1.o)
                0x00000720                UART_1_Enable
 .text.UART_1_Start
                0x00000768       0x1c .\CortexM3\ARM_GCC_493\Release\Design02.a(UART_1.o)
                0x00000768                UART_1_Start
 .text.UART_1_EnableRxInt
                0x00000784        0xc .\CortexM3\ARM_GCC_493\Release\Design02.a(UART_1.o)
                0x00000784                UART_1_EnableRxInt
 .text.UART_1_EnableTxInt
                0x00000790        0xc .\CortexM3\ARM_GCC_493\Release\Design02.a(UART_1.o)
                0x00000790                UART_1_EnableTxInt
 .text.UART_1_WriteTxData
                0x0000079c       0x58 .\CortexM3\ARM_GCC_493\Release\Design02.a(UART_1.o)
                0x0000079c                UART_1_WriteTxData
 .text.UART_1_RXISR
                0x000007f4       0x70 .\CortexM3\ARM_GCC_493\Release\Design02.a(UART_1_INT.o)
                0x000007f4                UART_1_RXISR
 .text.UART_1_TXISR
                0x00000864       0x4c .\CortexM3\ARM_GCC_493\Release\Design02.a(UART_1_INT.o)
                0x00000864                UART_1_TXISR
 .text.UART_1_IntClock_Start
                0x000008b0       0x18 .\CortexM3\ARM_GCC_493\Release\Design02.a(UART_1_IntClock.o)
                0x000008b0                UART_1_IntClock_Start
 .text.System_Switch_Read
                0x000008c8       0x10 .\CortexM3\ARM_GCC_493\Release\Design02.a(System_Switch.o)
                0x000008c8                System_Switch_Read
 .text.System_LED_Write
                0x000008d8       0x18 .\CortexM3\ARM_GCC_493\Release\Design02.a(System_LED.o)
                0x000008d8                System_LED_Write
 .text.System_LED_Read
                0x000008f0       0x10 .\CortexM3\ARM_GCC_493\Release\Design02.a(System_LED.o)
                0x000008f0                System_LED_Read
 .text.__libc_init_array
                0x00000900       0x4c c:/program files/cypress/psoc creator/3.3/psoc creator/import/gnu/arm/4.9.3/bin/../lib/gcc/arm-none-eabi/4.9.3/../../../../arm-none-eabi/lib/armv7-m\libg_nano.a(lib_a-init.o)
                0x00000900                __libc_init_array
 .text.memset   0x0000094c       0x10 c:/program files/cypress/psoc creator/3.3/psoc creator/import/gnu/arm/4.9.3/bin/../lib/gcc/arm-none-eabi/4.9.3/../../../../arm-none-eabi/lib/armv7-m\libg_nano.a(lib_a-memset.o)
                0x0000094c                memset
 *(.plt)
 *(.gnu.warning)
 *(.glue_7t)
 .glue_7t       0x00000000        0x0 linker stubs
 *(.glue_7)
 .glue_7        0x00000000        0x0 linker stubs
 *(.vfp11_veneer)
 .vfp11_veneer  0x00000000        0x0 linker stubs
 *(.bootloader)
 *(.ARM.extab* .gnu.linkonce.armextab.*)
 *(.gcc_except_table)

.v4_bx          0x0000095c        0x0
 .v4_bx         0x00000000        0x0 linker stubs

.iplt           0x0000095c        0x0
 .iplt          0x00000000        0x0 c:/program files/cypress/psoc creator/3.3/psoc creator/import/gnu/arm/4.9.3/bin/../lib/gcc/arm-none-eabi/4.9.3/armv7-m/crtbegin.o

.eh_frame_hdr
 *(.eh_frame_hdr)

.eh_frame       0x0000095c        0x4
 *(.eh_frame)
 .eh_frame      0x0000095c        0x0 c:/program files/cypress/psoc creator/3.3/psoc creator/import/gnu/arm/4.9.3/bin/../lib/gcc/arm-none-eabi/4.9.3/armv7-m/crtbegin.o
 .eh_frame      0x0000095c        0x4 c:/program files/cypress/psoc creator/3.3/psoc creator/import/gnu/arm/4.9.3/bin/../lib/gcc/arm-none-eabi/4.9.3/armv7-m/crtend.o
                0x00000960                PROVIDE (__exidx_start, .)

.ARM.exidx
 *(.ARM.exidx* .gnu.linkonce.armexidx.*)
                0x00000960                __exidx_end = .

.rodata         0x00000960       0xa8
 *(.rodata .rodata.* .gnu.linkonce.r.*)
 .rodata        0x00000960       0x34 .\CortexM3\ARM_GCC_493\Release\os_kernel.o
                0x00000960                Os_Back_Ground_Task
                0x00000968                Os_1000ms_Task
                0x0000096c                Os_200ms_Task
                0x00000974                Os_100ms_Task
                0x00000980                Os_50ms_Task
                0x00000984                Os_10ms_Task
                0x00000988                Kernel_vHWIni
 .rodata        0x00000994       0x3c .\CortexM3\ARM_GCC_493\Release\Design02.a(cyfitter_cfg.o)
                0x000009d0                . = ALIGN (0x4)
 *(.init)
 .init          0x000009d0        0x4 c:/program files/cypress/psoc creator/3.3/psoc creator/import/gnu/arm/4.9.3/bin/../lib/gcc/arm-none-eabi/4.9.3/armv7-m/crti.o
                0x000009d0                _init
 .init          0x000009d4        0x8 c:/program files/cypress/psoc creator/3.3/psoc creator/import/gnu/arm/4.9.3/bin/../lib/gcc/arm-none-eabi/4.9.3/armv7-m/crtn.o
                0x000009dc                . = ALIGN (0x4)
                0x000009dc                __preinit_array_start = .
 *(.preinit_array)
                0x000009dc                __preinit_array_end = .
                0x000009dc                . = ALIGN (0x4)
                0x000009dc                __init_array_start = .
 *(SORT(.init_array.*))
 *(.init_array)
 .init_array    0x000009dc        0x4 c:/program files/cypress/psoc creator/3.3/psoc creator/import/gnu/arm/4.9.3/bin/../lib/gcc/arm-none-eabi/4.9.3/armv7-m/crtbegin.o
 .init_array    0x000009e0        0x4 .\CortexM3\ARM_GCC_493\Release\Cm3Start.o
                0x000009e4                __init_array_end = .
                0x000009e4                . = ALIGN (0x4)
 *(.fini)
 .fini          0x000009e4        0x4 c:/program files/cypress/psoc creator/3.3/psoc creator/import/gnu/arm/4.9.3/bin/../lib/gcc/arm-none-eabi/4.9.3/armv7-m/crti.o
                0x000009e4                _fini
 .fini          0x000009e8        0x8 c:/program files/cypress/psoc creator/3.3/psoc creator/import/gnu/arm/4.9.3/bin/../lib/gcc/arm-none-eabi/4.9.3/armv7-m/crtn.o
                0x000009f0                . = ALIGN (0x4)
                0x000009f0                __fini_array_start = .
 *(.fini_array)
 .fini_array    0x000009f0        0x4 c:/program files/cypress/psoc creator/3.3/psoc creator/import/gnu/arm/4.9.3/bin/../lib/gcc/arm-none-eabi/4.9.3/armv7-m/crtbegin.o
 *(SORT(.fini_array.*))
                0x000009f4                __fini_array_end = .
                0x000009f4                . = ALIGN (0x4)
 *crtbegin.o(.ctors)
 *(EXCLUDE_FILE(*crtend.o) .ctors)
 *(SORT(.ctors.*))
 *crtend.o(.ctors)
                0x000009f4                . = ALIGN (0x4)
 *crtbegin.o(.dtors)
 *(EXCLUDE_FILE(*crtend.o) .dtors)
 *(SORT(.dtors.*))
 *crtend.o(.dtors)
                0x000009f4                . = ALIGN (0x4)
                0x000009f4                __cy_regions = .
                0x000009f4        0x4 LONG 0xa08 __cy_region_init_ram
                0x000009f8        0x4 LONG 0x1fff8108 __cy_region_start_data
                0x000009fc        0x4 LONG 0x48 __cy_region_init_size_ram
                0x00000a00        0x4 LONG 0x60 __cy_region_zero_size_ram
                0x00000a04                __cy_regions_end = .
                0x00000a08                . = ALIGN (0x8)
 *fill*         0x00000a04        0x4 
                0x00000a08                _etext = .

.ramvectors     0x1fff8000      0x100
                0x1fff8000                __cy_region_start_ram = .
 *(.ramvectors)
 .ramvectors    0x1fff8000      0x100 .\CortexM3\ARM_GCC_493\Release\Cm3Start.o
                0x1fff8000                CyRamVectors

.noinit         0x1fff8100        0x5
 *(.noinit)
 .noinit        0x1fff8100        0x4 .\CortexM3\ARM_GCC_493\Release\Cm3Start.o
 .noinit        0x1fff8104        0x1 .\CortexM3\ARM_GCC_493\Release\Design02.a(CyLib.o)
                0x1fff8104                CyResetStatus

.data           0x1fff8108       0x48 load address 0x00000a08
                0x1fff8108                __cy_region_start_data = .
 *(.jcr)
 .jcr           0x1fff8108        0x0 c:/program files/cypress/psoc creator/3.3/psoc creator/import/gnu/arm/4.9.3/bin/../lib/gcc/arm-none-eabi/4.9.3/armv7-m/crtbegin.o
 .jcr           0x1fff8108        0x4 c:/program files/cypress/psoc creator/3.3/psoc creator/import/gnu/arm/4.9.3/bin/../lib/gcc/arm-none-eabi/4.9.3/armv7-m/crtend.o
 *(.got.plt)
 *(.got)
 *(.shdata)
 *(.data .data.* .gnu.linkonce.d.*)
 .data          0x1fff810c       0x2c .\CortexM3\ARM_GCC_493\Release\os_kernel.o
                0x1fff810c                Nano_Os
 .data          0x1fff8138       0x14 .\CortexM3\ARM_GCC_493\Release\dio.o
                0x1fff8138                DioCon
                0x1fff8150                . = ALIGN (0x8)
 *fill*         0x1fff814c        0x4 
 *(.ram)
                0x1fff8150                _edata = .

.igot.plt       0x1fff8150        0x0 load address 0x00000a50
 .igot.plt      0x00000000        0x0 c:/program files/cypress/psoc creator/3.3/psoc creator/import/gnu/arm/4.9.3/bin/../lib/gcc/arm-none-eabi/4.9.3/armv7-m/crtbegin.o

.bss            0x1fff8150       0x60 load address 0x00000a50
                0x1fff8150                PROVIDE (__bss_start__, .)
 *(.shbss)
 *(.bss .bss.* .gnu.linkonce.b.*)
 .bss           0x1fff8150       0x1c c:/program files/cypress/psoc creator/3.3/psoc creator/import/gnu/arm/4.9.3/bin/../lib/gcc/arm-none-eabi/4.9.3/armv7-m/crtbegin.o
 .bss           0x1fff816c        0x3 .\CortexM3\ARM_GCC_493\Release\os_kernel.o
 .bss           0x1fff816f        0x1 .\CortexM3\ARM_GCC_493\Release\Design02.a(TMR_Os_Tmr_Co_Op.o)
                0x1fff816f                TMR_Os_Tmr_Co_Op_initVar
 .bss           0x1fff8170        0x8 .\CortexM3\ARM_GCC_493\Release\Design02.a(UART_1.o)
                0x1fff8170                UART_1_initVar
                0x1fff8171                UART_1_rxBufferRead
                0x1fff8172                UART_1_rxBufferWrite
                0x1fff8173                UART_1_rxBufferLoopDetect
                0x1fff8174                UART_1_rxBufferOverflow
                0x1fff8175                UART_1_txBufferRead
                0x1fff8176                UART_1_txBufferWrite
 *(COMMON)
 COMMON         0x1fff8178       0x15 .\CortexM3\ARM_GCC_493\Release\os_kernel.o
                0x1fff8178                Kernel_stTimer
                0x1fff8188                Os_Task_Ptr_Temp
                0x1fff818c                i
 COMMON         0x1fff818d       0x20 .\CortexM3\ARM_GCC_493\Release\Design02.a(UART_1.o)
                0x1fff818d                UART_1_txBuffer
                0x1fff819d                UART_1_rxBuffer
                0x1fff81b0                . = ALIGN (0x8)
 *fill*         0x1fff81ad        0x3 
 *(.ram.b)
                0x1fff81b0                _end = .
                0x1fff81b0                __end = .
                0x1fff81b0                PROVIDE (end, .)
                0x1fff81b0                PROVIDE (__bss_end__, .)
                0x00000a08                __cy_region_init_ram = LOADADDR (.data)
                0x00000048                __cy_region_init_size_ram = (_edata - ADDR (.data))
                0x00000060                __cy_region_zero_size_ram = (_end - _edata)

.heap           0x1fff81b0       0x80 load address 0x00000a50
                0x1fff81b0                . = _end
                0x1fff8230                . = (. + 0x80)
 *fill*         0x1fff81b0       0x80 
                0x1fff8230                __cy_heap_limit = .

.stack          0x20007800      0x800
                0x20007800                __cy_stack_limit = .
                0x20008000                . = (. + 0x800)
 *fill*         0x20007800      0x800 
                0x00000001                ASSERT ((__cy_stack_limit >= __cy_heap_limit), region RAM overflowed with stack)

.cyloadermeta
 *(.cyloadermeta)

.cyloadablemeta
 *(.cyloadablemeta)

.cyconfigecc    0x80000000      0x5a0
 *(.cyconfigecc)
 .cyconfigecc   0x80000000      0x5a0 .\CortexM3\ARM_GCC_493\Release\cymetadata.o
                0x80000000                cy_meta_configecc

.cycustnvl      0x90000000        0x4
 *(.cycustnvl)
 .cycustnvl     0x90000000        0x4 .\CortexM3\ARM_GCC_493\Release\cymetadata.o
                0x90000000                cy_meta_custnvl

.cywolatch      0x90100000        0x4
 *(.cywolatch)
 .cywolatch     0x90100000        0x4 .\CortexM3\ARM_GCC_493\Release\cymetadata.o
                0x90100000                cy_meta_wonvl

.cyeeprom       0x90200000        0x0
 *(.cyeeprom)
                0x00000001                ASSERT ((. <= ((0x90200000 + ee_offset) + ee_size)), .cyeeprom data will not fit in EEPROM)

.cyflashprotect
                0x90400000      0x100
 *(.cyflashprotect)
 .cyflashprotect
                0x90400000      0x100 .\CortexM3\ARM_GCC_493\Release\cymetadata.o
                0x90400000                cy_meta_flashprotect

.cymeta         0x90500000        0xc
 *(.cymeta)
 .cymeta        0x90500000        0xc .\CortexM3\ARM_GCC_493\Release\cymetadata.o
                0x90500000                cy_metadata

.rel.dyn        0x00000a50        0x0 load address 0x9050000c
 .rel.iplt      0x00000000        0x0 c:/program files/cypress/psoc creator/3.3/psoc creator/import/gnu/arm/4.9.3/bin/../lib/gcc/arm-none-eabi/4.9.3/armv7-m/crtbegin.o

.stab
 *(.stab)

.stabstr
 *(.stabstr)

.debug
 *(.debug)

.line
 *(.line)

.debug_srcinfo
 *(.debug_srcinfo)

.debug_sfnames
 *(.debug_sfnames)

.debug_aranges  0x00000000      0x988
 *(.debug_aranges)
 .debug_aranges
                0x00000000       0x68 .\CortexM3\ARM_GCC_493\Release\os_kernel.o
 .debug_aranges
                0x00000068       0x28 .\CortexM3\ARM_GCC_493\Release\uart.o
 .debug_aranges
                0x00000090       0x38 .\CortexM3\ARM_GCC_493\Release\dio.o
 .debug_aranges
                0x000000c8       0x28 .\CortexM3\ARM_GCC_493\Release\wifi.o
 .debug_aranges
                0x000000f0       0x28 .\CortexM3\ARM_GCC_493\Release\bt_module.o
 .debug_aranges
                0x00000118       0x20 .\CortexM3\ARM_GCC_493\Release\main.o
 .debug_aranges
                0x00000138       0x20 .\CortexM3\ARM_GCC_493\Release\app_1.o
 .debug_aranges
                0x00000158       0x18 .\CortexM3\ARM_GCC_493\Release\cymetadata.o
 .debug_aranges
                0x00000170       0x48 .\CortexM3\ARM_GCC_493\Release\Cm3Start.o
 .debug_aranges
                0x000001b8       0x28 .\CortexM3\ARM_GCC_493\Release\Design02.a(cyfitter_cfg.o)
 .debug_aranges
                0x000001e0       0x88 .\CortexM3\ARM_GCC_493\Release\Design02.a(TMR_Os_Tmr_Co_Op.o)
 .debug_aranges
                0x00000268       0x88 .\CortexM3\ARM_GCC_493\Release\Design02.a(TMR_Os_Tmr_Pre_Emp.o)
 .debug_aranges
                0x000002f0       0x80 .\CortexM3\ARM_GCC_493\Release\Design02.a(ISR_Co_Op_1ms.o)
 .debug_aranges
                0x00000370       0x20 .\CortexM3\ARM_GCC_493\Release\Design02.a(CyBootAsmGnu.o)
 .debug_aranges
                0x00000390      0x288 .\CortexM3\ARM_GCC_493\Release\Design02.a(CyLib.o)
 .debug_aranges
                0x00000618       0x70 .\CortexM3\ARM_GCC_493\Release\Design02.a(cyPm.o)
 .debug_aranges
                0x00000688      0x110 .\CortexM3\ARM_GCC_493\Release\Design02.a(UART_1.o)
 .debug_aranges
                0x00000798       0x28 .\CortexM3\ARM_GCC_493\Release\Design02.a(UART_1_INT.o)
 .debug_aranges
                0x000007c0       0x70 .\CortexM3\ARM_GCC_493\Release\Design02.a(UART_1_IntClock.o)
 .debug_aranges
                0x00000830       0x38 .\CortexM3\ARM_GCC_493\Release\Design02.a(System_Switch.o)
 .debug_aranges
                0x00000868       0x38 .\CortexM3\ARM_GCC_493\Release\Design02.a(System_LED.o)
 .debug_aranges
                0x000008a0       0x70 .\CortexM3\ARM_GCC_493\Release\Design02.a(CyFlash.o)
 .debug_aranges
                0x00000910       0x78 .\CortexM3\ARM_GCC_493\Release\Design02.a(CySpc.o)

.debug_pubnames
 *(.debug_pubnames)

.debug_info     0x00000000     0x56f6
 *(.debug_info .gnu.linkonce.wi.*)
 .debug_info    0x00000000      0x4bb .\CortexM3\ARM_GCC_493\Release\os_kernel.o
 .debug_info    0x000004bb      0x13b .\CortexM3\ARM_GCC_493\Release\uart.o
 .debug_info    0x000005f6      0x26f .\CortexM3\ARM_GCC_493\Release\dio.o
 .debug_info    0x00000865      0x171 .\CortexM3\ARM_GCC_493\Release\wifi.o
 .debug_info    0x000009d6      0x171 .\CortexM3\ARM_GCC_493\Release\bt_module.o
 .debug_info    0x00000b47      0x12b .\CortexM3\ARM_GCC_493\Release\main.o
 .debug_info    0x00000c72      0x157 .\CortexM3\ARM_GCC_493\Release\app_1.o
 .debug_info    0x00000dc9      0x13b .\CortexM3\ARM_GCC_493\Release\cymetadata.o
 .debug_info    0x00000f04      0x388 .\CortexM3\ARM_GCC_493\Release\Cm3Start.o
 .debug_info    0x0000128c      0x4c8 .\CortexM3\ARM_GCC_493\Release\Design02.a(cyfitter_cfg.o)
 .debug_info    0x00001754      0x2e2 .\CortexM3\ARM_GCC_493\Release\Design02.a(TMR_Os_Tmr_Co_Op.o)
 .debug_info    0x00001a36      0x2e2 .\CortexM3\ARM_GCC_493\Release\Design02.a(TMR_Os_Tmr_Pre_Emp.o)
 .debug_info    0x00001d18      0x375 .\CortexM3\ARM_GCC_493\Release\Design02.a(ISR_Co_Op_1ms.o)
 .debug_info    0x0000208d       0xc7 .\CortexM3\ARM_GCC_493\Release\Design02.a(CyBootAsmGnu.o)
 .debug_info    0x00002154     0x11ac .\CortexM3\ARM_GCC_493\Release\Design02.a(CyLib.o)
 .debug_info    0x00003300      0x964 .\CortexM3\ARM_GCC_493\Release\Design02.a(cyPm.o)
 .debug_info    0x00003c64      0x90b .\CortexM3\ARM_GCC_493\Release\Design02.a(UART_1.o)
 .debug_info    0x0000456f      0x163 .\CortexM3\ARM_GCC_493\Release\Design02.a(UART_1_INT.o)
 .debug_info    0x000046d2      0x29b .\CortexM3\ARM_GCC_493\Release\Design02.a(UART_1_IntClock.o)
 .debug_info    0x0000496d      0x120 .\CortexM3\ARM_GCC_493\Release\Design02.a(System_Switch.o)
 .debug_info    0x00004a8d      0x120 .\CortexM3\ARM_GCC_493\Release\Design02.a(System_LED.o)
 .debug_info    0x00004bad      0x65c .\CortexM3\ARM_GCC_493\Release\Design02.a(CyFlash.o)
 .debug_info    0x00005209      0x4ed .\CortexM3\ARM_GCC_493\Release\Design02.a(CySpc.o)

.debug_abbrev   0x00000000     0x20d6
 *(.debug_abbrev)
 .debug_abbrev  0x00000000      0x200 .\CortexM3\ARM_GCC_493\Release\os_kernel.o
 .debug_abbrev  0x00000200       0x93 .\CortexM3\ARM_GCC_493\Release\uart.o
 .debug_abbrev  0x00000293      0x15a .\CortexM3\ARM_GCC_493\Release\dio.o
 .debug_abbrev  0x000003ed       0xdf .\CortexM3\ARM_GCC_493\Release\wifi.o
 .debug_abbrev  0x000004cc       0xdf .\CortexM3\ARM_GCC_493\Release\bt_module.o
 .debug_abbrev  0x000005ab       0xd7 .\CortexM3\ARM_GCC_493\Release\main.o
 .debug_abbrev  0x00000682       0xd0 .\CortexM3\ARM_GCC_493\Release\app_1.o
 .debug_abbrev  0x00000752       0x77 .\CortexM3\ARM_GCC_493\Release\cymetadata.o
 .debug_abbrev  0x000007c9      0x1eb .\CortexM3\ARM_GCC_493\Release\Cm3Start.o
 .debug_abbrev  0x000009b4      0x236 .\CortexM3\ARM_GCC_493\Release\Design02.a(cyfitter_cfg.o)
 .debug_abbrev  0x00000bea      0x18e .\CortexM3\ARM_GCC_493\Release\Design02.a(TMR_Os_Tmr_Co_Op.o)
 .debug_abbrev  0x00000d78      0x18e .\CortexM3\ARM_GCC_493\Release\Design02.a(TMR_Os_Tmr_Pre_Emp.o)
 .debug_abbrev  0x00000f06      0x228 .\CortexM3\ARM_GCC_493\Release\Design02.a(ISR_Co_Op_1ms.o)
 .debug_abbrev  0x0000112e       0x14 .\CortexM3\ARM_GCC_493\Release\Design02.a(CyBootAsmGnu.o)
 .debug_abbrev  0x00001142      0x3c9 .\CortexM3\ARM_GCC_493\Release\Design02.a(CyLib.o)
 .debug_abbrev  0x0000150b      0x216 .\CortexM3\ARM_GCC_493\Release\Design02.a(cyPm.o)
 .debug_abbrev  0x00001721      0x220 .\CortexM3\ARM_GCC_493\Release\Design02.a(UART_1.o)
 .debug_abbrev  0x00001941       0xaf .\CortexM3\ARM_GCC_493\Release\Design02.a(UART_1_INT.o)
 .debug_abbrev  0x000019f0      0x151 .\CortexM3\ARM_GCC_493\Release\Design02.a(UART_1_IntClock.o)
 .debug_abbrev  0x00001b41       0x9d .\CortexM3\ARM_GCC_493\Release\Design02.a(System_Switch.o)
 .debug_abbrev  0x00001bde       0x9d .\CortexM3\ARM_GCC_493\Release\Design02.a(System_LED.o)
 .debug_abbrev  0x00001c7b      0x27f .\CortexM3\ARM_GCC_493\Release\Design02.a(CyFlash.o)
 .debug_abbrev  0x00001efa      0x1dc .\CortexM3\ARM_GCC_493\Release\Design02.a(CySpc.o)

.debug_line     0x00000000     0x2b45
 *(.debug_line)
 .debug_line    0x00000000      0x2bc .\CortexM3\ARM_GCC_493\Release\os_kernel.o
 .debug_line    0x000002bc      0x16c .\CortexM3\ARM_GCC_493\Release\uart.o
 .debug_line    0x00000428      0x1ae .\CortexM3\ARM_GCC_493\Release\dio.o
 .debug_line    0x000005d6      0x185 .\CortexM3\ARM_GCC_493\Release\wifi.o
 .debug_line    0x0000075b        0x0 .\CortexM3\ARM_GCC_493\Release\imu_i2c.o
 .debug_line    0x0000075b      0x18f .\CortexM3\ARM_GCC_493\Release\bt_module.o
 .debug_line    0x000008ea      0x162 .\CortexM3\ARM_GCC_493\Release\main.o
 .debug_line    0x00000a4c      0x189 .\CortexM3\ARM_GCC_493\Release\app_1.o
 .debug_line    0x00000bd5       0x53 .\CortexM3\ARM_GCC_493\Release\cymetadata.o
 .debug_line    0x00000c28      0x20f .\CortexM3\ARM_GCC_493\Release\Cm3Start.o
 .debug_line    0x00000e37      0x19b .\CortexM3\ARM_GCC_493\Release\Design02.a(cyfitter_cfg.o)
 .debug_line    0x00000fd2      0x169 .\CortexM3\ARM_GCC_493\Release\Design02.a(TMR_Os_Tmr_Co_Op.o)
 .debug_line    0x0000113b      0x16b .\CortexM3\ARM_GCC_493\Release\Design02.a(TMR_Os_Tmr_Pre_Emp.o)
 .debug_line    0x000012a6      0x176 .\CortexM3\ARM_GCC_493\Release\Design02.a(ISR_Co_Op_1ms.o)
 .debug_line    0x0000141c       0x68 .\CortexM3\ARM_GCC_493\Release\Design02.a(CyBootAsmGnu.o)
 .debug_line    0x00001484      0x791 .\CortexM3\ARM_GCC_493\Release\Design02.a(CyLib.o)
 .debug_line    0x00001c15      0x3a0 .\CortexM3\ARM_GCC_493\Release\Design02.a(cyPm.o)
 .debug_line    0x00001fb5      0x3f5 .\CortexM3\ARM_GCC_493\Release\Design02.a(UART_1.o)
 .debug_line    0x000023aa       0xac .\CortexM3\ARM_GCC_493\Release\Design02.a(UART_1_INT.o)
 .debug_line    0x00002456      0x1cc .\CortexM3\ARM_GCC_493\Release\Design02.a(UART_1_IntClock.o)
 .debug_line    0x00002622       0xa0 .\CortexM3\ARM_GCC_493\Release\Design02.a(System_Switch.o)
 .debug_line    0x000026c2       0x9d .\CortexM3\ARM_GCC_493\Release\Design02.a(System_LED.o)
 .debug_line    0x0000275f      0x1c2 .\CortexM3\ARM_GCC_493\Release\Design02.a(CyFlash.o)
 .debug_line    0x00002921      0x224 .\CortexM3\ARM_GCC_493\Release\Design02.a(CySpc.o)

.debug_frame    0x00000000     0x1624
 *(.debug_frame)
 .debug_frame   0x00000000      0x110 .\CortexM3\ARM_GCC_493\Release\os_kernel.o
 .debug_frame   0x00000110       0x50 .\CortexM3\ARM_GCC_493\Release\uart.o
 .debug_frame   0x00000160       0x70 .\CortexM3\ARM_GCC_493\Release\dio.o
 .debug_frame   0x000001d0       0x40 .\CortexM3\ARM_GCC_493\Release\wifi.o
 .debug_frame   0x00000210       0x40 .\CortexM3\ARM_GCC_493\Release\bt_module.o
 .debug_frame   0x00000250       0x2c .\CortexM3\ARM_GCC_493\Release\main.o
 .debug_frame   0x0000027c       0x30 .\CortexM3\ARM_GCC_493\Release\app_1.o
 .debug_frame   0x000002ac       0xa0 .\CortexM3\ARM_GCC_493\Release\Cm3Start.o
 .debug_frame   0x0000034c       0x48 .\CortexM3\ARM_GCC_493\Release\Design02.a(cyfitter_cfg.o)
 .debug_frame   0x00000394      0x100 .\CortexM3\ARM_GCC_493\Release\Design02.a(TMR_Os_Tmr_Co_Op.o)
 .debug_frame   0x00000494      0x100 .\CortexM3\ARM_GCC_493\Release\Design02.a(TMR_Os_Tmr_Pre_Emp.o)
 .debug_frame   0x00000594       0xe0 .\CortexM3\ARM_GCC_493\Release\Design02.a(ISR_Co_Op_1ms.o)
 .debug_frame   0x00000674      0x650 .\CortexM3\ARM_GCC_493\Release\Design02.a(CyLib.o)
 .debug_frame   0x00000cc4      0x1b4 .\CortexM3\ARM_GCC_493\Release\Design02.a(cyPm.o)
 .debug_frame   0x00000e78      0x2ac .\CortexM3\ARM_GCC_493\Release\Design02.a(UART_1.o)
 .debug_frame   0x00001124       0x3c .\CortexM3\ARM_GCC_493\Release\Design02.a(UART_1_INT.o)
 .debug_frame   0x00001160       0xe0 .\CortexM3\ARM_GCC_493\Release\Design02.a(UART_1_IntClock.o)
 .debug_frame   0x00001240       0x50 .\CortexM3\ARM_GCC_493\Release\Design02.a(System_Switch.o)
 .debug_frame   0x00001290       0x50 .\CortexM3\ARM_GCC_493\Release\Design02.a(System_LED.o)
 .debug_frame   0x000012e0      0x148 .\CortexM3\ARM_GCC_493\Release\Design02.a(CyFlash.o)
 .debug_frame   0x00001428      0x168 .\CortexM3\ARM_GCC_493\Release\Design02.a(CySpc.o)
 .debug_frame   0x00001590       0x20 c:/program files/cypress/psoc creator/3.3/psoc creator/import/gnu/arm/4.9.3/bin/../lib/gcc/arm-none-eabi/4.9.3/../../../../arm-none-eabi/lib/armv7-m\libg_nano.a(lib_a-errno.o)
 .debug_frame   0x000015b0       0x28 c:/program files/cypress/psoc creator/3.3/psoc creator/import/gnu/arm/4.9.3/bin/../lib/gcc/arm-none-eabi/4.9.3/../../../../arm-none-eabi/lib/armv7-m\libg_nano.a(lib_a-exit.o)
 .debug_frame   0x000015d8       0x2c c:/program files/cypress/psoc creator/3.3/psoc creator/import/gnu/arm/4.9.3/bin/../lib/gcc/arm-none-eabi/4.9.3/../../../../arm-none-eabi/lib/armv7-m\libg_nano.a(lib_a-init.o)
 .debug_frame   0x00001604       0x20 c:/program files/cypress/psoc creator/3.3/psoc creator/import/gnu/arm/4.9.3/bin/../lib/gcc/arm-none-eabi/4.9.3/../../../../arm-none-eabi/lib/armv7-m\libg_nano.a(lib_a-memset.o)

.debug_str      0x00000000     0x2338
 *(.debug_str)
 .debug_str     0x00000000      0x426 .\CortexM3\ARM_GCC_493\Release\os_kernel.o
                                0x480 (size before relaxing)
 .debug_str     0x00000426       0x84 .\CortexM3\ARM_GCC_493\Release\uart.o
                                0x247 (size before relaxing)
 .debug_str     0x000004aa      0x148 .\CortexM3\ARM_GCC_493\Release\dio.o
                                0x312 (size before relaxing)
 .debug_str     0x000005f2       0x72 .\CortexM3\ARM_GCC_493\Release\wifi.o
                                0x23b (size before relaxing)
 .debug_str     0x00000664        0xc .\CortexM3\ARM_GCC_493\Release\imu_i2c.o
                                0x111 (size before relaxing)
 .debug_str     0x00000670       0x45 .\CortexM3\ARM_GCC_493\Release\bt_module.o
                                0x238 (size before relaxing)
 .debug_str     0x000006b5       0x17 .\CortexM3\ARM_GCC_493\Release\main.o
                                0x204 (size before relaxing)
 .debug_str     0x000006cc       0x36 .\CortexM3\ARM_GCC_493\Release\app_1.o
                                0x22c (size before relaxing)
 .debug_str     0x00000702       0x77 .\CortexM3\ARM_GCC_493\Release\cymetadata.o
                                0x221 (size before relaxing)
 .debug_str     0x00000779      0x158 .\CortexM3\ARM_GCC_493\Release\Cm3Start.o
                                0x32e (size before relaxing)
 .debug_str     0x000008d1      0x156 .\CortexM3\ARM_GCC_493\Release\Design02.a(cyfitter_cfg.o)
                                0x333 (size before relaxing)
 .debug_str     0x00000a27      0x1ba .\CortexM3\ARM_GCC_493\Release\Design02.a(TMR_Os_Tmr_Co_Op.o)
                                0x3d0 (size before relaxing)
 .debug_str     0x00000be1      0x1dd .\CortexM3\ARM_GCC_493\Release\Design02.a(TMR_Os_Tmr_Pre_Emp.o)
                                0x3f0 (size before relaxing)
 .debug_str     0x00000dbe      0x15a .\CortexM3\ARM_GCC_493\Release\Design02.a(ISR_Co_Op_1ms.o)
                                0x341 (size before relaxing)
 .debug_str     0x00000f18      0x7ed .\CortexM3\ARM_GCC_493\Release\Design02.a(CyLib.o)
                                0xa1f (size before relaxing)
 .debug_str     0x00001705      0x365 .\CortexM3\ARM_GCC_493\Release\Design02.a(cyPm.o)
                                0x73b (size before relaxing)
 .debug_str     0x00001a6a      0x388 .\CortexM3\ARM_GCC_493\Release\Design02.a(UART_1.o)
                                0x652 (size before relaxing)
 .debug_str     0x00001df2       0x5b .\CortexM3\ARM_GCC_493\Release\Design02.a(UART_1_INT.o)
                                0x2ae (size before relaxing)
 .debug_str     0x00001e4d      0x199 .\CortexM3\ARM_GCC_493\Release\Design02.a(UART_1_IntClock.o)
                                0x385 (size before relaxing)
 .debug_str     0x00001fe6       0x90 .\CortexM3\ARM_GCC_493\Release\Design02.a(System_Switch.o)
                                0x241 (size before relaxing)
 .debug_str     0x00002076       0x76 .\CortexM3\ARM_GCC_493\Release\Design02.a(System_LED.o)
                                0x232 (size before relaxing)
 .debug_str     0x000020ec      0x19e .\CortexM3\ARM_GCC_493\Release\Design02.a(CyFlash.o)
                                0x3c5 (size before relaxing)
 .debug_str     0x0000228a       0xae .\CortexM3\ARM_GCC_493\Release\Design02.a(CySpc.o)
                                0x355 (size before relaxing)

.debug_loc      0x00000000     0x1f28
 *(.debug_loc)
 .debug_loc     0x00000000       0xde .\CortexM3\ARM_GCC_493\Release\os_kernel.o
 .debug_loc     0x000000de       0x8d .\CortexM3\ARM_GCC_493\Release\dio.o
 .debug_loc     0x0000016b      0x193 .\CortexM3\ARM_GCC_493\Release\Cm3Start.o
 .debug_loc     0x000002fe      0x1e0 .\CortexM3\ARM_GCC_493\Release\Design02.a(cyfitter_cfg.o)
 .debug_loc     0x000004de       0x8d .\CortexM3\ARM_GCC_493\Release\Design02.a(ISR_Co_Op_1ms.o)
 .debug_loc     0x0000056b      0x9c5 .\CortexM3\ARM_GCC_493\Release\Design02.a(CyLib.o)
 .debug_loc     0x00000f30      0x1a3 .\CortexM3\ARM_GCC_493\Release\Design02.a(cyPm.o)
 .debug_loc     0x000010d3      0x33d .\CortexM3\ARM_GCC_493\Release\Design02.a(UART_1.o)
 .debug_loc     0x00001410       0x3e .\CortexM3\ARM_GCC_493\Release\Design02.a(UART_1_INT.o)
 .debug_loc     0x0000144e       0xa6 .\CortexM3\ARM_GCC_493\Release\Design02.a(UART_1_IntClock.o)
 .debug_loc     0x000014f4       0x5a .\CortexM3\ARM_GCC_493\Release\Design02.a(System_Switch.o)
 .debug_loc     0x0000154e       0x5a .\CortexM3\ARM_GCC_493\Release\Design02.a(System_LED.o)
 .debug_loc     0x000015a8      0x391 .\CortexM3\ARM_GCC_493\Release\Design02.a(CyFlash.o)
 .debug_loc     0x00001939      0x5ef .\CortexM3\ARM_GCC_493\Release\Design02.a(CySpc.o)

.debug_macinfo
 *(.debug_macinfo)

.debug_ranges   0x00000000      0x950
 *(.debug_ranges)
 .debug_ranges  0x00000000       0x58 .\CortexM3\ARM_GCC_493\Release\os_kernel.o
 .debug_ranges  0x00000058       0x18 .\CortexM3\ARM_GCC_493\Release\uart.o
 .debug_ranges  0x00000070       0x28 .\CortexM3\ARM_GCC_493\Release\dio.o
 .debug_ranges  0x00000098       0x18 .\CortexM3\ARM_GCC_493\Release\wifi.o
 .debug_ranges  0x000000b0       0x18 .\CortexM3\ARM_GCC_493\Release\bt_module.o
 .debug_ranges  0x000000c8       0x10 .\CortexM3\ARM_GCC_493\Release\main.o
 .debug_ranges  0x000000d8       0x10 .\CortexM3\ARM_GCC_493\Release\app_1.o
 .debug_ranges  0x000000e8       0x38 .\CortexM3\ARM_GCC_493\Release\Cm3Start.o
 .debug_ranges  0x00000120       0x88 .\CortexM3\ARM_GCC_493\Release\Design02.a(cyfitter_cfg.o)
 .debug_ranges  0x000001a8       0x78 .\CortexM3\ARM_GCC_493\Release\Design02.a(TMR_Os_Tmr_Co_Op.o)
 .debug_ranges  0x00000220       0x78 .\CortexM3\ARM_GCC_493\Release\Design02.a(TMR_Os_Tmr_Pre_Emp.o)
 .debug_ranges  0x00000298       0xa0 .\CortexM3\ARM_GCC_493\Release\Design02.a(ISR_Co_Op_1ms.o)
 .debug_ranges  0x00000338      0x290 .\CortexM3\ARM_GCC_493\Release\Design02.a(CyLib.o)
 .debug_ranges  0x000005c8       0x88 .\CortexM3\ARM_GCC_493\Release\Design02.a(cyPm.o)
 .debug_ranges  0x00000650      0x100 .\CortexM3\ARM_GCC_493\Release\Design02.a(UART_1.o)
 .debug_ranges  0x00000750       0x18 .\CortexM3\ARM_GCC_493\Release\Design02.a(UART_1_INT.o)
 .debug_ranges  0x00000768       0xb8 .\CortexM3\ARM_GCC_493\Release\Design02.a(UART_1_IntClock.o)
 .debug_ranges  0x00000820       0x28 .\CortexM3\ARM_GCC_493\Release\Design02.a(System_Switch.o)
 .debug_ranges  0x00000848       0x28 .\CortexM3\ARM_GCC_493\Release\Design02.a(System_LED.o)
 .debug_ranges  0x00000870       0x78 .\CortexM3\ARM_GCC_493\Release\Design02.a(CyFlash.o)
 .debug_ranges  0x000008e8       0x68 .\CortexM3\ARM_GCC_493\Release\Design02.a(CySpc.o)

.comment        0x00000000       0x70
 .comment       0x00000000       0x70 .\CortexM3\ARM_GCC_493\Release\os_kernel.o
                                 0x71 (size before relaxing)
 .comment       0x00000000       0x71 .\CortexM3\ARM_GCC_493\Release\uart.o
 .comment       0x00000000       0x71 .\CortexM3\ARM_GCC_493\Release\dio.o
 .comment       0x00000000       0x71 .\CortexM3\ARM_GCC_493\Release\wifi.o
 .comment       0x00000000       0x71 .\CortexM3\ARM_GCC_493\Release\imu_i2c.o
 .comment       0x00000000       0x71 .\CortexM3\ARM_GCC_493\Release\bt_module.o
 .comment       0x00000000       0x71 .\CortexM3\ARM_GCC_493\Release\main.o
 .comment       0x00000000       0x71 .\CortexM3\ARM_GCC_493\Release\app_1.o
 .comment       0x00000000       0x71 .\CortexM3\ARM_GCC_493\Release\cymetadata.o
 .comment       0x00000000       0x71 .\CortexM3\ARM_GCC_493\Release\Cm3Start.o
 .comment       0x00000000       0x71 .\CortexM3\ARM_GCC_493\Release\Design02.a(cyfitter_cfg.o)
 .comment       0x00000000       0x71 .\CortexM3\ARM_GCC_493\Release\Design02.a(TMR_Os_Tmr_Co_Op.o)
 .comment       0x00000000       0x71 .\CortexM3\ARM_GCC_493\Release\Design02.a(TMR_Os_Tmr_Pre_Emp.o)
 .comment       0x00000000       0x71 .\CortexM3\ARM_GCC_493\Release\Design02.a(ISR_Co_Op_1ms.o)
 .comment       0x00000000       0x71 .\CortexM3\ARM_GCC_493\Release\Design02.a(CyLib.o)
 .comment       0x00000000       0x71 .\CortexM3\ARM_GCC_493\Release\Design02.a(cyPm.o)
 .comment       0x00000000       0x71 .\CortexM3\ARM_GCC_493\Release\Design02.a(UART_1.o)
 .comment       0x00000000       0x71 .\CortexM3\ARM_GCC_493\Release\Design02.a(UART_1_INT.o)
 .comment       0x00000000       0x71 .\CortexM3\ARM_GCC_493\Release\Design02.a(UART_1_IntClock.o)
 .comment       0x00000000       0x71 .\CortexM3\ARM_GCC_493\Release\Design02.a(System_Switch.o)
 .comment       0x00000000       0x71 .\CortexM3\ARM_GCC_493\Release\Design02.a(System_LED.o)
 .comment       0x00000000       0x71 .\CortexM3\ARM_GCC_493\Release\Design02.a(CyFlash.o)
 .comment       0x00000000       0x71 .\CortexM3\ARM_GCC_493\Release\Design02.a(CySpc.o)

.debug_weaknames
 *(.debug_weaknames)

.debug_funcnames
 *(.debug_funcnames)

.debug_typenames
 *(.debug_typenames)

.debug_varnames
 *(.debug_varnames)

.note.gnu.arm.ident
 *(.note.gnu.arm.ident)

.ARM.attributes
                0x00000000       0x29
 *(.ARM.attributes)
 .ARM.attributes
                0x00000000       0x1d c:/program files/cypress/psoc creator/3.3/psoc creator/import/gnu/arm/4.9.3/bin/../lib/gcc/arm-none-eabi/4.9.3/armv7-m/crti.o
 .ARM.attributes
                0x0000001d       0x2d c:/program files/cypress/psoc creator/3.3/psoc creator/import/gnu/arm/4.9.3/bin/../lib/gcc/arm-none-eabi/4.9.3/armv7-m/crtbegin.o
 .ARM.attributes
                0x0000004a       0x1b c:/program files/cypress/psoc creator/3.3/psoc creator/import/gnu/arm/4.9.3/bin/../lib/gcc/arm-none-eabi/4.9.3/../../../../arm-none-eabi/lib/armv7-m/crt0.o
 .ARM.attributes
                0x00000065       0x33 .\CortexM3\ARM_GCC_493\Release\os_kernel.o
 .ARM.attributes
                0x00000098       0x33 .\CortexM3\ARM_GCC_493\Release\uart.o
 .ARM.attributes
                0x000000cb       0x33 .\CortexM3\ARM_GCC_493\Release\dio.o
 .ARM.attributes
                0x000000fe       0x33 .\CortexM3\ARM_GCC_493\Release\wifi.o
 .ARM.attributes
                0x00000131       0x33 .\CortexM3\ARM_GCC_493\Release\imu_i2c.o
 .ARM.attributes
                0x00000164       0x33 .\CortexM3\ARM_GCC_493\Release\bt_module.o
 .ARM.attributes
                0x00000197       0x33 .\CortexM3\ARM_GCC_493\Release\main.o
 .ARM.attributes
                0x000001ca       0x33 .\CortexM3\ARM_GCC_493\Release\app_1.o
 .ARM.attributes
                0x000001fd       0x33 .\CortexM3\ARM_GCC_493\Release\cymetadata.o
 .ARM.attributes
                0x00000230       0x33 .\CortexM3\ARM_GCC_493\Release\Cm3Start.o
 .ARM.attributes
                0x00000263       0x33 .\CortexM3\ARM_GCC_493\Release\Design02.a(cyfitter_cfg.o)
 .ARM.attributes
                0x00000296       0x33 .\CortexM3\ARM_GCC_493\Release\Design02.a(TMR_Os_Tmr_Co_Op.o)
 .ARM.attributes
                0x000002c9       0x33 .\CortexM3\ARM_GCC_493\Release\Design02.a(TMR_Os_Tmr_Pre_Emp.o)
 .ARM.attributes
                0x000002fc       0x33 .\CortexM3\ARM_GCC_493\Release\Design02.a(ISR_Co_Op_1ms.o)
 .ARM.attributes
                0x0000032f       0x21 .\CortexM3\ARM_GCC_493\Release\Design02.a(CyBootAsmGnu.o)
 .ARM.attributes
                0x00000350       0x33 .\CortexM3\ARM_GCC_493\Release\Design02.a(CyLib.o)
 .ARM.attributes
                0x00000383       0x33 .\CortexM3\ARM_GCC_493\Release\Design02.a(cyPm.o)
 .ARM.attributes
                0x000003b6       0x33 .\CortexM3\ARM_GCC_493\Release\Design02.a(UART_1.o)
 .ARM.attributes
                0x000003e9       0x33 .\CortexM3\ARM_GCC_493\Release\Design02.a(UART_1_INT.o)
 .ARM.attributes
                0x0000041c       0x33 .\CortexM3\ARM_GCC_493\Release\Design02.a(UART_1_IntClock.o)
 .ARM.attributes
                0x0000044f       0x33 .\CortexM3\ARM_GCC_493\Release\Design02.a(System_Switch.o)
 .ARM.attributes
                0x00000482       0x33 .\CortexM3\ARM_GCC_493\Release\Design02.a(System_LED.o)
 .ARM.attributes
                0x000004b5       0x33 .\CortexM3\ARM_GCC_493\Release\Design02.a(CyFlash.o)
 .ARM.attributes
                0x000004e8       0x33 .\CortexM3\ARM_GCC_493\Release\Design02.a(CySpc.o)
 .ARM.attributes
                0x0000051b       0x2d c:/program files/cypress/psoc creator/3.3/psoc creator/import/gnu/arm/4.9.3/bin/../lib/gcc/arm-none-eabi/4.9.3/../../../../arm-none-eabi/lib/armv7-m\libg_nano.a(lib_a-errno.o)
 .ARM.attributes
                0x00000548       0x2d c:/program files/cypress/psoc creator/3.3/psoc creator/import/gnu/arm/4.9.3/bin/../lib/gcc/arm-none-eabi/4.9.3/../../../../arm-none-eabi/lib/armv7-m\libg_nano.a(lib_a-exit.o)
 .ARM.attributes
                0x00000575       0x2d c:/program files/cypress/psoc creator/3.3/psoc creator/import/gnu/arm/4.9.3/bin/../lib/gcc/arm-none-eabi/4.9.3/../../../../arm-none-eabi/lib/armv7-m\libg_nano.a(lib_a-impure.o)
 .ARM.attributes
                0x000005a2       0x2d c:/program files/cypress/psoc creator/3.3/psoc creator/import/gnu/arm/4.9.3/bin/../lib/gcc/arm-none-eabi/4.9.3/../../../../arm-none-eabi/lib/armv7-m\libg_nano.a(lib_a-init.o)
 .ARM.attributes
                0x000005cf       0x2d c:/program files/cypress/psoc creator/3.3/psoc creator/import/gnu/arm/4.9.3/bin/../lib/gcc/arm-none-eabi/4.9.3/../../../../arm-none-eabi/lib/armv7-m\libg_nano.a(lib_a-memset.o)
 .ARM.attributes
                0x000005fc       0x2d c:/program files/cypress/psoc creator/3.3/psoc creator/import/gnu/arm/4.9.3/bin/../lib/gcc/arm-none-eabi/4.9.3/armv7-m/crtend.o
 .ARM.attributes
                0x00000629       0x1d c:/program files/cypress/psoc creator/3.3/psoc creator/import/gnu/arm/4.9.3/bin/../lib/gcc/arm-none-eabi/4.9.3/armv7-m/crtn.o

/DISCARD/
 *(.note.GNU-stack)
OUTPUT(.\CortexM3\ARM_GCC_493\Release\Design02.elf elf32-littlearm)
