ARM GAS  C:\Users\acer\AppData\Local\Temp\ccWbXBr6.s 			page 1


   1              		.syntax unified
   2              		.cpu cortex-m3
   3              		.fpu softvfp
   4              		.eabi_attribute 20, 1
   5              		.eabi_attribute 21, 1
   6              		.eabi_attribute 23, 3
   7              		.eabi_attribute 24, 1
   8              		.eabi_attribute 25, 1
   9              		.eabi_attribute 26, 1
  10              		.eabi_attribute 30, 4
  11              		.eabi_attribute 34, 1
  12              		.eabi_attribute 18, 4
  13              		.thumb
  14              		.file	"emFile_1_PM.c"
  15              		.text
  16              	.Ltext0:
  17              		.cfi_sections	.debug_frame
  18              		.section	.text.emFile_1_SaveConfig,"ax",%progbits
  19              		.align	1
  20              		.global	emFile_1_SaveConfig
  21              		.thumb
  22              		.thumb_func
  23              		.type	emFile_1_SaveConfig, %function
  24              	emFile_1_SaveConfig:
  25              	.LFB56:
  26              		.file 1 ".\\Generated_Source\\PSoC5\\emFile_1_PM.c"
   1:.\Generated_Source\PSoC5/emFile_1_PM.c **** /*******************************************************************************
   2:.\Generated_Source\PSoC5/emFile_1_PM.c **** * File Name: emFile_1_PM.c
   3:.\Generated_Source\PSoC5/emFile_1_PM.c **** * Version 1.20
   4:.\Generated_Source\PSoC5/emFile_1_PM.c **** *
   5:.\Generated_Source\PSoC5/emFile_1_PM.c **** * Description:
   6:.\Generated_Source\PSoC5/emFile_1_PM.c **** *  This file provides the API source code for Power Management of the emFile
   7:.\Generated_Source\PSoC5/emFile_1_PM.c **** *  component.
   8:.\Generated_Source\PSoC5/emFile_1_PM.c **** *
   9:.\Generated_Source\PSoC5/emFile_1_PM.c **** * Note:
  10:.\Generated_Source\PSoC5/emFile_1_PM.c **** *
  11:.\Generated_Source\PSoC5/emFile_1_PM.c **** *******************************************************************************
  12:.\Generated_Source\PSoC5/emFile_1_PM.c **** * Copyright 2011-2012, Cypress Semiconductor Corporation.  All rights reserved.
  13:.\Generated_Source\PSoC5/emFile_1_PM.c **** * You may use this file only in accordance with the license, terms, conditions,
  14:.\Generated_Source\PSoC5/emFile_1_PM.c **** * disclaimers, and limitations in the end user license agreement accompanying
  15:.\Generated_Source\PSoC5/emFile_1_PM.c **** * the software package with which this file was provided.
  16:.\Generated_Source\PSoC5/emFile_1_PM.c **** *******************************************************************************/
  17:.\Generated_Source\PSoC5/emFile_1_PM.c **** 
  18:.\Generated_Source\PSoC5/emFile_1_PM.c **** #include <project.h>
  19:.\Generated_Source\PSoC5/emFile_1_PM.c **** #include "emFile_1.h"
  20:.\Generated_Source\PSoC5/emFile_1_PM.c **** 
  21:.\Generated_Source\PSoC5/emFile_1_PM.c **** 
  22:.\Generated_Source\PSoC5/emFile_1_PM.c **** /*******************************************************************************
  23:.\Generated_Source\PSoC5/emFile_1_PM.c **** * Function Name: emFile_1_SaveConfig
  24:.\Generated_Source\PSoC5/emFile_1_PM.c **** ********************************************************************************
  25:.\Generated_Source\PSoC5/emFile_1_PM.c **** *
  26:.\Generated_Source\PSoC5/emFile_1_PM.c **** * Summary:
  27:.\Generated_Source\PSoC5/emFile_1_PM.c **** *  Saves SPI Masters configuration.
  28:.\Generated_Source\PSoC5/emFile_1_PM.c **** *
  29:.\Generated_Source\PSoC5/emFile_1_PM.c **** * Parameters:
  30:.\Generated_Source\PSoC5/emFile_1_PM.c **** *  None
  31:.\Generated_Source\PSoC5/emFile_1_PM.c **** *
ARM GAS  C:\Users\acer\AppData\Local\Temp\ccWbXBr6.s 			page 2


  32:.\Generated_Source\PSoC5/emFile_1_PM.c **** * Return:
  33:.\Generated_Source\PSoC5/emFile_1_PM.c **** *  None
  34:.\Generated_Source\PSoC5/emFile_1_PM.c **** *
  35:.\Generated_Source\PSoC5/emFile_1_PM.c **** * Reentrant:
  36:.\Generated_Source\PSoC5/emFile_1_PM.c **** *  No
  37:.\Generated_Source\PSoC5/emFile_1_PM.c **** *
  38:.\Generated_Source\PSoC5/emFile_1_PM.c **** *******************************************************************************/
  39:.\Generated_Source\PSoC5/emFile_1_PM.c **** void emFile_1_SaveConfig(void) 
  40:.\Generated_Source\PSoC5/emFile_1_PM.c **** {
  27              		.loc 1 40 0
  28              		.cfi_startproc
  29              		@ args = 0, pretend = 0, frame = 0
  30              		@ frame_needed = 0, uses_anonymous_args = 0
  31              		@ link register save eliminated.
  41:.\Generated_Source\PSoC5/emFile_1_PM.c ****     #if(emFile_1_NUMBER_SD_CARDS == 4u)
  42:.\Generated_Source\PSoC5/emFile_1_PM.c ****         emFile_1_SPI0_SaveConfig();
  43:.\Generated_Source\PSoC5/emFile_1_PM.c ****         emFile_1_SPI1_SaveConfig();
  44:.\Generated_Source\PSoC5/emFile_1_PM.c ****         emFile_1_SPI2_SaveConfig();
  45:.\Generated_Source\PSoC5/emFile_1_PM.c ****         emFile_1_SPI3_SaveConfig();
  46:.\Generated_Source\PSoC5/emFile_1_PM.c ****     #elif(emFile_1_NUMBER_SD_CARDS == 3u)
  47:.\Generated_Source\PSoC5/emFile_1_PM.c ****         emFile_1_SPI0_SaveConfig();
  48:.\Generated_Source\PSoC5/emFile_1_PM.c ****         emFile_1_SPI1_SaveConfig();
  49:.\Generated_Source\PSoC5/emFile_1_PM.c ****         emFile_1_SPI2_SaveConfig();
  50:.\Generated_Source\PSoC5/emFile_1_PM.c ****     #elif(emFile_1_NUMBER_SD_CARDS == 2u)
  51:.\Generated_Source\PSoC5/emFile_1_PM.c ****         emFile_1_SPI0_SaveConfig();
  52:.\Generated_Source\PSoC5/emFile_1_PM.c ****         emFile_1_SPI1_SaveConfig();
  53:.\Generated_Source\PSoC5/emFile_1_PM.c ****     #else
  54:.\Generated_Source\PSoC5/emFile_1_PM.c ****         emFile_1_SPI0_SaveConfig();
  32              		.loc 1 54 0
  33 0000 FFF7FEBF 		b	emFile_1_SPI0_SaveConfig
  34              	.LVL0:
  35              		.cfi_endproc
  36              	.LFE56:
  37              		.size	emFile_1_SaveConfig, .-emFile_1_SaveConfig
  38              		.section	.text.emFile_1_RestoreConfig,"ax",%progbits
  39              		.align	1
  40              		.global	emFile_1_RestoreConfig
  41              		.thumb
  42              		.thumb_func
  43              		.type	emFile_1_RestoreConfig, %function
  44              	emFile_1_RestoreConfig:
  45              	.LFB57:
  55:.\Generated_Source\PSoC5/emFile_1_PM.c ****     #endif /* (emFile_1_NUMBER_SD_CARDS == 4u) */
  56:.\Generated_Source\PSoC5/emFile_1_PM.c **** }
  57:.\Generated_Source\PSoC5/emFile_1_PM.c **** 
  58:.\Generated_Source\PSoC5/emFile_1_PM.c **** 
  59:.\Generated_Source\PSoC5/emFile_1_PM.c **** /*******************************************************************************
  60:.\Generated_Source\PSoC5/emFile_1_PM.c **** * Function Name: emFile_1_RestoreConfig
  61:.\Generated_Source\PSoC5/emFile_1_PM.c **** ********************************************************************************
  62:.\Generated_Source\PSoC5/emFile_1_PM.c **** *
  63:.\Generated_Source\PSoC5/emFile_1_PM.c **** * Summary:
  64:.\Generated_Source\PSoC5/emFile_1_PM.c **** *  Restores SPI Masters configuration.
  65:.\Generated_Source\PSoC5/emFile_1_PM.c **** *
  66:.\Generated_Source\PSoC5/emFile_1_PM.c **** * Parameters:
  67:.\Generated_Source\PSoC5/emFile_1_PM.c **** *  None
  68:.\Generated_Source\PSoC5/emFile_1_PM.c **** *
  69:.\Generated_Source\PSoC5/emFile_1_PM.c **** * Return:
ARM GAS  C:\Users\acer\AppData\Local\Temp\ccWbXBr6.s 			page 3


  70:.\Generated_Source\PSoC5/emFile_1_PM.c **** *  None
  71:.\Generated_Source\PSoC5/emFile_1_PM.c **** *
  72:.\Generated_Source\PSoC5/emFile_1_PM.c **** * Side Effects:
  73:.\Generated_Source\PSoC5/emFile_1_PM.c **** *  If this API is called without first calling SaveConfig then in the following
  74:.\Generated_Source\PSoC5/emFile_1_PM.c **** *  registers will be default values from Customizer:
  75:.\Generated_Source\PSoC5/emFile_1_PM.c **** *
  76:.\Generated_Source\PSoC5/emFile_1_PM.c **** *******************************************************************************/
  77:.\Generated_Source\PSoC5/emFile_1_PM.c **** void emFile_1_RestoreConfig(void) 
  78:.\Generated_Source\PSoC5/emFile_1_PM.c **** {
  46              		.loc 1 78 0
  47              		.cfi_startproc
  48              		@ args = 0, pretend = 0, frame = 0
  49              		@ frame_needed = 0, uses_anonymous_args = 0
  50              		@ link register save eliminated.
  79:.\Generated_Source\PSoC5/emFile_1_PM.c ****     #if(emFile_1_NUMBER_SD_CARDS == 4u)
  80:.\Generated_Source\PSoC5/emFile_1_PM.c ****         emFile_1_SPI0_RestoreConfig();
  81:.\Generated_Source\PSoC5/emFile_1_PM.c ****         emFile_1_SPI1_RestoreConfig();
  82:.\Generated_Source\PSoC5/emFile_1_PM.c ****         emFile_1_SPI2_RestoreConfig();
  83:.\Generated_Source\PSoC5/emFile_1_PM.c ****         emFile_1_SPI3_RestoreConfig();
  84:.\Generated_Source\PSoC5/emFile_1_PM.c ****     #elif(emFile_1_NUMBER_SD_CARDS == 3u)
  85:.\Generated_Source\PSoC5/emFile_1_PM.c ****         emFile_1_SPI0_SaveConfig();
  86:.\Generated_Source\PSoC5/emFile_1_PM.c ****         emFile_1_SPI1_SaveConfig();
  87:.\Generated_Source\PSoC5/emFile_1_PM.c ****         emFile_1_SPI2_SaveConfig();
  88:.\Generated_Source\PSoC5/emFile_1_PM.c ****     #elif(emFile_1_NUMBER_SD_CARDS == 2u)
  89:.\Generated_Source\PSoC5/emFile_1_PM.c ****         emFile_1_SPI0_SaveConfig();
  90:.\Generated_Source\PSoC5/emFile_1_PM.c ****         emFile_1_SPI1_SaveConfig();
  91:.\Generated_Source\PSoC5/emFile_1_PM.c ****     #else
  92:.\Generated_Source\PSoC5/emFile_1_PM.c ****         emFile_1_SPI0_SaveConfig();
  51              		.loc 1 92 0
  52 0000 FFF7FEBF 		b	emFile_1_SPI0_SaveConfig
  53              	.LVL1:
  54              		.cfi_endproc
  55              	.LFE57:
  56              		.size	emFile_1_RestoreConfig, .-emFile_1_RestoreConfig
  57              		.section	.text.emFile_1_Sleep,"ax",%progbits
  58              		.align	1
  59              		.global	emFile_1_Sleep
  60              		.thumb
  61              		.thumb_func
  62              		.type	emFile_1_Sleep, %function
  63              	emFile_1_Sleep:
  64              	.LFB58:
  93:.\Generated_Source\PSoC5/emFile_1_PM.c ****     #endif /* (emFile_1_NUMBER_SD_CARDS == 4u) */
  94:.\Generated_Source\PSoC5/emFile_1_PM.c **** }
  95:.\Generated_Source\PSoC5/emFile_1_PM.c **** 
  96:.\Generated_Source\PSoC5/emFile_1_PM.c **** 
  97:.\Generated_Source\PSoC5/emFile_1_PM.c **** /*******************************************************************************
  98:.\Generated_Source\PSoC5/emFile_1_PM.c **** * Function Name: emFile_1_Sleep
  99:.\Generated_Source\PSoC5/emFile_1_PM.c **** ********************************************************************************
 100:.\Generated_Source\PSoC5/emFile_1_PM.c **** *
 101:.\Generated_Source\PSoC5/emFile_1_PM.c **** * Summary:
 102:.\Generated_Source\PSoC5/emFile_1_PM.c **** *  Prepare emFile to go to sleep.
 103:.\Generated_Source\PSoC5/emFile_1_PM.c **** *
 104:.\Generated_Source\PSoC5/emFile_1_PM.c **** * Parameters:
 105:.\Generated_Source\PSoC5/emFile_1_PM.c **** *  None
 106:.\Generated_Source\PSoC5/emFile_1_PM.c **** *
 107:.\Generated_Source\PSoC5/emFile_1_PM.c **** * Return:
ARM GAS  C:\Users\acer\AppData\Local\Temp\ccWbXBr6.s 			page 4


 108:.\Generated_Source\PSoC5/emFile_1_PM.c **** *  None
 109:.\Generated_Source\PSoC5/emFile_1_PM.c **** *
 110:.\Generated_Source\PSoC5/emFile_1_PM.c **** * Reentrant:
 111:.\Generated_Source\PSoC5/emFile_1_PM.c **** *  No
 112:.\Generated_Source\PSoC5/emFile_1_PM.c **** *
 113:.\Generated_Source\PSoC5/emFile_1_PM.c **** *******************************************************************************/
 114:.\Generated_Source\PSoC5/emFile_1_PM.c **** void emFile_1_Sleep(void) 
 115:.\Generated_Source\PSoC5/emFile_1_PM.c **** {
  65              		.loc 1 115 0
  66              		.cfi_startproc
  67              		@ args = 0, pretend = 0, frame = 0
  68              		@ frame_needed = 0, uses_anonymous_args = 0
  69              		@ link register save eliminated.
 116:.\Generated_Source\PSoC5/emFile_1_PM.c ****     #if(emFile_1_NUMBER_SD_CARDS == 4u)
 117:.\Generated_Source\PSoC5/emFile_1_PM.c ****         emFile_1_SPI0_Sleep();
 118:.\Generated_Source\PSoC5/emFile_1_PM.c ****         emFile_1_SPI1_Sleep();
 119:.\Generated_Source\PSoC5/emFile_1_PM.c ****         emFile_1_SPI2_Sleep();
 120:.\Generated_Source\PSoC5/emFile_1_PM.c ****         emFile_1_SPI3_Sleep();
 121:.\Generated_Source\PSoC5/emFile_1_PM.c ****     #elif(emFile_1_NUMBER_SD_CARDS == 3u)
 122:.\Generated_Source\PSoC5/emFile_1_PM.c ****         emFile_1_SPI0_Sleep();
 123:.\Generated_Source\PSoC5/emFile_1_PM.c ****         emFile_1_SPI1_Sleep();
 124:.\Generated_Source\PSoC5/emFile_1_PM.c ****         emFile_1_SPI2_Sleep();
 125:.\Generated_Source\PSoC5/emFile_1_PM.c ****     #elif(emFile_1_NUMBER_SD_CARDS == 2u)
 126:.\Generated_Source\PSoC5/emFile_1_PM.c ****         emFile_1_SPI0_Sleep();
 127:.\Generated_Source\PSoC5/emFile_1_PM.c ****         emFile_1_SPI1_Sleep();
 128:.\Generated_Source\PSoC5/emFile_1_PM.c ****     #else
 129:.\Generated_Source\PSoC5/emFile_1_PM.c ****         emFile_1_SPI0_Sleep();
  70              		.loc 1 129 0
  71 0000 FFF7FEBF 		b	emFile_1_SPI0_Sleep
  72              	.LVL2:
  73              		.cfi_endproc
  74              	.LFE58:
  75              		.size	emFile_1_Sleep, .-emFile_1_Sleep
  76              		.section	.text.emFile_1_Wakeup,"ax",%progbits
  77              		.align	1
  78              		.global	emFile_1_Wakeup
  79              		.thumb
  80              		.thumb_func
  81              		.type	emFile_1_Wakeup, %function
  82              	emFile_1_Wakeup:
  83              	.LFB59:
 130:.\Generated_Source\PSoC5/emFile_1_PM.c ****     #endif /* (emFile_1_NUMBER_SD_CARDS == 4u) */
 131:.\Generated_Source\PSoC5/emFile_1_PM.c **** }
 132:.\Generated_Source\PSoC5/emFile_1_PM.c **** 
 133:.\Generated_Source\PSoC5/emFile_1_PM.c **** 
 134:.\Generated_Source\PSoC5/emFile_1_PM.c **** /*******************************************************************************
 135:.\Generated_Source\PSoC5/emFile_1_PM.c **** * Function Name: emFile_1_Wakeup
 136:.\Generated_Source\PSoC5/emFile_1_PM.c **** ********************************************************************************
 137:.\Generated_Source\PSoC5/emFile_1_PM.c **** *
 138:.\Generated_Source\PSoC5/emFile_1_PM.c **** * Summary:
 139:.\Generated_Source\PSoC5/emFile_1_PM.c **** *  Prepare SPIM Components to wake up.
 140:.\Generated_Source\PSoC5/emFile_1_PM.c **** *
 141:.\Generated_Source\PSoC5/emFile_1_PM.c **** * Parameters:
 142:.\Generated_Source\PSoC5/emFile_1_PM.c **** *  None
 143:.\Generated_Source\PSoC5/emFile_1_PM.c **** *
 144:.\Generated_Source\PSoC5/emFile_1_PM.c **** * Return:
 145:.\Generated_Source\PSoC5/emFile_1_PM.c **** *  None
ARM GAS  C:\Users\acer\AppData\Local\Temp\ccWbXBr6.s 			page 5


 146:.\Generated_Source\PSoC5/emFile_1_PM.c **** *
 147:.\Generated_Source\PSoC5/emFile_1_PM.c **** * Reentrant:
 148:.\Generated_Source\PSoC5/emFile_1_PM.c **** *  No
 149:.\Generated_Source\PSoC5/emFile_1_PM.c **** *
 150:.\Generated_Source\PSoC5/emFile_1_PM.c **** *******************************************************************************/
 151:.\Generated_Source\PSoC5/emFile_1_PM.c **** void emFile_1_Wakeup(void) 
 152:.\Generated_Source\PSoC5/emFile_1_PM.c **** {
  84              		.loc 1 152 0
  85              		.cfi_startproc
  86              		@ args = 0, pretend = 0, frame = 0
  87              		@ frame_needed = 0, uses_anonymous_args = 0
  88              		@ link register save eliminated.
 153:.\Generated_Source\PSoC5/emFile_1_PM.c ****     #if(emFile_1_NUMBER_SD_CARDS == 4u)
 154:.\Generated_Source\PSoC5/emFile_1_PM.c ****         emFile_1_SPI0_Wakeup();
 155:.\Generated_Source\PSoC5/emFile_1_PM.c ****         emFile_1_SPI1_Wakeup();
 156:.\Generated_Source\PSoC5/emFile_1_PM.c ****         emFile_1_SPI2_Wakeup();
 157:.\Generated_Source\PSoC5/emFile_1_PM.c ****         emFile_1_SPI3_Wakeup();
 158:.\Generated_Source\PSoC5/emFile_1_PM.c ****     #elif(emFile_1_NUMBER_SD_CARDS == 3u)
 159:.\Generated_Source\PSoC5/emFile_1_PM.c ****         emFile_1_SPI0_Wakeup();
 160:.\Generated_Source\PSoC5/emFile_1_PM.c ****         emFile_1_SPI1_Wakeup();
 161:.\Generated_Source\PSoC5/emFile_1_PM.c ****         emFile_1_SPI2_Wakeup();
 162:.\Generated_Source\PSoC5/emFile_1_PM.c ****     #elif(emFile_1_NUMBER_SD_CARDS == 2u)
 163:.\Generated_Source\PSoC5/emFile_1_PM.c ****         emFile_1_SPI0_Wakeup();
 164:.\Generated_Source\PSoC5/emFile_1_PM.c ****         emFile_1_SPI1_Wakeup();
 165:.\Generated_Source\PSoC5/emFile_1_PM.c ****     #else
 166:.\Generated_Source\PSoC5/emFile_1_PM.c ****         emFile_1_SPI0_Wakeup();
  89              		.loc 1 166 0
  90 0000 FFF7FEBF 		b	emFile_1_SPI0_Wakeup
  91              	.LVL3:
  92              		.cfi_endproc
  93              	.LFE59:
  94              		.size	emFile_1_Wakeup, .-emFile_1_Wakeup
  95              		.text
  96              	.Letext0:
  97              		.file 2 "c:\\program files\\cypress\\psoc creator\\3.3\\psoc creator\\import\\gnu\\arm\\4.9.3\\arm
  98              		.file 3 "c:\\program files\\cypress\\psoc creator\\3.3\\psoc creator\\import\\gnu\\arm\\4.9.3\\arm
  99              		.file 4 "Generated_Source\\PSoC5/emFile_1_SPI0.h"
 100              		.file 5 "Generated_Source\\PSoC5/core_cm3.h"
 101              		.section	.debug_info,"",%progbits
 102              	.Ldebug_info0:
 103 0000 3C010000 		.4byte	0x13c
 104 0004 0400     		.2byte	0x4
 105 0006 00000000 		.4byte	.Ldebug_abbrev0
 106 000a 04       		.byte	0x4
 107 000b 01       		.uleb128 0x1
 108 000c 2F010000 		.4byte	.LASF22
 109 0010 01       		.byte	0x1
 110 0011 43000000 		.4byte	.LASF23
 111 0015 CD010000 		.4byte	.LASF24
 112 0019 00000000 		.4byte	.Ldebug_ranges0+0
 113 001d 00000000 		.4byte	0
 114 0021 00000000 		.4byte	.Ldebug_line0
 115 0025 02       		.uleb128 0x2
 116 0026 01       		.byte	0x1
 117 0027 06       		.byte	0x6
 118 0028 7E000000 		.4byte	.LASF0
 119 002c 02       		.uleb128 0x2
ARM GAS  C:\Users\acer\AppData\Local\Temp\ccWbXBr6.s 			page 6


 120 002d 01       		.byte	0x1
 121 002e 08       		.byte	0x8
 122 002f CC000000 		.4byte	.LASF1
 123 0033 02       		.uleb128 0x2
 124 0034 02       		.byte	0x2
 125 0035 05       		.byte	0x5
 126 0036 0F020000 		.4byte	.LASF2
 127 003a 02       		.uleb128 0x2
 128 003b 02       		.byte	0x2
 129 003c 07       		.byte	0x7
 130 003d 0E000000 		.4byte	.LASF3
 131 0041 03       		.uleb128 0x3
 132 0042 BD010000 		.4byte	.LASF9
 133 0046 02       		.byte	0x2
 134 0047 3F       		.byte	0x3f
 135 0048 4C000000 		.4byte	0x4c
 136 004c 02       		.uleb128 0x2
 137 004d 04       		.byte	0x4
 138 004e 05       		.byte	0x5
 139 004f FE000000 		.4byte	.LASF4
 140 0053 02       		.uleb128 0x2
 141 0054 04       		.byte	0x4
 142 0055 07       		.byte	0x7
 143 0056 A3000000 		.4byte	.LASF5
 144 005a 02       		.uleb128 0x2
 145 005b 08       		.byte	0x8
 146 005c 05       		.byte	0x5
 147 005d 00000000 		.4byte	.LASF6
 148 0061 02       		.uleb128 0x2
 149 0062 08       		.byte	0x8
 150 0063 07       		.byte	0x7
 151 0064 B5000000 		.4byte	.LASF7
 152 0068 04       		.uleb128 0x4
 153 0069 04       		.byte	0x4
 154 006a 05       		.byte	0x5
 155 006b 696E7400 		.ascii	"int\000"
 156 006f 02       		.uleb128 0x2
 157 0070 04       		.byte	0x4
 158 0071 07       		.byte	0x7
 159 0072 36000000 		.4byte	.LASF8
 160 0076 03       		.uleb128 0x3
 161 0077 19020000 		.4byte	.LASF10
 162 007b 03       		.byte	0x3
 163 007c 2C       		.byte	0x2c
 164 007d 41000000 		.4byte	0x41
 165 0081 02       		.uleb128 0x2
 166 0082 04       		.byte	0x4
 167 0083 04       		.byte	0x4
 168 0084 C7010000 		.4byte	.LASF11
 169 0088 02       		.uleb128 0x2
 170 0089 08       		.byte	0x8
 171 008a 04       		.byte	0x4
 172 008b 07010000 		.4byte	.LASF12
 173 008f 02       		.uleb128 0x2
 174 0090 01       		.byte	0x1
 175 0091 08       		.byte	0x8
 176 0092 E9000000 		.4byte	.LASF13
ARM GAS  C:\Users\acer\AppData\Local\Temp\ccWbXBr6.s 			page 7


 177 0096 02       		.uleb128 0x2
 178 0097 04       		.byte	0x4
 179 0098 07       		.byte	0x7
 180 0099 21020000 		.4byte	.LASF14
 181 009d 05       		.uleb128 0x5
 182 009e 0E010000 		.4byte	.LASF15
 183 00a2 01       		.byte	0x1
 184 00a3 27       		.byte	0x27
 185 00a4 00000000 		.4byte	.LFB56
 186 00a8 04000000 		.4byte	.LFE56-.LFB56
 187 00ac 01       		.uleb128 0x1
 188 00ad 9C       		.byte	0x9c
 189 00ae BC000000 		.4byte	0xbc
 190 00b2 06       		.uleb128 0x6
 191 00b3 04000000 		.4byte	.LVL0
 192 00b7 2A010000 		.4byte	0x12a
 193 00bb 00       		.byte	0
 194 00bc 05       		.uleb128 0x5
 195 00bd 2A020000 		.4byte	.LASF16
 196 00c1 01       		.byte	0x1
 197 00c2 4D       		.byte	0x4d
 198 00c3 00000000 		.4byte	.LFB57
 199 00c7 04000000 		.4byte	.LFE57-.LFB57
 200 00cb 01       		.uleb128 0x1
 201 00cc 9C       		.byte	0x9c
 202 00cd DB000000 		.4byte	0xdb
 203 00d1 06       		.uleb128 0x6
 204 00d2 04000000 		.4byte	.LVL1
 205 00d6 2A010000 		.4byte	0x12a
 206 00da 00       		.byte	0
 207 00db 05       		.uleb128 0x5
 208 00dc DA000000 		.4byte	.LASF17
 209 00e0 01       		.byte	0x1
 210 00e1 72       		.byte	0x72
 211 00e2 00000000 		.4byte	.LFB58
 212 00e6 04000000 		.4byte	.LFE58-.LFB58
 213 00ea 01       		.uleb128 0x1
 214 00eb 9C       		.byte	0x9c
 215 00ec FA000000 		.4byte	0xfa
 216 00f0 06       		.uleb128 0x6
 217 00f1 04000000 		.4byte	.LVL2
 218 00f5 31010000 		.4byte	0x131
 219 00f9 00       		.byte	0
 220 00fa 05       		.uleb128 0x5
 221 00fb EE000000 		.4byte	.LASF18
 222 00ff 01       		.byte	0x1
 223 0100 97       		.byte	0x97
 224 0101 00000000 		.4byte	.LFB59
 225 0105 04000000 		.4byte	.LFE59-.LFB59
 226 0109 01       		.uleb128 0x1
 227 010a 9C       		.byte	0x9c
 228 010b 19010000 		.4byte	0x119
 229 010f 06       		.uleb128 0x6
 230 0110 04000000 		.4byte	.LVL3
 231 0114 38010000 		.4byte	0x138
 232 0118 00       		.byte	0
 233 0119 07       		.uleb128 0x7
ARM GAS  C:\Users\acer\AppData\Local\Temp\ccWbXBr6.s 			page 8


 234 011a 22010000 		.4byte	.LASF25
 235 011e 05       		.byte	0x5
 236 011f 1606     		.2byte	0x616
 237 0121 25010000 		.4byte	0x125
 238 0125 08       		.uleb128 0x8
 239 0126 76000000 		.4byte	0x76
 240 012a 09       		.uleb128 0x9
 241 012b 8A000000 		.4byte	.LASF19
 242 012f 04       		.byte	0x4
 243 0130 62       		.byte	0x62
 244 0131 09       		.uleb128 0x9
 245 0132 6A000000 		.4byte	.LASF20
 246 0136 04       		.byte	0x4
 247 0137 60       		.byte	0x60
 248 0138 09       		.uleb128 0x9
 249 0139 21000000 		.4byte	.LASF21
 250 013d 04       		.byte	0x4
 251 013e 61       		.byte	0x61
 252 013f 00       		.byte	0
 253              		.section	.debug_abbrev,"",%progbits
 254              	.Ldebug_abbrev0:
 255 0000 01       		.uleb128 0x1
 256 0001 11       		.uleb128 0x11
 257 0002 01       		.byte	0x1
 258 0003 25       		.uleb128 0x25
 259 0004 0E       		.uleb128 0xe
 260 0005 13       		.uleb128 0x13
 261 0006 0B       		.uleb128 0xb
 262 0007 03       		.uleb128 0x3
 263 0008 0E       		.uleb128 0xe
 264 0009 1B       		.uleb128 0x1b
 265 000a 0E       		.uleb128 0xe
 266 000b 55       		.uleb128 0x55
 267 000c 17       		.uleb128 0x17
 268 000d 11       		.uleb128 0x11
 269 000e 01       		.uleb128 0x1
 270 000f 10       		.uleb128 0x10
 271 0010 17       		.uleb128 0x17
 272 0011 00       		.byte	0
 273 0012 00       		.byte	0
 274 0013 02       		.uleb128 0x2
 275 0014 24       		.uleb128 0x24
 276 0015 00       		.byte	0
 277 0016 0B       		.uleb128 0xb
 278 0017 0B       		.uleb128 0xb
 279 0018 3E       		.uleb128 0x3e
 280 0019 0B       		.uleb128 0xb
 281 001a 03       		.uleb128 0x3
 282 001b 0E       		.uleb128 0xe
 283 001c 00       		.byte	0
 284 001d 00       		.byte	0
 285 001e 03       		.uleb128 0x3
 286 001f 16       		.uleb128 0x16
 287 0020 00       		.byte	0
 288 0021 03       		.uleb128 0x3
 289 0022 0E       		.uleb128 0xe
 290 0023 3A       		.uleb128 0x3a
ARM GAS  C:\Users\acer\AppData\Local\Temp\ccWbXBr6.s 			page 9


 291 0024 0B       		.uleb128 0xb
 292 0025 3B       		.uleb128 0x3b
 293 0026 0B       		.uleb128 0xb
 294 0027 49       		.uleb128 0x49
 295 0028 13       		.uleb128 0x13
 296 0029 00       		.byte	0
 297 002a 00       		.byte	0
 298 002b 04       		.uleb128 0x4
 299 002c 24       		.uleb128 0x24
 300 002d 00       		.byte	0
 301 002e 0B       		.uleb128 0xb
 302 002f 0B       		.uleb128 0xb
 303 0030 3E       		.uleb128 0x3e
 304 0031 0B       		.uleb128 0xb
 305 0032 03       		.uleb128 0x3
 306 0033 08       		.uleb128 0x8
 307 0034 00       		.byte	0
 308 0035 00       		.byte	0
 309 0036 05       		.uleb128 0x5
 310 0037 2E       		.uleb128 0x2e
 311 0038 01       		.byte	0x1
 312 0039 3F       		.uleb128 0x3f
 313 003a 19       		.uleb128 0x19
 314 003b 03       		.uleb128 0x3
 315 003c 0E       		.uleb128 0xe
 316 003d 3A       		.uleb128 0x3a
 317 003e 0B       		.uleb128 0xb
 318 003f 3B       		.uleb128 0x3b
 319 0040 0B       		.uleb128 0xb
 320 0041 27       		.uleb128 0x27
 321 0042 19       		.uleb128 0x19
 322 0043 11       		.uleb128 0x11
 323 0044 01       		.uleb128 0x1
 324 0045 12       		.uleb128 0x12
 325 0046 06       		.uleb128 0x6
 326 0047 40       		.uleb128 0x40
 327 0048 18       		.uleb128 0x18
 328 0049 9742     		.uleb128 0x2117
 329 004b 19       		.uleb128 0x19
 330 004c 01       		.uleb128 0x1
 331 004d 13       		.uleb128 0x13
 332 004e 00       		.byte	0
 333 004f 00       		.byte	0
 334 0050 06       		.uleb128 0x6
 335 0051 898201   		.uleb128 0x4109
 336 0054 00       		.byte	0
 337 0055 11       		.uleb128 0x11
 338 0056 01       		.uleb128 0x1
 339 0057 9542     		.uleb128 0x2115
 340 0059 19       		.uleb128 0x19
 341 005a 31       		.uleb128 0x31
 342 005b 13       		.uleb128 0x13
 343 005c 00       		.byte	0
 344 005d 00       		.byte	0
 345 005e 07       		.uleb128 0x7
 346 005f 34       		.uleb128 0x34
 347 0060 00       		.byte	0
ARM GAS  C:\Users\acer\AppData\Local\Temp\ccWbXBr6.s 			page 10


 348 0061 03       		.uleb128 0x3
 349 0062 0E       		.uleb128 0xe
 350 0063 3A       		.uleb128 0x3a
 351 0064 0B       		.uleb128 0xb
 352 0065 3B       		.uleb128 0x3b
 353 0066 05       		.uleb128 0x5
 354 0067 49       		.uleb128 0x49
 355 0068 13       		.uleb128 0x13
 356 0069 3F       		.uleb128 0x3f
 357 006a 19       		.uleb128 0x19
 358 006b 3C       		.uleb128 0x3c
 359 006c 19       		.uleb128 0x19
 360 006d 00       		.byte	0
 361 006e 00       		.byte	0
 362 006f 08       		.uleb128 0x8
 363 0070 35       		.uleb128 0x35
 364 0071 00       		.byte	0
 365 0072 49       		.uleb128 0x49
 366 0073 13       		.uleb128 0x13
 367 0074 00       		.byte	0
 368 0075 00       		.byte	0
 369 0076 09       		.uleb128 0x9
 370 0077 2E       		.uleb128 0x2e
 371 0078 00       		.byte	0
 372 0079 3F       		.uleb128 0x3f
 373 007a 19       		.uleb128 0x19
 374 007b 03       		.uleb128 0x3
 375 007c 0E       		.uleb128 0xe
 376 007d 3A       		.uleb128 0x3a
 377 007e 0B       		.uleb128 0xb
 378 007f 3B       		.uleb128 0x3b
 379 0080 0B       		.uleb128 0xb
 380 0081 27       		.uleb128 0x27
 381 0082 19       		.uleb128 0x19
 382 0083 3C       		.uleb128 0x3c
 383 0084 19       		.uleb128 0x19
 384 0085 00       		.byte	0
 385 0086 00       		.byte	0
 386 0087 00       		.byte	0
 387              		.section	.debug_aranges,"",%progbits
 388 0000 34000000 		.4byte	0x34
 389 0004 0200     		.2byte	0x2
 390 0006 00000000 		.4byte	.Ldebug_info0
 391 000a 04       		.byte	0x4
 392 000b 00       		.byte	0
 393 000c 0000     		.2byte	0
 394 000e 0000     		.2byte	0
 395 0010 00000000 		.4byte	.LFB56
 396 0014 04000000 		.4byte	.LFE56-.LFB56
 397 0018 00000000 		.4byte	.LFB57
 398 001c 04000000 		.4byte	.LFE57-.LFB57
 399 0020 00000000 		.4byte	.LFB58
 400 0024 04000000 		.4byte	.LFE58-.LFB58
 401 0028 00000000 		.4byte	.LFB59
 402 002c 04000000 		.4byte	.LFE59-.LFB59
 403 0030 00000000 		.4byte	0
 404 0034 00000000 		.4byte	0
ARM GAS  C:\Users\acer\AppData\Local\Temp\ccWbXBr6.s 			page 11


 405              		.section	.debug_ranges,"",%progbits
 406              	.Ldebug_ranges0:
 407 0000 00000000 		.4byte	.LFB56
 408 0004 04000000 		.4byte	.LFE56
 409 0008 00000000 		.4byte	.LFB57
 410 000c 04000000 		.4byte	.LFE57
 411 0010 00000000 		.4byte	.LFB58
 412 0014 04000000 		.4byte	.LFE58
 413 0018 00000000 		.4byte	.LFB59
 414 001c 04000000 		.4byte	.LFE59
 415 0020 00000000 		.4byte	0
 416 0024 00000000 		.4byte	0
 417              		.section	.debug_line,"",%progbits
 418              	.Ldebug_line0:
 419 0000 B2010000 		.section	.debug_str,"MS",%progbits,1
 419      02006101 
 419      00000201 
 419      FB0E0D00 
 419      01010101 
 420              	.LASF6:
 421 0000 6C6F6E67 		.ascii	"long long int\000"
 421      206C6F6E 
 421      6720696E 
 421      7400
 422              	.LASF3:
 423 000e 73686F72 		.ascii	"short unsigned int\000"
 423      7420756E 
 423      7369676E 
 423      65642069 
 423      6E7400
 424              	.LASF21:
 425 0021 656D4669 		.ascii	"emFile_1_SPI0_Wakeup\000"
 425      6C655F31 
 425      5F535049 
 425      305F5761 
 425      6B657570 
 426              	.LASF8:
 427 0036 756E7369 		.ascii	"unsigned int\000"
 427      676E6564 
 427      20696E74 
 427      00
 428              	.LASF23:
 429 0043 2E5C4765 		.ascii	".\\Generated_Source\\PSoC5\\emFile_1_PM.c\000"
 429      6E657261 
 429      7465645F 
 429      536F7572 
 429      63655C50 
 430              	.LASF20:
 431 006a 656D4669 		.ascii	"emFile_1_SPI0_Sleep\000"
 431      6C655F31 
 431      5F535049 
 431      305F536C 
 431      65657000 
 432              	.LASF0:
 433 007e 7369676E 		.ascii	"signed char\000"
 433      65642063 
 433      68617200 
ARM GAS  C:\Users\acer\AppData\Local\Temp\ccWbXBr6.s 			page 12


 434              	.LASF19:
 435 008a 656D4669 		.ascii	"emFile_1_SPI0_SaveConfig\000"
 435      6C655F31 
 435      5F535049 
 435      305F5361 
 435      7665436F 
 436              	.LASF5:
 437 00a3 6C6F6E67 		.ascii	"long unsigned int\000"
 437      20756E73 
 437      69676E65 
 437      6420696E 
 437      7400
 438              	.LASF7:
 439 00b5 6C6F6E67 		.ascii	"long long unsigned int\000"
 439      206C6F6E 
 439      6720756E 
 439      7369676E 
 439      65642069 
 440              	.LASF1:
 441 00cc 756E7369 		.ascii	"unsigned char\000"
 441      676E6564 
 441      20636861 
 441      7200
 442              	.LASF17:
 443 00da 656D4669 		.ascii	"emFile_1_Sleep\000"
 443      6C655F31 
 443      5F536C65 
 443      657000
 444              	.LASF13:
 445 00e9 63686172 		.ascii	"char\000"
 445      00
 446              	.LASF18:
 447 00ee 656D4669 		.ascii	"emFile_1_Wakeup\000"
 447      6C655F31 
 447      5F57616B 
 447      65757000 
 448              	.LASF4:
 449 00fe 6C6F6E67 		.ascii	"long int\000"
 449      20696E74 
 449      00
 450              	.LASF12:
 451 0107 646F7562 		.ascii	"double\000"
 451      6C6500
 452              	.LASF15:
 453 010e 656D4669 		.ascii	"emFile_1_SaveConfig\000"
 453      6C655F31 
 453      5F536176 
 453      65436F6E 
 453      66696700 
 454              	.LASF25:
 455 0122 49544D5F 		.ascii	"ITM_RxBuffer\000"
 455      52784275 
 455      66666572 
 455      00
 456              	.LASF22:
 457 012f 474E5520 		.ascii	"GNU C 4.9.3 20150303 (release) [ARM/embedded-4_9-br"
 457      4320342E 
ARM GAS  C:\Users\acer\AppData\Local\Temp\ccWbXBr6.s 			page 13


 457      392E3320 
 457      32303135 
 457      30333033 
 458 0162 616E6368 		.ascii	"anch revision 221220] -mcpu=cortex-m3 -mthumb -g -O"
 458      20726576 
 458      6973696F 
 458      6E203232 
 458      31323230 
 459 0195 73202D66 		.ascii	"s -ffunction-sections -ffat-lto-objects\000"
 459      66756E63 
 459      74696F6E 
 459      2D736563 
 459      74696F6E 
 460              	.LASF9:
 461 01bd 5F5F696E 		.ascii	"__int32_t\000"
 461      7433325F 
 461      7400
 462              	.LASF11:
 463 01c7 666C6F61 		.ascii	"float\000"
 463      7400
 464              	.LASF24:
 465 01cd 433A5C55 		.ascii	"C:\\Users\\acer\\Desktop\\Saura-master\\2_Psoc\\Pla"
 465      73657273 
 465      5C616365 
 465      725C4465 
 465      736B746F 
 466 01fa 74666F72 		.ascii	"tform\\Design02.cydsn\000"
 466      6D5C4465 
 466      7369676E 
 466      30322E63 
 466      7964736E 
 467              	.LASF2:
 468 020f 73686F72 		.ascii	"short int\000"
 468      7420696E 
 468      7400
 469              	.LASF10:
 470 0219 696E7433 		.ascii	"int32_t\000"
 470      325F7400 
 471              	.LASF14:
 472 0221 73697A65 		.ascii	"sizetype\000"
 472      74797065 
 472      00
 473              	.LASF16:
 474 022a 656D4669 		.ascii	"emFile_1_RestoreConfig\000"
 474      6C655F31 
 474      5F526573 
 474      746F7265 
 474      436F6E66 
 475              		.ident	"GCC: (GNU Tools for ARM Embedded Processors) 4.9.3 20150303 (release) [ARM/embedded-4_9-br
