ARM GAS  C:\Users\acer\AppData\Local\Temp\ccnsT0ZA.s 			page 1


   1              		.syntax unified
   2              		.cpu cortex-m3
   3              		.fpu softvfp
   4              		.eabi_attribute 20, 1
   5              		.eabi_attribute 21, 1
   6              		.eabi_attribute 23, 3
   7              		.eabi_attribute 24, 1
   8              		.eabi_attribute 25, 1
   9              		.eabi_attribute 26, 1
  10              		.eabi_attribute 30, 4
  11              		.eabi_attribute 34, 1
  12              		.eabi_attribute 18, 4
  13              		.thumb
  14              		.file	"I2C_1_PM.c"
  15              		.text
  16              	.Ltext0:
  17              		.cfi_sections	.debug_frame
  18              		.section	.text.I2C_1_SaveConfig,"ax",%progbits
  19              		.align	1
  20              		.global	I2C_1_SaveConfig
  21              		.thumb
  22              		.thumb_func
  23              		.type	I2C_1_SaveConfig, %function
  24              	I2C_1_SaveConfig:
  25              	.LFB0:
  26              		.file 1 ".\\Generated_Source\\PSoC5\\I2C_1_PM.c"
   1:.\Generated_Source\PSoC5/I2C_1_PM.c **** /*******************************************************************************
   2:.\Generated_Source\PSoC5/I2C_1_PM.c **** * File Name: I2C_1_PM.c
   3:.\Generated_Source\PSoC5/I2C_1_PM.c **** * Version 3.50
   4:.\Generated_Source\PSoC5/I2C_1_PM.c **** *
   5:.\Generated_Source\PSoC5/I2C_1_PM.c **** * Description:
   6:.\Generated_Source\PSoC5/I2C_1_PM.c **** *  This file provides low power mode APIs for the I2C component.
   7:.\Generated_Source\PSoC5/I2C_1_PM.c **** *
   8:.\Generated_Source\PSoC5/I2C_1_PM.c **** ********************************************************************************
   9:.\Generated_Source\PSoC5/I2C_1_PM.c **** * Copyright 2008-2015, Cypress Semiconductor Corporation. All rights reserved.
  10:.\Generated_Source\PSoC5/I2C_1_PM.c **** * You may use this file only in accordance with the license, terms, conditions,
  11:.\Generated_Source\PSoC5/I2C_1_PM.c **** * disclaimers, and limitations in the end user license agreement accompanying
  12:.\Generated_Source\PSoC5/I2C_1_PM.c **** * the software package with which this file was provided.
  13:.\Generated_Source\PSoC5/I2C_1_PM.c **** *******************************************************************************/
  14:.\Generated_Source\PSoC5/I2C_1_PM.c **** 
  15:.\Generated_Source\PSoC5/I2C_1_PM.c **** #include "I2C_1_PVT.h"
  16:.\Generated_Source\PSoC5/I2C_1_PM.c **** 
  17:.\Generated_Source\PSoC5/I2C_1_PM.c **** I2C_1_BACKUP_STRUCT I2C_1_backup =
  18:.\Generated_Source\PSoC5/I2C_1_PM.c **** {
  19:.\Generated_Source\PSoC5/I2C_1_PM.c ****     I2C_1_DISABLE,
  20:.\Generated_Source\PSoC5/I2C_1_PM.c **** 
  21:.\Generated_Source\PSoC5/I2C_1_PM.c **** #if (I2C_1_FF_IMPLEMENTED)
  22:.\Generated_Source\PSoC5/I2C_1_PM.c ****     I2C_1_DEFAULT_XCFG,
  23:.\Generated_Source\PSoC5/I2C_1_PM.c ****     I2C_1_DEFAULT_CFG,
  24:.\Generated_Source\PSoC5/I2C_1_PM.c ****     I2C_1_DEFAULT_ADDR,
  25:.\Generated_Source\PSoC5/I2C_1_PM.c ****     LO8(I2C_1_DEFAULT_DIVIDE_FACTOR),
  26:.\Generated_Source\PSoC5/I2C_1_PM.c ****     HI8(I2C_1_DEFAULT_DIVIDE_FACTOR),
  27:.\Generated_Source\PSoC5/I2C_1_PM.c **** #else  /* (I2C_1_UDB_IMPLEMENTED) */
  28:.\Generated_Source\PSoC5/I2C_1_PM.c ****     I2C_1_DEFAULT_CFG,
  29:.\Generated_Source\PSoC5/I2C_1_PM.c **** #endif /* (I2C_1_FF_IMPLEMENTED) */
  30:.\Generated_Source\PSoC5/I2C_1_PM.c **** 
  31:.\Generated_Source\PSoC5/I2C_1_PM.c **** #if (I2C_1_TIMEOUT_ENABLED)
ARM GAS  C:\Users\acer\AppData\Local\Temp\ccnsT0ZA.s 			page 2


  32:.\Generated_Source\PSoC5/I2C_1_PM.c ****     I2C_1_DEFAULT_TMOUT_PERIOD,
  33:.\Generated_Source\PSoC5/I2C_1_PM.c ****     I2C_1_DEFAULT_TMOUT_INTR_MASK,
  34:.\Generated_Source\PSoC5/I2C_1_PM.c **** #endif /* (I2C_1_TIMEOUT_ENABLED) */
  35:.\Generated_Source\PSoC5/I2C_1_PM.c **** };
  36:.\Generated_Source\PSoC5/I2C_1_PM.c **** 
  37:.\Generated_Source\PSoC5/I2C_1_PM.c **** #if ((I2C_1_FF_IMPLEMENTED) && (I2C_1_WAKEUP_ENABLED))
  38:.\Generated_Source\PSoC5/I2C_1_PM.c ****     volatile uint8 I2C_1_wakeupSource;
  39:.\Generated_Source\PSoC5/I2C_1_PM.c **** #endif /* ((I2C_1_FF_IMPLEMENTED) && (I2C_1_WAKEUP_ENABLED)) */
  40:.\Generated_Source\PSoC5/I2C_1_PM.c **** 
  41:.\Generated_Source\PSoC5/I2C_1_PM.c **** 
  42:.\Generated_Source\PSoC5/I2C_1_PM.c **** /*******************************************************************************
  43:.\Generated_Source\PSoC5/I2C_1_PM.c **** * Function Name: I2C_1_SaveConfig
  44:.\Generated_Source\PSoC5/I2C_1_PM.c **** ********************************************************************************
  45:.\Generated_Source\PSoC5/I2C_1_PM.c **** *
  46:.\Generated_Source\PSoC5/I2C_1_PM.c **** * Summary:
  47:.\Generated_Source\PSoC5/I2C_1_PM.c **** *  The Enable wakeup from Sleep Mode selection influences this function
  48:.\Generated_Source\PSoC5/I2C_1_PM.c **** *  implementation:
  49:.\Generated_Source\PSoC5/I2C_1_PM.c **** *   Unchecked: Stores the component non-retention configuration registers.
  50:.\Generated_Source\PSoC5/I2C_1_PM.c **** *   Checked:   Disables the master, if it was enabled before, and enables
  51:.\Generated_Source\PSoC5/I2C_1_PM.c **** *              backup regulator of the I2C hardware. If a transaction intended
  52:.\Generated_Source\PSoC5/I2C_1_PM.c **** *              for component executes during this function call, it waits until
  53:.\Generated_Source\PSoC5/I2C_1_PM.c **** *              the current transaction is completed and I2C hardware is ready
  54:.\Generated_Source\PSoC5/I2C_1_PM.c **** *              to enter sleep mode. All subsequent I2C traffic is NAKed until
  55:.\Generated_Source\PSoC5/I2C_1_PM.c **** *              the device is put into sleep mode.
  56:.\Generated_Source\PSoC5/I2C_1_PM.c **** *
  57:.\Generated_Source\PSoC5/I2C_1_PM.c **** * Parameters:
  58:.\Generated_Source\PSoC5/I2C_1_PM.c **** *  None.
  59:.\Generated_Source\PSoC5/I2C_1_PM.c **** *
  60:.\Generated_Source\PSoC5/I2C_1_PM.c **** * Return:
  61:.\Generated_Source\PSoC5/I2C_1_PM.c **** *  None.
  62:.\Generated_Source\PSoC5/I2C_1_PM.c **** *
  63:.\Generated_Source\PSoC5/I2C_1_PM.c **** * Global Variables:
  64:.\Generated_Source\PSoC5/I2C_1_PM.c **** *  I2C_1_backup - The global variable used to save the component
  65:.\Generated_Source\PSoC5/I2C_1_PM.c **** *                            configuration and non-retention registers before
  66:.\Generated_Source\PSoC5/I2C_1_PM.c **** *                            entering the sleep mode.
  67:.\Generated_Source\PSoC5/I2C_1_PM.c **** *
  68:.\Generated_Source\PSoC5/I2C_1_PM.c **** * Reentrant:
  69:.\Generated_Source\PSoC5/I2C_1_PM.c **** *  No.
  70:.\Generated_Source\PSoC5/I2C_1_PM.c **** *
  71:.\Generated_Source\PSoC5/I2C_1_PM.c **** *******************************************************************************/
  72:.\Generated_Source\PSoC5/I2C_1_PM.c **** void I2C_1_SaveConfig(void) 
  73:.\Generated_Source\PSoC5/I2C_1_PM.c **** {
  27              		.loc 1 73 0
  28              		.cfi_startproc
  29              		@ args = 0, pretend = 0, frame = 0
  30              		@ frame_needed = 0, uses_anonymous_args = 0
  31              		@ link register save eliminated.
  74:.\Generated_Source\PSoC5/I2C_1_PM.c **** #if (I2C_1_FF_IMPLEMENTED)
  75:.\Generated_Source\PSoC5/I2C_1_PM.c ****     #if (I2C_1_WAKEUP_ENABLED)
  76:.\Generated_Source\PSoC5/I2C_1_PM.c ****         uint8 intState;
  77:.\Generated_Source\PSoC5/I2C_1_PM.c ****     #endif /* (I2C_1_WAKEUP_ENABLED) */
  78:.\Generated_Source\PSoC5/I2C_1_PM.c **** 
  79:.\Generated_Source\PSoC5/I2C_1_PM.c ****     /* Store registers before enter low power mode */
  80:.\Generated_Source\PSoC5/I2C_1_PM.c ****     I2C_1_backup.cfg     = I2C_1_CFG_REG;
  32              		.loc 1 80 0
  33 0000 084B     		ldr	r3, .L2
  34 0002 1A78     		ldrb	r2, [r3]	@ zero_extendqisi2
ARM GAS  C:\Users\acer\AppData\Local\Temp\ccnsT0ZA.s 			page 3


  35 0004 084B     		ldr	r3, .L2+4
  36 0006 9A70     		strb	r2, [r3, #2]
  81:.\Generated_Source\PSoC5/I2C_1_PM.c ****     I2C_1_backup.xcfg    = I2C_1_XCFG_REG;
  37              		.loc 1 81 0
  38 0008 084A     		ldr	r2, .L2+8
  39 000a 1278     		ldrb	r2, [r2]	@ zero_extendqisi2
  40 000c 5A70     		strb	r2, [r3, #1]
  82:.\Generated_Source\PSoC5/I2C_1_PM.c ****     I2C_1_backup.addr    = I2C_1_ADDR_REG;
  41              		.loc 1 82 0
  42 000e 084A     		ldr	r2, .L2+12
  43 0010 1278     		ldrb	r2, [r2]	@ zero_extendqisi2
  44 0012 DA70     		strb	r2, [r3, #3]
  83:.\Generated_Source\PSoC5/I2C_1_PM.c ****     I2C_1_backup.clkDiv1 = I2C_1_CLKDIV1_REG;
  45              		.loc 1 83 0
  46 0014 074A     		ldr	r2, .L2+16
  47 0016 1278     		ldrb	r2, [r2]	@ zero_extendqisi2
  48 0018 1A71     		strb	r2, [r3, #4]
  84:.\Generated_Source\PSoC5/I2C_1_PM.c ****     I2C_1_backup.clkDiv2 = I2C_1_CLKDIV2_REG;
  49              		.loc 1 84 0
  50 001a 074A     		ldr	r2, .L2+20
  51 001c 1278     		ldrb	r2, [r2]	@ zero_extendqisi2
  52 001e 5A71     		strb	r2, [r3, #5]
  53 0020 7047     		bx	lr
  54              	.L3:
  55 0022 00BF     		.align	2
  56              	.L2:
  57 0024 D6490040 		.word	1073760726
  58 0028 00000000 		.word	.LANCHOR0
  59 002c C8490040 		.word	1073760712
  60 0030 CA490040 		.word	1073760714
  61 0034 DB490040 		.word	1073760731
  62 0038 DC490040 		.word	1073760732
  63              		.cfi_endproc
  64              	.LFE0:
  65              		.size	I2C_1_SaveConfig, .-I2C_1_SaveConfig
  66              		.section	.text.I2C_1_Sleep,"ax",%progbits
  67              		.align	1
  68              		.global	I2C_1_Sleep
  69              		.thumb
  70              		.thumb_func
  71              		.type	I2C_1_Sleep, %function
  72              	I2C_1_Sleep:
  73              	.LFB1:
  85:.\Generated_Source\PSoC5/I2C_1_PM.c **** 
  86:.\Generated_Source\PSoC5/I2C_1_PM.c **** #if (I2C_1_WAKEUP_ENABLED)
  87:.\Generated_Source\PSoC5/I2C_1_PM.c ****     /* Disable master */
  88:.\Generated_Source\PSoC5/I2C_1_PM.c ****     I2C_1_CFG_REG &= (uint8) ~I2C_1_ENABLE_MASTER;
  89:.\Generated_Source\PSoC5/I2C_1_PM.c **** 
  90:.\Generated_Source\PSoC5/I2C_1_PM.c ****     /* Enable backup regulator to keep block powered in low power mode */
  91:.\Generated_Source\PSoC5/I2C_1_PM.c ****     intState = CyEnterCriticalSection();
  92:.\Generated_Source\PSoC5/I2C_1_PM.c ****     I2C_1_PWRSYS_CR1_REG |= I2C_1_PWRSYS_CR1_I2C_REG_BACKUP;
  93:.\Generated_Source\PSoC5/I2C_1_PM.c ****     CyExitCriticalSection(intState);
  94:.\Generated_Source\PSoC5/I2C_1_PM.c **** 
  95:.\Generated_Source\PSoC5/I2C_1_PM.c ****     /* 1) Set force NACK to ignore I2C transactions;
  96:.\Generated_Source\PSoC5/I2C_1_PM.c ****     *  2) Wait unti I2C is ready go to Sleep; !!
  97:.\Generated_Source\PSoC5/I2C_1_PM.c ****     *  3) These bits are cleared on wake up.
  98:.\Generated_Source\PSoC5/I2C_1_PM.c ****     */
ARM GAS  C:\Users\acer\AppData\Local\Temp\ccnsT0ZA.s 			page 4


  99:.\Generated_Source\PSoC5/I2C_1_PM.c ****     /* Wait when block is ready for sleep */
 100:.\Generated_Source\PSoC5/I2C_1_PM.c ****     I2C_1_XCFG_REG |= I2C_1_XCFG_FORCE_NACK;
 101:.\Generated_Source\PSoC5/I2C_1_PM.c ****     while (0u == (I2C_1_XCFG_REG & I2C_1_XCFG_RDY_TO_SLEEP))
 102:.\Generated_Source\PSoC5/I2C_1_PM.c ****     {
 103:.\Generated_Source\PSoC5/I2C_1_PM.c ****     }
 104:.\Generated_Source\PSoC5/I2C_1_PM.c **** 
 105:.\Generated_Source\PSoC5/I2C_1_PM.c ****     /* Setup wakeup interrupt */
 106:.\Generated_Source\PSoC5/I2C_1_PM.c ****     I2C_1_DisableInt();
 107:.\Generated_Source\PSoC5/I2C_1_PM.c ****     (void) CyIntSetVector(I2C_1_ISR_NUMBER, &I2C_1_WAKEUP_ISR);
 108:.\Generated_Source\PSoC5/I2C_1_PM.c ****     I2C_1_wakeupSource = 0u;
 109:.\Generated_Source\PSoC5/I2C_1_PM.c ****     I2C_1_EnableInt();
 110:.\Generated_Source\PSoC5/I2C_1_PM.c **** #endif /* (I2C_1_WAKEUP_ENABLED) */
 111:.\Generated_Source\PSoC5/I2C_1_PM.c **** 
 112:.\Generated_Source\PSoC5/I2C_1_PM.c **** #else
 113:.\Generated_Source\PSoC5/I2C_1_PM.c ****     /* Store only address match bit */
 114:.\Generated_Source\PSoC5/I2C_1_PM.c ****     I2C_1_backup.control = (I2C_1_CFG_REG & I2C_1_CTRL_ANY_ADDRESS_MASK);
 115:.\Generated_Source\PSoC5/I2C_1_PM.c **** #endif /* (I2C_1_FF_IMPLEMENTED) */
 116:.\Generated_Source\PSoC5/I2C_1_PM.c **** 
 117:.\Generated_Source\PSoC5/I2C_1_PM.c **** #if (I2C_1_TIMEOUT_ENABLED)
 118:.\Generated_Source\PSoC5/I2C_1_PM.c ****     I2C_1_TimeoutSaveConfig();
 119:.\Generated_Source\PSoC5/I2C_1_PM.c **** #endif /* (I2C_1_TIMEOUT_ENABLED) */
 120:.\Generated_Source\PSoC5/I2C_1_PM.c **** }
 121:.\Generated_Source\PSoC5/I2C_1_PM.c **** 
 122:.\Generated_Source\PSoC5/I2C_1_PM.c **** 
 123:.\Generated_Source\PSoC5/I2C_1_PM.c **** /*******************************************************************************
 124:.\Generated_Source\PSoC5/I2C_1_PM.c **** * Function Name: I2C_1_Sleep
 125:.\Generated_Source\PSoC5/I2C_1_PM.c **** ********************************************************************************
 126:.\Generated_Source\PSoC5/I2C_1_PM.c **** *
 127:.\Generated_Source\PSoC5/I2C_1_PM.c **** * Summary:
 128:.\Generated_Source\PSoC5/I2C_1_PM.c **** *  This is the preferred method to prepare the component before device enters
 129:.\Generated_Source\PSoC5/I2C_1_PM.c **** *  sleep mode. The Enable wakeup from Sleep Mode selection influences this
 130:.\Generated_Source\PSoC5/I2C_1_PM.c **** *  function implementation:
 131:.\Generated_Source\PSoC5/I2C_1_PM.c **** *   Unchecked: Checks current I2C component state, saves it, and disables the
 132:.\Generated_Source\PSoC5/I2C_1_PM.c **** *              component by calling I2C_Stop() if it is currently enabled.
 133:.\Generated_Source\PSoC5/I2C_1_PM.c **** *              I2C_SaveConfig() is then called to save the component
 134:.\Generated_Source\PSoC5/I2C_1_PM.c **** *              non-retention configuration registers.
 135:.\Generated_Source\PSoC5/I2C_1_PM.c **** *   Checked:   If a transaction intended for component executes during this
 136:.\Generated_Source\PSoC5/I2C_1_PM.c **** *              function call, it waits until the current transaction is
 137:.\Generated_Source\PSoC5/I2C_1_PM.c **** *              completed. All subsequent I2C traffic intended for component
 138:.\Generated_Source\PSoC5/I2C_1_PM.c **** *              is NAKed until the device is put to sleep mode. The address
 139:.\Generated_Source\PSoC5/I2C_1_PM.c **** *              match event wakes up the device.
 140:.\Generated_Source\PSoC5/I2C_1_PM.c **** *
 141:.\Generated_Source\PSoC5/I2C_1_PM.c **** * Parameters:
 142:.\Generated_Source\PSoC5/I2C_1_PM.c **** *  None.
 143:.\Generated_Source\PSoC5/I2C_1_PM.c **** *
 144:.\Generated_Source\PSoC5/I2C_1_PM.c **** * Return:
 145:.\Generated_Source\PSoC5/I2C_1_PM.c **** *  None.
 146:.\Generated_Source\PSoC5/I2C_1_PM.c **** *
 147:.\Generated_Source\PSoC5/I2C_1_PM.c **** * Reentrant:
 148:.\Generated_Source\PSoC5/I2C_1_PM.c **** *  No.
 149:.\Generated_Source\PSoC5/I2C_1_PM.c **** *
 150:.\Generated_Source\PSoC5/I2C_1_PM.c **** *******************************************************************************/
 151:.\Generated_Source\PSoC5/I2C_1_PM.c **** void I2C_1_Sleep(void) 
 152:.\Generated_Source\PSoC5/I2C_1_PM.c **** {
  74              		.loc 1 152 0
  75              		.cfi_startproc
  76              		@ args = 0, pretend = 0, frame = 0
ARM GAS  C:\Users\acer\AppData\Local\Temp\ccnsT0ZA.s 			page 5


  77              		@ frame_needed = 0, uses_anonymous_args = 0
  78 0000 08B5     		push	{r3, lr}
  79              		.cfi_def_cfa_offset 8
  80              		.cfi_offset 3, -8
  81              		.cfi_offset 14, -4
 153:.\Generated_Source\PSoC5/I2C_1_PM.c **** #if (I2C_1_WAKEUP_ENABLED)
 154:.\Generated_Source\PSoC5/I2C_1_PM.c ****     /* Do not enable block after exit low power mode if it is wakeup source */
 155:.\Generated_Source\PSoC5/I2C_1_PM.c ****     I2C_1_backup.enableState = I2C_1_DISABLE;
 156:.\Generated_Source\PSoC5/I2C_1_PM.c **** 
 157:.\Generated_Source\PSoC5/I2C_1_PM.c ****     #if (I2C_1_TIMEOUT_ENABLED)
 158:.\Generated_Source\PSoC5/I2C_1_PM.c ****         I2C_1_TimeoutStop();
 159:.\Generated_Source\PSoC5/I2C_1_PM.c ****     #endif /* (I2C_1_TIMEOUT_ENABLED) */
 160:.\Generated_Source\PSoC5/I2C_1_PM.c **** 
 161:.\Generated_Source\PSoC5/I2C_1_PM.c **** #else
 162:.\Generated_Source\PSoC5/I2C_1_PM.c ****     /* Store enable state */
 163:.\Generated_Source\PSoC5/I2C_1_PM.c ****     I2C_1_backup.enableState = (uint8) I2C_1_IS_ENABLED;
  82              		.loc 1 163 0
  83 0002 064B     		ldr	r3, .L10
  84 0004 064A     		ldr	r2, .L10+4
  85 0006 1B78     		ldrb	r3, [r3]	@ zero_extendqisi2
  86 0008 C3F38003 		ubfx	r3, r3, #2, #1
  87 000c 1370     		strb	r3, [r2]
 164:.\Generated_Source\PSoC5/I2C_1_PM.c **** 
 165:.\Generated_Source\PSoC5/I2C_1_PM.c ****     if (0u != I2C_1_backup.enableState)
  88              		.loc 1 165 0
  89 000e 0BB1     		cbz	r3, .L5
 166:.\Generated_Source\PSoC5/I2C_1_PM.c ****     {
 167:.\Generated_Source\PSoC5/I2C_1_PM.c ****         I2C_1_Stop();
  90              		.loc 1 167 0
  91 0010 FFF7FEFF 		bl	I2C_1_Stop
  92              	.LVL0:
  93              	.L5:
 168:.\Generated_Source\PSoC5/I2C_1_PM.c ****     }
 169:.\Generated_Source\PSoC5/I2C_1_PM.c **** #endif /* (I2C_1_WAKEUP_ENABLED) */
 170:.\Generated_Source\PSoC5/I2C_1_PM.c **** 
 171:.\Generated_Source\PSoC5/I2C_1_PM.c ****     I2C_1_SaveConfig();
 172:.\Generated_Source\PSoC5/I2C_1_PM.c **** }
  94              		.loc 1 172 0
  95 0014 BDE80840 		pop	{r3, lr}
  96              		.cfi_restore 14
  97              		.cfi_restore 3
  98              		.cfi_def_cfa_offset 0
 171:.\Generated_Source\PSoC5/I2C_1_PM.c **** }
  99              		.loc 1 171 0
 100 0018 FFF7FEBF 		b	I2C_1_SaveConfig
 101              	.LVL1:
 102              	.L11:
 103              		.align	2
 104              	.L10:
 105 001c A5430040 		.word	1073759141
 106 0020 00000000 		.word	.LANCHOR0
 107              		.cfi_endproc
 108              	.LFE1:
 109              		.size	I2C_1_Sleep, .-I2C_1_Sleep
 110              		.section	.text.I2C_1_RestoreConfig,"ax",%progbits
 111              		.align	1
 112              		.global	I2C_1_RestoreConfig
ARM GAS  C:\Users\acer\AppData\Local\Temp\ccnsT0ZA.s 			page 6


 113              		.thumb
 114              		.thumb_func
 115              		.type	I2C_1_RestoreConfig, %function
 116              	I2C_1_RestoreConfig:
 117              	.LFB2:
 173:.\Generated_Source\PSoC5/I2C_1_PM.c **** 
 174:.\Generated_Source\PSoC5/I2C_1_PM.c **** 
 175:.\Generated_Source\PSoC5/I2C_1_PM.c **** /*******************************************************************************
 176:.\Generated_Source\PSoC5/I2C_1_PM.c **** * Function Name: I2C_1_RestoreConfig
 177:.\Generated_Source\PSoC5/I2C_1_PM.c **** ********************************************************************************
 178:.\Generated_Source\PSoC5/I2C_1_PM.c **** *
 179:.\Generated_Source\PSoC5/I2C_1_PM.c **** * Summary:
 180:.\Generated_Source\PSoC5/I2C_1_PM.c **** *  The Enable wakeup from Sleep Mode selection influences this function
 181:.\Generated_Source\PSoC5/I2C_1_PM.c **** *  implementation:
 182:.\Generated_Source\PSoC5/I2C_1_PM.c **** *   Unchecked: Restores the component non-retention configuration registers
 183:.\Generated_Source\PSoC5/I2C_1_PM.c **** *              to the state they were in before I2C_Sleep() or I2C_SaveConfig()
 184:.\Generated_Source\PSoC5/I2C_1_PM.c **** *              was called.
 185:.\Generated_Source\PSoC5/I2C_1_PM.c **** *   Checked:   Disables the backup regulator of the I2C hardware. Sets up the
 186:.\Generated_Source\PSoC5/I2C_1_PM.c **** *              regular component interrupt handler and generates the component
 187:.\Generated_Source\PSoC5/I2C_1_PM.c **** *              interrupt if it was wake up source to release the bus and
 188:.\Generated_Source\PSoC5/I2C_1_PM.c **** *              continue in-coming I2C transaction.
 189:.\Generated_Source\PSoC5/I2C_1_PM.c **** *
 190:.\Generated_Source\PSoC5/I2C_1_PM.c **** * Parameters:
 191:.\Generated_Source\PSoC5/I2C_1_PM.c **** *  None.
 192:.\Generated_Source\PSoC5/I2C_1_PM.c **** *
 193:.\Generated_Source\PSoC5/I2C_1_PM.c **** * Return:
 194:.\Generated_Source\PSoC5/I2C_1_PM.c **** *  None.
 195:.\Generated_Source\PSoC5/I2C_1_PM.c **** *
 196:.\Generated_Source\PSoC5/I2C_1_PM.c **** * Global Variables:
 197:.\Generated_Source\PSoC5/I2C_1_PM.c **** *  I2C_1_backup - The global variable used to save the component
 198:.\Generated_Source\PSoC5/I2C_1_PM.c **** *                            configuration and non-retention registers before
 199:.\Generated_Source\PSoC5/I2C_1_PM.c **** *                            exiting the sleep mode.
 200:.\Generated_Source\PSoC5/I2C_1_PM.c **** *
 201:.\Generated_Source\PSoC5/I2C_1_PM.c **** * Reentrant:
 202:.\Generated_Source\PSoC5/I2C_1_PM.c **** *  No.
 203:.\Generated_Source\PSoC5/I2C_1_PM.c **** *
 204:.\Generated_Source\PSoC5/I2C_1_PM.c **** * Side Effects:
 205:.\Generated_Source\PSoC5/I2C_1_PM.c **** *  Calling this function before I2C_1_SaveConfig() or
 206:.\Generated_Source\PSoC5/I2C_1_PM.c **** *  I2C_1_Sleep() will lead to unpredictable results.
 207:.\Generated_Source\PSoC5/I2C_1_PM.c **** *
 208:.\Generated_Source\PSoC5/I2C_1_PM.c **** *******************************************************************************/
 209:.\Generated_Source\PSoC5/I2C_1_PM.c **** void I2C_1_RestoreConfig(void) 
 210:.\Generated_Source\PSoC5/I2C_1_PM.c **** {
 118              		.loc 1 210 0
 119              		.cfi_startproc
 120              		@ args = 0, pretend = 0, frame = 0
 121              		@ frame_needed = 0, uses_anonymous_args = 0
 122 0000 70B5     		push	{r4, r5, r6, lr}
 123              		.cfi_def_cfa_offset 16
 124              		.cfi_offset 4, -16
 125              		.cfi_offset 5, -12
 126              		.cfi_offset 6, -8
 127              		.cfi_offset 14, -4
 211:.\Generated_Source\PSoC5/I2C_1_PM.c **** #if (I2C_1_FF_IMPLEMENTED)
 212:.\Generated_Source\PSoC5/I2C_1_PM.c ****     uint8 intState;
 213:.\Generated_Source\PSoC5/I2C_1_PM.c **** 
 214:.\Generated_Source\PSoC5/I2C_1_PM.c ****     if (I2C_1_CHECK_PWRSYS_I2C_BACKUP)
ARM GAS  C:\Users\acer\AppData\Local\Temp\ccnsT0ZA.s 			page 7


 128              		.loc 1 214 0
 129 0002 0F4D     		ldr	r5, .L15
 130 0004 0F4C     		ldr	r4, .L15+4
 131 0006 2B78     		ldrb	r3, [r5]	@ zero_extendqisi2
 132 0008 0F4E     		ldr	r6, .L15+8
 133 000a 13F0040F 		tst	r3, #4
 134 000e 0AD0     		beq	.L13
 135              	.LBB4:
 136              	.LBB5:
 215:.\Generated_Source\PSoC5/I2C_1_PM.c ****     /* Low power mode was Sleep - backup regulator is enabled */
 216:.\Generated_Source\PSoC5/I2C_1_PM.c ****     {
 217:.\Generated_Source\PSoC5/I2C_1_PM.c ****         /* Enable backup regulator in active mode */
 218:.\Generated_Source\PSoC5/I2C_1_PM.c ****         intState = CyEnterCriticalSection();
 137              		.loc 1 218 0
 138 0010 FFF7FEFF 		bl	CyEnterCriticalSection
 139              	.LVL2:
 219:.\Generated_Source\PSoC5/I2C_1_PM.c ****         I2C_1_PWRSYS_CR1_REG &= (uint8) ~I2C_1_PWRSYS_CR1_I2C_REG_BACKUP;
 140              		.loc 1 219 0
 141 0014 2B78     		ldrb	r3, [r5]	@ zero_extendqisi2
 142 0016 03F0FB03 		and	r3, r3, #251
 143 001a 2B70     		strb	r3, [r5]
 220:.\Generated_Source\PSoC5/I2C_1_PM.c ****         CyExitCriticalSection(intState);
 144              		.loc 1 220 0
 145 001c FFF7FEFF 		bl	CyExitCriticalSection
 146              	.LVL3:
 221:.\Generated_Source\PSoC5/I2C_1_PM.c **** 
 222:.\Generated_Source\PSoC5/I2C_1_PM.c ****         /* Restore master */
 223:.\Generated_Source\PSoC5/I2C_1_PM.c ****         I2C_1_CFG_REG = I2C_1_backup.cfg;
 147              		.loc 1 223 0
 148 0020 A378     		ldrb	r3, [r4, #2]	@ zero_extendqisi2
 149 0022 3370     		strb	r3, [r6]
 150 0024 70BD     		pop	{r4, r5, r6, pc}
 151              	.L13:
 152              	.LBE5:
 153              	.LBE4:
 224:.\Generated_Source\PSoC5/I2C_1_PM.c ****     }
 225:.\Generated_Source\PSoC5/I2C_1_PM.c ****     else
 226:.\Generated_Source\PSoC5/I2C_1_PM.c ****     /* Low power mode was Hibernate - backup regulator is disabled. All registers are cleared */
 227:.\Generated_Source\PSoC5/I2C_1_PM.c ****     {
 228:.\Generated_Source\PSoC5/I2C_1_PM.c ****     #if (I2C_1_WAKEUP_ENABLED)
 229:.\Generated_Source\PSoC5/I2C_1_PM.c ****         /* Disable power to block before register restore */
 230:.\Generated_Source\PSoC5/I2C_1_PM.c ****         intState = CyEnterCriticalSection();
 231:.\Generated_Source\PSoC5/I2C_1_PM.c ****         I2C_1_ACT_PWRMGR_REG  &= (uint8) ~I2C_1_ACT_PWR_EN;
 232:.\Generated_Source\PSoC5/I2C_1_PM.c ****         I2C_1_STBY_PWRMGR_REG &= (uint8) ~I2C_1_STBY_PWR_EN;
 233:.\Generated_Source\PSoC5/I2C_1_PM.c ****         CyExitCriticalSection(intState);
 234:.\Generated_Source\PSoC5/I2C_1_PM.c **** 
 235:.\Generated_Source\PSoC5/I2C_1_PM.c ****         /* Enable component in I2C_Wakeup() after register restore */
 236:.\Generated_Source\PSoC5/I2C_1_PM.c ****         I2C_1_backup.enableState = I2C_1_ENABLE;
 237:.\Generated_Source\PSoC5/I2C_1_PM.c ****     #endif /* (I2C_1_WAKEUP_ENABLED) */
 238:.\Generated_Source\PSoC5/I2C_1_PM.c **** 
 239:.\Generated_Source\PSoC5/I2C_1_PM.c ****         /* Restore component registers after Hibernate */
 240:.\Generated_Source\PSoC5/I2C_1_PM.c ****         I2C_1_XCFG_REG    = I2C_1_backup.xcfg;
 154              		.loc 1 240 0
 155 0026 6278     		ldrb	r2, [r4, #1]	@ zero_extendqisi2
 156 0028 084B     		ldr	r3, .L15+12
 157 002a 1A70     		strb	r2, [r3]
 241:.\Generated_Source\PSoC5/I2C_1_PM.c ****         I2C_1_CFG_REG     = I2C_1_backup.cfg;
ARM GAS  C:\Users\acer\AppData\Local\Temp\ccnsT0ZA.s 			page 8


 158              		.loc 1 241 0
 159 002c A378     		ldrb	r3, [r4, #2]	@ zero_extendqisi2
 160 002e 3370     		strb	r3, [r6]
 242:.\Generated_Source\PSoC5/I2C_1_PM.c ****         I2C_1_ADDR_REG    = I2C_1_backup.addr;
 161              		.loc 1 242 0
 162 0030 E278     		ldrb	r2, [r4, #3]	@ zero_extendqisi2
 163 0032 074B     		ldr	r3, .L15+16
 164 0034 1A70     		strb	r2, [r3]
 243:.\Generated_Source\PSoC5/I2C_1_PM.c ****         I2C_1_CLKDIV1_REG = I2C_1_backup.clkDiv1;
 165              		.loc 1 243 0
 166 0036 2279     		ldrb	r2, [r4, #4]	@ zero_extendqisi2
 167 0038 5A74     		strb	r2, [r3, #17]
 244:.\Generated_Source\PSoC5/I2C_1_PM.c ****         I2C_1_CLKDIV2_REG = I2C_1_backup.clkDiv2;
 168              		.loc 1 244 0
 169 003a 6279     		ldrb	r2, [r4, #5]	@ zero_extendqisi2
 170 003c 9A74     		strb	r2, [r3, #18]
 171 003e 70BD     		pop	{r4, r5, r6, pc}
 172              	.L16:
 173              		.align	2
 174              	.L15:
 175 0040 31430040 		.word	1073759025
 176 0044 00000000 		.word	.LANCHOR0
 177 0048 D6490040 		.word	1073760726
 178 004c C8490040 		.word	1073760712
 179 0050 CA490040 		.word	1073760714
 180              		.cfi_endproc
 181              	.LFE2:
 182              		.size	I2C_1_RestoreConfig, .-I2C_1_RestoreConfig
 183              		.section	.text.I2C_1_Wakeup,"ax",%progbits
 184              		.align	1
 185              		.global	I2C_1_Wakeup
 186              		.thumb
 187              		.thumb_func
 188              		.type	I2C_1_Wakeup, %function
 189              	I2C_1_Wakeup:
 190              	.LFB3:
 245:.\Generated_Source\PSoC5/I2C_1_PM.c ****     }
 246:.\Generated_Source\PSoC5/I2C_1_PM.c **** 
 247:.\Generated_Source\PSoC5/I2C_1_PM.c **** #if (I2C_1_WAKEUP_ENABLED)
 248:.\Generated_Source\PSoC5/I2C_1_PM.c ****     I2C_1_DisableInt();
 249:.\Generated_Source\PSoC5/I2C_1_PM.c ****     (void) CyIntSetVector(I2C_1_ISR_NUMBER, &I2C_1_ISR);
 250:.\Generated_Source\PSoC5/I2C_1_PM.c ****     if (0u != I2C_1_wakeupSource)
 251:.\Generated_Source\PSoC5/I2C_1_PM.c ****     {
 252:.\Generated_Source\PSoC5/I2C_1_PM.c ****         /* Generate interrupt to process incoming transaction */
 253:.\Generated_Source\PSoC5/I2C_1_PM.c ****         I2C_1_SetPendingInt();
 254:.\Generated_Source\PSoC5/I2C_1_PM.c ****     }
 255:.\Generated_Source\PSoC5/I2C_1_PM.c ****     I2C_1_EnableInt();
 256:.\Generated_Source\PSoC5/I2C_1_PM.c **** #endif /* (I2C_1_WAKEUP_ENABLED) */
 257:.\Generated_Source\PSoC5/I2C_1_PM.c **** 
 258:.\Generated_Source\PSoC5/I2C_1_PM.c **** #else
 259:.\Generated_Source\PSoC5/I2C_1_PM.c ****     I2C_1_CFG_REG = I2C_1_backup.control;
 260:.\Generated_Source\PSoC5/I2C_1_PM.c **** #endif /* (I2C_1_FF_IMPLEMENTED) */
 261:.\Generated_Source\PSoC5/I2C_1_PM.c **** 
 262:.\Generated_Source\PSoC5/I2C_1_PM.c **** #if (I2C_1_TIMEOUT_ENABLED)
 263:.\Generated_Source\PSoC5/I2C_1_PM.c ****     I2C_1_TimeoutRestoreConfig();
 264:.\Generated_Source\PSoC5/I2C_1_PM.c **** #endif /* (I2C_1_TIMEOUT_ENABLED) */
 265:.\Generated_Source\PSoC5/I2C_1_PM.c **** }
ARM GAS  C:\Users\acer\AppData\Local\Temp\ccnsT0ZA.s 			page 9


 266:.\Generated_Source\PSoC5/I2C_1_PM.c **** 
 267:.\Generated_Source\PSoC5/I2C_1_PM.c **** 
 268:.\Generated_Source\PSoC5/I2C_1_PM.c **** /*******************************************************************************
 269:.\Generated_Source\PSoC5/I2C_1_PM.c **** * Function Name: I2C_1_Wakeup
 270:.\Generated_Source\PSoC5/I2C_1_PM.c **** ********************************************************************************
 271:.\Generated_Source\PSoC5/I2C_1_PM.c **** *
 272:.\Generated_Source\PSoC5/I2C_1_PM.c **** * Summary:
 273:.\Generated_Source\PSoC5/I2C_1_PM.c **** *  This is the preferred method to prepare the component for active mode
 274:.\Generated_Source\PSoC5/I2C_1_PM.c **** *  operation (when device exits sleep mode). The Enable wakeup from Sleep Mode
 275:.\Generated_Source\PSoC5/I2C_1_PM.c **** *  selection influences this function implementation:
 276:.\Generated_Source\PSoC5/I2C_1_PM.c **** *   Unchecked: Restores the component non-retention configuration registers
 277:.\Generated_Source\PSoC5/I2C_1_PM.c **** *              by calling I2C_RestoreConfig(). If the component was enabled
 278:.\Generated_Source\PSoC5/I2C_1_PM.c **** *              before the I2C_Sleep() function was called, I2C_Wakeup()
 279:.\Generated_Source\PSoC5/I2C_1_PM.c **** *              re-enables it.
 280:.\Generated_Source\PSoC5/I2C_1_PM.c **** *   Checked:   Enables  master functionality if it was enabled before sleep,
 281:.\Generated_Source\PSoC5/I2C_1_PM.c **** *              and disables the backup regulator of the I2C hardware.
 282:.\Generated_Source\PSoC5/I2C_1_PM.c **** *              The incoming transaction continues as soon as the regular
 283:.\Generated_Source\PSoC5/I2C_1_PM.c **** *              I2C interrupt handler is set up (global interrupts has to be
 284:.\Generated_Source\PSoC5/I2C_1_PM.c **** *              enabled to service I2C component interrupt).
 285:.\Generated_Source\PSoC5/I2C_1_PM.c **** *
 286:.\Generated_Source\PSoC5/I2C_1_PM.c **** * Parameters:
 287:.\Generated_Source\PSoC5/I2C_1_PM.c **** *  None.
 288:.\Generated_Source\PSoC5/I2C_1_PM.c **** *
 289:.\Generated_Source\PSoC5/I2C_1_PM.c **** * Return:
 290:.\Generated_Source\PSoC5/I2C_1_PM.c **** *  None.
 291:.\Generated_Source\PSoC5/I2C_1_PM.c **** *
 292:.\Generated_Source\PSoC5/I2C_1_PM.c **** * Reentrant:
 293:.\Generated_Source\PSoC5/I2C_1_PM.c **** *  No.
 294:.\Generated_Source\PSoC5/I2C_1_PM.c **** *
 295:.\Generated_Source\PSoC5/I2C_1_PM.c **** * Side Effects:
 296:.\Generated_Source\PSoC5/I2C_1_PM.c **** *  Calling this function before I2C_1_SaveConfig() or
 297:.\Generated_Source\PSoC5/I2C_1_PM.c **** *  I2C_1_Sleep() will lead to unpredictable results.
 298:.\Generated_Source\PSoC5/I2C_1_PM.c **** *
 299:.\Generated_Source\PSoC5/I2C_1_PM.c **** *******************************************************************************/
 300:.\Generated_Source\PSoC5/I2C_1_PM.c **** void I2C_1_Wakeup(void) 
 301:.\Generated_Source\PSoC5/I2C_1_PM.c **** {
 191              		.loc 1 301 0
 192              		.cfi_startproc
 193              		@ args = 0, pretend = 0, frame = 0
 194              		@ frame_needed = 0, uses_anonymous_args = 0
 195 0000 08B5     		push	{r3, lr}
 196              		.cfi_def_cfa_offset 8
 197              		.cfi_offset 3, -8
 198              		.cfi_offset 14, -4
 302:.\Generated_Source\PSoC5/I2C_1_PM.c ****     I2C_1_RestoreConfig();
 199              		.loc 1 302 0
 200 0002 FFF7FEFF 		bl	I2C_1_RestoreConfig
 201              	.LVL4:
 303:.\Generated_Source\PSoC5/I2C_1_PM.c **** 
 304:.\Generated_Source\PSoC5/I2C_1_PM.c ****     /* Restore component enable state */
 305:.\Generated_Source\PSoC5/I2C_1_PM.c ****     if (0u != I2C_1_backup.enableState)
 202              		.loc 1 305 0
 203 0006 054B     		ldr	r3, .L22
 204 0008 1B78     		ldrb	r3, [r3]	@ zero_extendqisi2
 205 000a 2BB1     		cbz	r3, .L17
 306:.\Generated_Source\PSoC5/I2C_1_PM.c ****     {
 307:.\Generated_Source\PSoC5/I2C_1_PM.c ****         I2C_1_Enable();
ARM GAS  C:\Users\acer\AppData\Local\Temp\ccnsT0ZA.s 			page 10


 206              		.loc 1 307 0
 207 000c FFF7FEFF 		bl	I2C_1_Enable
 208              	.LVL5:
 308:.\Generated_Source\PSoC5/I2C_1_PM.c ****         I2C_1_EnableInt();
 209              		.loc 1 308 0
 210 0010 034B     		ldr	r3, .L22+4
 211 0012 4FF40042 		mov	r2, #32768
 212 0016 1A60     		str	r2, [r3]
 213              	.L17:
 214 0018 08BD     		pop	{r3, pc}
 215              	.L23:
 216 001a 00BF     		.align	2
 217              	.L22:
 218 001c 00000000 		.word	.LANCHOR0
 219 0020 00E100E0 		.word	-536813312
 220              		.cfi_endproc
 221              	.LFE3:
 222              		.size	I2C_1_Wakeup, .-I2C_1_Wakeup
 223              		.global	I2C_1_backup
 224              		.data
 225              		.set	.LANCHOR0,. + 0
 226              		.type	I2C_1_backup, %object
 227              		.size	I2C_1_backup, 6
 228              	I2C_1_backup:
 229 0000 00       		.byte	0
 230 0001 81       		.byte	-127
 231 0002 02       		.byte	2
 232 0003 08       		.byte	8
 233 0004 0D       		.byte	13
 234 0005 00       		.byte	0
 235              		.text
 236              	.Letext0:
 237              		.file 2 ".\\Generated_Source\\PSoC5\\cytypes.h"
 238              		.file 3 ".\\Generated_Source\\PSoC5\\I2C_1.h"
 239              		.file 4 ".\\Generated_Source\\PSoC5\\CyLib.h"
 240              		.section	.debug_info,"",%progbits
 241              	.Ldebug_info0:
 242 0000 16020000 		.4byte	0x216
 243 0004 0400     		.2byte	0x4
 244 0006 00000000 		.4byte	.Ldebug_abbrev0
 245 000a 04       		.byte	0x4
 246 000b 01       		.uleb128 0x1
 247 000c 9C000000 		.4byte	.LASF30
 248 0010 01       		.byte	0x1
 249 0011 27000000 		.4byte	.LASF31
 250 0015 54010000 		.4byte	.LASF32
 251 0019 00000000 		.4byte	.Ldebug_ranges0+0
 252 001d 00000000 		.4byte	0
 253 0021 00000000 		.4byte	.Ldebug_line0
 254 0025 02       		.uleb128 0x2
 255 0026 01       		.byte	0x1
 256 0027 06       		.byte	0x6
 257 0028 68020000 		.4byte	.LASF0
 258 002c 02       		.uleb128 0x2
 259 002d 01       		.byte	0x1
 260 002e 08       		.byte	0x8
 261 002f 2A010000 		.4byte	.LASF1
ARM GAS  C:\Users\acer\AppData\Local\Temp\ccnsT0ZA.s 			page 11


 262 0033 02       		.uleb128 0x2
 263 0034 02       		.byte	0x2
 264 0035 05       		.byte	0x5
 265 0036 43020000 		.4byte	.LASF2
 266 003a 02       		.uleb128 0x2
 267 003b 02       		.byte	0x2
 268 003c 07       		.byte	0x7
 269 003d 4B000000 		.4byte	.LASF3
 270 0041 02       		.uleb128 0x2
 271 0042 04       		.byte	0x4
 272 0043 05       		.byte	0x5
 273 0044 53020000 		.4byte	.LASF4
 274 0048 02       		.uleb128 0x2
 275 0049 04       		.byte	0x4
 276 004a 07       		.byte	0x7
 277 004b 3D010000 		.4byte	.LASF5
 278 004f 02       		.uleb128 0x2
 279 0050 08       		.byte	0x8
 280 0051 05       		.byte	0x5
 281 0052 1E020000 		.4byte	.LASF6
 282 0056 02       		.uleb128 0x2
 283 0057 08       		.byte	0x8
 284 0058 07       		.byte	0x7
 285 0059 85000000 		.4byte	.LASF7
 286 005d 03       		.uleb128 0x3
 287 005e 04       		.byte	0x4
 288 005f 05       		.byte	0x5
 289 0060 696E7400 		.ascii	"int\000"
 290 0064 02       		.uleb128 0x2
 291 0065 04       		.byte	0x4
 292 0066 07       		.byte	0x7
 293 0067 BF010000 		.4byte	.LASF8
 294 006b 04       		.uleb128 0x4
 295 006c 4D020000 		.4byte	.LASF9
 296 0070 02       		.byte	0x2
 297 0071 A1       		.byte	0xa1
 298 0072 2C000000 		.4byte	0x2c
 299 0076 04       		.uleb128 0x4
 300 0077 A8010000 		.4byte	.LASF10
 301 007b 02       		.byte	0x2
 302 007c A2       		.byte	0xa2
 303 007d 3A000000 		.4byte	0x3a
 304 0081 04       		.uleb128 0x4
 305 0082 AF010000 		.4byte	.LASF11
 306 0086 02       		.byte	0x2
 307 0087 A3       		.byte	0xa3
 308 0088 48000000 		.4byte	0x48
 309 008c 02       		.uleb128 0x2
 310 008d 04       		.byte	0x4
 311 008e 04       		.byte	0x4
 312 008f 7F000000 		.4byte	.LASF12
 313 0093 02       		.uleb128 0x2
 314 0094 08       		.byte	0x8
 315 0095 04       		.byte	0x4
 316 0096 96010000 		.4byte	.LASF13
 317 009a 02       		.uleb128 0x2
 318 009b 01       		.byte	0x1
ARM GAS  C:\Users\acer\AppData\Local\Temp\ccnsT0ZA.s 			page 12


 319 009c 08       		.byte	0x8
 320 009d 2C020000 		.4byte	.LASF14
 321 00a1 05       		.uleb128 0x5
 322 00a2 38010000 		.4byte	.LASF15
 323 00a6 02       		.byte	0x2
 324 00a7 4B01     		.2byte	0x14b
 325 00a9 AD000000 		.4byte	0xad
 326 00ad 06       		.uleb128 0x6
 327 00ae 6B000000 		.4byte	0x6b
 328 00b2 05       		.uleb128 0x5
 329 00b3 00000000 		.4byte	.LASF16
 330 00b7 02       		.byte	0x2
 331 00b8 4D01     		.2byte	0x14d
 332 00ba BE000000 		.4byte	0xbe
 333 00be 06       		.uleb128 0x6
 334 00bf 81000000 		.4byte	0x81
 335 00c3 02       		.uleb128 0x2
 336 00c4 04       		.byte	0x4
 337 00c5 07       		.byte	0x7
 338 00c6 15020000 		.4byte	.LASF17
 339 00ca 07       		.uleb128 0x7
 340 00cb 06       		.byte	0x6
 341 00cc 03       		.byte	0x3
 342 00cd 76       		.byte	0x76
 343 00ce 1B010000 		.4byte	0x11b
 344 00d2 08       		.uleb128 0x8
 345 00d3 5C020000 		.4byte	.LASF18
 346 00d7 03       		.byte	0x3
 347 00d8 78       		.byte	0x78
 348 00d9 6B000000 		.4byte	0x6b
 349 00dd 00       		.byte	0
 350 00de 08       		.uleb128 0x8
 351 00df 3E020000 		.4byte	.LASF19
 352 00e3 03       		.byte	0x3
 353 00e4 7B       		.byte	0x7b
 354 00e5 6B000000 		.4byte	0x6b
 355 00e9 01       		.byte	0x1
 356 00ea 09       		.uleb128 0x9
 357 00eb 63666700 		.ascii	"cfg\000"
 358 00ef 03       		.byte	0x3
 359 00f0 7C       		.byte	0x7c
 360 00f1 6B000000 		.4byte	0x6b
 361 00f5 02       		.byte	0x2
 362 00f6 08       		.uleb128 0x8
 363 00f7 4F010000 		.4byte	.LASF20
 364 00fb 03       		.byte	0x3
 365 00fc 7D       		.byte	0x7d
 366 00fd 6B000000 		.4byte	0x6b
 367 0101 03       		.byte	0x3
 368 0102 08       		.uleb128 0x8
 369 0103 EE010000 		.4byte	.LASF21
 370 0107 03       		.byte	0x3
 371 0108 7E       		.byte	0x7e
 372 0109 6B000000 		.4byte	0x6b
 373 010d 04       		.byte	0x4
 374 010e 08       		.uleb128 0x8
 375 010f F6010000 		.4byte	.LASF22
ARM GAS  C:\Users\acer\AppData\Local\Temp\ccnsT0ZA.s 			page 13


 376 0113 03       		.byte	0x3
 377 0114 7F       		.byte	0x7f
 378 0115 6B000000 		.4byte	0x6b
 379 0119 05       		.byte	0x5
 380 011a 00       		.byte	0
 381 011b 04       		.uleb128 0x4
 382 011c 06000000 		.4byte	.LASF23
 383 0120 03       		.byte	0x3
 384 0121 89       		.byte	0x89
 385 0122 CA000000 		.4byte	0xca
 386 0126 0A       		.uleb128 0xa
 387 0127 6B000000 		.4byte	.LASF26
 388 012b 01       		.byte	0x1
 389 012c D1       		.byte	0xd1
 390 012d 01       		.byte	0x1
 391 012e 3E010000 		.4byte	0x13e
 392 0132 0B       		.uleb128 0xb
 393 0133 B6010000 		.4byte	.LASF33
 394 0137 01       		.byte	0x1
 395 0138 D4       		.byte	0xd4
 396 0139 6B000000 		.4byte	0x6b
 397 013d 00       		.byte	0
 398 013e 0C       		.uleb128 0xc
 399 013f 74020000 		.4byte	.LASF34
 400 0143 01       		.byte	0x1
 401 0144 48       		.byte	0x48
 402 0145 00000000 		.4byte	.LFB0
 403 0149 3C000000 		.4byte	.LFE0-.LFB0
 404 014d 01       		.uleb128 0x1
 405 014e 9C       		.byte	0x9c
 406 014f 0D       		.uleb128 0xd
 407 0150 CC010000 		.4byte	.LASF24
 408 0154 01       		.byte	0x1
 409 0155 97       		.byte	0x97
 410 0156 00000000 		.4byte	.LFB1
 411 015a 24000000 		.4byte	.LFE1-.LFB1
 412 015e 01       		.uleb128 0x1
 413 015f 9C       		.byte	0x9c
 414 0160 77010000 		.4byte	0x177
 415 0164 0E       		.uleb128 0xe
 416 0165 14000000 		.4byte	.LVL0
 417 0169 EF010000 		.4byte	0x1ef
 418 016d 0F       		.uleb128 0xf
 419 016e 1C000000 		.4byte	.LVL1
 420 0172 3E010000 		.4byte	0x13e
 421 0176 00       		.byte	0
 422 0177 10       		.uleb128 0x10
 423 0178 26010000 		.4byte	0x126
 424 017c 00000000 		.4byte	.LFB2
 425 0180 54000000 		.4byte	.LFE2-.LFB2
 426 0184 01       		.uleb128 0x1
 427 0185 9C       		.byte	0x9c
 428 0186 B5010000 		.4byte	0x1b5
 429 018a 11       		.uleb128 0x11
 430 018b 32010000 		.4byte	0x132
 431 018f 12       		.uleb128 0x12
 432 0190 10000000 		.4byte	.LBB5
ARM GAS  C:\Users\acer\AppData\Local\Temp\ccnsT0ZA.s 			page 14


 433 0194 16000000 		.4byte	.LBE5-.LBB5
 434 0198 13       		.uleb128 0x13
 435 0199 32010000 		.4byte	0x132
 436 019d 00000000 		.4byte	.LLST0
 437 01a1 0E       		.uleb128 0xe
 438 01a2 14000000 		.4byte	.LVL2
 439 01a6 F6010000 		.4byte	0x1f6
 440 01aa 0E       		.uleb128 0xe
 441 01ab 20000000 		.4byte	.LVL3
 442 01af 01020000 		.4byte	0x201
 443 01b3 00       		.byte	0
 444 01b4 00       		.byte	0
 445 01b5 14       		.uleb128 0x14
 446 01b6 5E000000 		.4byte	.LASF25
 447 01ba 01       		.byte	0x1
 448 01bb 2C01     		.2byte	0x12c
 449 01bd 00000000 		.4byte	.LFB3
 450 01c1 24000000 		.4byte	.LFE3-.LFB3
 451 01c5 01       		.uleb128 0x1
 452 01c6 9C       		.byte	0x9c
 453 01c7 DE010000 		.4byte	0x1de
 454 01cb 0E       		.uleb128 0xe
 455 01cc 06000000 		.4byte	.LVL4
 456 01d0 26010000 		.4byte	0x126
 457 01d4 0E       		.uleb128 0xe
 458 01d5 10000000 		.4byte	.LVL5
 459 01d9 12020000 		.4byte	0x212
 460 01dd 00       		.byte	0
 461 01de 15       		.uleb128 0x15
 462 01df 1A000000 		.4byte	.LASF35
 463 01e3 01       		.byte	0x1
 464 01e4 11       		.byte	0x11
 465 01e5 1B010000 		.4byte	0x11b
 466 01e9 05       		.uleb128 0x5
 467 01ea 03       		.byte	0x3
 468 01eb 00000000 		.4byte	I2C_1_backup
 469 01ef 16       		.uleb128 0x16
 470 01f0 9D010000 		.4byte	.LASF28
 471 01f4 03       		.byte	0x3
 472 01f5 94       		.byte	0x94
 473 01f6 17       		.uleb128 0x17
 474 01f7 FE010000 		.4byte	.LASF36
 475 01fb 04       		.byte	0x4
 476 01fc 7E       		.byte	0x7e
 477 01fd 6B000000 		.4byte	0x6b
 478 0201 18       		.uleb128 0x18
 479 0202 D8010000 		.4byte	.LASF27
 480 0206 04       		.byte	0x4
 481 0207 7F       		.byte	0x7f
 482 0208 12020000 		.4byte	0x212
 483 020c 19       		.uleb128 0x19
 484 020d 6B000000 		.4byte	0x6b
 485 0211 00       		.byte	0
 486 0212 16       		.uleb128 0x16
 487 0213 31020000 		.4byte	.LASF29
 488 0217 03       		.byte	0x3
 489 0218 91       		.byte	0x91
ARM GAS  C:\Users\acer\AppData\Local\Temp\ccnsT0ZA.s 			page 15


 490 0219 00       		.byte	0
 491              		.section	.debug_abbrev,"",%progbits
 492              	.Ldebug_abbrev0:
 493 0000 01       		.uleb128 0x1
 494 0001 11       		.uleb128 0x11
 495 0002 01       		.byte	0x1
 496 0003 25       		.uleb128 0x25
 497 0004 0E       		.uleb128 0xe
 498 0005 13       		.uleb128 0x13
 499 0006 0B       		.uleb128 0xb
 500 0007 03       		.uleb128 0x3
 501 0008 0E       		.uleb128 0xe
 502 0009 1B       		.uleb128 0x1b
 503 000a 0E       		.uleb128 0xe
 504 000b 55       		.uleb128 0x55
 505 000c 17       		.uleb128 0x17
 506 000d 11       		.uleb128 0x11
 507 000e 01       		.uleb128 0x1
 508 000f 10       		.uleb128 0x10
 509 0010 17       		.uleb128 0x17
 510 0011 00       		.byte	0
 511 0012 00       		.byte	0
 512 0013 02       		.uleb128 0x2
 513 0014 24       		.uleb128 0x24
 514 0015 00       		.byte	0
 515 0016 0B       		.uleb128 0xb
 516 0017 0B       		.uleb128 0xb
 517 0018 3E       		.uleb128 0x3e
 518 0019 0B       		.uleb128 0xb
 519 001a 03       		.uleb128 0x3
 520 001b 0E       		.uleb128 0xe
 521 001c 00       		.byte	0
 522 001d 00       		.byte	0
 523 001e 03       		.uleb128 0x3
 524 001f 24       		.uleb128 0x24
 525 0020 00       		.byte	0
 526 0021 0B       		.uleb128 0xb
 527 0022 0B       		.uleb128 0xb
 528 0023 3E       		.uleb128 0x3e
 529 0024 0B       		.uleb128 0xb
 530 0025 03       		.uleb128 0x3
 531 0026 08       		.uleb128 0x8
 532 0027 00       		.byte	0
 533 0028 00       		.byte	0
 534 0029 04       		.uleb128 0x4
 535 002a 16       		.uleb128 0x16
 536 002b 00       		.byte	0
 537 002c 03       		.uleb128 0x3
 538 002d 0E       		.uleb128 0xe
 539 002e 3A       		.uleb128 0x3a
 540 002f 0B       		.uleb128 0xb
 541 0030 3B       		.uleb128 0x3b
 542 0031 0B       		.uleb128 0xb
 543 0032 49       		.uleb128 0x49
 544 0033 13       		.uleb128 0x13
 545 0034 00       		.byte	0
 546 0035 00       		.byte	0
ARM GAS  C:\Users\acer\AppData\Local\Temp\ccnsT0ZA.s 			page 16


 547 0036 05       		.uleb128 0x5
 548 0037 16       		.uleb128 0x16
 549 0038 00       		.byte	0
 550 0039 03       		.uleb128 0x3
 551 003a 0E       		.uleb128 0xe
 552 003b 3A       		.uleb128 0x3a
 553 003c 0B       		.uleb128 0xb
 554 003d 3B       		.uleb128 0x3b
 555 003e 05       		.uleb128 0x5
 556 003f 49       		.uleb128 0x49
 557 0040 13       		.uleb128 0x13
 558 0041 00       		.byte	0
 559 0042 00       		.byte	0
 560 0043 06       		.uleb128 0x6
 561 0044 35       		.uleb128 0x35
 562 0045 00       		.byte	0
 563 0046 49       		.uleb128 0x49
 564 0047 13       		.uleb128 0x13
 565 0048 00       		.byte	0
 566 0049 00       		.byte	0
 567 004a 07       		.uleb128 0x7
 568 004b 13       		.uleb128 0x13
 569 004c 01       		.byte	0x1
 570 004d 0B       		.uleb128 0xb
 571 004e 0B       		.uleb128 0xb
 572 004f 3A       		.uleb128 0x3a
 573 0050 0B       		.uleb128 0xb
 574 0051 3B       		.uleb128 0x3b
 575 0052 0B       		.uleb128 0xb
 576 0053 01       		.uleb128 0x1
 577 0054 13       		.uleb128 0x13
 578 0055 00       		.byte	0
 579 0056 00       		.byte	0
 580 0057 08       		.uleb128 0x8
 581 0058 0D       		.uleb128 0xd
 582 0059 00       		.byte	0
 583 005a 03       		.uleb128 0x3
 584 005b 0E       		.uleb128 0xe
 585 005c 3A       		.uleb128 0x3a
 586 005d 0B       		.uleb128 0xb
 587 005e 3B       		.uleb128 0x3b
 588 005f 0B       		.uleb128 0xb
 589 0060 49       		.uleb128 0x49
 590 0061 13       		.uleb128 0x13
 591 0062 38       		.uleb128 0x38
 592 0063 0B       		.uleb128 0xb
 593 0064 00       		.byte	0
 594 0065 00       		.byte	0
 595 0066 09       		.uleb128 0x9
 596 0067 0D       		.uleb128 0xd
 597 0068 00       		.byte	0
 598 0069 03       		.uleb128 0x3
 599 006a 08       		.uleb128 0x8
 600 006b 3A       		.uleb128 0x3a
 601 006c 0B       		.uleb128 0xb
 602 006d 3B       		.uleb128 0x3b
 603 006e 0B       		.uleb128 0xb
ARM GAS  C:\Users\acer\AppData\Local\Temp\ccnsT0ZA.s 			page 17


 604 006f 49       		.uleb128 0x49
 605 0070 13       		.uleb128 0x13
 606 0071 38       		.uleb128 0x38
 607 0072 0B       		.uleb128 0xb
 608 0073 00       		.byte	0
 609 0074 00       		.byte	0
 610 0075 0A       		.uleb128 0xa
 611 0076 2E       		.uleb128 0x2e
 612 0077 01       		.byte	0x1
 613 0078 3F       		.uleb128 0x3f
 614 0079 19       		.uleb128 0x19
 615 007a 03       		.uleb128 0x3
 616 007b 0E       		.uleb128 0xe
 617 007c 3A       		.uleb128 0x3a
 618 007d 0B       		.uleb128 0xb
 619 007e 3B       		.uleb128 0x3b
 620 007f 0B       		.uleb128 0xb
 621 0080 27       		.uleb128 0x27
 622 0081 19       		.uleb128 0x19
 623 0082 20       		.uleb128 0x20
 624 0083 0B       		.uleb128 0xb
 625 0084 01       		.uleb128 0x1
 626 0085 13       		.uleb128 0x13
 627 0086 00       		.byte	0
 628 0087 00       		.byte	0
 629 0088 0B       		.uleb128 0xb
 630 0089 34       		.uleb128 0x34
 631 008a 00       		.byte	0
 632 008b 03       		.uleb128 0x3
 633 008c 0E       		.uleb128 0xe
 634 008d 3A       		.uleb128 0x3a
 635 008e 0B       		.uleb128 0xb
 636 008f 3B       		.uleb128 0x3b
 637 0090 0B       		.uleb128 0xb
 638 0091 49       		.uleb128 0x49
 639 0092 13       		.uleb128 0x13
 640 0093 00       		.byte	0
 641 0094 00       		.byte	0
 642 0095 0C       		.uleb128 0xc
 643 0096 2E       		.uleb128 0x2e
 644 0097 00       		.byte	0
 645 0098 3F       		.uleb128 0x3f
 646 0099 19       		.uleb128 0x19
 647 009a 03       		.uleb128 0x3
 648 009b 0E       		.uleb128 0xe
 649 009c 3A       		.uleb128 0x3a
 650 009d 0B       		.uleb128 0xb
 651 009e 3B       		.uleb128 0x3b
 652 009f 0B       		.uleb128 0xb
 653 00a0 27       		.uleb128 0x27
 654 00a1 19       		.uleb128 0x19
 655 00a2 11       		.uleb128 0x11
 656 00a3 01       		.uleb128 0x1
 657 00a4 12       		.uleb128 0x12
 658 00a5 06       		.uleb128 0x6
 659 00a6 40       		.uleb128 0x40
 660 00a7 18       		.uleb128 0x18
ARM GAS  C:\Users\acer\AppData\Local\Temp\ccnsT0ZA.s 			page 18


 661 00a8 9742     		.uleb128 0x2117
 662 00aa 19       		.uleb128 0x19
 663 00ab 00       		.byte	0
 664 00ac 00       		.byte	0
 665 00ad 0D       		.uleb128 0xd
 666 00ae 2E       		.uleb128 0x2e
 667 00af 01       		.byte	0x1
 668 00b0 3F       		.uleb128 0x3f
 669 00b1 19       		.uleb128 0x19
 670 00b2 03       		.uleb128 0x3
 671 00b3 0E       		.uleb128 0xe
 672 00b4 3A       		.uleb128 0x3a
 673 00b5 0B       		.uleb128 0xb
 674 00b6 3B       		.uleb128 0x3b
 675 00b7 0B       		.uleb128 0xb
 676 00b8 27       		.uleb128 0x27
 677 00b9 19       		.uleb128 0x19
 678 00ba 11       		.uleb128 0x11
 679 00bb 01       		.uleb128 0x1
 680 00bc 12       		.uleb128 0x12
 681 00bd 06       		.uleb128 0x6
 682 00be 40       		.uleb128 0x40
 683 00bf 18       		.uleb128 0x18
 684 00c0 9742     		.uleb128 0x2117
 685 00c2 19       		.uleb128 0x19
 686 00c3 01       		.uleb128 0x1
 687 00c4 13       		.uleb128 0x13
 688 00c5 00       		.byte	0
 689 00c6 00       		.byte	0
 690 00c7 0E       		.uleb128 0xe
 691 00c8 898201   		.uleb128 0x4109
 692 00cb 00       		.byte	0
 693 00cc 11       		.uleb128 0x11
 694 00cd 01       		.uleb128 0x1
 695 00ce 31       		.uleb128 0x31
 696 00cf 13       		.uleb128 0x13
 697 00d0 00       		.byte	0
 698 00d1 00       		.byte	0
 699 00d2 0F       		.uleb128 0xf
 700 00d3 898201   		.uleb128 0x4109
 701 00d6 00       		.byte	0
 702 00d7 11       		.uleb128 0x11
 703 00d8 01       		.uleb128 0x1
 704 00d9 9542     		.uleb128 0x2115
 705 00db 19       		.uleb128 0x19
 706 00dc 31       		.uleb128 0x31
 707 00dd 13       		.uleb128 0x13
 708 00de 00       		.byte	0
 709 00df 00       		.byte	0
 710 00e0 10       		.uleb128 0x10
 711 00e1 2E       		.uleb128 0x2e
 712 00e2 01       		.byte	0x1
 713 00e3 31       		.uleb128 0x31
 714 00e4 13       		.uleb128 0x13
 715 00e5 11       		.uleb128 0x11
 716 00e6 01       		.uleb128 0x1
 717 00e7 12       		.uleb128 0x12
ARM GAS  C:\Users\acer\AppData\Local\Temp\ccnsT0ZA.s 			page 19


 718 00e8 06       		.uleb128 0x6
 719 00e9 40       		.uleb128 0x40
 720 00ea 18       		.uleb128 0x18
 721 00eb 9742     		.uleb128 0x2117
 722 00ed 19       		.uleb128 0x19
 723 00ee 01       		.uleb128 0x1
 724 00ef 13       		.uleb128 0x13
 725 00f0 00       		.byte	0
 726 00f1 00       		.byte	0
 727 00f2 11       		.uleb128 0x11
 728 00f3 34       		.uleb128 0x34
 729 00f4 00       		.byte	0
 730 00f5 31       		.uleb128 0x31
 731 00f6 13       		.uleb128 0x13
 732 00f7 00       		.byte	0
 733 00f8 00       		.byte	0
 734 00f9 12       		.uleb128 0x12
 735 00fa 0B       		.uleb128 0xb
 736 00fb 01       		.byte	0x1
 737 00fc 11       		.uleb128 0x11
 738 00fd 01       		.uleb128 0x1
 739 00fe 12       		.uleb128 0x12
 740 00ff 06       		.uleb128 0x6
 741 0100 00       		.byte	0
 742 0101 00       		.byte	0
 743 0102 13       		.uleb128 0x13
 744 0103 34       		.uleb128 0x34
 745 0104 00       		.byte	0
 746 0105 31       		.uleb128 0x31
 747 0106 13       		.uleb128 0x13
 748 0107 02       		.uleb128 0x2
 749 0108 17       		.uleb128 0x17
 750 0109 00       		.byte	0
 751 010a 00       		.byte	0
 752 010b 14       		.uleb128 0x14
 753 010c 2E       		.uleb128 0x2e
 754 010d 01       		.byte	0x1
 755 010e 3F       		.uleb128 0x3f
 756 010f 19       		.uleb128 0x19
 757 0110 03       		.uleb128 0x3
 758 0111 0E       		.uleb128 0xe
 759 0112 3A       		.uleb128 0x3a
 760 0113 0B       		.uleb128 0xb
 761 0114 3B       		.uleb128 0x3b
 762 0115 05       		.uleb128 0x5
 763 0116 27       		.uleb128 0x27
 764 0117 19       		.uleb128 0x19
 765 0118 11       		.uleb128 0x11
 766 0119 01       		.uleb128 0x1
 767 011a 12       		.uleb128 0x12
 768 011b 06       		.uleb128 0x6
 769 011c 40       		.uleb128 0x40
 770 011d 18       		.uleb128 0x18
 771 011e 9742     		.uleb128 0x2117
 772 0120 19       		.uleb128 0x19
 773 0121 01       		.uleb128 0x1
 774 0122 13       		.uleb128 0x13
ARM GAS  C:\Users\acer\AppData\Local\Temp\ccnsT0ZA.s 			page 20


 775 0123 00       		.byte	0
 776 0124 00       		.byte	0
 777 0125 15       		.uleb128 0x15
 778 0126 34       		.uleb128 0x34
 779 0127 00       		.byte	0
 780 0128 03       		.uleb128 0x3
 781 0129 0E       		.uleb128 0xe
 782 012a 3A       		.uleb128 0x3a
 783 012b 0B       		.uleb128 0xb
 784 012c 3B       		.uleb128 0x3b
 785 012d 0B       		.uleb128 0xb
 786 012e 49       		.uleb128 0x49
 787 012f 13       		.uleb128 0x13
 788 0130 3F       		.uleb128 0x3f
 789 0131 19       		.uleb128 0x19
 790 0132 02       		.uleb128 0x2
 791 0133 18       		.uleb128 0x18
 792 0134 00       		.byte	0
 793 0135 00       		.byte	0
 794 0136 16       		.uleb128 0x16
 795 0137 2E       		.uleb128 0x2e
 796 0138 00       		.byte	0
 797 0139 3F       		.uleb128 0x3f
 798 013a 19       		.uleb128 0x19
 799 013b 03       		.uleb128 0x3
 800 013c 0E       		.uleb128 0xe
 801 013d 3A       		.uleb128 0x3a
 802 013e 0B       		.uleb128 0xb
 803 013f 3B       		.uleb128 0x3b
 804 0140 0B       		.uleb128 0xb
 805 0141 27       		.uleb128 0x27
 806 0142 19       		.uleb128 0x19
 807 0143 3C       		.uleb128 0x3c
 808 0144 19       		.uleb128 0x19
 809 0145 00       		.byte	0
 810 0146 00       		.byte	0
 811 0147 17       		.uleb128 0x17
 812 0148 2E       		.uleb128 0x2e
 813 0149 00       		.byte	0
 814 014a 3F       		.uleb128 0x3f
 815 014b 19       		.uleb128 0x19
 816 014c 03       		.uleb128 0x3
 817 014d 0E       		.uleb128 0xe
 818 014e 3A       		.uleb128 0x3a
 819 014f 0B       		.uleb128 0xb
 820 0150 3B       		.uleb128 0x3b
 821 0151 0B       		.uleb128 0xb
 822 0152 27       		.uleb128 0x27
 823 0153 19       		.uleb128 0x19
 824 0154 49       		.uleb128 0x49
 825 0155 13       		.uleb128 0x13
 826 0156 3C       		.uleb128 0x3c
 827 0157 19       		.uleb128 0x19
 828 0158 00       		.byte	0
 829 0159 00       		.byte	0
 830 015a 18       		.uleb128 0x18
 831 015b 2E       		.uleb128 0x2e
ARM GAS  C:\Users\acer\AppData\Local\Temp\ccnsT0ZA.s 			page 21


 832 015c 01       		.byte	0x1
 833 015d 3F       		.uleb128 0x3f
 834 015e 19       		.uleb128 0x19
 835 015f 03       		.uleb128 0x3
 836 0160 0E       		.uleb128 0xe
 837 0161 3A       		.uleb128 0x3a
 838 0162 0B       		.uleb128 0xb
 839 0163 3B       		.uleb128 0x3b
 840 0164 0B       		.uleb128 0xb
 841 0165 27       		.uleb128 0x27
 842 0166 19       		.uleb128 0x19
 843 0167 3C       		.uleb128 0x3c
 844 0168 19       		.uleb128 0x19
 845 0169 01       		.uleb128 0x1
 846 016a 13       		.uleb128 0x13
 847 016b 00       		.byte	0
 848 016c 00       		.byte	0
 849 016d 19       		.uleb128 0x19
 850 016e 05       		.uleb128 0x5
 851 016f 00       		.byte	0
 852 0170 49       		.uleb128 0x49
 853 0171 13       		.uleb128 0x13
 854 0172 00       		.byte	0
 855 0173 00       		.byte	0
 856 0174 00       		.byte	0
 857              		.section	.debug_loc,"",%progbits
 858              	.Ldebug_loc0:
 859              	.LLST0:
 860 0000 14000000 		.4byte	.LVL2
 861 0004 1F000000 		.4byte	.LVL3-1
 862 0008 0100     		.2byte	0x1
 863 000a 50       		.byte	0x50
 864 000b 00000000 		.4byte	0
 865 000f 00000000 		.4byte	0
 866              		.section	.debug_aranges,"",%progbits
 867 0000 34000000 		.4byte	0x34
 868 0004 0200     		.2byte	0x2
 869 0006 00000000 		.4byte	.Ldebug_info0
 870 000a 04       		.byte	0x4
 871 000b 00       		.byte	0
 872 000c 0000     		.2byte	0
 873 000e 0000     		.2byte	0
 874 0010 00000000 		.4byte	.LFB0
 875 0014 3C000000 		.4byte	.LFE0-.LFB0
 876 0018 00000000 		.4byte	.LFB1
 877 001c 24000000 		.4byte	.LFE1-.LFB1
 878 0020 00000000 		.4byte	.LFB2
 879 0024 54000000 		.4byte	.LFE2-.LFB2
 880 0028 00000000 		.4byte	.LFB3
 881 002c 24000000 		.4byte	.LFE3-.LFB3
 882 0030 00000000 		.4byte	0
 883 0034 00000000 		.4byte	0
 884              		.section	.debug_ranges,"",%progbits
 885              	.Ldebug_ranges0:
 886 0000 00000000 		.4byte	.LFB0
 887 0004 3C000000 		.4byte	.LFE0
 888 0008 00000000 		.4byte	.LFB1
ARM GAS  C:\Users\acer\AppData\Local\Temp\ccnsT0ZA.s 			page 22


 889 000c 24000000 		.4byte	.LFE1
 890 0010 00000000 		.4byte	.LFB2
 891 0014 54000000 		.4byte	.LFE2
 892 0018 00000000 		.4byte	.LFB3
 893 001c 24000000 		.4byte	.LFE3
 894 0020 00000000 		.4byte	0
 895 0024 00000000 		.4byte	0
 896              		.section	.debug_line,"",%progbits
 897              	.Ldebug_line0:
 898 0000 BE000000 		.section	.debug_str,"MS",%progbits,1
 898      02005D00 
 898      00000201 
 898      FB0E0D00 
 898      01010101 
 899              	.LASF16:
 900 0000 72656733 		.ascii	"reg32\000"
 900      3200
 901              	.LASF23:
 902 0006 4932435F 		.ascii	"I2C_1_BACKUP_STRUCT\000"
 902      315F4241 
 902      434B5550 
 902      5F535452 
 902      55435400 
 903              	.LASF35:
 904 001a 4932435F 		.ascii	"I2C_1_backup\000"
 904      315F6261 
 904      636B7570 
 904      00
 905              	.LASF31:
 906 0027 2E5C4765 		.ascii	".\\Generated_Source\\PSoC5\\I2C_1_PM.c\000"
 906      6E657261 
 906      7465645F 
 906      536F7572 
 906      63655C50 
 907              	.LASF3:
 908 004b 73686F72 		.ascii	"short unsigned int\000"
 908      7420756E 
 908      7369676E 
 908      65642069 
 908      6E7400
 909              	.LASF25:
 910 005e 4932435F 		.ascii	"I2C_1_Wakeup\000"
 910      315F5761 
 910      6B657570 
 910      00
 911              	.LASF26:
 912 006b 4932435F 		.ascii	"I2C_1_RestoreConfig\000"
 912      315F5265 
 912      73746F72 
 912      65436F6E 
 912      66696700 
 913              	.LASF12:
 914 007f 666C6F61 		.ascii	"float\000"
 914      7400
 915              	.LASF7:
 916 0085 6C6F6E67 		.ascii	"long long unsigned int\000"
 916      206C6F6E 
ARM GAS  C:\Users\acer\AppData\Local\Temp\ccnsT0ZA.s 			page 23


 916      6720756E 
 916      7369676E 
 916      65642069 
 917              	.LASF30:
 918 009c 474E5520 		.ascii	"GNU C 4.9.3 20150303 (release) [ARM/embedded-4_9-br"
 918      4320342E 
 918      392E3320 
 918      32303135 
 918      30333033 
 919 00cf 616E6368 		.ascii	"anch revision 221220] -mcpu=cortex-m3 -mthumb -g -O"
 919      20726576 
 919      6973696F 
 919      6E203232 
 919      31323230 
 920 0102 73202D66 		.ascii	"s -ffunction-sections -ffat-lto-objects\000"
 920      66756E63 
 920      74696F6E 
 920      2D736563 
 920      74696F6E 
 921              	.LASF1:
 922 012a 756E7369 		.ascii	"unsigned char\000"
 922      676E6564 
 922      20636861 
 922      7200
 923              	.LASF15:
 924 0138 72656738 		.ascii	"reg8\000"
 924      00
 925              	.LASF5:
 926 013d 6C6F6E67 		.ascii	"long unsigned int\000"
 926      20756E73 
 926      69676E65 
 926      6420696E 
 926      7400
 927              	.LASF20:
 928 014f 61646472 		.ascii	"addr\000"
 928      00
 929              	.LASF32:
 930 0154 433A5C55 		.ascii	"C:\\Users\\acer\\Desktop\\Saura-master\\2_Psoc\\Pla"
 930      73657273 
 930      5C616365 
 930      725C4465 
 930      736B746F 
 931 0181 74666F72 		.ascii	"tform\\Design02.cydsn\000"
 931      6D5C4465 
 931      7369676E 
 931      30322E63 
 931      7964736E 
 932              	.LASF13:
 933 0196 646F7562 		.ascii	"double\000"
 933      6C6500
 934              	.LASF28:
 935 019d 4932435F 		.ascii	"I2C_1_Stop\000"
 935      315F5374 
 935      6F7000
 936              	.LASF10:
 937 01a8 75696E74 		.ascii	"uint16\000"
 937      313600
ARM GAS  C:\Users\acer\AppData\Local\Temp\ccnsT0ZA.s 			page 24


 938              	.LASF11:
 939 01af 75696E74 		.ascii	"uint32\000"
 939      333200
 940              	.LASF33:
 941 01b6 696E7453 		.ascii	"intState\000"
 941      74617465 
 941      00
 942              	.LASF8:
 943 01bf 756E7369 		.ascii	"unsigned int\000"
 943      676E6564 
 943      20696E74 
 943      00
 944              	.LASF24:
 945 01cc 4932435F 		.ascii	"I2C_1_Sleep\000"
 945      315F536C 
 945      65657000 
 946              	.LASF27:
 947 01d8 43794578 		.ascii	"CyExitCriticalSection\000"
 947      69744372 
 947      69746963 
 947      616C5365 
 947      6374696F 
 948              	.LASF21:
 949 01ee 636C6B44 		.ascii	"clkDiv1\000"
 949      69763100 
 950              	.LASF22:
 951 01f6 636C6B44 		.ascii	"clkDiv2\000"
 951      69763200 
 952              	.LASF36:
 953 01fe 4379456E 		.ascii	"CyEnterCriticalSection\000"
 953      74657243 
 953      72697469 
 953      63616C53 
 953      65637469 
 954              	.LASF17:
 955 0215 73697A65 		.ascii	"sizetype\000"
 955      74797065 
 955      00
 956              	.LASF6:
 957 021e 6C6F6E67 		.ascii	"long long int\000"
 957      206C6F6E 
 957      6720696E 
 957      7400
 958              	.LASF14:
 959 022c 63686172 		.ascii	"char\000"
 959      00
 960              	.LASF29:
 961 0231 4932435F 		.ascii	"I2C_1_Enable\000"
 961      315F456E 
 961      61626C65 
 961      00
 962              	.LASF19:
 963 023e 78636667 		.ascii	"xcfg\000"
 963      00
 964              	.LASF2:
 965 0243 73686F72 		.ascii	"short int\000"
 965      7420696E 
ARM GAS  C:\Users\acer\AppData\Local\Temp\ccnsT0ZA.s 			page 25


 965      7400
 966              	.LASF9:
 967 024d 75696E74 		.ascii	"uint8\000"
 967      3800
 968              	.LASF4:
 969 0253 6C6F6E67 		.ascii	"long int\000"
 969      20696E74 
 969      00
 970              	.LASF18:
 971 025c 656E6162 		.ascii	"enableState\000"
 971      6C655374 
 971      61746500 
 972              	.LASF0:
 973 0268 7369676E 		.ascii	"signed char\000"
 973      65642063 
 973      68617200 
 974              	.LASF34:
 975 0274 4932435F 		.ascii	"I2C_1_SaveConfig\000"
 975      315F5361 
 975      7665436F 
 975      6E666967 
 975      00
 976              		.ident	"GCC: (GNU Tools for ARM Embedded Processors) 4.9.3 20150303 (release) [ARM/embedded-4_9-br
