ARM GAS  C:\Users\acer\AppData\Local\Temp\ccHfeNFe.s 			page 1


   1              		.syntax unified
   2              		.cpu cortex-m3
   3              		.fpu softvfp
   4              		.eabi_attribute 20, 1
   5              		.eabi_attribute 21, 1
   6              		.eabi_attribute 23, 3
   7              		.eabi_attribute 24, 1
   8              		.eabi_attribute 25, 1
   9              		.eabi_attribute 26, 1
  10              		.eabi_attribute 30, 4
  11              		.eabi_attribute 34, 1
  12              		.eabi_attribute 18, 4
  13              		.thumb
  14              		.file	"ISR_Co_Op_1ms.c"
  15              		.text
  16              	.Ltext0:
  17              		.cfi_sections	.debug_frame
  18              		.section	.text.ISR_Co_Op_1ms_Interrupt,"ax",%progbits
  19              		.align	1
  20              		.global	ISR_Co_Op_1ms_Interrupt
  21              		.thumb
  22              		.thumb_func
  23              		.type	ISR_Co_Op_1ms_Interrupt, %function
  24              	ISR_Co_Op_1ms_Interrupt:
  25              	.LFB3:
  26              		.file 1 ".\\Generated_Source\\PSoC5\\ISR_Co_Op_1ms.c"
   1:.\Generated_Source\PSoC5/ISR_Co_Op_1ms.c **** /*******************************************************************************
   2:.\Generated_Source\PSoC5/ISR_Co_Op_1ms.c **** * File Name: ISR_Co_Op_1ms.c  
   3:.\Generated_Source\PSoC5/ISR_Co_Op_1ms.c **** * Version 1.70
   4:.\Generated_Source\PSoC5/ISR_Co_Op_1ms.c **** *
   5:.\Generated_Source\PSoC5/ISR_Co_Op_1ms.c **** *  Description:
   6:.\Generated_Source\PSoC5/ISR_Co_Op_1ms.c **** *   API for controlling the state of an interrupt.
   7:.\Generated_Source\PSoC5/ISR_Co_Op_1ms.c **** *
   8:.\Generated_Source\PSoC5/ISR_Co_Op_1ms.c **** *
   9:.\Generated_Source\PSoC5/ISR_Co_Op_1ms.c **** *  Note:
  10:.\Generated_Source\PSoC5/ISR_Co_Op_1ms.c **** *
  11:.\Generated_Source\PSoC5/ISR_Co_Op_1ms.c **** ********************************************************************************
  12:.\Generated_Source\PSoC5/ISR_Co_Op_1ms.c **** * Copyright 2008-2015, Cypress Semiconductor Corporation.  All rights reserved.
  13:.\Generated_Source\PSoC5/ISR_Co_Op_1ms.c **** * You may use this file only in accordance with the license, terms, conditions, 
  14:.\Generated_Source\PSoC5/ISR_Co_Op_1ms.c **** * disclaimers, and limitations in the end user license agreement accompanying 
  15:.\Generated_Source\PSoC5/ISR_Co_Op_1ms.c **** * the software package with which this file was provided.
  16:.\Generated_Source\PSoC5/ISR_Co_Op_1ms.c **** *******************************************************************************/
  17:.\Generated_Source\PSoC5/ISR_Co_Op_1ms.c **** 
  18:.\Generated_Source\PSoC5/ISR_Co_Op_1ms.c **** 
  19:.\Generated_Source\PSoC5/ISR_Co_Op_1ms.c **** #include <cydevice_trm.h>
  20:.\Generated_Source\PSoC5/ISR_Co_Op_1ms.c **** #include <CyLib.h>
  21:.\Generated_Source\PSoC5/ISR_Co_Op_1ms.c **** #include <ISR_Co_Op_1ms.h>
  22:.\Generated_Source\PSoC5/ISR_Co_Op_1ms.c **** 
  23:.\Generated_Source\PSoC5/ISR_Co_Op_1ms.c **** 
  24:.\Generated_Source\PSoC5/ISR_Co_Op_1ms.c **** #if !defined(ISR_Co_Op_1ms__REMOVED) /* Check for removal by optimization */
  25:.\Generated_Source\PSoC5/ISR_Co_Op_1ms.c **** 
  26:.\Generated_Source\PSoC5/ISR_Co_Op_1ms.c **** /*******************************************************************************
  27:.\Generated_Source\PSoC5/ISR_Co_Op_1ms.c **** *  Place your includes, defines and code here 
  28:.\Generated_Source\PSoC5/ISR_Co_Op_1ms.c **** ********************************************************************************/
  29:.\Generated_Source\PSoC5/ISR_Co_Op_1ms.c **** /* `#START ISR_Co_Op_1ms_intc` */
  30:.\Generated_Source\PSoC5/ISR_Co_Op_1ms.c **** 
  31:.\Generated_Source\PSoC5/ISR_Co_Op_1ms.c **** /* `#END` */
ARM GAS  C:\Users\acer\AppData\Local\Temp\ccHfeNFe.s 			page 2


  32:.\Generated_Source\PSoC5/ISR_Co_Op_1ms.c **** 
  33:.\Generated_Source\PSoC5/ISR_Co_Op_1ms.c **** #ifndef CYINT_IRQ_BASE
  34:.\Generated_Source\PSoC5/ISR_Co_Op_1ms.c **** #define CYINT_IRQ_BASE      16
  35:.\Generated_Source\PSoC5/ISR_Co_Op_1ms.c **** #endif /* CYINT_IRQ_BASE */
  36:.\Generated_Source\PSoC5/ISR_Co_Op_1ms.c **** #ifndef CYINT_VECT_TABLE
  37:.\Generated_Source\PSoC5/ISR_Co_Op_1ms.c **** #define CYINT_VECT_TABLE    ((cyisraddress **) CYREG_NVIC_VECT_OFFSET)
  38:.\Generated_Source\PSoC5/ISR_Co_Op_1ms.c **** #endif /* CYINT_VECT_TABLE */
  39:.\Generated_Source\PSoC5/ISR_Co_Op_1ms.c **** 
  40:.\Generated_Source\PSoC5/ISR_Co_Op_1ms.c **** /* Declared in startup, used to set unused interrupts to. */
  41:.\Generated_Source\PSoC5/ISR_Co_Op_1ms.c **** CY_ISR_PROTO(IntDefaultHandler);
  42:.\Generated_Source\PSoC5/ISR_Co_Op_1ms.c **** 
  43:.\Generated_Source\PSoC5/ISR_Co_Op_1ms.c **** 
  44:.\Generated_Source\PSoC5/ISR_Co_Op_1ms.c **** /*******************************************************************************
  45:.\Generated_Source\PSoC5/ISR_Co_Op_1ms.c **** * Function Name: ISR_Co_Op_1ms_Start
  46:.\Generated_Source\PSoC5/ISR_Co_Op_1ms.c **** ********************************************************************************
  47:.\Generated_Source\PSoC5/ISR_Co_Op_1ms.c **** *
  48:.\Generated_Source\PSoC5/ISR_Co_Op_1ms.c **** * Summary:
  49:.\Generated_Source\PSoC5/ISR_Co_Op_1ms.c **** *  Set up the interrupt and enable it. This function disables the interrupt, 
  50:.\Generated_Source\PSoC5/ISR_Co_Op_1ms.c **** *  sets the default interrupt vector, sets the priority from the value in the
  51:.\Generated_Source\PSoC5/ISR_Co_Op_1ms.c **** *  Design Wide Resources Interrupt Editor, then enables the interrupt to the 
  52:.\Generated_Source\PSoC5/ISR_Co_Op_1ms.c **** *  interrupt controller.
  53:.\Generated_Source\PSoC5/ISR_Co_Op_1ms.c **** *
  54:.\Generated_Source\PSoC5/ISR_Co_Op_1ms.c **** * Parameters:  
  55:.\Generated_Source\PSoC5/ISR_Co_Op_1ms.c **** *   None
  56:.\Generated_Source\PSoC5/ISR_Co_Op_1ms.c **** *
  57:.\Generated_Source\PSoC5/ISR_Co_Op_1ms.c **** * Return:
  58:.\Generated_Source\PSoC5/ISR_Co_Op_1ms.c **** *   None
  59:.\Generated_Source\PSoC5/ISR_Co_Op_1ms.c **** *
  60:.\Generated_Source\PSoC5/ISR_Co_Op_1ms.c **** *******************************************************************************/
  61:.\Generated_Source\PSoC5/ISR_Co_Op_1ms.c **** void ISR_Co_Op_1ms_Start(void)
  62:.\Generated_Source\PSoC5/ISR_Co_Op_1ms.c **** {
  63:.\Generated_Source\PSoC5/ISR_Co_Op_1ms.c ****     /* For all we know the interrupt is active. */
  64:.\Generated_Source\PSoC5/ISR_Co_Op_1ms.c ****     ISR_Co_Op_1ms_Disable();
  65:.\Generated_Source\PSoC5/ISR_Co_Op_1ms.c **** 
  66:.\Generated_Source\PSoC5/ISR_Co_Op_1ms.c ****     /* Set the ISR to point to the ISR_Co_Op_1ms Interrupt. */
  67:.\Generated_Source\PSoC5/ISR_Co_Op_1ms.c ****     ISR_Co_Op_1ms_SetVector(&ISR_Co_Op_1ms_Interrupt);
  68:.\Generated_Source\PSoC5/ISR_Co_Op_1ms.c **** 
  69:.\Generated_Source\PSoC5/ISR_Co_Op_1ms.c ****     /* Set the priority. */
  70:.\Generated_Source\PSoC5/ISR_Co_Op_1ms.c ****     ISR_Co_Op_1ms_SetPriority((uint8)ISR_Co_Op_1ms_INTC_PRIOR_NUMBER);
  71:.\Generated_Source\PSoC5/ISR_Co_Op_1ms.c **** 
  72:.\Generated_Source\PSoC5/ISR_Co_Op_1ms.c ****     /* Enable it. */
  73:.\Generated_Source\PSoC5/ISR_Co_Op_1ms.c ****     ISR_Co_Op_1ms_Enable();
  74:.\Generated_Source\PSoC5/ISR_Co_Op_1ms.c **** }
  75:.\Generated_Source\PSoC5/ISR_Co_Op_1ms.c **** 
  76:.\Generated_Source\PSoC5/ISR_Co_Op_1ms.c **** 
  77:.\Generated_Source\PSoC5/ISR_Co_Op_1ms.c **** /*******************************************************************************
  78:.\Generated_Source\PSoC5/ISR_Co_Op_1ms.c **** * Function Name: ISR_Co_Op_1ms_StartEx
  79:.\Generated_Source\PSoC5/ISR_Co_Op_1ms.c **** ********************************************************************************
  80:.\Generated_Source\PSoC5/ISR_Co_Op_1ms.c **** *
  81:.\Generated_Source\PSoC5/ISR_Co_Op_1ms.c **** * Summary:
  82:.\Generated_Source\PSoC5/ISR_Co_Op_1ms.c **** *  Sets up the interrupt and enables it. This function disables the interrupt,
  83:.\Generated_Source\PSoC5/ISR_Co_Op_1ms.c **** *  sets the interrupt vector based on the address passed in, sets the priority 
  84:.\Generated_Source\PSoC5/ISR_Co_Op_1ms.c **** *  from the value in the Design Wide Resources Interrupt Editor, then enables 
  85:.\Generated_Source\PSoC5/ISR_Co_Op_1ms.c **** *  the interrupt to the interrupt controller.
  86:.\Generated_Source\PSoC5/ISR_Co_Op_1ms.c **** *  
  87:.\Generated_Source\PSoC5/ISR_Co_Op_1ms.c **** *  When defining ISR functions, the CY_ISR and CY_ISR_PROTO macros should be 
  88:.\Generated_Source\PSoC5/ISR_Co_Op_1ms.c **** *  used to provide consistent definition across compilers:
ARM GAS  C:\Users\acer\AppData\Local\Temp\ccHfeNFe.s 			page 3


  89:.\Generated_Source\PSoC5/ISR_Co_Op_1ms.c **** *  
  90:.\Generated_Source\PSoC5/ISR_Co_Op_1ms.c **** *  Function definition example:
  91:.\Generated_Source\PSoC5/ISR_Co_Op_1ms.c **** *   CY_ISR(MyISR)
  92:.\Generated_Source\PSoC5/ISR_Co_Op_1ms.c **** *   {
  93:.\Generated_Source\PSoC5/ISR_Co_Op_1ms.c **** *   }
  94:.\Generated_Source\PSoC5/ISR_Co_Op_1ms.c **** *   Function prototype example:
  95:.\Generated_Source\PSoC5/ISR_Co_Op_1ms.c **** *   CY_ISR_PROTO(MyISR);
  96:.\Generated_Source\PSoC5/ISR_Co_Op_1ms.c **** *
  97:.\Generated_Source\PSoC5/ISR_Co_Op_1ms.c **** * Parameters:  
  98:.\Generated_Source\PSoC5/ISR_Co_Op_1ms.c **** *   address: Address of the ISR to set in the interrupt vector table.
  99:.\Generated_Source\PSoC5/ISR_Co_Op_1ms.c **** *
 100:.\Generated_Source\PSoC5/ISR_Co_Op_1ms.c **** * Return:
 101:.\Generated_Source\PSoC5/ISR_Co_Op_1ms.c **** *   None
 102:.\Generated_Source\PSoC5/ISR_Co_Op_1ms.c **** *
 103:.\Generated_Source\PSoC5/ISR_Co_Op_1ms.c **** *******************************************************************************/
 104:.\Generated_Source\PSoC5/ISR_Co_Op_1ms.c **** void ISR_Co_Op_1ms_StartEx(cyisraddress address)
 105:.\Generated_Source\PSoC5/ISR_Co_Op_1ms.c **** {
 106:.\Generated_Source\PSoC5/ISR_Co_Op_1ms.c ****     /* For all we know the interrupt is active. */
 107:.\Generated_Source\PSoC5/ISR_Co_Op_1ms.c ****     ISR_Co_Op_1ms_Disable();
 108:.\Generated_Source\PSoC5/ISR_Co_Op_1ms.c **** 
 109:.\Generated_Source\PSoC5/ISR_Co_Op_1ms.c ****     /* Set the ISR to point to the ISR_Co_Op_1ms Interrupt. */
 110:.\Generated_Source\PSoC5/ISR_Co_Op_1ms.c ****     ISR_Co_Op_1ms_SetVector(address);
 111:.\Generated_Source\PSoC5/ISR_Co_Op_1ms.c **** 
 112:.\Generated_Source\PSoC5/ISR_Co_Op_1ms.c ****     /* Set the priority. */
 113:.\Generated_Source\PSoC5/ISR_Co_Op_1ms.c ****     ISR_Co_Op_1ms_SetPriority((uint8)ISR_Co_Op_1ms_INTC_PRIOR_NUMBER);
 114:.\Generated_Source\PSoC5/ISR_Co_Op_1ms.c **** 
 115:.\Generated_Source\PSoC5/ISR_Co_Op_1ms.c ****     /* Enable it. */
 116:.\Generated_Source\PSoC5/ISR_Co_Op_1ms.c ****     ISR_Co_Op_1ms_Enable();
 117:.\Generated_Source\PSoC5/ISR_Co_Op_1ms.c **** }
 118:.\Generated_Source\PSoC5/ISR_Co_Op_1ms.c **** 
 119:.\Generated_Source\PSoC5/ISR_Co_Op_1ms.c **** 
 120:.\Generated_Source\PSoC5/ISR_Co_Op_1ms.c **** /*******************************************************************************
 121:.\Generated_Source\PSoC5/ISR_Co_Op_1ms.c **** * Function Name: ISR_Co_Op_1ms_Stop
 122:.\Generated_Source\PSoC5/ISR_Co_Op_1ms.c **** ********************************************************************************
 123:.\Generated_Source\PSoC5/ISR_Co_Op_1ms.c **** *
 124:.\Generated_Source\PSoC5/ISR_Co_Op_1ms.c **** * Summary:
 125:.\Generated_Source\PSoC5/ISR_Co_Op_1ms.c **** *   Disables and removes the interrupt.
 126:.\Generated_Source\PSoC5/ISR_Co_Op_1ms.c **** *
 127:.\Generated_Source\PSoC5/ISR_Co_Op_1ms.c **** * Parameters:  
 128:.\Generated_Source\PSoC5/ISR_Co_Op_1ms.c **** *   None
 129:.\Generated_Source\PSoC5/ISR_Co_Op_1ms.c **** *
 130:.\Generated_Source\PSoC5/ISR_Co_Op_1ms.c **** * Return:
 131:.\Generated_Source\PSoC5/ISR_Co_Op_1ms.c **** *   None
 132:.\Generated_Source\PSoC5/ISR_Co_Op_1ms.c **** *
 133:.\Generated_Source\PSoC5/ISR_Co_Op_1ms.c **** *******************************************************************************/
 134:.\Generated_Source\PSoC5/ISR_Co_Op_1ms.c **** void ISR_Co_Op_1ms_Stop(void)
 135:.\Generated_Source\PSoC5/ISR_Co_Op_1ms.c **** {
 136:.\Generated_Source\PSoC5/ISR_Co_Op_1ms.c ****     /* Disable this interrupt. */
 137:.\Generated_Source\PSoC5/ISR_Co_Op_1ms.c ****     ISR_Co_Op_1ms_Disable();
 138:.\Generated_Source\PSoC5/ISR_Co_Op_1ms.c **** 
 139:.\Generated_Source\PSoC5/ISR_Co_Op_1ms.c ****     /* Set the ISR to point to the passive one. */
 140:.\Generated_Source\PSoC5/ISR_Co_Op_1ms.c ****     ISR_Co_Op_1ms_SetVector(&IntDefaultHandler);
 141:.\Generated_Source\PSoC5/ISR_Co_Op_1ms.c **** }
 142:.\Generated_Source\PSoC5/ISR_Co_Op_1ms.c **** 
 143:.\Generated_Source\PSoC5/ISR_Co_Op_1ms.c **** 
 144:.\Generated_Source\PSoC5/ISR_Co_Op_1ms.c **** /*******************************************************************************
 145:.\Generated_Source\PSoC5/ISR_Co_Op_1ms.c **** * Function Name: ISR_Co_Op_1ms_Interrupt
ARM GAS  C:\Users\acer\AppData\Local\Temp\ccHfeNFe.s 			page 4


 146:.\Generated_Source\PSoC5/ISR_Co_Op_1ms.c **** ********************************************************************************
 147:.\Generated_Source\PSoC5/ISR_Co_Op_1ms.c **** *
 148:.\Generated_Source\PSoC5/ISR_Co_Op_1ms.c **** * Summary:
 149:.\Generated_Source\PSoC5/ISR_Co_Op_1ms.c **** *   The default Interrupt Service Routine for ISR_Co_Op_1ms.
 150:.\Generated_Source\PSoC5/ISR_Co_Op_1ms.c **** *
 151:.\Generated_Source\PSoC5/ISR_Co_Op_1ms.c **** *   Add custom code between the coments to keep the next version of this file
 152:.\Generated_Source\PSoC5/ISR_Co_Op_1ms.c **** *   from over writting your code.
 153:.\Generated_Source\PSoC5/ISR_Co_Op_1ms.c **** *
 154:.\Generated_Source\PSoC5/ISR_Co_Op_1ms.c **** * Parameters:  
 155:.\Generated_Source\PSoC5/ISR_Co_Op_1ms.c **** *
 156:.\Generated_Source\PSoC5/ISR_Co_Op_1ms.c **** * Return:
 157:.\Generated_Source\PSoC5/ISR_Co_Op_1ms.c **** *   None
 158:.\Generated_Source\PSoC5/ISR_Co_Op_1ms.c **** *
 159:.\Generated_Source\PSoC5/ISR_Co_Op_1ms.c **** *******************************************************************************/
 160:.\Generated_Source\PSoC5/ISR_Co_Op_1ms.c **** CY_ISR(ISR_Co_Op_1ms_Interrupt)
 161:.\Generated_Source\PSoC5/ISR_Co_Op_1ms.c **** {
  27              		.loc 1 161 0
  28              		.cfi_startproc
  29              		@ args = 0, pretend = 0, frame = 0
  30              		@ frame_needed = 0, uses_anonymous_args = 0
  31              		@ link register save eliminated.
  32 0000 7047     		bx	lr
  33              		.cfi_endproc
  34              	.LFE3:
  35              		.size	ISR_Co_Op_1ms_Interrupt, .-ISR_Co_Op_1ms_Interrupt
  36              		.section	.text.ISR_Co_Op_1ms_Start,"ax",%progbits
  37              		.align	1
  38              		.global	ISR_Co_Op_1ms_Start
  39              		.thumb
  40              		.thumb_func
  41              		.type	ISR_Co_Op_1ms_Start, %function
  42              	ISR_Co_Op_1ms_Start:
  43              	.LFB0:
  62:.\Generated_Source\PSoC5/ISR_Co_Op_1ms.c ****     /* For all we know the interrupt is active. */
  44              		.loc 1 62 0
  45              		.cfi_startproc
  46              		@ args = 0, pretend = 0, frame = 0
  47              		@ frame_needed = 0, uses_anonymous_args = 0
  48              		@ link register save eliminated.
  49              	.LBB22:
  50              	.LBB23:
 162:.\Generated_Source\PSoC5/ISR_Co_Op_1ms.c ****     #ifdef ISR_Co_Op_1ms_INTERRUPT_INTERRUPT_CALLBACK
 163:.\Generated_Source\PSoC5/ISR_Co_Op_1ms.c ****         ISR_Co_Op_1ms_Interrupt_InterruptCallback();
 164:.\Generated_Source\PSoC5/ISR_Co_Op_1ms.c ****     #endif /* ISR_Co_Op_1ms_INTERRUPT_INTERRUPT_CALLBACK */ 
 165:.\Generated_Source\PSoC5/ISR_Co_Op_1ms.c **** 
 166:.\Generated_Source\PSoC5/ISR_Co_Op_1ms.c ****     /*  Place your Interrupt code here. */
 167:.\Generated_Source\PSoC5/ISR_Co_Op_1ms.c ****     /* `#START ISR_Co_Op_1ms_Interrupt` */
 168:.\Generated_Source\PSoC5/ISR_Co_Op_1ms.c **** 
 169:.\Generated_Source\PSoC5/ISR_Co_Op_1ms.c ****     /* `#END` */
 170:.\Generated_Source\PSoC5/ISR_Co_Op_1ms.c **** }
 171:.\Generated_Source\PSoC5/ISR_Co_Op_1ms.c **** 
 172:.\Generated_Source\PSoC5/ISR_Co_Op_1ms.c **** 
 173:.\Generated_Source\PSoC5/ISR_Co_Op_1ms.c **** /*******************************************************************************
 174:.\Generated_Source\PSoC5/ISR_Co_Op_1ms.c **** * Function Name: ISR_Co_Op_1ms_SetVector
 175:.\Generated_Source\PSoC5/ISR_Co_Op_1ms.c **** ********************************************************************************
 176:.\Generated_Source\PSoC5/ISR_Co_Op_1ms.c **** *
 177:.\Generated_Source\PSoC5/ISR_Co_Op_1ms.c **** * Summary:
ARM GAS  C:\Users\acer\AppData\Local\Temp\ccHfeNFe.s 			page 5


 178:.\Generated_Source\PSoC5/ISR_Co_Op_1ms.c **** *   Change the ISR vector for the Interrupt. Note calling ISR_Co_Op_1ms_Start
 179:.\Generated_Source\PSoC5/ISR_Co_Op_1ms.c **** *   will override any effect this method would have had. To set the vector 
 180:.\Generated_Source\PSoC5/ISR_Co_Op_1ms.c **** *   before the component has been started use ISR_Co_Op_1ms_StartEx instead.
 181:.\Generated_Source\PSoC5/ISR_Co_Op_1ms.c **** * 
 182:.\Generated_Source\PSoC5/ISR_Co_Op_1ms.c **** *   When defining ISR functions, the CY_ISR and CY_ISR_PROTO macros should be 
 183:.\Generated_Source\PSoC5/ISR_Co_Op_1ms.c **** *   used to provide consistent definition across compilers:
 184:.\Generated_Source\PSoC5/ISR_Co_Op_1ms.c **** *
 185:.\Generated_Source\PSoC5/ISR_Co_Op_1ms.c **** *   Function definition example:
 186:.\Generated_Source\PSoC5/ISR_Co_Op_1ms.c **** *   CY_ISR(MyISR)
 187:.\Generated_Source\PSoC5/ISR_Co_Op_1ms.c **** *   {
 188:.\Generated_Source\PSoC5/ISR_Co_Op_1ms.c **** *   }
 189:.\Generated_Source\PSoC5/ISR_Co_Op_1ms.c **** *
 190:.\Generated_Source\PSoC5/ISR_Co_Op_1ms.c **** *   Function prototype example:
 191:.\Generated_Source\PSoC5/ISR_Co_Op_1ms.c **** *     CY_ISR_PROTO(MyISR);
 192:.\Generated_Source\PSoC5/ISR_Co_Op_1ms.c **** *
 193:.\Generated_Source\PSoC5/ISR_Co_Op_1ms.c **** * Parameters:
 194:.\Generated_Source\PSoC5/ISR_Co_Op_1ms.c **** *   address: Address of the ISR to set in the interrupt vector table.
 195:.\Generated_Source\PSoC5/ISR_Co_Op_1ms.c **** *
 196:.\Generated_Source\PSoC5/ISR_Co_Op_1ms.c **** * Return:
 197:.\Generated_Source\PSoC5/ISR_Co_Op_1ms.c **** *   None
 198:.\Generated_Source\PSoC5/ISR_Co_Op_1ms.c **** *
 199:.\Generated_Source\PSoC5/ISR_Co_Op_1ms.c **** *******************************************************************************/
 200:.\Generated_Source\PSoC5/ISR_Co_Op_1ms.c **** void ISR_Co_Op_1ms_SetVector(cyisraddress address)
 201:.\Generated_Source\PSoC5/ISR_Co_Op_1ms.c **** {
 202:.\Generated_Source\PSoC5/ISR_Co_Op_1ms.c ****     cyisraddress * ramVectorTable;
 203:.\Generated_Source\PSoC5/ISR_Co_Op_1ms.c **** 
 204:.\Generated_Source\PSoC5/ISR_Co_Op_1ms.c ****     ramVectorTable = (cyisraddress *) *CYINT_VECT_TABLE;
 205:.\Generated_Source\PSoC5/ISR_Co_Op_1ms.c **** 
 206:.\Generated_Source\PSoC5/ISR_Co_Op_1ms.c ****     ramVectorTable[CYINT_IRQ_BASE + (uint32)ISR_Co_Op_1ms__INTC_NUMBER] = address;
 207:.\Generated_Source\PSoC5/ISR_Co_Op_1ms.c **** }
 208:.\Generated_Source\PSoC5/ISR_Co_Op_1ms.c **** 
 209:.\Generated_Source\PSoC5/ISR_Co_Op_1ms.c **** 
 210:.\Generated_Source\PSoC5/ISR_Co_Op_1ms.c **** /*******************************************************************************
 211:.\Generated_Source\PSoC5/ISR_Co_Op_1ms.c **** * Function Name: ISR_Co_Op_1ms_GetVector
 212:.\Generated_Source\PSoC5/ISR_Co_Op_1ms.c **** ********************************************************************************
 213:.\Generated_Source\PSoC5/ISR_Co_Op_1ms.c **** *
 214:.\Generated_Source\PSoC5/ISR_Co_Op_1ms.c **** * Summary:
 215:.\Generated_Source\PSoC5/ISR_Co_Op_1ms.c **** *   Gets the "address" of the current ISR vector for the Interrupt.
 216:.\Generated_Source\PSoC5/ISR_Co_Op_1ms.c **** *
 217:.\Generated_Source\PSoC5/ISR_Co_Op_1ms.c **** * Parameters:
 218:.\Generated_Source\PSoC5/ISR_Co_Op_1ms.c **** *   None
 219:.\Generated_Source\PSoC5/ISR_Co_Op_1ms.c **** *
 220:.\Generated_Source\PSoC5/ISR_Co_Op_1ms.c **** * Return:
 221:.\Generated_Source\PSoC5/ISR_Co_Op_1ms.c **** *   Address of the ISR in the interrupt vector table.
 222:.\Generated_Source\PSoC5/ISR_Co_Op_1ms.c **** *
 223:.\Generated_Source\PSoC5/ISR_Co_Op_1ms.c **** *******************************************************************************/
 224:.\Generated_Source\PSoC5/ISR_Co_Op_1ms.c **** cyisraddress ISR_Co_Op_1ms_GetVector(void)
 225:.\Generated_Source\PSoC5/ISR_Co_Op_1ms.c **** {
 226:.\Generated_Source\PSoC5/ISR_Co_Op_1ms.c ****     cyisraddress * ramVectorTable;
 227:.\Generated_Source\PSoC5/ISR_Co_Op_1ms.c **** 
 228:.\Generated_Source\PSoC5/ISR_Co_Op_1ms.c ****     ramVectorTable = (cyisraddress *) *CYINT_VECT_TABLE;
 229:.\Generated_Source\PSoC5/ISR_Co_Op_1ms.c **** 
 230:.\Generated_Source\PSoC5/ISR_Co_Op_1ms.c ****     return ramVectorTable[CYINT_IRQ_BASE + (uint32)ISR_Co_Op_1ms__INTC_NUMBER];
 231:.\Generated_Source\PSoC5/ISR_Co_Op_1ms.c **** }
 232:.\Generated_Source\PSoC5/ISR_Co_Op_1ms.c **** 
 233:.\Generated_Source\PSoC5/ISR_Co_Op_1ms.c **** 
 234:.\Generated_Source\PSoC5/ISR_Co_Op_1ms.c **** /*******************************************************************************
ARM GAS  C:\Users\acer\AppData\Local\Temp\ccHfeNFe.s 			page 6


 235:.\Generated_Source\PSoC5/ISR_Co_Op_1ms.c **** * Function Name: ISR_Co_Op_1ms_SetPriority
 236:.\Generated_Source\PSoC5/ISR_Co_Op_1ms.c **** ********************************************************************************
 237:.\Generated_Source\PSoC5/ISR_Co_Op_1ms.c **** *
 238:.\Generated_Source\PSoC5/ISR_Co_Op_1ms.c **** * Summary:
 239:.\Generated_Source\PSoC5/ISR_Co_Op_1ms.c **** *   Sets the Priority of the Interrupt. 
 240:.\Generated_Source\PSoC5/ISR_Co_Op_1ms.c **** *
 241:.\Generated_Source\PSoC5/ISR_Co_Op_1ms.c **** *   Note calling ISR_Co_Op_1ms_Start or ISR_Co_Op_1ms_StartEx will 
 242:.\Generated_Source\PSoC5/ISR_Co_Op_1ms.c **** *   override any effect this API would have had. This API should only be called
 243:.\Generated_Source\PSoC5/ISR_Co_Op_1ms.c **** *   after ISR_Co_Op_1ms_Start or ISR_Co_Op_1ms_StartEx has been called. 
 244:.\Generated_Source\PSoC5/ISR_Co_Op_1ms.c **** *   To set the initial priority for the component, use the Design-Wide Resources
 245:.\Generated_Source\PSoC5/ISR_Co_Op_1ms.c **** *   Interrupt Editor.
 246:.\Generated_Source\PSoC5/ISR_Co_Op_1ms.c **** *
 247:.\Generated_Source\PSoC5/ISR_Co_Op_1ms.c **** *   Note This API has no effect on Non-maskable interrupt NMI).
 248:.\Generated_Source\PSoC5/ISR_Co_Op_1ms.c **** *
 249:.\Generated_Source\PSoC5/ISR_Co_Op_1ms.c **** * Parameters:
 250:.\Generated_Source\PSoC5/ISR_Co_Op_1ms.c **** *   priority: Priority of the interrupt, 0 being the highest priority
 251:.\Generated_Source\PSoC5/ISR_Co_Op_1ms.c **** *             PSoC 3 and PSoC 5LP: Priority is from 0 to 7.
 252:.\Generated_Source\PSoC5/ISR_Co_Op_1ms.c **** *             PSoC 4: Priority is from 0 to 3.
 253:.\Generated_Source\PSoC5/ISR_Co_Op_1ms.c **** *
 254:.\Generated_Source\PSoC5/ISR_Co_Op_1ms.c **** * Return:
 255:.\Generated_Source\PSoC5/ISR_Co_Op_1ms.c **** *   None
 256:.\Generated_Source\PSoC5/ISR_Co_Op_1ms.c **** *
 257:.\Generated_Source\PSoC5/ISR_Co_Op_1ms.c **** *******************************************************************************/
 258:.\Generated_Source\PSoC5/ISR_Co_Op_1ms.c **** void ISR_Co_Op_1ms_SetPriority(uint8 priority)
 259:.\Generated_Source\PSoC5/ISR_Co_Op_1ms.c **** {
 260:.\Generated_Source\PSoC5/ISR_Co_Op_1ms.c ****     *ISR_Co_Op_1ms_INTC_PRIOR = priority << 5;
 261:.\Generated_Source\PSoC5/ISR_Co_Op_1ms.c **** }
 262:.\Generated_Source\PSoC5/ISR_Co_Op_1ms.c **** 
 263:.\Generated_Source\PSoC5/ISR_Co_Op_1ms.c **** 
 264:.\Generated_Source\PSoC5/ISR_Co_Op_1ms.c **** /*******************************************************************************
 265:.\Generated_Source\PSoC5/ISR_Co_Op_1ms.c **** * Function Name: ISR_Co_Op_1ms_GetPriority
 266:.\Generated_Source\PSoC5/ISR_Co_Op_1ms.c **** ********************************************************************************
 267:.\Generated_Source\PSoC5/ISR_Co_Op_1ms.c **** *
 268:.\Generated_Source\PSoC5/ISR_Co_Op_1ms.c **** * Summary:
 269:.\Generated_Source\PSoC5/ISR_Co_Op_1ms.c **** *   Gets the Priority of the Interrupt.
 270:.\Generated_Source\PSoC5/ISR_Co_Op_1ms.c **** *
 271:.\Generated_Source\PSoC5/ISR_Co_Op_1ms.c **** * Parameters:
 272:.\Generated_Source\PSoC5/ISR_Co_Op_1ms.c **** *   None
 273:.\Generated_Source\PSoC5/ISR_Co_Op_1ms.c **** *
 274:.\Generated_Source\PSoC5/ISR_Co_Op_1ms.c **** * Return:
 275:.\Generated_Source\PSoC5/ISR_Co_Op_1ms.c **** *   Priority of the interrupt, 0 being the highest priority
 276:.\Generated_Source\PSoC5/ISR_Co_Op_1ms.c **** *    PSoC 3 and PSoC 5LP: Priority is from 0 to 7.
 277:.\Generated_Source\PSoC5/ISR_Co_Op_1ms.c **** *    PSoC 4: Priority is from 0 to 3.
 278:.\Generated_Source\PSoC5/ISR_Co_Op_1ms.c **** *
 279:.\Generated_Source\PSoC5/ISR_Co_Op_1ms.c **** *******************************************************************************/
 280:.\Generated_Source\PSoC5/ISR_Co_Op_1ms.c **** uint8 ISR_Co_Op_1ms_GetPriority(void)
 281:.\Generated_Source\PSoC5/ISR_Co_Op_1ms.c **** {
 282:.\Generated_Source\PSoC5/ISR_Co_Op_1ms.c ****     uint8 priority;
 283:.\Generated_Source\PSoC5/ISR_Co_Op_1ms.c **** 
 284:.\Generated_Source\PSoC5/ISR_Co_Op_1ms.c **** 
 285:.\Generated_Source\PSoC5/ISR_Co_Op_1ms.c ****     priority = *ISR_Co_Op_1ms_INTC_PRIOR >> 5;
 286:.\Generated_Source\PSoC5/ISR_Co_Op_1ms.c **** 
 287:.\Generated_Source\PSoC5/ISR_Co_Op_1ms.c ****     return priority;
 288:.\Generated_Source\PSoC5/ISR_Co_Op_1ms.c **** }
 289:.\Generated_Source\PSoC5/ISR_Co_Op_1ms.c **** 
 290:.\Generated_Source\PSoC5/ISR_Co_Op_1ms.c **** 
 291:.\Generated_Source\PSoC5/ISR_Co_Op_1ms.c **** /*******************************************************************************
ARM GAS  C:\Users\acer\AppData\Local\Temp\ccHfeNFe.s 			page 7


 292:.\Generated_Source\PSoC5/ISR_Co_Op_1ms.c **** * Function Name: ISR_Co_Op_1ms_Enable
 293:.\Generated_Source\PSoC5/ISR_Co_Op_1ms.c **** ********************************************************************************
 294:.\Generated_Source\PSoC5/ISR_Co_Op_1ms.c **** *
 295:.\Generated_Source\PSoC5/ISR_Co_Op_1ms.c **** * Summary:
 296:.\Generated_Source\PSoC5/ISR_Co_Op_1ms.c **** *   Enables the interrupt to the interrupt controller. Do not call this function
 297:.\Generated_Source\PSoC5/ISR_Co_Op_1ms.c **** *   unless ISR_Start() has been called or the functionality of the ISR_Start() 
 298:.\Generated_Source\PSoC5/ISR_Co_Op_1ms.c **** *   function, which sets the vector and the priority, has been called.
 299:.\Generated_Source\PSoC5/ISR_Co_Op_1ms.c **** *
 300:.\Generated_Source\PSoC5/ISR_Co_Op_1ms.c **** * Parameters:
 301:.\Generated_Source\PSoC5/ISR_Co_Op_1ms.c **** *   None
 302:.\Generated_Source\PSoC5/ISR_Co_Op_1ms.c **** *
 303:.\Generated_Source\PSoC5/ISR_Co_Op_1ms.c **** * Return:
 304:.\Generated_Source\PSoC5/ISR_Co_Op_1ms.c **** *   None
 305:.\Generated_Source\PSoC5/ISR_Co_Op_1ms.c **** *
 306:.\Generated_Source\PSoC5/ISR_Co_Op_1ms.c **** *******************************************************************************/
 307:.\Generated_Source\PSoC5/ISR_Co_Op_1ms.c **** void ISR_Co_Op_1ms_Enable(void)
 308:.\Generated_Source\PSoC5/ISR_Co_Op_1ms.c **** {
 309:.\Generated_Source\PSoC5/ISR_Co_Op_1ms.c ****     /* Enable the general interrupt. */
 310:.\Generated_Source\PSoC5/ISR_Co_Op_1ms.c ****     *ISR_Co_Op_1ms_INTC_SET_EN = ISR_Co_Op_1ms__INTC_MASK;
 311:.\Generated_Source\PSoC5/ISR_Co_Op_1ms.c **** }
 312:.\Generated_Source\PSoC5/ISR_Co_Op_1ms.c **** 
 313:.\Generated_Source\PSoC5/ISR_Co_Op_1ms.c **** 
 314:.\Generated_Source\PSoC5/ISR_Co_Op_1ms.c **** /*******************************************************************************
 315:.\Generated_Source\PSoC5/ISR_Co_Op_1ms.c **** * Function Name: ISR_Co_Op_1ms_GetState
 316:.\Generated_Source\PSoC5/ISR_Co_Op_1ms.c **** ********************************************************************************
 317:.\Generated_Source\PSoC5/ISR_Co_Op_1ms.c **** *
 318:.\Generated_Source\PSoC5/ISR_Co_Op_1ms.c **** * Summary:
 319:.\Generated_Source\PSoC5/ISR_Co_Op_1ms.c **** *   Gets the state (enabled, disabled) of the Interrupt.
 320:.\Generated_Source\PSoC5/ISR_Co_Op_1ms.c **** *
 321:.\Generated_Source\PSoC5/ISR_Co_Op_1ms.c **** * Parameters:
 322:.\Generated_Source\PSoC5/ISR_Co_Op_1ms.c **** *   None
 323:.\Generated_Source\PSoC5/ISR_Co_Op_1ms.c **** *
 324:.\Generated_Source\PSoC5/ISR_Co_Op_1ms.c **** * Return:
 325:.\Generated_Source\PSoC5/ISR_Co_Op_1ms.c **** *   1 if enabled, 0 if disabled.
 326:.\Generated_Source\PSoC5/ISR_Co_Op_1ms.c **** *
 327:.\Generated_Source\PSoC5/ISR_Co_Op_1ms.c **** *******************************************************************************/
 328:.\Generated_Source\PSoC5/ISR_Co_Op_1ms.c **** uint8 ISR_Co_Op_1ms_GetState(void)
 329:.\Generated_Source\PSoC5/ISR_Co_Op_1ms.c **** {
 330:.\Generated_Source\PSoC5/ISR_Co_Op_1ms.c ****     /* Get the state of the general interrupt. */
 331:.\Generated_Source\PSoC5/ISR_Co_Op_1ms.c ****     return ((*ISR_Co_Op_1ms_INTC_SET_EN & (uint32)ISR_Co_Op_1ms__INTC_MASK) != 0u) ? 1u:0u;
 332:.\Generated_Source\PSoC5/ISR_Co_Op_1ms.c **** }
 333:.\Generated_Source\PSoC5/ISR_Co_Op_1ms.c **** 
 334:.\Generated_Source\PSoC5/ISR_Co_Op_1ms.c **** 
 335:.\Generated_Source\PSoC5/ISR_Co_Op_1ms.c **** /*******************************************************************************
 336:.\Generated_Source\PSoC5/ISR_Co_Op_1ms.c **** * Function Name: ISR_Co_Op_1ms_Disable
 337:.\Generated_Source\PSoC5/ISR_Co_Op_1ms.c **** ********************************************************************************
 338:.\Generated_Source\PSoC5/ISR_Co_Op_1ms.c **** *
 339:.\Generated_Source\PSoC5/ISR_Co_Op_1ms.c **** * Summary:
 340:.\Generated_Source\PSoC5/ISR_Co_Op_1ms.c **** *   Disables the Interrupt in the interrupt controller.
 341:.\Generated_Source\PSoC5/ISR_Co_Op_1ms.c **** *
 342:.\Generated_Source\PSoC5/ISR_Co_Op_1ms.c **** * Parameters:
 343:.\Generated_Source\PSoC5/ISR_Co_Op_1ms.c **** *   None
 344:.\Generated_Source\PSoC5/ISR_Co_Op_1ms.c **** *
 345:.\Generated_Source\PSoC5/ISR_Co_Op_1ms.c **** * Return:
 346:.\Generated_Source\PSoC5/ISR_Co_Op_1ms.c **** *   None
 347:.\Generated_Source\PSoC5/ISR_Co_Op_1ms.c **** *
 348:.\Generated_Source\PSoC5/ISR_Co_Op_1ms.c **** *******************************************************************************/
ARM GAS  C:\Users\acer\AppData\Local\Temp\ccHfeNFe.s 			page 8


 349:.\Generated_Source\PSoC5/ISR_Co_Op_1ms.c **** void ISR_Co_Op_1ms_Disable(void)
 350:.\Generated_Source\PSoC5/ISR_Co_Op_1ms.c **** {
 351:.\Generated_Source\PSoC5/ISR_Co_Op_1ms.c ****     /* Disable the general interrupt. */
 352:.\Generated_Source\PSoC5/ISR_Co_Op_1ms.c ****     *ISR_Co_Op_1ms_INTC_CLR_EN = ISR_Co_Op_1ms__INTC_MASK;
  51              		.loc 1 352 0
  52 0000 084A     		ldr	r2, .L3
  53 0002 4FF40033 		mov	r3, #131072
  54 0006 1360     		str	r3, [r2]
  55              	.LVL0:
  56              	.LBE23:
  57              	.LBE22:
  58              	.LBB24:
  59              	.LBB25:
 204:.\Generated_Source\PSoC5/ISR_Co_Op_1ms.c **** 
  60              		.loc 1 204 0
  61 0008 02F68832 		addw	r2, r2, #2952
  62 000c 1268     		ldr	r2, [r2]
  63              	.LVL1:
 206:.\Generated_Source\PSoC5/ISR_Co_Op_1ms.c **** }
  64              		.loc 1 206 0
  65 000e 0649     		ldr	r1, .L3+4
  66 0010 C2F88410 		str	r1, [r2, #132]
  67              	.LVL2:
  68              	.LBE25:
  69              	.LBE24:
  70              	.LBB26:
  71              	.LBB27:
 260:.\Generated_Source\PSoC5/ISR_Co_Op_1ms.c **** }
  72              		.loc 1 260 0
  73 0014 054A     		ldr	r2, .L3+8
  74              	.LVL3:
  75 0016 E021     		movs	r1, #224
  76 0018 1170     		strb	r1, [r2]
  77              	.LBE27:
  78              	.LBE26:
  79              	.LBB28:
  80              	.LBB29:
 310:.\Generated_Source\PSoC5/ISR_Co_Op_1ms.c **** }
  81              		.loc 1 310 0
  82 001a 6FF44471 		mvn	r1, #784
  83 001e 0A44     		add	r2, r2, r1
  84 0020 1360     		str	r3, [r2]
  85 0022 7047     		bx	lr
  86              	.L4:
  87              		.align	2
  88              	.L3:
  89 0024 80E100E0 		.word	-536813184
  90 0028 00000000 		.word	ISR_Co_Op_1ms_Interrupt
  91 002c 11E400E0 		.word	-536812527
  92              	.LBE29:
  93              	.LBE28:
  94              		.cfi_endproc
  95              	.LFE0:
  96              		.size	ISR_Co_Op_1ms_Start, .-ISR_Co_Op_1ms_Start
  97              		.section	.text.ISR_Co_Op_1ms_StartEx,"ax",%progbits
  98              		.align	1
  99              		.global	ISR_Co_Op_1ms_StartEx
ARM GAS  C:\Users\acer\AppData\Local\Temp\ccHfeNFe.s 			page 9


 100              		.thumb
 101              		.thumb_func
 102              		.type	ISR_Co_Op_1ms_StartEx, %function
 103              	ISR_Co_Op_1ms_StartEx:
 104              	.LFB1:
 105:.\Generated_Source\PSoC5/ISR_Co_Op_1ms.c ****     /* For all we know the interrupt is active. */
 105              		.loc 1 105 0
 106              		.cfi_startproc
 107              		@ args = 0, pretend = 0, frame = 0
 108              		@ frame_needed = 0, uses_anonymous_args = 0
 109              		@ link register save eliminated.
 110              	.LVL4:
 111              	.LBB30:
 112              	.LBB31:
 113              		.loc 1 352 0
 114 0000 084A     		ldr	r2, .L6
 115 0002 4FF40033 		mov	r3, #131072
 116 0006 1360     		str	r3, [r2]
 117              	.LVL5:
 118              	.LBE31:
 119              	.LBE30:
 120              	.LBB32:
 121              	.LBB33:
 204:.\Generated_Source\PSoC5/ISR_Co_Op_1ms.c **** 
 122              		.loc 1 204 0
 123 0008 02F68832 		addw	r2, r2, #2952
 124 000c 1268     		ldr	r2, [r2]
 125              	.LVL6:
 126              	.LBE33:
 127              	.LBE32:
 128              	.LBB35:
 129              	.LBB36:
 260:.\Generated_Source\PSoC5/ISR_Co_Op_1ms.c **** }
 130              		.loc 1 260 0
 131 000e E021     		movs	r1, #224
 132              	.LBE36:
 133              	.LBE35:
 134              	.LBB38:
 135              	.LBB34:
 206:.\Generated_Source\PSoC5/ISR_Co_Op_1ms.c **** }
 136              		.loc 1 206 0
 137 0010 C2F88400 		str	r0, [r2, #132]
 138              	.LVL7:
 139              	.LBE34:
 140              	.LBE38:
 141              	.LBB39:
 142              	.LBB37:
 260:.\Generated_Source\PSoC5/ISR_Co_Op_1ms.c **** }
 143              		.loc 1 260 0
 144 0014 044A     		ldr	r2, .L6+4
 145              	.LVL8:
 146 0016 1170     		strb	r1, [r2]
 147              	.LBE37:
 148              	.LBE39:
 149              	.LBB40:
 150              	.LBB41:
 310:.\Generated_Source\PSoC5/ISR_Co_Op_1ms.c **** }
ARM GAS  C:\Users\acer\AppData\Local\Temp\ccHfeNFe.s 			page 10


 151              		.loc 1 310 0
 152 0018 6FF44471 		mvn	r1, #784
 153 001c 0A44     		add	r2, r2, r1
 154 001e 1360     		str	r3, [r2]
 155 0020 7047     		bx	lr
 156              	.L7:
 157 0022 00BF     		.align	2
 158              	.L6:
 159 0024 80E100E0 		.word	-536813184
 160 0028 11E400E0 		.word	-536812527
 161              	.LBE41:
 162              	.LBE40:
 163              		.cfi_endproc
 164              	.LFE1:
 165              		.size	ISR_Co_Op_1ms_StartEx, .-ISR_Co_Op_1ms_StartEx
 166              		.section	.text.ISR_Co_Op_1ms_Stop,"ax",%progbits
 167              		.align	1
 168              		.global	ISR_Co_Op_1ms_Stop
 169              		.thumb
 170              		.thumb_func
 171              		.type	ISR_Co_Op_1ms_Stop, %function
 172              	ISR_Co_Op_1ms_Stop:
 173              	.LFB2:
 135:.\Generated_Source\PSoC5/ISR_Co_Op_1ms.c ****     /* Disable this interrupt. */
 174              		.loc 1 135 0
 175              		.cfi_startproc
 176              		@ args = 0, pretend = 0, frame = 0
 177              		@ frame_needed = 0, uses_anonymous_args = 0
 178              		@ link register save eliminated.
 179              	.LBB42:
 180              	.LBB43:
 181              		.loc 1 352 0
 182 0000 054B     		ldr	r3, .L9
 183 0002 4FF40032 		mov	r2, #131072
 184 0006 1A60     		str	r2, [r3]
 185              	.LVL9:
 186              	.LBE43:
 187              	.LBE42:
 188              	.LBB44:
 189              	.LBB45:
 204:.\Generated_Source\PSoC5/ISR_Co_Op_1ms.c **** 
 190              		.loc 1 204 0
 191 0008 03F68833 		addw	r3, r3, #2952
 192 000c 1B68     		ldr	r3, [r3]
 193              	.LVL10:
 206:.\Generated_Source\PSoC5/ISR_Co_Op_1ms.c **** }
 194              		.loc 1 206 0
 195 000e 034A     		ldr	r2, .L9+4
 196 0010 C3F88420 		str	r2, [r3, #132]
 197 0014 7047     		bx	lr
 198              	.L10:
 199 0016 00BF     		.align	2
 200              	.L9:
 201 0018 80E100E0 		.word	-536813184
 202 001c 00000000 		.word	IntDefaultHandler
 203              	.LBE45:
 204              	.LBE44:
ARM GAS  C:\Users\acer\AppData\Local\Temp\ccHfeNFe.s 			page 11


 205              		.cfi_endproc
 206              	.LFE2:
 207              		.size	ISR_Co_Op_1ms_Stop, .-ISR_Co_Op_1ms_Stop
 208              		.section	.text.ISR_Co_Op_1ms_SetVector,"ax",%progbits
 209              		.align	1
 210              		.global	ISR_Co_Op_1ms_SetVector
 211              		.thumb
 212              		.thumb_func
 213              		.type	ISR_Co_Op_1ms_SetVector, %function
 214              	ISR_Co_Op_1ms_SetVector:
 215              	.LFB4:
 201:.\Generated_Source\PSoC5/ISR_Co_Op_1ms.c ****     cyisraddress * ramVectorTable;
 216              		.loc 1 201 0
 217              		.cfi_startproc
 218              		@ args = 0, pretend = 0, frame = 0
 219              		@ frame_needed = 0, uses_anonymous_args = 0
 220              		@ link register save eliminated.
 221              	.LVL11:
 204:.\Generated_Source\PSoC5/ISR_Co_Op_1ms.c **** 
 222              		.loc 1 204 0
 223 0000 024B     		ldr	r3, .L12
 224 0002 1B68     		ldr	r3, [r3]
 225              	.LVL12:
 206:.\Generated_Source\PSoC5/ISR_Co_Op_1ms.c **** }
 226              		.loc 1 206 0
 227 0004 C3F88400 		str	r0, [r3, #132]
 228 0008 7047     		bx	lr
 229              	.L13:
 230 000a 00BF     		.align	2
 231              	.L12:
 232 000c 08ED00E0 		.word	-536810232
 233              		.cfi_endproc
 234              	.LFE4:
 235              		.size	ISR_Co_Op_1ms_SetVector, .-ISR_Co_Op_1ms_SetVector
 236              		.section	.text.ISR_Co_Op_1ms_GetVector,"ax",%progbits
 237              		.align	1
 238              		.global	ISR_Co_Op_1ms_GetVector
 239              		.thumb
 240              		.thumb_func
 241              		.type	ISR_Co_Op_1ms_GetVector, %function
 242              	ISR_Co_Op_1ms_GetVector:
 243              	.LFB5:
 225:.\Generated_Source\PSoC5/ISR_Co_Op_1ms.c ****     cyisraddress * ramVectorTable;
 244              		.loc 1 225 0
 245              		.cfi_startproc
 246              		@ args = 0, pretend = 0, frame = 0
 247              		@ frame_needed = 0, uses_anonymous_args = 0
 248              		@ link register save eliminated.
 249              	.LVL13:
 228:.\Generated_Source\PSoC5/ISR_Co_Op_1ms.c **** 
 250              		.loc 1 228 0
 251 0000 024B     		ldr	r3, .L15
 252              	.LVL14:
 230:.\Generated_Source\PSoC5/ISR_Co_Op_1ms.c **** }
 253              		.loc 1 230 0
 254 0002 1B68     		ldr	r3, [r3]
 255              	.LVL15:
ARM GAS  C:\Users\acer\AppData\Local\Temp\ccHfeNFe.s 			page 12


 231:.\Generated_Source\PSoC5/ISR_Co_Op_1ms.c **** 
 256              		.loc 1 231 0
 257 0004 D3F88400 		ldr	r0, [r3, #132]
 258 0008 7047     		bx	lr
 259              	.L16:
 260 000a 00BF     		.align	2
 261              	.L15:
 262 000c 08ED00E0 		.word	-536810232
 263              		.cfi_endproc
 264              	.LFE5:
 265              		.size	ISR_Co_Op_1ms_GetVector, .-ISR_Co_Op_1ms_GetVector
 266              		.section	.text.ISR_Co_Op_1ms_SetPriority,"ax",%progbits
 267              		.align	1
 268              		.global	ISR_Co_Op_1ms_SetPriority
 269              		.thumb
 270              		.thumb_func
 271              		.type	ISR_Co_Op_1ms_SetPriority, %function
 272              	ISR_Co_Op_1ms_SetPriority:
 273              	.LFB6:
 259:.\Generated_Source\PSoC5/ISR_Co_Op_1ms.c ****     *ISR_Co_Op_1ms_INTC_PRIOR = priority << 5;
 274              		.loc 1 259 0
 275              		.cfi_startproc
 276              		@ args = 0, pretend = 0, frame = 0
 277              		@ frame_needed = 0, uses_anonymous_args = 0
 278              		@ link register save eliminated.
 279              	.LVL16:
 260:.\Generated_Source\PSoC5/ISR_Co_Op_1ms.c **** }
 280              		.loc 1 260 0
 281 0000 4001     		lsls	r0, r0, #5
 282              	.LVL17:
 283 0002 024B     		ldr	r3, .L18
 284 0004 C0B2     		uxtb	r0, r0
 285 0006 1870     		strb	r0, [r3]
 286 0008 7047     		bx	lr
 287              	.L19:
 288 000a 00BF     		.align	2
 289              	.L18:
 290 000c 11E400E0 		.word	-536812527
 291              		.cfi_endproc
 292              	.LFE6:
 293              		.size	ISR_Co_Op_1ms_SetPriority, .-ISR_Co_Op_1ms_SetPriority
 294              		.section	.text.ISR_Co_Op_1ms_GetPriority,"ax",%progbits
 295              		.align	1
 296              		.global	ISR_Co_Op_1ms_GetPriority
 297              		.thumb
 298              		.thumb_func
 299              		.type	ISR_Co_Op_1ms_GetPriority, %function
 300              	ISR_Co_Op_1ms_GetPriority:
 301              	.LFB7:
 281:.\Generated_Source\PSoC5/ISR_Co_Op_1ms.c ****     uint8 priority;
 302              		.loc 1 281 0
 303              		.cfi_startproc
 304              		@ args = 0, pretend = 0, frame = 0
 305              		@ frame_needed = 0, uses_anonymous_args = 0
 306              		@ link register save eliminated.
 285:.\Generated_Source\PSoC5/ISR_Co_Op_1ms.c **** 
 307              		.loc 1 285 0
ARM GAS  C:\Users\acer\AppData\Local\Temp\ccHfeNFe.s 			page 13


 308 0000 014B     		ldr	r3, .L21
 309 0002 1878     		ldrb	r0, [r3]	@ zero_extendqisi2
 310              	.LVL18:
 288:.\Generated_Source\PSoC5/ISR_Co_Op_1ms.c **** 
 311              		.loc 1 288 0
 312 0004 4009     		lsrs	r0, r0, #5
 313              	.LVL19:
 314 0006 7047     		bx	lr
 315              	.L22:
 316              		.align	2
 317              	.L21:
 318 0008 11E400E0 		.word	-536812527
 319              		.cfi_endproc
 320              	.LFE7:
 321              		.size	ISR_Co_Op_1ms_GetPriority, .-ISR_Co_Op_1ms_GetPriority
 322              		.section	.text.ISR_Co_Op_1ms_Enable,"ax",%progbits
 323              		.align	1
 324              		.global	ISR_Co_Op_1ms_Enable
 325              		.thumb
 326              		.thumb_func
 327              		.type	ISR_Co_Op_1ms_Enable, %function
 328              	ISR_Co_Op_1ms_Enable:
 329              	.LFB8:
 308:.\Generated_Source\PSoC5/ISR_Co_Op_1ms.c ****     /* Enable the general interrupt. */
 330              		.loc 1 308 0
 331              		.cfi_startproc
 332              		@ args = 0, pretend = 0, frame = 0
 333              		@ frame_needed = 0, uses_anonymous_args = 0
 334              		@ link register save eliminated.
 310:.\Generated_Source\PSoC5/ISR_Co_Op_1ms.c **** }
 335              		.loc 1 310 0
 336 0000 024B     		ldr	r3, .L24
 337 0002 4FF40032 		mov	r2, #131072
 338 0006 1A60     		str	r2, [r3]
 339 0008 7047     		bx	lr
 340              	.L25:
 341 000a 00BF     		.align	2
 342              	.L24:
 343 000c 00E100E0 		.word	-536813312
 344              		.cfi_endproc
 345              	.LFE8:
 346              		.size	ISR_Co_Op_1ms_Enable, .-ISR_Co_Op_1ms_Enable
 347              		.section	.text.ISR_Co_Op_1ms_GetState,"ax",%progbits
 348              		.align	1
 349              		.global	ISR_Co_Op_1ms_GetState
 350              		.thumb
 351              		.thumb_func
 352              		.type	ISR_Co_Op_1ms_GetState, %function
 353              	ISR_Co_Op_1ms_GetState:
 354              	.LFB9:
 329:.\Generated_Source\PSoC5/ISR_Co_Op_1ms.c ****     /* Get the state of the general interrupt. */
 355              		.loc 1 329 0
 356              		.cfi_startproc
 357              		@ args = 0, pretend = 0, frame = 0
 358              		@ frame_needed = 0, uses_anonymous_args = 0
 359              		@ link register save eliminated.
 331:.\Generated_Source\PSoC5/ISR_Co_Op_1ms.c **** }
ARM GAS  C:\Users\acer\AppData\Local\Temp\ccHfeNFe.s 			page 14


 360              		.loc 1 331 0
 361 0000 024B     		ldr	r3, .L27
 362 0002 1868     		ldr	r0, [r3]
 332:.\Generated_Source\PSoC5/ISR_Co_Op_1ms.c **** 
 363              		.loc 1 332 0
 364 0004 C0F34040 		ubfx	r0, r0, #17, #1
 365 0008 7047     		bx	lr
 366              	.L28:
 367 000a 00BF     		.align	2
 368              	.L27:
 369 000c 00E100E0 		.word	-536813312
 370              		.cfi_endproc
 371              	.LFE9:
 372              		.size	ISR_Co_Op_1ms_GetState, .-ISR_Co_Op_1ms_GetState
 373              		.section	.text.ISR_Co_Op_1ms_Disable,"ax",%progbits
 374              		.align	1
 375              		.global	ISR_Co_Op_1ms_Disable
 376              		.thumb
 377              		.thumb_func
 378              		.type	ISR_Co_Op_1ms_Disable, %function
 379              	ISR_Co_Op_1ms_Disable:
 380              	.LFB10:
 350:.\Generated_Source\PSoC5/ISR_Co_Op_1ms.c ****     /* Disable the general interrupt. */
 381              		.loc 1 350 0
 382              		.cfi_startproc
 383              		@ args = 0, pretend = 0, frame = 0
 384              		@ frame_needed = 0, uses_anonymous_args = 0
 385              		@ link register save eliminated.
 386              		.loc 1 352 0
 387 0000 024B     		ldr	r3, .L30
 388 0002 4FF40032 		mov	r2, #131072
 389 0006 1A60     		str	r2, [r3]
 390 0008 7047     		bx	lr
 391              	.L31:
 392 000a 00BF     		.align	2
 393              	.L30:
 394 000c 80E100E0 		.word	-536813184
 395              		.cfi_endproc
 396              	.LFE10:
 397              		.size	ISR_Co_Op_1ms_Disable, .-ISR_Co_Op_1ms_Disable
 398              		.section	.text.ISR_Co_Op_1ms_SetPending,"ax",%progbits
 399              		.align	1
 400              		.global	ISR_Co_Op_1ms_SetPending
 401              		.thumb
 402              		.thumb_func
 403              		.type	ISR_Co_Op_1ms_SetPending, %function
 404              	ISR_Co_Op_1ms_SetPending:
 405              	.LFB11:
 353:.\Generated_Source\PSoC5/ISR_Co_Op_1ms.c **** }
 354:.\Generated_Source\PSoC5/ISR_Co_Op_1ms.c **** 
 355:.\Generated_Source\PSoC5/ISR_Co_Op_1ms.c **** 
 356:.\Generated_Source\PSoC5/ISR_Co_Op_1ms.c **** /*******************************************************************************
 357:.\Generated_Source\PSoC5/ISR_Co_Op_1ms.c **** * Function Name: ISR_Co_Op_1ms_SetPending
 358:.\Generated_Source\PSoC5/ISR_Co_Op_1ms.c **** ********************************************************************************
 359:.\Generated_Source\PSoC5/ISR_Co_Op_1ms.c **** *
 360:.\Generated_Source\PSoC5/ISR_Co_Op_1ms.c **** * Summary:
 361:.\Generated_Source\PSoC5/ISR_Co_Op_1ms.c **** *   Causes the Interrupt to enter the pending state, a software method of
ARM GAS  C:\Users\acer\AppData\Local\Temp\ccHfeNFe.s 			page 15


 362:.\Generated_Source\PSoC5/ISR_Co_Op_1ms.c **** *   generating the interrupt.
 363:.\Generated_Source\PSoC5/ISR_Co_Op_1ms.c **** *
 364:.\Generated_Source\PSoC5/ISR_Co_Op_1ms.c **** * Parameters:
 365:.\Generated_Source\PSoC5/ISR_Co_Op_1ms.c **** *   None
 366:.\Generated_Source\PSoC5/ISR_Co_Op_1ms.c **** *
 367:.\Generated_Source\PSoC5/ISR_Co_Op_1ms.c **** * Return:
 368:.\Generated_Source\PSoC5/ISR_Co_Op_1ms.c **** *   None
 369:.\Generated_Source\PSoC5/ISR_Co_Op_1ms.c **** *
 370:.\Generated_Source\PSoC5/ISR_Co_Op_1ms.c **** * Side Effects:
 371:.\Generated_Source\PSoC5/ISR_Co_Op_1ms.c **** *   If interrupts are enabled and the interrupt is set up properly, the ISR is
 372:.\Generated_Source\PSoC5/ISR_Co_Op_1ms.c **** *   entered (depending on the priority of this interrupt and other pending 
 373:.\Generated_Source\PSoC5/ISR_Co_Op_1ms.c **** *   interrupts).
 374:.\Generated_Source\PSoC5/ISR_Co_Op_1ms.c **** *
 375:.\Generated_Source\PSoC5/ISR_Co_Op_1ms.c **** *******************************************************************************/
 376:.\Generated_Source\PSoC5/ISR_Co_Op_1ms.c **** void ISR_Co_Op_1ms_SetPending(void)
 377:.\Generated_Source\PSoC5/ISR_Co_Op_1ms.c **** {
 406              		.loc 1 377 0
 407              		.cfi_startproc
 408              		@ args = 0, pretend = 0, frame = 0
 409              		@ frame_needed = 0, uses_anonymous_args = 0
 410              		@ link register save eliminated.
 378:.\Generated_Source\PSoC5/ISR_Co_Op_1ms.c ****     *ISR_Co_Op_1ms_INTC_SET_PD = ISR_Co_Op_1ms__INTC_MASK;
 411              		.loc 1 378 0
 412 0000 024B     		ldr	r3, .L33
 413 0002 4FF40032 		mov	r2, #131072
 414 0006 1A60     		str	r2, [r3]
 415 0008 7047     		bx	lr
 416              	.L34:
 417 000a 00BF     		.align	2
 418              	.L33:
 419 000c 00E200E0 		.word	-536813056
 420              		.cfi_endproc
 421              	.LFE11:
 422              		.size	ISR_Co_Op_1ms_SetPending, .-ISR_Co_Op_1ms_SetPending
 423              		.section	.text.ISR_Co_Op_1ms_ClearPending,"ax",%progbits
 424              		.align	1
 425              		.global	ISR_Co_Op_1ms_ClearPending
 426              		.thumb
 427              		.thumb_func
 428              		.type	ISR_Co_Op_1ms_ClearPending, %function
 429              	ISR_Co_Op_1ms_ClearPending:
 430              	.LFB12:
 379:.\Generated_Source\PSoC5/ISR_Co_Op_1ms.c **** }
 380:.\Generated_Source\PSoC5/ISR_Co_Op_1ms.c **** 
 381:.\Generated_Source\PSoC5/ISR_Co_Op_1ms.c **** 
 382:.\Generated_Source\PSoC5/ISR_Co_Op_1ms.c **** /*******************************************************************************
 383:.\Generated_Source\PSoC5/ISR_Co_Op_1ms.c **** * Function Name: ISR_Co_Op_1ms_ClearPending
 384:.\Generated_Source\PSoC5/ISR_Co_Op_1ms.c **** ********************************************************************************
 385:.\Generated_Source\PSoC5/ISR_Co_Op_1ms.c **** *
 386:.\Generated_Source\PSoC5/ISR_Co_Op_1ms.c **** * Summary:
 387:.\Generated_Source\PSoC5/ISR_Co_Op_1ms.c **** *   Clears a pending interrupt in the interrupt controller.
 388:.\Generated_Source\PSoC5/ISR_Co_Op_1ms.c **** *
 389:.\Generated_Source\PSoC5/ISR_Co_Op_1ms.c **** *   Note Some interrupt sources are clear-on-read and require the block 
 390:.\Generated_Source\PSoC5/ISR_Co_Op_1ms.c **** *   interrupt/status register to be read/cleared with the appropriate block API 
 391:.\Generated_Source\PSoC5/ISR_Co_Op_1ms.c **** *   (GPIO, UART, and so on). Otherwise the ISR will continue to remain in 
 392:.\Generated_Source\PSoC5/ISR_Co_Op_1ms.c **** *   pending state even though the interrupt itself is cleared using this API.
 393:.\Generated_Source\PSoC5/ISR_Co_Op_1ms.c **** *
ARM GAS  C:\Users\acer\AppData\Local\Temp\ccHfeNFe.s 			page 16


 394:.\Generated_Source\PSoC5/ISR_Co_Op_1ms.c **** * Parameters:
 395:.\Generated_Source\PSoC5/ISR_Co_Op_1ms.c **** *   None
 396:.\Generated_Source\PSoC5/ISR_Co_Op_1ms.c **** *
 397:.\Generated_Source\PSoC5/ISR_Co_Op_1ms.c **** * Return:
 398:.\Generated_Source\PSoC5/ISR_Co_Op_1ms.c **** *   None
 399:.\Generated_Source\PSoC5/ISR_Co_Op_1ms.c **** *
 400:.\Generated_Source\PSoC5/ISR_Co_Op_1ms.c **** *******************************************************************************/
 401:.\Generated_Source\PSoC5/ISR_Co_Op_1ms.c **** void ISR_Co_Op_1ms_ClearPending(void)
 402:.\Generated_Source\PSoC5/ISR_Co_Op_1ms.c **** {
 431              		.loc 1 402 0
 432              		.cfi_startproc
 433              		@ args = 0, pretend = 0, frame = 0
 434              		@ frame_needed = 0, uses_anonymous_args = 0
 435              		@ link register save eliminated.
 403:.\Generated_Source\PSoC5/ISR_Co_Op_1ms.c ****     *ISR_Co_Op_1ms_INTC_CLR_PD = ISR_Co_Op_1ms__INTC_MASK;
 436              		.loc 1 403 0
 437 0000 024B     		ldr	r3, .L36
 438 0002 4FF40032 		mov	r2, #131072
 439 0006 1A60     		str	r2, [r3]
 440 0008 7047     		bx	lr
 441              	.L37:
 442 000a 00BF     		.align	2
 443              	.L36:
 444 000c 80E200E0 		.word	-536812928
 445              		.cfi_endproc
 446              	.LFE12:
 447              		.size	ISR_Co_Op_1ms_ClearPending, .-ISR_Co_Op_1ms_ClearPending
 448              		.text
 449              	.Letext0:
 450              		.file 2 "Generated_Source\\PSoC5/cytypes.h"
 451              		.section	.debug_info,"",%progbits
 452              	.Ldebug_info0:
 453 0000 71030000 		.4byte	0x371
 454 0004 0400     		.2byte	0x4
 455 0006 00000000 		.4byte	.Ldebug_abbrev0
 456 000a 04       		.byte	0x4
 457 000b 01       		.uleb128 0x1
 458 000c 56020000 		.4byte	.LASF33
 459 0010 01       		.byte	0x1
 460 0011 77010000 		.4byte	.LASF34
 461 0015 0C010000 		.4byte	.LASF35
 462 0019 30000000 		.4byte	.Ldebug_ranges0+0x30
 463 001d 00000000 		.4byte	0
 464 0021 00000000 		.4byte	.Ldebug_line0
 465 0025 02       		.uleb128 0x2
 466 0026 04       		.byte	0x4
 467 0027 05       		.byte	0x5
 468 0028 696E7400 		.ascii	"int\000"
 469 002c 03       		.uleb128 0x3
 470 002d 04       		.byte	0x4
 471 002e 07       		.byte	0x7
 472 002f A0010000 		.4byte	.LASF0
 473 0033 03       		.uleb128 0x3
 474 0034 01       		.byte	0x1
 475 0035 06       		.byte	0x6
 476 0036 ED020000 		.4byte	.LASF1
 477 003a 03       		.uleb128 0x3
ARM GAS  C:\Users\acer\AppData\Local\Temp\ccHfeNFe.s 			page 17


 478 003b 01       		.byte	0x1
 479 003c 08       		.byte	0x8
 480 003d 96000000 		.4byte	.LASF2
 481 0041 03       		.uleb128 0x3
 482 0042 02       		.byte	0x2
 483 0043 05       		.byte	0x5
 484 0044 4C020000 		.4byte	.LASF3
 485 0048 03       		.uleb128 0x3
 486 0049 02       		.byte	0x2
 487 004a 07       		.byte	0x7
 488 004b F9020000 		.4byte	.LASF4
 489 004f 03       		.uleb128 0x3
 490 0050 04       		.byte	0x4
 491 0051 05       		.byte	0x5
 492 0052 E4020000 		.4byte	.LASF5
 493 0056 03       		.uleb128 0x3
 494 0057 04       		.byte	0x4
 495 0058 07       		.byte	0x7
 496 0059 D6000000 		.4byte	.LASF6
 497 005d 03       		.uleb128 0x3
 498 005e 08       		.byte	0x8
 499 005f 05       		.byte	0x5
 500 0060 2A020000 		.4byte	.LASF7
 501 0064 03       		.uleb128 0x3
 502 0065 08       		.byte	0x8
 503 0066 07       		.byte	0x7
 504 0067 B5010000 		.4byte	.LASF8
 505 006b 03       		.uleb128 0x3
 506 006c 04       		.byte	0x4
 507 006d 07       		.byte	0x7
 508 006e 0B020000 		.4byte	.LASF9
 509 0072 04       		.uleb128 0x4
 510 0073 04       		.byte	0x4
 511 0074 78000000 		.4byte	0x78
 512 0078 05       		.uleb128 0x5
 513 0079 03       		.uleb128 0x3
 514 007a 01       		.byte	0x1
 515 007b 08       		.byte	0x8
 516 007c 38020000 		.4byte	.LASF10
 517 0080 06       		.uleb128 0x6
 518 0081 FD000000 		.4byte	.LASF11
 519 0085 02       		.byte	0x2
 520 0086 A1       		.byte	0xa1
 521 0087 3A000000 		.4byte	0x3a
 522 008b 06       		.uleb128 0x6
 523 008c 70010000 		.4byte	.LASF12
 524 0090 02       		.byte	0x2
 525 0091 A3       		.byte	0xa3
 526 0092 56000000 		.4byte	0x56
 527 0096 03       		.uleb128 0x3
 528 0097 04       		.byte	0x4
 529 0098 04       		.byte	0x4
 530 0099 78000000 		.4byte	.LASF13
 531 009d 03       		.uleb128 0x3
 532 009e 08       		.byte	0x8
 533 009f 04       		.byte	0x4
 534 00a0 4E010000 		.4byte	.LASF14
ARM GAS  C:\Users\acer\AppData\Local\Temp\ccHfeNFe.s 			page 18


 535 00a4 07       		.uleb128 0x7
 536 00a5 06020000 		.4byte	.LASF15
 537 00a9 02       		.byte	0x2
 538 00aa 4B01     		.2byte	0x14b
 539 00ac B0000000 		.4byte	0xb0
 540 00b0 08       		.uleb128 0x8
 541 00b1 80000000 		.4byte	0x80
 542 00b5 07       		.uleb128 0x7
 543 00b6 00000000 		.4byte	.LASF16
 544 00ba 02       		.byte	0x2
 545 00bb 4D01     		.2byte	0x14d
 546 00bd C1000000 		.4byte	0xc1
 547 00c1 08       		.uleb128 0x8
 548 00c2 8B000000 		.4byte	0x8b
 549 00c6 07       		.uleb128 0x7
 550 00c7 F9010000 		.4byte	.LASF17
 551 00cb 02       		.byte	0x2
 552 00cc 5D01     		.2byte	0x15d
 553 00ce 72000000 		.4byte	0x72
 554 00d2 09       		.uleb128 0x9
 555 00d3 14020000 		.4byte	.LASF22
 556 00d7 01       		.byte	0x1
 557 00d8 5D01     		.2byte	0x15d
 558 00da 01       		.byte	0x1
 559 00db 0A       		.uleb128 0xa
 560 00dc 1F000000 		.4byte	.LASF18
 561 00e0 01       		.byte	0x1
 562 00e1 C8       		.byte	0xc8
 563 00e2 01       		.byte	0x1
 564 00e3 FE000000 		.4byte	0xfe
 565 00e7 0B       		.uleb128 0xb
 566 00e8 AD010000 		.4byte	.LASF20
 567 00ec 01       		.byte	0x1
 568 00ed C8       		.byte	0xc8
 569 00ee C6000000 		.4byte	0xc6
 570 00f2 0C       		.uleb128 0xc
 571 00f3 3D020000 		.4byte	.LASF29
 572 00f7 01       		.byte	0x1
 573 00f8 CA       		.byte	0xca
 574 00f9 FE000000 		.4byte	0xfe
 575 00fd 00       		.byte	0
 576 00fe 04       		.uleb128 0x4
 577 00ff 04       		.byte	0x4
 578 0100 C6000000 		.4byte	0xc6
 579 0104 0D       		.uleb128 0xd
 580 0105 CC010000 		.4byte	.LASF19
 581 0109 01       		.byte	0x1
 582 010a 0201     		.2byte	0x102
 583 010c 01       		.byte	0x1
 584 010d 1E010000 		.4byte	0x11e
 585 0111 0E       		.uleb128 0xe
 586 0112 03010000 		.4byte	.LASF21
 587 0116 01       		.byte	0x1
 588 0117 0201     		.2byte	0x102
 589 0119 80000000 		.4byte	0x80
 590 011d 00       		.byte	0
 591 011e 09       		.uleb128 0x9
ARM GAS  C:\Users\acer\AppData\Local\Temp\ccHfeNFe.s 			page 19


 592 011f E8000000 		.4byte	.LASF23
 593 0123 01       		.byte	0x1
 594 0124 3301     		.2byte	0x133
 595 0126 01       		.byte	0x1
 596 0127 0F       		.uleb128 0xf
 597 0128 A4000000 		.4byte	.LASF30
 598 012c 01       		.byte	0x1
 599 012d A0       		.byte	0xa0
 600 012e 00000000 		.4byte	.LFB3
 601 0132 02000000 		.4byte	.LFE3-.LFB3
 602 0136 01       		.uleb128 0x1
 603 0137 9C       		.byte	0x9c
 604 0138 10       		.uleb128 0x10
 605 0139 4D000000 		.4byte	.LASF24
 606 013d 01       		.byte	0x1
 607 013e 3D       		.byte	0x3d
 608 013f 00000000 		.4byte	.LFB0
 609 0143 30000000 		.4byte	.LFE0-.LFB0
 610 0147 01       		.uleb128 0x1
 611 0148 9C       		.byte	0x9c
 612 0149 B9010000 		.4byte	0x1b9
 613 014d 11       		.uleb128 0x11
 614 014e D2000000 		.4byte	0xd2
 615 0152 00000000 		.4byte	.LBB22
 616 0156 08000000 		.4byte	.LBE22-.LBB22
 617 015a 01       		.byte	0x1
 618 015b 40       		.byte	0x40
 619 015c 12       		.uleb128 0x12
 620 015d DB000000 		.4byte	0xdb
 621 0161 08000000 		.4byte	.LBB24
 622 0165 0C000000 		.4byte	.LBE24-.LBB24
 623 0169 01       		.byte	0x1
 624 016a 43       		.byte	0x43
 625 016b 8F010000 		.4byte	0x18f
 626 016f 13       		.uleb128 0x13
 627 0170 E7000000 		.4byte	0xe7
 628 0174 06       		.uleb128 0x6
 629 0175 03       		.byte	0x3
 630 0176 00000000 		.4byte	ISR_Co_Op_1ms_Interrupt
 631 017a 9F       		.byte	0x9f
 632 017b 14       		.uleb128 0x14
 633 017c 08000000 		.4byte	.LBB25
 634 0180 0C000000 		.4byte	.LBE25-.LBB25
 635 0184 15       		.uleb128 0x15
 636 0185 F2000000 		.4byte	0xf2
 637 0189 00000000 		.4byte	.LLST0
 638 018d 00       		.byte	0
 639 018e 00       		.byte	0
 640 018f 12       		.uleb128 0x12
 641 0190 04010000 		.4byte	0x104
 642 0194 14000000 		.4byte	.LBB26
 643 0198 06000000 		.4byte	.LBE26-.LBB26
 644 019c 01       		.byte	0x1
 645 019d 46       		.byte	0x46
 646 019e A9010000 		.4byte	0x1a9
 647 01a2 16       		.uleb128 0x16
 648 01a3 11010000 		.4byte	0x111
ARM GAS  C:\Users\acer\AppData\Local\Temp\ccHfeNFe.s 			page 20


 649 01a7 07       		.byte	0x7
 650 01a8 00       		.byte	0
 651 01a9 11       		.uleb128 0x11
 652 01aa 1E010000 		.4byte	0x11e
 653 01ae 1A000000 		.4byte	.LBB28
 654 01b2 16000000 		.4byte	.LBE28-.LBB28
 655 01b6 01       		.byte	0x1
 656 01b7 49       		.byte	0x49
 657 01b8 00       		.byte	0
 658 01b9 10       		.uleb128 0x10
 659 01ba 37000000 		.4byte	.LASF25
 660 01be 01       		.byte	0x1
 661 01bf 68       		.byte	0x68
 662 01c0 00000000 		.4byte	.LFB1
 663 01c4 2C000000 		.4byte	.LFE1-.LFB1
 664 01c8 01       		.uleb128 0x1
 665 01c9 9C       		.byte	0x9c
 666 01ca 3E020000 		.4byte	0x23e
 667 01ce 17       		.uleb128 0x17
 668 01cf AD010000 		.4byte	.LASF20
 669 01d3 01       		.byte	0x1
 670 01d4 68       		.byte	0x68
 671 01d5 C6000000 		.4byte	0xc6
 672 01d9 01       		.uleb128 0x1
 673 01da 50       		.byte	0x50
 674 01db 11       		.uleb128 0x11
 675 01dc D2000000 		.4byte	0xd2
 676 01e0 00000000 		.4byte	.LBB30
 677 01e4 08000000 		.4byte	.LBE30-.LBB30
 678 01e8 01       		.byte	0x1
 679 01e9 6B       		.byte	0x6b
 680 01ea 18       		.uleb128 0x18
 681 01eb DB000000 		.4byte	0xdb
 682 01ef 08000000 		.4byte	.LBB32
 683 01f3 00000000 		.4byte	.Ldebug_ranges0+0
 684 01f7 01       		.byte	0x1
 685 01f8 6E       		.byte	0x6e
 686 01f9 14020000 		.4byte	0x214
 687 01fd 13       		.uleb128 0x13
 688 01fe E7000000 		.4byte	0xe7
 689 0202 01       		.uleb128 0x1
 690 0203 50       		.byte	0x50
 691 0204 19       		.uleb128 0x19
 692 0205 00000000 		.4byte	.Ldebug_ranges0+0
 693 0209 15       		.uleb128 0x15
 694 020a F2000000 		.4byte	0xf2
 695 020e 13000000 		.4byte	.LLST1
 696 0212 00       		.byte	0
 697 0213 00       		.byte	0
 698 0214 18       		.uleb128 0x18
 699 0215 04010000 		.4byte	0x104
 700 0219 0E000000 		.4byte	.LBB35
 701 021d 18000000 		.4byte	.Ldebug_ranges0+0x18
 702 0221 01       		.byte	0x1
 703 0222 71       		.byte	0x71
 704 0223 2E020000 		.4byte	0x22e
 705 0227 16       		.uleb128 0x16
ARM GAS  C:\Users\acer\AppData\Local\Temp\ccHfeNFe.s 			page 21


 706 0228 11010000 		.4byte	0x111
 707 022c 07       		.byte	0x7
 708 022d 00       		.byte	0
 709 022e 11       		.uleb128 0x11
 710 022f 1E010000 		.4byte	0x11e
 711 0233 18000000 		.4byte	.LBB40
 712 0237 14000000 		.4byte	.LBE40-.LBB40
 713 023b 01       		.byte	0x1
 714 023c 74       		.byte	0x74
 715 023d 00       		.byte	0
 716 023e 10       		.uleb128 0x10
 717 023f E6010000 		.4byte	.LASF26
 718 0243 01       		.byte	0x1
 719 0244 86       		.byte	0x86
 720 0245 00000000 		.4byte	.LFB2
 721 0249 20000000 		.4byte	.LFE2-.LFB2
 722 024d 01       		.uleb128 0x1
 723 024e 9C       		.byte	0x9c
 724 024f 89020000 		.4byte	0x289
 725 0253 11       		.uleb128 0x11
 726 0254 D2000000 		.4byte	0xd2
 727 0258 00000000 		.4byte	.LBB42
 728 025c 08000000 		.4byte	.LBE42-.LBB42
 729 0260 01       		.byte	0x1
 730 0261 89       		.byte	0x89
 731 0262 1A       		.uleb128 0x1a
 732 0263 DB000000 		.4byte	0xdb
 733 0267 08000000 		.4byte	.LBB44
 734 026b 18000000 		.4byte	.LBE44-.LBB44
 735 026f 01       		.byte	0x1
 736 0270 8C       		.byte	0x8c
 737 0271 1B       		.uleb128 0x1b
 738 0272 E7000000 		.4byte	0xe7
 739 0276 14       		.uleb128 0x14
 740 0277 08000000 		.4byte	.LBB45
 741 027b 18000000 		.4byte	.LBE45-.LBB45
 742 027f 1C       		.uleb128 0x1c
 743 0280 F2000000 		.4byte	0xf2
 744 0284 01       		.uleb128 0x1
 745 0285 53       		.byte	0x53
 746 0286 00       		.byte	0
 747 0287 00       		.byte	0
 748 0288 00       		.byte	0
 749 0289 1D       		.uleb128 0x1d
 750 028a DB000000 		.4byte	0xdb
 751 028e 00000000 		.4byte	.LFB4
 752 0292 10000000 		.4byte	.LFE4-.LFB4
 753 0296 01       		.uleb128 0x1
 754 0297 9C       		.byte	0x9c
 755 0298 AB020000 		.4byte	0x2ab
 756 029c 13       		.uleb128 0x13
 757 029d E7000000 		.4byte	0xe7
 758 02a1 01       		.uleb128 0x1
 759 02a2 50       		.byte	0x50
 760 02a3 1C       		.uleb128 0x1c
 761 02a4 F2000000 		.4byte	0xf2
 762 02a8 01       		.uleb128 0x1
ARM GAS  C:\Users\acer\AppData\Local\Temp\ccHfeNFe.s 			page 22


 763 02a9 53       		.byte	0x53
 764 02aa 00       		.byte	0
 765 02ab 1E       		.uleb128 0x1e
 766 02ac 7E000000 		.4byte	.LASF27
 767 02b0 01       		.byte	0x1
 768 02b1 E0       		.byte	0xe0
 769 02b2 C6000000 		.4byte	0xc6
 770 02b6 00000000 		.4byte	.LFB5
 771 02ba 10000000 		.4byte	.LFE5-.LFB5
 772 02be 01       		.uleb128 0x1
 773 02bf 9C       		.byte	0x9c
 774 02c0 D4020000 		.4byte	0x2d4
 775 02c4 1F       		.uleb128 0x1f
 776 02c5 3D020000 		.4byte	.LASF29
 777 02c9 01       		.byte	0x1
 778 02ca E2       		.byte	0xe2
 779 02cb FE000000 		.4byte	0xfe
 780 02cf 26000000 		.4byte	.LLST2
 781 02d3 00       		.byte	0
 782 02d4 1D       		.uleb128 0x1d
 783 02d5 04010000 		.4byte	0x104
 784 02d9 00000000 		.4byte	.LFB6
 785 02dd 10000000 		.4byte	.LFE6-.LFB6
 786 02e1 01       		.uleb128 0x1
 787 02e2 9C       		.byte	0x9c
 788 02e3 F1020000 		.4byte	0x2f1
 789 02e7 20       		.uleb128 0x20
 790 02e8 11010000 		.4byte	0x111
 791 02ec 55000000 		.4byte	.LLST3
 792 02f0 00       		.byte	0
 793 02f1 21       		.uleb128 0x21
 794 02f2 BC000000 		.4byte	.LASF28
 795 02f6 01       		.byte	0x1
 796 02f7 1801     		.2byte	0x118
 797 02f9 80000000 		.4byte	0x80
 798 02fd 00000000 		.4byte	.LFB7
 799 0301 0C000000 		.4byte	.LFE7-.LFB7
 800 0305 01       		.uleb128 0x1
 801 0306 9C       		.byte	0x9c
 802 0307 1C030000 		.4byte	0x31c
 803 030b 22       		.uleb128 0x22
 804 030c 03010000 		.4byte	.LASF21
 805 0310 01       		.byte	0x1
 806 0311 1A01     		.2byte	0x11a
 807 0313 80000000 		.4byte	0x80
 808 0317 76000000 		.4byte	.LLST4
 809 031b 00       		.byte	0
 810 031c 23       		.uleb128 0x23
 811 031d 1E010000 		.4byte	0x11e
 812 0321 00000000 		.4byte	.LFB8
 813 0325 10000000 		.4byte	.LFE8-.LFB8
 814 0329 01       		.uleb128 0x1
 815 032a 9C       		.byte	0x9c
 816 032b 24       		.uleb128 0x24
 817 032c 61000000 		.4byte	.LASF36
 818 0330 01       		.byte	0x1
 819 0331 4801     		.2byte	0x148
ARM GAS  C:\Users\acer\AppData\Local\Temp\ccHfeNFe.s 			page 23


 820 0333 80000000 		.4byte	0x80
 821 0337 00000000 		.4byte	.LFB9
 822 033b 10000000 		.4byte	.LFE9-.LFB9
 823 033f 01       		.uleb128 0x1
 824 0340 9C       		.byte	0x9c
 825 0341 23       		.uleb128 0x23
 826 0342 D2000000 		.4byte	0xd2
 827 0346 00000000 		.4byte	.LFB10
 828 034a 10000000 		.4byte	.LFE10-.LFB10
 829 034e 01       		.uleb128 0x1
 830 034f 9C       		.byte	0x9c
 831 0350 25       		.uleb128 0x25
 832 0351 06000000 		.4byte	.LASF31
 833 0355 01       		.byte	0x1
 834 0356 7801     		.2byte	0x178
 835 0358 00000000 		.4byte	.LFB11
 836 035c 10000000 		.4byte	.LFE11-.LFB11
 837 0360 01       		.uleb128 0x1
 838 0361 9C       		.byte	0x9c
 839 0362 25       		.uleb128 0x25
 840 0363 55010000 		.4byte	.LASF32
 841 0367 01       		.byte	0x1
 842 0368 9101     		.2byte	0x191
 843 036a 00000000 		.4byte	.LFB12
 844 036e 10000000 		.4byte	.LFE12-.LFB12
 845 0372 01       		.uleb128 0x1
 846 0373 9C       		.byte	0x9c
 847 0374 00       		.byte	0
 848              		.section	.debug_abbrev,"",%progbits
 849              	.Ldebug_abbrev0:
 850 0000 01       		.uleb128 0x1
 851 0001 11       		.uleb128 0x11
 852 0002 01       		.byte	0x1
 853 0003 25       		.uleb128 0x25
 854 0004 0E       		.uleb128 0xe
 855 0005 13       		.uleb128 0x13
 856 0006 0B       		.uleb128 0xb
 857 0007 03       		.uleb128 0x3
 858 0008 0E       		.uleb128 0xe
 859 0009 1B       		.uleb128 0x1b
 860 000a 0E       		.uleb128 0xe
 861 000b 55       		.uleb128 0x55
 862 000c 17       		.uleb128 0x17
 863 000d 11       		.uleb128 0x11
 864 000e 01       		.uleb128 0x1
 865 000f 10       		.uleb128 0x10
 866 0010 17       		.uleb128 0x17
 867 0011 00       		.byte	0
 868 0012 00       		.byte	0
 869 0013 02       		.uleb128 0x2
 870 0014 24       		.uleb128 0x24
 871 0015 00       		.byte	0
 872 0016 0B       		.uleb128 0xb
 873 0017 0B       		.uleb128 0xb
 874 0018 3E       		.uleb128 0x3e
 875 0019 0B       		.uleb128 0xb
 876 001a 03       		.uleb128 0x3
ARM GAS  C:\Users\acer\AppData\Local\Temp\ccHfeNFe.s 			page 24


 877 001b 08       		.uleb128 0x8
 878 001c 00       		.byte	0
 879 001d 00       		.byte	0
 880 001e 03       		.uleb128 0x3
 881 001f 24       		.uleb128 0x24
 882 0020 00       		.byte	0
 883 0021 0B       		.uleb128 0xb
 884 0022 0B       		.uleb128 0xb
 885 0023 3E       		.uleb128 0x3e
 886 0024 0B       		.uleb128 0xb
 887 0025 03       		.uleb128 0x3
 888 0026 0E       		.uleb128 0xe
 889 0027 00       		.byte	0
 890 0028 00       		.byte	0
 891 0029 04       		.uleb128 0x4
 892 002a 0F       		.uleb128 0xf
 893 002b 00       		.byte	0
 894 002c 0B       		.uleb128 0xb
 895 002d 0B       		.uleb128 0xb
 896 002e 49       		.uleb128 0x49
 897 002f 13       		.uleb128 0x13
 898 0030 00       		.byte	0
 899 0031 00       		.byte	0
 900 0032 05       		.uleb128 0x5
 901 0033 15       		.uleb128 0x15
 902 0034 00       		.byte	0
 903 0035 27       		.uleb128 0x27
 904 0036 19       		.uleb128 0x19
 905 0037 00       		.byte	0
 906 0038 00       		.byte	0
 907 0039 06       		.uleb128 0x6
 908 003a 16       		.uleb128 0x16
 909 003b 00       		.byte	0
 910 003c 03       		.uleb128 0x3
 911 003d 0E       		.uleb128 0xe
 912 003e 3A       		.uleb128 0x3a
 913 003f 0B       		.uleb128 0xb
 914 0040 3B       		.uleb128 0x3b
 915 0041 0B       		.uleb128 0xb
 916 0042 49       		.uleb128 0x49
 917 0043 13       		.uleb128 0x13
 918 0044 00       		.byte	0
 919 0045 00       		.byte	0
 920 0046 07       		.uleb128 0x7
 921 0047 16       		.uleb128 0x16
 922 0048 00       		.byte	0
 923 0049 03       		.uleb128 0x3
 924 004a 0E       		.uleb128 0xe
 925 004b 3A       		.uleb128 0x3a
 926 004c 0B       		.uleb128 0xb
 927 004d 3B       		.uleb128 0x3b
 928 004e 05       		.uleb128 0x5
 929 004f 49       		.uleb128 0x49
 930 0050 13       		.uleb128 0x13
 931 0051 00       		.byte	0
 932 0052 00       		.byte	0
 933 0053 08       		.uleb128 0x8
ARM GAS  C:\Users\acer\AppData\Local\Temp\ccHfeNFe.s 			page 25


 934 0054 35       		.uleb128 0x35
 935 0055 00       		.byte	0
 936 0056 49       		.uleb128 0x49
 937 0057 13       		.uleb128 0x13
 938 0058 00       		.byte	0
 939 0059 00       		.byte	0
 940 005a 09       		.uleb128 0x9
 941 005b 2E       		.uleb128 0x2e
 942 005c 00       		.byte	0
 943 005d 3F       		.uleb128 0x3f
 944 005e 19       		.uleb128 0x19
 945 005f 03       		.uleb128 0x3
 946 0060 0E       		.uleb128 0xe
 947 0061 3A       		.uleb128 0x3a
 948 0062 0B       		.uleb128 0xb
 949 0063 3B       		.uleb128 0x3b
 950 0064 05       		.uleb128 0x5
 951 0065 27       		.uleb128 0x27
 952 0066 19       		.uleb128 0x19
 953 0067 20       		.uleb128 0x20
 954 0068 0B       		.uleb128 0xb
 955 0069 00       		.byte	0
 956 006a 00       		.byte	0
 957 006b 0A       		.uleb128 0xa
 958 006c 2E       		.uleb128 0x2e
 959 006d 01       		.byte	0x1
 960 006e 3F       		.uleb128 0x3f
 961 006f 19       		.uleb128 0x19
 962 0070 03       		.uleb128 0x3
 963 0071 0E       		.uleb128 0xe
 964 0072 3A       		.uleb128 0x3a
 965 0073 0B       		.uleb128 0xb
 966 0074 3B       		.uleb128 0x3b
 967 0075 0B       		.uleb128 0xb
 968 0076 27       		.uleb128 0x27
 969 0077 19       		.uleb128 0x19
 970 0078 20       		.uleb128 0x20
 971 0079 0B       		.uleb128 0xb
 972 007a 01       		.uleb128 0x1
 973 007b 13       		.uleb128 0x13
 974 007c 00       		.byte	0
 975 007d 00       		.byte	0
 976 007e 0B       		.uleb128 0xb
 977 007f 05       		.uleb128 0x5
 978 0080 00       		.byte	0
 979 0081 03       		.uleb128 0x3
 980 0082 0E       		.uleb128 0xe
 981 0083 3A       		.uleb128 0x3a
 982 0084 0B       		.uleb128 0xb
 983 0085 3B       		.uleb128 0x3b
 984 0086 0B       		.uleb128 0xb
 985 0087 49       		.uleb128 0x49
 986 0088 13       		.uleb128 0x13
 987 0089 00       		.byte	0
 988 008a 00       		.byte	0
 989 008b 0C       		.uleb128 0xc
 990 008c 34       		.uleb128 0x34
ARM GAS  C:\Users\acer\AppData\Local\Temp\ccHfeNFe.s 			page 26


 991 008d 00       		.byte	0
 992 008e 03       		.uleb128 0x3
 993 008f 0E       		.uleb128 0xe
 994 0090 3A       		.uleb128 0x3a
 995 0091 0B       		.uleb128 0xb
 996 0092 3B       		.uleb128 0x3b
 997 0093 0B       		.uleb128 0xb
 998 0094 49       		.uleb128 0x49
 999 0095 13       		.uleb128 0x13
 1000 0096 00       		.byte	0
 1001 0097 00       		.byte	0
 1002 0098 0D       		.uleb128 0xd
 1003 0099 2E       		.uleb128 0x2e
 1004 009a 01       		.byte	0x1
 1005 009b 3F       		.uleb128 0x3f
 1006 009c 19       		.uleb128 0x19
 1007 009d 03       		.uleb128 0x3
 1008 009e 0E       		.uleb128 0xe
 1009 009f 3A       		.uleb128 0x3a
 1010 00a0 0B       		.uleb128 0xb
 1011 00a1 3B       		.uleb128 0x3b
 1012 00a2 05       		.uleb128 0x5
 1013 00a3 27       		.uleb128 0x27
 1014 00a4 19       		.uleb128 0x19
 1015 00a5 20       		.uleb128 0x20
 1016 00a6 0B       		.uleb128 0xb
 1017 00a7 01       		.uleb128 0x1
 1018 00a8 13       		.uleb128 0x13
 1019 00a9 00       		.byte	0
 1020 00aa 00       		.byte	0
 1021 00ab 0E       		.uleb128 0xe
 1022 00ac 05       		.uleb128 0x5
 1023 00ad 00       		.byte	0
 1024 00ae 03       		.uleb128 0x3
 1025 00af 0E       		.uleb128 0xe
 1026 00b0 3A       		.uleb128 0x3a
 1027 00b1 0B       		.uleb128 0xb
 1028 00b2 3B       		.uleb128 0x3b
 1029 00b3 05       		.uleb128 0x5
 1030 00b4 49       		.uleb128 0x49
 1031 00b5 13       		.uleb128 0x13
 1032 00b6 00       		.byte	0
 1033 00b7 00       		.byte	0
 1034 00b8 0F       		.uleb128 0xf
 1035 00b9 2E       		.uleb128 0x2e
 1036 00ba 00       		.byte	0
 1037 00bb 3F       		.uleb128 0x3f
 1038 00bc 19       		.uleb128 0x19
 1039 00bd 03       		.uleb128 0x3
 1040 00be 0E       		.uleb128 0xe
 1041 00bf 3A       		.uleb128 0x3a
 1042 00c0 0B       		.uleb128 0xb
 1043 00c1 3B       		.uleb128 0x3b
 1044 00c2 0B       		.uleb128 0xb
 1045 00c3 27       		.uleb128 0x27
 1046 00c4 19       		.uleb128 0x19
 1047 00c5 11       		.uleb128 0x11
ARM GAS  C:\Users\acer\AppData\Local\Temp\ccHfeNFe.s 			page 27


 1048 00c6 01       		.uleb128 0x1
 1049 00c7 12       		.uleb128 0x12
 1050 00c8 06       		.uleb128 0x6
 1051 00c9 40       		.uleb128 0x40
 1052 00ca 18       		.uleb128 0x18
 1053 00cb 9742     		.uleb128 0x2117
 1054 00cd 19       		.uleb128 0x19
 1055 00ce 00       		.byte	0
 1056 00cf 00       		.byte	0
 1057 00d0 10       		.uleb128 0x10
 1058 00d1 2E       		.uleb128 0x2e
 1059 00d2 01       		.byte	0x1
 1060 00d3 3F       		.uleb128 0x3f
 1061 00d4 19       		.uleb128 0x19
 1062 00d5 03       		.uleb128 0x3
 1063 00d6 0E       		.uleb128 0xe
 1064 00d7 3A       		.uleb128 0x3a
 1065 00d8 0B       		.uleb128 0xb
 1066 00d9 3B       		.uleb128 0x3b
 1067 00da 0B       		.uleb128 0xb
 1068 00db 27       		.uleb128 0x27
 1069 00dc 19       		.uleb128 0x19
 1070 00dd 11       		.uleb128 0x11
 1071 00de 01       		.uleb128 0x1
 1072 00df 12       		.uleb128 0x12
 1073 00e0 06       		.uleb128 0x6
 1074 00e1 40       		.uleb128 0x40
 1075 00e2 18       		.uleb128 0x18
 1076 00e3 9742     		.uleb128 0x2117
 1077 00e5 19       		.uleb128 0x19
 1078 00e6 01       		.uleb128 0x1
 1079 00e7 13       		.uleb128 0x13
 1080 00e8 00       		.byte	0
 1081 00e9 00       		.byte	0
 1082 00ea 11       		.uleb128 0x11
 1083 00eb 1D       		.uleb128 0x1d
 1084 00ec 00       		.byte	0
 1085 00ed 31       		.uleb128 0x31
 1086 00ee 13       		.uleb128 0x13
 1087 00ef 11       		.uleb128 0x11
 1088 00f0 01       		.uleb128 0x1
 1089 00f1 12       		.uleb128 0x12
 1090 00f2 06       		.uleb128 0x6
 1091 00f3 58       		.uleb128 0x58
 1092 00f4 0B       		.uleb128 0xb
 1093 00f5 59       		.uleb128 0x59
 1094 00f6 0B       		.uleb128 0xb
 1095 00f7 00       		.byte	0
 1096 00f8 00       		.byte	0
 1097 00f9 12       		.uleb128 0x12
 1098 00fa 1D       		.uleb128 0x1d
 1099 00fb 01       		.byte	0x1
 1100 00fc 31       		.uleb128 0x31
 1101 00fd 13       		.uleb128 0x13
 1102 00fe 11       		.uleb128 0x11
 1103 00ff 01       		.uleb128 0x1
 1104 0100 12       		.uleb128 0x12
ARM GAS  C:\Users\acer\AppData\Local\Temp\ccHfeNFe.s 			page 28


 1105 0101 06       		.uleb128 0x6
 1106 0102 58       		.uleb128 0x58
 1107 0103 0B       		.uleb128 0xb
 1108 0104 59       		.uleb128 0x59
 1109 0105 0B       		.uleb128 0xb
 1110 0106 01       		.uleb128 0x1
 1111 0107 13       		.uleb128 0x13
 1112 0108 00       		.byte	0
 1113 0109 00       		.byte	0
 1114 010a 13       		.uleb128 0x13
 1115 010b 05       		.uleb128 0x5
 1116 010c 00       		.byte	0
 1117 010d 31       		.uleb128 0x31
 1118 010e 13       		.uleb128 0x13
 1119 010f 02       		.uleb128 0x2
 1120 0110 18       		.uleb128 0x18
 1121 0111 00       		.byte	0
 1122 0112 00       		.byte	0
 1123 0113 14       		.uleb128 0x14
 1124 0114 0B       		.uleb128 0xb
 1125 0115 01       		.byte	0x1
 1126 0116 11       		.uleb128 0x11
 1127 0117 01       		.uleb128 0x1
 1128 0118 12       		.uleb128 0x12
 1129 0119 06       		.uleb128 0x6
 1130 011a 00       		.byte	0
 1131 011b 00       		.byte	0
 1132 011c 15       		.uleb128 0x15
 1133 011d 34       		.uleb128 0x34
 1134 011e 00       		.byte	0
 1135 011f 31       		.uleb128 0x31
 1136 0120 13       		.uleb128 0x13
 1137 0121 02       		.uleb128 0x2
 1138 0122 17       		.uleb128 0x17
 1139 0123 00       		.byte	0
 1140 0124 00       		.byte	0
 1141 0125 16       		.uleb128 0x16
 1142 0126 05       		.uleb128 0x5
 1143 0127 00       		.byte	0
 1144 0128 31       		.uleb128 0x31
 1145 0129 13       		.uleb128 0x13
 1146 012a 1C       		.uleb128 0x1c
 1147 012b 0B       		.uleb128 0xb
 1148 012c 00       		.byte	0
 1149 012d 00       		.byte	0
 1150 012e 17       		.uleb128 0x17
 1151 012f 05       		.uleb128 0x5
 1152 0130 00       		.byte	0
 1153 0131 03       		.uleb128 0x3
 1154 0132 0E       		.uleb128 0xe
 1155 0133 3A       		.uleb128 0x3a
 1156 0134 0B       		.uleb128 0xb
 1157 0135 3B       		.uleb128 0x3b
 1158 0136 0B       		.uleb128 0xb
 1159 0137 49       		.uleb128 0x49
 1160 0138 13       		.uleb128 0x13
 1161 0139 02       		.uleb128 0x2
ARM GAS  C:\Users\acer\AppData\Local\Temp\ccHfeNFe.s 			page 29


 1162 013a 18       		.uleb128 0x18
 1163 013b 00       		.byte	0
 1164 013c 00       		.byte	0
 1165 013d 18       		.uleb128 0x18
 1166 013e 1D       		.uleb128 0x1d
 1167 013f 01       		.byte	0x1
 1168 0140 31       		.uleb128 0x31
 1169 0141 13       		.uleb128 0x13
 1170 0142 52       		.uleb128 0x52
 1171 0143 01       		.uleb128 0x1
 1172 0144 55       		.uleb128 0x55
 1173 0145 17       		.uleb128 0x17
 1174 0146 58       		.uleb128 0x58
 1175 0147 0B       		.uleb128 0xb
 1176 0148 59       		.uleb128 0x59
 1177 0149 0B       		.uleb128 0xb
 1178 014a 01       		.uleb128 0x1
 1179 014b 13       		.uleb128 0x13
 1180 014c 00       		.byte	0
 1181 014d 00       		.byte	0
 1182 014e 19       		.uleb128 0x19
 1183 014f 0B       		.uleb128 0xb
 1184 0150 01       		.byte	0x1
 1185 0151 55       		.uleb128 0x55
 1186 0152 17       		.uleb128 0x17
 1187 0153 00       		.byte	0
 1188 0154 00       		.byte	0
 1189 0155 1A       		.uleb128 0x1a
 1190 0156 1D       		.uleb128 0x1d
 1191 0157 01       		.byte	0x1
 1192 0158 31       		.uleb128 0x31
 1193 0159 13       		.uleb128 0x13
 1194 015a 11       		.uleb128 0x11
 1195 015b 01       		.uleb128 0x1
 1196 015c 12       		.uleb128 0x12
 1197 015d 06       		.uleb128 0x6
 1198 015e 58       		.uleb128 0x58
 1199 015f 0B       		.uleb128 0xb
 1200 0160 59       		.uleb128 0x59
 1201 0161 0B       		.uleb128 0xb
 1202 0162 00       		.byte	0
 1203 0163 00       		.byte	0
 1204 0164 1B       		.uleb128 0x1b
 1205 0165 05       		.uleb128 0x5
 1206 0166 00       		.byte	0
 1207 0167 31       		.uleb128 0x31
 1208 0168 13       		.uleb128 0x13
 1209 0169 00       		.byte	0
 1210 016a 00       		.byte	0
 1211 016b 1C       		.uleb128 0x1c
 1212 016c 34       		.uleb128 0x34
 1213 016d 00       		.byte	0
 1214 016e 31       		.uleb128 0x31
 1215 016f 13       		.uleb128 0x13
 1216 0170 02       		.uleb128 0x2
 1217 0171 18       		.uleb128 0x18
 1218 0172 00       		.byte	0
ARM GAS  C:\Users\acer\AppData\Local\Temp\ccHfeNFe.s 			page 30


 1219 0173 00       		.byte	0
 1220 0174 1D       		.uleb128 0x1d
 1221 0175 2E       		.uleb128 0x2e
 1222 0176 01       		.byte	0x1
 1223 0177 31       		.uleb128 0x31
 1224 0178 13       		.uleb128 0x13
 1225 0179 11       		.uleb128 0x11
 1226 017a 01       		.uleb128 0x1
 1227 017b 12       		.uleb128 0x12
 1228 017c 06       		.uleb128 0x6
 1229 017d 40       		.uleb128 0x40
 1230 017e 18       		.uleb128 0x18
 1231 017f 9742     		.uleb128 0x2117
 1232 0181 19       		.uleb128 0x19
 1233 0182 01       		.uleb128 0x1
 1234 0183 13       		.uleb128 0x13
 1235 0184 00       		.byte	0
 1236 0185 00       		.byte	0
 1237 0186 1E       		.uleb128 0x1e
 1238 0187 2E       		.uleb128 0x2e
 1239 0188 01       		.byte	0x1
 1240 0189 3F       		.uleb128 0x3f
 1241 018a 19       		.uleb128 0x19
 1242 018b 03       		.uleb128 0x3
 1243 018c 0E       		.uleb128 0xe
 1244 018d 3A       		.uleb128 0x3a
 1245 018e 0B       		.uleb128 0xb
 1246 018f 3B       		.uleb128 0x3b
 1247 0190 0B       		.uleb128 0xb
 1248 0191 27       		.uleb128 0x27
 1249 0192 19       		.uleb128 0x19
 1250 0193 49       		.uleb128 0x49
 1251 0194 13       		.uleb128 0x13
 1252 0195 11       		.uleb128 0x11
 1253 0196 01       		.uleb128 0x1
 1254 0197 12       		.uleb128 0x12
 1255 0198 06       		.uleb128 0x6
 1256 0199 40       		.uleb128 0x40
 1257 019a 18       		.uleb128 0x18
 1258 019b 9742     		.uleb128 0x2117
 1259 019d 19       		.uleb128 0x19
 1260 019e 01       		.uleb128 0x1
 1261 019f 13       		.uleb128 0x13
 1262 01a0 00       		.byte	0
 1263 01a1 00       		.byte	0
 1264 01a2 1F       		.uleb128 0x1f
 1265 01a3 34       		.uleb128 0x34
 1266 01a4 00       		.byte	0
 1267 01a5 03       		.uleb128 0x3
 1268 01a6 0E       		.uleb128 0xe
 1269 01a7 3A       		.uleb128 0x3a
 1270 01a8 0B       		.uleb128 0xb
 1271 01a9 3B       		.uleb128 0x3b
 1272 01aa 0B       		.uleb128 0xb
 1273 01ab 49       		.uleb128 0x49
 1274 01ac 13       		.uleb128 0x13
 1275 01ad 02       		.uleb128 0x2
ARM GAS  C:\Users\acer\AppData\Local\Temp\ccHfeNFe.s 			page 31


 1276 01ae 17       		.uleb128 0x17
 1277 01af 00       		.byte	0
 1278 01b0 00       		.byte	0
 1279 01b1 20       		.uleb128 0x20
 1280 01b2 05       		.uleb128 0x5
 1281 01b3 00       		.byte	0
 1282 01b4 31       		.uleb128 0x31
 1283 01b5 13       		.uleb128 0x13
 1284 01b6 02       		.uleb128 0x2
 1285 01b7 17       		.uleb128 0x17
 1286 01b8 00       		.byte	0
 1287 01b9 00       		.byte	0
 1288 01ba 21       		.uleb128 0x21
 1289 01bb 2E       		.uleb128 0x2e
 1290 01bc 01       		.byte	0x1
 1291 01bd 3F       		.uleb128 0x3f
 1292 01be 19       		.uleb128 0x19
 1293 01bf 03       		.uleb128 0x3
 1294 01c0 0E       		.uleb128 0xe
 1295 01c1 3A       		.uleb128 0x3a
 1296 01c2 0B       		.uleb128 0xb
 1297 01c3 3B       		.uleb128 0x3b
 1298 01c4 05       		.uleb128 0x5
 1299 01c5 27       		.uleb128 0x27
 1300 01c6 19       		.uleb128 0x19
 1301 01c7 49       		.uleb128 0x49
 1302 01c8 13       		.uleb128 0x13
 1303 01c9 11       		.uleb128 0x11
 1304 01ca 01       		.uleb128 0x1
 1305 01cb 12       		.uleb128 0x12
 1306 01cc 06       		.uleb128 0x6
 1307 01cd 40       		.uleb128 0x40
 1308 01ce 18       		.uleb128 0x18
 1309 01cf 9742     		.uleb128 0x2117
 1310 01d1 19       		.uleb128 0x19
 1311 01d2 01       		.uleb128 0x1
 1312 01d3 13       		.uleb128 0x13
 1313 01d4 00       		.byte	0
 1314 01d5 00       		.byte	0
 1315 01d6 22       		.uleb128 0x22
 1316 01d7 34       		.uleb128 0x34
 1317 01d8 00       		.byte	0
 1318 01d9 03       		.uleb128 0x3
 1319 01da 0E       		.uleb128 0xe
 1320 01db 3A       		.uleb128 0x3a
 1321 01dc 0B       		.uleb128 0xb
 1322 01dd 3B       		.uleb128 0x3b
 1323 01de 05       		.uleb128 0x5
 1324 01df 49       		.uleb128 0x49
 1325 01e0 13       		.uleb128 0x13
 1326 01e1 02       		.uleb128 0x2
 1327 01e2 17       		.uleb128 0x17
 1328 01e3 00       		.byte	0
 1329 01e4 00       		.byte	0
 1330 01e5 23       		.uleb128 0x23
 1331 01e6 2E       		.uleb128 0x2e
 1332 01e7 00       		.byte	0
ARM GAS  C:\Users\acer\AppData\Local\Temp\ccHfeNFe.s 			page 32


 1333 01e8 31       		.uleb128 0x31
 1334 01e9 13       		.uleb128 0x13
 1335 01ea 11       		.uleb128 0x11
 1336 01eb 01       		.uleb128 0x1
 1337 01ec 12       		.uleb128 0x12
 1338 01ed 06       		.uleb128 0x6
 1339 01ee 40       		.uleb128 0x40
 1340 01ef 18       		.uleb128 0x18
 1341 01f0 9742     		.uleb128 0x2117
 1342 01f2 19       		.uleb128 0x19
 1343 01f3 00       		.byte	0
 1344 01f4 00       		.byte	0
 1345 01f5 24       		.uleb128 0x24
 1346 01f6 2E       		.uleb128 0x2e
 1347 01f7 00       		.byte	0
 1348 01f8 3F       		.uleb128 0x3f
 1349 01f9 19       		.uleb128 0x19
 1350 01fa 03       		.uleb128 0x3
 1351 01fb 0E       		.uleb128 0xe
 1352 01fc 3A       		.uleb128 0x3a
 1353 01fd 0B       		.uleb128 0xb
 1354 01fe 3B       		.uleb128 0x3b
 1355 01ff 05       		.uleb128 0x5
 1356 0200 27       		.uleb128 0x27
 1357 0201 19       		.uleb128 0x19
 1358 0202 49       		.uleb128 0x49
 1359 0203 13       		.uleb128 0x13
 1360 0204 11       		.uleb128 0x11
 1361 0205 01       		.uleb128 0x1
 1362 0206 12       		.uleb128 0x12
 1363 0207 06       		.uleb128 0x6
 1364 0208 40       		.uleb128 0x40
 1365 0209 18       		.uleb128 0x18
 1366 020a 9742     		.uleb128 0x2117
 1367 020c 19       		.uleb128 0x19
 1368 020d 00       		.byte	0
 1369 020e 00       		.byte	0
 1370 020f 25       		.uleb128 0x25
 1371 0210 2E       		.uleb128 0x2e
 1372 0211 00       		.byte	0
 1373 0212 3F       		.uleb128 0x3f
 1374 0213 19       		.uleb128 0x19
 1375 0214 03       		.uleb128 0x3
 1376 0215 0E       		.uleb128 0xe
 1377 0216 3A       		.uleb128 0x3a
 1378 0217 0B       		.uleb128 0xb
 1379 0218 3B       		.uleb128 0x3b
 1380 0219 05       		.uleb128 0x5
 1381 021a 27       		.uleb128 0x27
 1382 021b 19       		.uleb128 0x19
 1383 021c 11       		.uleb128 0x11
 1384 021d 01       		.uleb128 0x1
 1385 021e 12       		.uleb128 0x12
 1386 021f 06       		.uleb128 0x6
 1387 0220 40       		.uleb128 0x40
 1388 0221 18       		.uleb128 0x18
 1389 0222 9742     		.uleb128 0x2117
ARM GAS  C:\Users\acer\AppData\Local\Temp\ccHfeNFe.s 			page 33


 1390 0224 19       		.uleb128 0x19
 1391 0225 00       		.byte	0
 1392 0226 00       		.byte	0
 1393 0227 00       		.byte	0
 1394              		.section	.debug_loc,"",%progbits
 1395              	.Ldebug_loc0:
 1396              	.LLST0:
 1397 0000 0E000000 		.4byte	.LVL1
 1398 0004 16000000 		.4byte	.LVL3
 1399 0008 0100     		.2byte	0x1
 1400 000a 52       		.byte	0x52
 1401 000b 00000000 		.4byte	0
 1402 000f 00000000 		.4byte	0
 1403              	.LLST1:
 1404 0013 0E000000 		.4byte	.LVL6
 1405 0017 16000000 		.4byte	.LVL8
 1406 001b 0100     		.2byte	0x1
 1407 001d 52       		.byte	0x52
 1408 001e 00000000 		.4byte	0
 1409 0022 00000000 		.4byte	0
 1410              	.LLST2:
 1411 0026 00000000 		.4byte	.LVL13
 1412 002a 02000000 		.4byte	.LVL14
 1413 002e 0600     		.2byte	0x6
 1414 0030 11       		.byte	0x11
 1415 0031 88DA8380 		.sleb128 -536810232
 1415      7E
 1416 0036 02000000 		.4byte	.LVL14
 1417 003a 04000000 		.4byte	.LVL15
 1418 003e 0200     		.2byte	0x2
 1419 0040 73       		.byte	0x73
 1420 0041 00       		.sleb128 0
 1421 0042 04000000 		.4byte	.LVL15
 1422 0046 10000000 		.4byte	.LFE5
 1423 004a 0100     		.2byte	0x1
 1424 004c 53       		.byte	0x53
 1425 004d 00000000 		.4byte	0
 1426 0051 00000000 		.4byte	0
 1427              	.LLST3:
 1428 0055 00000000 		.4byte	.LVL16
 1429 0059 02000000 		.4byte	.LVL17
 1430 005d 0100     		.2byte	0x1
 1431 005f 50       		.byte	0x50
 1432 0060 02000000 		.4byte	.LVL17
 1433 0064 10000000 		.4byte	.LFE6
 1434 0068 0400     		.2byte	0x4
 1435 006a F3       		.byte	0xf3
 1436 006b 01       		.uleb128 0x1
 1437 006c 50       		.byte	0x50
 1438 006d 9F       		.byte	0x9f
 1439 006e 00000000 		.4byte	0
 1440 0072 00000000 		.4byte	0
 1441              	.LLST4:
 1442 0076 04000000 		.4byte	.LVL18
 1443 007a 06000000 		.4byte	.LVL19
 1444 007e 0500     		.2byte	0x5
 1445 0080 70       		.byte	0x70
ARM GAS  C:\Users\acer\AppData\Local\Temp\ccHfeNFe.s 			page 34


 1446 0081 00       		.sleb128 0
 1447 0082 35       		.byte	0x35
 1448 0083 25       		.byte	0x25
 1449 0084 9F       		.byte	0x9f
 1450 0085 00000000 		.4byte	0
 1451 0089 00000000 		.4byte	0
 1452              		.section	.debug_aranges,"",%progbits
 1453 0000 7C000000 		.4byte	0x7c
 1454 0004 0200     		.2byte	0x2
 1455 0006 00000000 		.4byte	.Ldebug_info0
 1456 000a 04       		.byte	0x4
 1457 000b 00       		.byte	0
 1458 000c 0000     		.2byte	0
 1459 000e 0000     		.2byte	0
 1460 0010 00000000 		.4byte	.LFB3
 1461 0014 02000000 		.4byte	.LFE3-.LFB3
 1462 0018 00000000 		.4byte	.LFB0
 1463 001c 30000000 		.4byte	.LFE0-.LFB0
 1464 0020 00000000 		.4byte	.LFB1
 1465 0024 2C000000 		.4byte	.LFE1-.LFB1
 1466 0028 00000000 		.4byte	.LFB2
 1467 002c 20000000 		.4byte	.LFE2-.LFB2
 1468 0030 00000000 		.4byte	.LFB4
 1469 0034 10000000 		.4byte	.LFE4-.LFB4
 1470 0038 00000000 		.4byte	.LFB5
 1471 003c 10000000 		.4byte	.LFE5-.LFB5
 1472 0040 00000000 		.4byte	.LFB6
 1473 0044 10000000 		.4byte	.LFE6-.LFB6
 1474 0048 00000000 		.4byte	.LFB7
 1475 004c 0C000000 		.4byte	.LFE7-.LFB7
 1476 0050 00000000 		.4byte	.LFB8
 1477 0054 10000000 		.4byte	.LFE8-.LFB8
 1478 0058 00000000 		.4byte	.LFB9
 1479 005c 10000000 		.4byte	.LFE9-.LFB9
 1480 0060 00000000 		.4byte	.LFB10
 1481 0064 10000000 		.4byte	.LFE10-.LFB10
 1482 0068 00000000 		.4byte	.LFB11
 1483 006c 10000000 		.4byte	.LFE11-.LFB11
 1484 0070 00000000 		.4byte	.LFB12
 1485 0074 10000000 		.4byte	.LFE12-.LFB12
 1486 0078 00000000 		.4byte	0
 1487 007c 00000000 		.4byte	0
 1488              		.section	.debug_ranges,"",%progbits
 1489              	.Ldebug_ranges0:
 1490 0000 08000000 		.4byte	.LBB32
 1491 0004 0E000000 		.4byte	.LBE32
 1492 0008 10000000 		.4byte	.LBB38
 1493 000c 14000000 		.4byte	.LBE38
 1494 0010 00000000 		.4byte	0
 1495 0014 00000000 		.4byte	0
 1496 0018 0E000000 		.4byte	.LBB35
 1497 001c 10000000 		.4byte	.LBE35
 1498 0020 14000000 		.4byte	.LBB39
 1499 0024 18000000 		.4byte	.LBE39
 1500 0028 00000000 		.4byte	0
 1501 002c 00000000 		.4byte	0
 1502 0030 00000000 		.4byte	.LFB3
ARM GAS  C:\Users\acer\AppData\Local\Temp\ccHfeNFe.s 			page 35


 1503 0034 02000000 		.4byte	.LFE3
 1504 0038 00000000 		.4byte	.LFB0
 1505 003c 30000000 		.4byte	.LFE0
 1506 0040 00000000 		.4byte	.LFB1
 1507 0044 2C000000 		.4byte	.LFE1
 1508 0048 00000000 		.4byte	.LFB2
 1509 004c 20000000 		.4byte	.LFE2
 1510 0050 00000000 		.4byte	.LFB4
 1511 0054 10000000 		.4byte	.LFE4
 1512 0058 00000000 		.4byte	.LFB5
 1513 005c 10000000 		.4byte	.LFE5
 1514 0060 00000000 		.4byte	.LFB6
 1515 0064 10000000 		.4byte	.LFE6
 1516 0068 00000000 		.4byte	.LFB7
 1517 006c 0C000000 		.4byte	.LFE7
 1518 0070 00000000 		.4byte	.LFB8
 1519 0074 10000000 		.4byte	.LFE8
 1520 0078 00000000 		.4byte	.LFB9
 1521 007c 10000000 		.4byte	.LFE9
 1522 0080 00000000 		.4byte	.LFB10
 1523 0084 10000000 		.4byte	.LFE10
 1524 0088 00000000 		.4byte	.LFB11
 1525 008c 10000000 		.4byte	.LFE11
 1526 0090 00000000 		.4byte	.LFB12
 1527 0094 10000000 		.4byte	.LFE12
 1528 0098 00000000 		.4byte	0
 1529 009c 00000000 		.4byte	0
 1530              		.section	.debug_line,"",%progbits
 1531              	.Ldebug_line0:
 1532 0000 72010000 		.section	.debug_str,"MS",%progbits,1
 1532      02006300 
 1532      00000201 
 1532      FB0E0D00 
 1532      01010101 
 1533              	.LASF16:
 1534 0000 72656733 		.ascii	"reg32\000"
 1534      3200
 1535              	.LASF31:
 1536 0006 4953525F 		.ascii	"ISR_Co_Op_1ms_SetPending\000"
 1536      436F5F4F 
 1536      705F316D 
 1536      735F5365 
 1536      7450656E 
 1537              	.LASF18:
 1538 001f 4953525F 		.ascii	"ISR_Co_Op_1ms_SetVector\000"
 1538      436F5F4F 
 1538      705F316D 
 1538      735F5365 
 1538      74566563 
 1539              	.LASF25:
 1540 0037 4953525F 		.ascii	"ISR_Co_Op_1ms_StartEx\000"
 1540      436F5F4F 
 1540      705F316D 
 1540      735F5374 
 1540      61727445 
 1541              	.LASF24:
 1542 004d 4953525F 		.ascii	"ISR_Co_Op_1ms_Start\000"
ARM GAS  C:\Users\acer\AppData\Local\Temp\ccHfeNFe.s 			page 36


 1542      436F5F4F 
 1542      705F316D 
 1542      735F5374 
 1542      61727400 
 1543              	.LASF36:
 1544 0061 4953525F 		.ascii	"ISR_Co_Op_1ms_GetState\000"
 1544      436F5F4F 
 1544      705F316D 
 1544      735F4765 
 1544      74537461 
 1545              	.LASF13:
 1546 0078 666C6F61 		.ascii	"float\000"
 1546      7400
 1547              	.LASF27:
 1548 007e 4953525F 		.ascii	"ISR_Co_Op_1ms_GetVector\000"
 1548      436F5F4F 
 1548      705F316D 
 1548      735F4765 
 1548      74566563 
 1549              	.LASF2:
 1550 0096 756E7369 		.ascii	"unsigned char\000"
 1550      676E6564 
 1550      20636861 
 1550      7200
 1551              	.LASF30:
 1552 00a4 4953525F 		.ascii	"ISR_Co_Op_1ms_Interrupt\000"
 1552      436F5F4F 
 1552      705F316D 
 1552      735F496E 
 1552      74657272 
 1553              	.LASF28:
 1554 00bc 4953525F 		.ascii	"ISR_Co_Op_1ms_GetPriority\000"
 1554      436F5F4F 
 1554      705F316D 
 1554      735F4765 
 1554      74507269 
 1555              	.LASF6:
 1556 00d6 6C6F6E67 		.ascii	"long unsigned int\000"
 1556      20756E73 
 1556      69676E65 
 1556      6420696E 
 1556      7400
 1557              	.LASF23:
 1558 00e8 4953525F 		.ascii	"ISR_Co_Op_1ms_Enable\000"
 1558      436F5F4F 
 1558      705F316D 
 1558      735F456E 
 1558      61626C65 
 1559              	.LASF11:
 1560 00fd 75696E74 		.ascii	"uint8\000"
 1560      3800
 1561              	.LASF21:
 1562 0103 7072696F 		.ascii	"priority\000"
 1562      72697479 
 1562      00
 1563              	.LASF35:
 1564 010c 433A5C55 		.ascii	"C:\\Users\\acer\\Desktop\\Saura-master\\2_Psoc\\Pla"
ARM GAS  C:\Users\acer\AppData\Local\Temp\ccHfeNFe.s 			page 37


 1564      73657273 
 1564      5C616365 
 1564      725C4465 
 1564      736B746F 
 1565 0139 74666F72 		.ascii	"tform\\Design02.cydsn\000"
 1565      6D5C4465 
 1565      7369676E 
 1565      30322E63 
 1565      7964736E 
 1566              	.LASF14:
 1567 014e 646F7562 		.ascii	"double\000"
 1567      6C6500
 1568              	.LASF32:
 1569 0155 4953525F 		.ascii	"ISR_Co_Op_1ms_ClearPending\000"
 1569      436F5F4F 
 1569      705F316D 
 1569      735F436C 
 1569      65617250 
 1570              	.LASF12:
 1571 0170 75696E74 		.ascii	"uint32\000"
 1571      333200
 1572              	.LASF34:
 1573 0177 2E5C4765 		.ascii	".\\Generated_Source\\PSoC5\\ISR_Co_Op_1ms.c\000"
 1573      6E657261 
 1573      7465645F 
 1573      536F7572 
 1573      63655C50 
 1574              	.LASF0:
 1575 01a0 756E7369 		.ascii	"unsigned int\000"
 1575      676E6564 
 1575      20696E74 
 1575      00
 1576              	.LASF20:
 1577 01ad 61646472 		.ascii	"address\000"
 1577      65737300 
 1578              	.LASF8:
 1579 01b5 6C6F6E67 		.ascii	"long long unsigned int\000"
 1579      206C6F6E 
 1579      6720756E 
 1579      7369676E 
 1579      65642069 
 1580              	.LASF19:
 1581 01cc 4953525F 		.ascii	"ISR_Co_Op_1ms_SetPriority\000"
 1581      436F5F4F 
 1581      705F316D 
 1581      735F5365 
 1581      74507269 
 1582              	.LASF26:
 1583 01e6 4953525F 		.ascii	"ISR_Co_Op_1ms_Stop\000"
 1583      436F5F4F 
 1583      705F316D 
 1583      735F5374 
 1583      6F7000
 1584              	.LASF17:
 1585 01f9 63796973 		.ascii	"cyisraddress\000"
 1585      72616464 
 1585      72657373 
ARM GAS  C:\Users\acer\AppData\Local\Temp\ccHfeNFe.s 			page 38


 1585      00
 1586              	.LASF15:
 1587 0206 72656738 		.ascii	"reg8\000"
 1587      00
 1588              	.LASF9:
 1589 020b 73697A65 		.ascii	"sizetype\000"
 1589      74797065 
 1589      00
 1590              	.LASF22:
 1591 0214 4953525F 		.ascii	"ISR_Co_Op_1ms_Disable\000"
 1591      436F5F4F 
 1591      705F316D 
 1591      735F4469 
 1591      7361626C 
 1592              	.LASF7:
 1593 022a 6C6F6E67 		.ascii	"long long int\000"
 1593      206C6F6E 
 1593      6720696E 
 1593      7400
 1594              	.LASF10:
 1595 0238 63686172 		.ascii	"char\000"
 1595      00
 1596              	.LASF29:
 1597 023d 72616D56 		.ascii	"ramVectorTable\000"
 1597      6563746F 
 1597      72546162 
 1597      6C6500
 1598              	.LASF3:
 1599 024c 73686F72 		.ascii	"short int\000"
 1599      7420696E 
 1599      7400
 1600              	.LASF33:
 1601 0256 474E5520 		.ascii	"GNU C 4.9.3 20150303 (release) [ARM/embedded-4_9-br"
 1601      4320342E 
 1601      392E3320 
 1601      32303135 
 1601      30333033 
 1602 0289 616E6368 		.ascii	"anch revision 221220] -mcpu=cortex-m3 -mthumb -g -O"
 1602      20726576 
 1602      6973696F 
 1602      6E203232 
 1602      31323230 
 1603 02bc 73202D66 		.ascii	"s -ffunction-sections -ffat-lto-objects\000"
 1603      66756E63 
 1603      74696F6E 
 1603      2D736563 
 1603      74696F6E 
 1604              	.LASF5:
 1605 02e4 6C6F6E67 		.ascii	"long int\000"
 1605      20696E74 
 1605      00
 1606              	.LASF1:
 1607 02ed 7369676E 		.ascii	"signed char\000"
 1607      65642063 
 1607      68617200 
 1608              	.LASF4:
 1609 02f9 73686F72 		.ascii	"short unsigned int\000"
ARM GAS  C:\Users\acer\AppData\Local\Temp\ccHfeNFe.s 			page 39


 1609      7420756E 
 1609      7369676E 
 1609      65642069 
 1609      6E7400
 1610              		.ident	"GCC: (GNU Tools for ARM Embedded Processors) 4.9.3 20150303 (release) [ARM/embedded-4_9-br
